
 Start  Stop   Length Name               Class

 00000H 044F8H 044F9H _TEXT              CODE
 044FAH 044FAH 00000H H_LDIV_TEXT        CODE
 044FAH 04899H 003A0H WOLFHACK_TEXT      CODE
 0489AH 04904H 0006BH WHACK_A_TEXT       CODE
 04906H 0491CH 00017H WL_ASM_TEXT        CODE
 0491DH 062D9H 019BDH WL_MAIN_TEXT       CODE
 062DAH 06CD1H 009F8H WL_TEXT_TEXT       CODE
 06CD2H 0B059H 04388H WL_MENU_TEXT       CODE
 0B05AH 0C633H 015DAH WL_INTER_TEXT      CODE
 0C634H 0DA68H 01435H WL_GAME_TEXT       CODE
 0DA69H 0EC0FH 011A7H WL_PLAY_TEXT       CODE
 0EC10H 0F7A7H 00B98H WL_DEBUG_TEXT      CODE
 0F7A8H 1078EH 00FE7H WL_DRAW_TEXT       CODE
 10790H 10BF9H 0046AH WL_DR_A_TEXT       CODE
 10BFAH 114ACH 008B3H WL_SCALE_TEXT      CODE
 114ADH 12D5BH 018AFH WL_STATE_TEXT      CODE
 12D5CH 14027H 012CCH WL_AGENT_TEXT      CODE
 14028H 14D68H 00D41H WL_ACT1_TEXT       CODE
 14D69H 17106H 0239EH WL_ACT2_TEXT       CODE
 17107H 18858H 01752H ID_CA_TEXT         CODE
 18859H 193DCH 00B84H ID_IN_TEXT         CODE
 193DDH 1A263H 00E87H ID_MM_TEXT         CODE
 1A264H 1B446H 011E3H ID_PM_TEXT         CODE
 1B447H 1CD5FH 01919H ID_SD_TEXT         CODE
 1CD60H 1D1D0H 00471H ID_SD_A_TEXT       CODE
 1D1D1H 1DDD3H 00C03H ID_US_1_TEXT       CODE
 1DDD4H 1DE18H 00045H ID_US_A_TEXT       CODE
 1DE19H 1E98BH 00B73H ID_VL_TEXT         CODE
 1E98CH 1F2B5H 0092AH ID_VH_TEXT         CODE
 1F2B6H 1F549H 00294H ID_VL_A_TEXT       CODE
 1F54AH 1F73FH 001F6H ID_VH_A_TEXT       CODE
 1F740H 21EB6H 02777H EMU_PROG           CODE
 21EC0H 22487H 005C8H E87_PROG           CODE
 22490H 22490H 00000H _FARDATA           FAR_DATA
 22490H 2448FH 02000H FAR_DATA           FAR_DATA
 24490H 24591H 00102H FAR_DATA           FAR_DATA
 245A0H 24893H 002F4H WL_MAIN5_DATA      FAR_DATA
 248A0H 24B6FH 002D0H WL_MENU5_DATA      FAR_DATA
 24B70H 24CE9H 0017AH WL_MENU6_DATA      FAR_DATA
 24CF0H 24EE7H 001F8H WL_MENU7_DATA      FAR_DATA
 24EF0H 24FEBH 000FCH WL_MENU8_DATA      FAR_DATA
 24FF0H 251BDH 001CEH WL_MENU9_DATA      FAR_DATA
 251C0H 25267H 000A8H WL_MENU10_DATA     FAR_DATA
 25270H 25413H 001A4H WL_MENU11_DATA     FAR_DATA
 25420H 25599H 0017AH WL_MENU12_DATA     FAR_DATA
 255A0H 255C3H 00024H WL_MENU13_DATA     FAR_DATA
 255D0H 2564FH 00080H ID_IN5_DATA        FAR_DATA
 25650H 256CFH 00080H ID_IN6_DATA        FAR_DATA
 256D0H 2574FH 00080H ID_IN7_DATA        FAR_DATA
 25750H 3514FH 0FA00H SignonSeg          FAR_DATA
 35150H 35150H 00000H _FARBSS            FAR_BSS
 35150H 356A8H 00559H _COMDEF_AA_        FAR_BSS
 356B0H 35DB7H 00708H _COMDEF_AB_        FAR_BSS
 35DC0H 36BCFH 00E10H _COMDEF_AC_        FAR_BSS
 36BD0H 36C64H 00095H _COMDEF_AD_        FAR_BSS
 36C70H 37E6FH 01200H _COMDEF_AE_        FAR_BSS
 37E70H 3906FH 01200H _COMDEF_AF_        FAR_BSS
 39070H 3B13FH 020D0H _COMDEF_AG_        FAR_BSS
 3B140H 3B43FH 00300H _COMDEF_AH_        FAR_BSS
 3B440H 3B73FH 00300H _COMDEF_AI_        FAR_BSS
 3B740H 3B740H 00000H _OVERLAY_          OVRINFO
 3B740H 3B740H 00000H _1STUB_            STUBSEG
 3B740H 3FE79H 0473AH _DATA              DATA
 3FE7AH 3FE7DH 00004H _CVTSEG            DATA
 3FE7EH 3FE89H 0000CH _SCNSEG            DATA
 3FE8AH 3FE8AH 00000H _CONST             CONST
 3FE8AH 3FEA7H 0001EH _INIT_             INITDATA
 3FEA8H 3FEA8H 00000H _INITEND_          INITDATA
 3FEA8H 3FEADH 00006H _EXIT_             EXITDATA
 3FEAEH 3FEAEH 00000H _EXITEND_          EXITDATA
 3FEAEH 40123H 00276H _BSS               BSS
 40124H 4A6ECH 0A5C9H _COMDEF_           BSS
 4A6EDH 4A6EDH 00000H _BSSEND            BSSEND
 4A6F0H 4A76FH 00080H _STACK             STACK


Detailed map of segments

 0000:0000 02B3 C=CODE   S=_TEXT          G=(none)  M=C0.ASM     ACBP=28
 0000:02B3 00DE C=CODE   S=_TEXT          G=(none)  M=H_LDIV.ASM ACBP=28
 0000:0391 0258 C=CODE   S=_TEXT          G=(none)  M=FPINIT     ACBP=28
 0000:05E9 0000 C=CODE   S=_TEXT          G=(none)  M=E87TRAP    ACBP=28
 0000:05E9 0000 C=CODE   S=_TEXT          G=(none)  M=PROTFLAG   ACBP=28
 0000:05E9 0000 C=CODE   S=_TEXT          G=(none)  M=DEFLT87    ACBP=28
 0000:05E9 000D C=CODE   S=_TEXT          G=(none)  M=ATAN       ACBP=28
 0000:05F6 0000 C=CODE   S=_TEXT          G=(none)  M=HUGEVAL    ACBP=28
 0000:05F6 009A C=CODE   S=_TEXT          G=(none)  M=LDTRUNC    ACBP=28
 0000:0690 0000 C=CODE   S=_TEXT          G=(none)  M=MATHWHY    ACBP=28
 0000:0690 01B5 C=CODE   S=_TEXT          G=(none)  M=REALCVT    ACBP=28
 0000:0845 0361 C=CODE   S=_TEXT          G=(none)  M=SCANTOD    ACBP=28
 0000:0BA6 0209 C=CODE   S=_TEXT          G=(none)  M=XCVT       ACBP=28
 0000:0DAF 00A6 C=CODE   S=_TEXT          G=(none)  M=FPERR      ACBP=28
 0000:0E55 00C9 C=CODE   S=_TEXT          G=(none)  M=_POW10     ACBP=28
 0000:0F1E 000B C=CODE   S=_TEXT          G=(none)  M=POW10D     ACBP=28
 0000:0F29 0026 C=CODE   S=_TEXT          G=(none)  M=MATHERR    ACBP=28
 0000:0F4F 004D C=CODE   S=_TEXT          G=(none)  M=SIN        ACBP=28
 0000:0F9C 0050 C=CODE   S=_TEXT          G=(none)  M=TAN        ACBP=28
 0000:0FEC 0090 C=CODE   S=_TEXT          G=(none)  M=_MATHERR   ACBP=28
 0000:107C 00BB C=CODE   S=_TEXT          G=(none)  M=ATAN2      ACBP=28
 0000:1137 002C C=CODE   S=_TEXT          G=(none)  M=FFTOL      ACBP=28
 0000:1163 002D C=CODE   S=_TEXT          G=(none)  M=ATEXIT     ACBP=28
 0000:1190 0000 C=CODE   S=_TEXT          G=(none)  M=CTYPE      ACBP=28
 0000:1190 0036 C=CODE   S=_TEXT          G=(none)  M=DOSDFREE   ACBP=28
 0000:11C6 0038 C=CODE   S=_TEXT          G=(none)  M=DOSFATTR   ACBP=28
 0000:11FE 0032 C=CODE   S=_TEXT          G=(none)  M=DOSGDATE   ACBP=28
 0000:1230 0023 C=CODE   S=_TEXT          G=(none)  M=DOSWRITE   ACBP=28
 0000:1253 0093 C=CODE   S=_TEXT          G=(none)  M=EXIT       ACBP=28
 0000:12E6 0000 C=CODE   S=_TEXT          G=(none)  M=FILES      ACBP=28
 0000:12E6 0000 C=CODE   S=_TEXT          G=(none)  M=FILES2     ACBP=28
 0000:12E6 0000 C=CODE   S=_TEXT          G=(none)  M=FMODE      ACBP=28
 0000:12E6 0000 C=CODE   S=_TEXT          G=(none)  M=FPSTKLEN   ACBP=28
 0000:12E6 0017 C=CODE   S=_TEXT          G=(none)  M=F_LXMUL    ACBP=28
 0000:12FD 0021 C=CODE   S=_TEXT          G=(none)  M=F_PCMP     ACBP=28
 0000:131E 001C C=CODE   S=_TEXT          G=(none)  M=F_SCOPY    ACBP=28
 0000:133A 0020 C=CODE   S=_TEXT          G=(none)  M=GETVECT    ACBP=28
 0000:135A 0000 C=CODE   S=_TEXT          G=(none)  M=HEAPLEN    ACBP=28
 0000:135A 0021 C=CODE   S=_TEXT          G=(none)  M=H_LLSH     ACBP=28
 0000:137B 0020 C=CODE   S=_TEXT          G=(none)  M=H_LRSH     ACBP=28
 0000:139B 0021 C=CODE   S=_TEXT          G=(none)  M=H_LURSH    ACBP=28
 0000:13BC 0088 C=CODE   S=_TEXT          G=(none)  M=H_PADA     ACBP=28
 0000:1444 0060 C=CODE   S=_TEXT          G=(none)  M=H_PADD     ACBP=28
 0000:14A4 0028 C=CODE   S=_TEXT          G=(none)  M=H_PSBP     ACBP=28
 0000:14CC 0027 C=CODE   S=_TEXT          G=(none)  M=H_SPUSH    ACBP=28
 0000:14F3 004B C=CODE   S=_TEXT          G=(none)  M=IOERROR    ACBP=28
 0000:153E 0011 C=CODE   S=_TEXT          G=(none)  M=ISATTY     ACBP=28
 0000:154F 009A C=CODE   S=_TEXT          G=(none)  M=LONGTOA    ACBP=28
 0000:15E9 0029 C=CODE   S=_TEXT          G=(none)  M=LSEEK      ACBP=28
 0000:1612 0082 C=CODE   S=_TEXT          G=(none)  M=MKNAME     ACBP=28
 0000:1694 0021 C=CODE   S=_TEXT          G=(none)  M=N_PCMP     ACBP=28
 0000:16B5 002D C=CODE   S=_TEXT          G=(none)  M=READA      ACBP=28
 0000:16E2 01AA C=CODE   S=_TEXT          G=(none)  M=SCANTOL    ACBP=28
 0000:188C 00A5 C=CODE   S=_TEXT          G=(none)  M=SETUPIO    ACBP=28
 0000:1931 0000 C=CODE   S=_TEXT          G=(none)  M=SIGDATA    ACBP=28
 0000:1931 0000 C=CODE   S=_TEXT          G=(none)  M=STKLEN     ACBP=28
 0000:1931 002C C=CODE   S=_TEXT          G=(none)  M=TOLOWER    ACBP=28
 0000:195D 002C C=CODE   S=_TEXT          G=(none)  M=TOUPPER    ACBP=28
 0000:1989 0016 C=CODE   S=_TEXT          G=(none)  M=UNLINK     ACBP=28
 0000:199F 04CB C=CODE   S=_TEXT          G=(none)  M=VPRINTER   ACBP=28
 0000:1E6A 009F C=CODE   S=_TEXT          G=(none)  M=VRAM       ACBP=28
 0000:1F09 001A C=CODE   S=_TEXT          G=(none)  M=XCLOSE     ACBP=28
 0000:1F23 0029 C=CODE   S=_TEXT          G=(none)  M=_STPCPY    ACBP=28
 0000:1F4C 0025 C=CODE   S=_TEXT          G=(none)  M=BIOSKEY    ACBP=28
 0000:1F71 006F C=CODE   S=_TEXT          G=(none)  M=BRK        ACBP=28
 0000:1FE0 0029 C=CODE   S=_TEXT          G=(none)  M=CLRSCR     ACBP=28
 0000:2009 0010 C=CODE   S=_TEXT          G=(none)  M=CORELEFT   ACBP=28
 0000:2019 01A1 C=CODE   S=_TEXT          G=(none)  M=CRTINIT    ACBP=28
 0000:21BA 001F C=CODE   S=_TEXT          G=(none)  M=CVTFAK     ACBP=28
 0000:21D9 0421 C=CODE   S=_TEXT          G=(none)  M=FARHEAP    ACBP=28
 0000:25FA 0140 C=CODE   S=_TEXT          G=(none)  M=FBRK       ACBP=28
 0000:273A 0050 C=CODE   S=_TEXT          G=(none)  M=FCORELFT   ACBP=28
 0000:278A 0049 C=CODE   S=_TEXT          G=(none)  M=GOTOXY     ACBP=28
 0000:27D3 00A8 C=CODE   S=_TEXT          G=(none)  M=GPTEXT     ACBP=28
 0000:287B 002E C=CODE   S=_TEXT          G=(none)  M=HARD       ACBP=28
 0000:28A9 0126 C=CODE   S=_TEXT          G=(none)  M=HARDERR    ACBP=28
 0000:29CF 0027 C=CODE   S=_TEXT          G=(none)  M=IOCTL      ACBP=28
 0000:29F6 009D C=CODE   S=_TEXT          G=(none)  M=MOVETEXT   ACBP=28
 0000:2A93 027B C=CODE   S=_TEXT          G=(none)  M=NEARHEAP   ACBP=28
 0000:2D0E 0004 C=CODE   S=_TEXT          G=(none)  M=REALCVT    ACBP=28
 0000:2D12 01BD C=CODE   S=_TEXT          G=(none)  M=SCREEN     ACBP=28
 0000:2ECF 0188 C=CODE   S=_TEXT          G=(none)  M=SCROLL     ACBP=28
 0000:3057 0119 C=CODE   S=_TEXT          G=(none)  M=SETARGV    ACBP=28
 0000:3170 001C C=CODE   S=_TEXT          G=(none)  M=SETBLOCK   ACBP=28
 0000:318C 005D C=CODE   S=_TEXT          G=(none)  M=SETENVP    ACBP=28
 0000:31E9 002C C=CODE   S=_TEXT          G=(none)  M=WHEREXY    ACBP=28
 0000:3215 007D C=CODE   S=_TEXT          G=(none)  M=ATOL       ACBP=28
 0000:3292 0010 C=CODE   S=_TEXT          G=(none)  M=BDOS       ACBP=28
 0000:32A2 001B C=CODE   S=_TEXT          G=(none)  M=CHMODA     ACBP=28
 0000:32BD 0028 C=CODE   S=_TEXT          G=(none)  M=CLOSE      ACBP=28
 0000:32E5 001E C=CODE   S=_TEXT          G=(none)  M=CLOSEA     ACBP=28
 0000:3303 008B C=CODE   S=_TEXT          G=(none)  M=CREAT      ACBP=28
 0000:338E 0081 C=CODE   S=_TEXT          G=(none)  M=FCLOSE     ACBP=28
 0000:340F 0081 C=CODE   S=_TEXT          G=(none)  M=FFLUSH     ACBP=28
 0000:3490 0060 C=CODE   S=_TEXT          G=(none)  M=FINDFIRS   ACBP=28
 0000:34F0 0041 C=CODE   S=_TEXT          G=(none)  M=FLENGTH    ACBP=28
 0000:3531 003A C=CODE   S=_TEXT          G=(none)  M=FLUSHALL   ACBP=28
 0000:356B 01A0 C=CODE   S=_TEXT          G=(none)  M=FOPEN      ACBP=28
 0000:370B 0016 C=CODE   S=_TEXT          G=(none)  M=FPRINTF    ACBP=28
 0000:3721 018C C=CODE   S=_TEXT          G=(none)  M=FSEEK      ACBP=28
 0000:38AD 005F C=CODE   S=_TEXT          G=(none)  M=GETENV     ACBP=28
 0000:390C 0067 C=CODE   S=_TEXT          G=(none)  M=LTOA1      ACBP=28
 0000:3973 001F C=CODE   S=_TEXT          G=(none)  M=MEMCPY     ACBP=28
 0000:3992 0022 C=CODE   S=_TEXT          G=(none)  M=MOVEDATA   ACBP=28
 0000:39B4 0183 C=CODE   S=_TEXT          G=(none)  M=OPEN       ACBP=28
 0000:3B37 004D C=CODE   S=_TEXT          G=(none)  M=OPENA      ACBP=28
 0000:3B84 0017 C=CODE   S=_TEXT          G=(none)  M=PRINTF     ACBP=28
 0000:3B9B 0309 C=CODE   S=_TEXT          G=(none)  M=PUTC       ACBP=28
 0000:3EA4 004B C=CODE   S=_TEXT          G=(none)  M=PUTS       ACBP=28
 0000:3EEF 00CE C=CODE   S=_TEXT          G=(none)  M=READ       ACBP=28
 0000:3FBD 0003 C=CODE   S=_TEXT          G=(none)  M=READU      ACBP=28
 0000:3FC0 00D8 C=CODE   S=_TEXT          G=(none)  M=SETVBUF    ACBP=28
 0000:4098 0061 C=CODE   S=_TEXT          G=(none)  M=SPRINTF    ACBP=28
 0000:40F9 0039 C=CODE   S=_TEXT          G=(none)  M=STRCAT     ACBP=28
 0000:4132 001A C=CODE   S=_TEXT          G=(none)  M=STRLEN     ACBP=28
 0000:414C 00FF C=CODE   S=_TEXT          G=(none)  M=STRTOL     ACBP=28
 0000:424B 010E C=CODE   S=_TEXT          G=(none)  M=WRITE      ACBP=28
 0000:4359 003A C=CODE   S=_TEXT          G=(none)  M=WRITEA     ACBP=28
 0000:4393 0003 C=CODE   S=_TEXT          G=(none)  M=WRITEU     ACBP=28
 0000:4396 0028 C=CODE   S=_TEXT          G=(none)  M=XFCLOSE    ACBP=28
 0000:43BE 0023 C=CODE   S=_TEXT          G=(none)  M=XFFLUSH    ACBP=28
 0000:43E1 0028 C=CODE   S=_TEXT          G=(none)  M=FMEMCMP    ACBP=28
 0000:4409 0024 C=CODE   S=_TEXT          G=(none)  M=FMEMCPY    ACBP=28
 0000:442D 0043 C=CODE   S=_TEXT          G=(none)  M=FMEMSET    ACBP=28
 0000:4470 0029 C=CODE   S=_TEXT          G=(none)  M=FSTRCPY    ACBP=28
 0000:4499 0041 C=CODE   S=_TEXT          G=(none)  M=FSTRICMP   ACBP=28
 0000:44DA 001F C=CODE   S=_TEXT          G=(none)  M=FSTRLEN    ACBP=28
 044F:000A 0000 C=CODE   S=H_LDIV_TEXT    G=(none)  M=H_LDIV.ASM ACBP=48
 044F:000A 03A0 C=CODE   S=WOLFHACK_TEXT  G=(none)  M=WOLFHACK.C ACBP=28
 0489:000A 006B C=CODE   S=WHACK_A_TEXT   G=(none)  M=WHACK_A.ASM ACBP=48
 0490:0006 0017 C=CODE   S=WL_ASM_TEXT    G=(none)  M=WL_ASM.ASM ACBP=48
 0491:000D 19BD C=CODE   S=WL_MAIN_TEXT   G=(none)  M=WL_MAIN.C  ACBP=28
 062D:000A 09F8 C=CODE   S=WL_TEXT_TEXT   G=(none)  M=WL_TEXT.C  ACBP=28
 06CD:0002 4388 C=CODE   S=WL_MENU_TEXT   G=(none)  M=WL_MENU.C  ACBP=28
 0B05:000A 15DA C=CODE   S=WL_INTER_TEXT  G=(none)  M=WL_INTER.C ACBP=28
 0C63:0004 1435 C=CODE   S=WL_GAME_TEXT   G=(none)  M=WL_GAME.C  ACBP=28
 0DA6:0009 11A7 C=CODE   S=WL_PLAY_TEXT   G=(none)  M=WL_PLAY.C  ACBP=28
 0EC1:0000 0B98 C=CODE   S=WL_DEBUG_TEXT  G=(none)  M=WL_DEBUG.C ACBP=28
 0F7A:0008 0FE7 C=CODE   S=WL_DRAW_TEXT   G=(none)  M=WL_DRAW.C  ACBP=28
 1079:0000 046A C=CODE   S=WL_DR_A_TEXT   G=(none)  M=WL_DR_A.ASM ACBP=48
 10BF:000A 08B3 C=CODE   S=WL_SCALE_TEXT  G=(none)  M=WL_SCALE.C ACBP=28
 114A:000D 18AF C=CODE   S=WL_STATE_TEXT  G=(none)  M=WL_STATE.C ACBP=28
 12D5:000C 12CC C=CODE   S=WL_AGENT_TEXT  G=(none)  M=WL_AGENT.C ACBP=28
 1402:0008 0D41 C=CODE   S=WL_ACT1_TEXT   G=(none)  M=WL_ACT1.C  ACBP=28
 14D6:0009 239E C=CODE   S=WL_ACT2_TEXT   G=(none)  M=WL_ACT2.C  ACBP=28
 1710:0007 1752 C=CODE   S=ID_CA_TEXT     G=(none)  M=ID_CA.C    ACBP=28
 1885:0009 0B84 C=CODE   S=ID_IN_TEXT     G=(none)  M=ID_IN.C    ACBP=28
 193D:000D 0E87 C=CODE   S=ID_MM_TEXT     G=(none)  M=ID_MM.C    ACBP=28
 1A26:0004 11E3 C=CODE   S=ID_PM_TEXT     G=(none)  M=ID_PM.C    ACBP=28
 1B44:0007 1919 C=CODE   S=ID_SD_TEXT     G=(none)  M=ID_SD.C    ACBP=28
 1CD6:0000 0471 C=CODE   S=ID_SD_A_TEXT   G=(none)  M=ID_SD_A.ASM ACBP=48
 1D1D:0001 0C03 C=CODE   S=ID_US_1_TEXT   G=(none)  M=ID_US_1.C  ACBP=28
 1DDD:0004 0045 C=CODE   S=ID_US_A_TEXT   G=(none)  M=ID_US_A.ASM ACBP=48
 1DE1:0009 0B73 C=CODE   S=ID_VL_TEXT     G=(none)  M=ID_VL.C    ACBP=28
 1E98:000C 092A C=CODE   S=ID_VH_TEXT     G=(none)  M=ID_VH.C    ACBP=28
 1F2B:0006 0294 C=CODE   S=ID_VL_A_TEXT   G=(none)  M=ID_VL_A.ASM ACBP=48
 1F54:000A 01F6 C=CODE   S=ID_VH_A_TEXT   G=(none)  M=ID_VH_A.ASM ACBP=48
 1F74:0000 0000 C=CODE   S=EMU_PROG       G=(none)  M=FPINIT     ACBP=68
 1F74:0000 2777 C=CODE   S=EMU_PROG       G=(none)  M=EMU086     ACBP=68
 21EC:0000 0000 C=CODE   S=E87_PROG       G=(none)  M=FPINIT     ACBP=68
 21EC:0000 03E3 C=CODE   S=E87_PROG       G=(none)  M=EMU087     ACBP=68
 21EC:03F0 01D8 C=CODE   S=E87_PROG       G=(none)  M=E87TRAP    ACBP=68
 2249:0000 0000 C=FAR_DATA S=_FARDATA       G=(none)  M=C0.ASM     ACBP=68
 2249:0000 2000 C=FAR_DATA S=FAR_DATA       G=(none)  M=WHACK_A.ASM ACBP=60
 2449:0000 0102 C=FAR_DATA S=FAR_DATA       G=(none)  M=ID_US_A.ASM ACBP=60
 245A:0000 02F4 C=FAR_DATA S=WL_MAIN5_DATA  G=(none)  M=WL_MAIN.C  ACBP=68
 248A:0000 02D0 C=FAR_DATA S=WL_MENU5_DATA  G=(none)  M=WL_MENU.C  ACBP=68
 24B7:0000 017A C=FAR_DATA S=WL_MENU6_DATA  G=(none)  M=WL_MENU.C  ACBP=68
 24CF:0000 01F8 C=FAR_DATA S=WL_MENU7_DATA  G=(none)  M=WL_MENU.C  ACBP=68
 24EF:0000 00FC C=FAR_DATA S=WL_MENU8_DATA  G=(none)  M=WL_MENU.C  ACBP=68
 24FF:0000 01CE C=FAR_DATA S=WL_MENU9_DATA  G=(none)  M=WL_MENU.C  ACBP=68
 251C:0000 00A8 C=FAR_DATA S=WL_MENU10_DATA G=(none)  M=WL_MENU.C  ACBP=68
 2527:0000 01A4 C=FAR_DATA S=WL_MENU11_DATA G=(none)  M=WL_MENU.C  ACBP=68
 2542:0000 017A C=FAR_DATA S=WL_MENU12_DATA G=(none)  M=WL_MENU.C  ACBP=68
 255A:0000 0024 C=FAR_DATA S=WL_MENU13_DATA G=(none)  M=WL_MENU.C  ACBP=68
 255D:0000 0080 C=FAR_DATA S=ID_IN5_DATA    G=(none)  M=ID_IN.C    ACBP=68
 2565:0000 0080 C=FAR_DATA S=ID_IN6_DATA    G=(none)  M=ID_IN.C    ACBP=68
 256D:0000 0080 C=FAR_DATA S=ID_IN7_DATA    G=(none)  M=ID_IN.C    ACBP=68
 2575:0000 FA00 C=FAR_DATA S=SignonSeg      G=(none)  M=SIGNON.BIN   ACBP=60
 3515:0000 0000 C=FAR_BSS S=_FARBSS        G=(none)  M=C0.ASM     ACBP=68
 3515:0000 0559 C=FAR_BSS S=_COMDEF_AA_    G=(none)  M=WL_ACT1.C  ACBP=60
 356B:0000 0708 C=FAR_BSS S=_COMDEF_AB_    G=(none)  M=WL_DRAW.C  ACBP=60
 35DC:0000 0E10 C=FAR_BSS S=_COMDEF_AC_    G=(none)  M=WL_DRAW.C  ACBP=60
 36BD:0000 0095 C=FAR_BSS S=_COMDEF_AD_    G=(none)  M=ID_CA.C    ACBP=60
 36C7:0000 1200 C=FAR_BSS S=_COMDEF_AE_    G=(none)  M=WL_PLAY.C  ACBP=60
 37E7:0000 1200 C=FAR_BSS S=_COMDEF_AF_    G=(none)  M=WL_PLAY.C  ACBP=60
 3907:0000 20D0 C=FAR_BSS S=_COMDEF_AG_    G=(none)  M=ID_MM.C    ACBP=60
 3B14:0000 0300 C=FAR_BSS S=_COMDEF_AH_    G=(none)  M=ID_VL.C    ACBP=60
 3B44:0000 0300 C=FAR_BSS S=_COMDEF_AI_    G=(none)  M=ID_VL.C    ACBP=60
 3B74:0000 0000 C=OVRINFO S=_OVERLAY_      G=(none)  M=C0.ASM     ACBP=68
 3B74:0000 0000 C=STUBSEG S=_1STUB_        G=(none)  M=C0.ASM     ACBP=68
 3B74:0000 00D9 C=DATA   S=_DATA          G=DGROUP  M=C0.ASM     ACBP=68
 3B74:00DA 0000 C=DATA   S=_DATA          G=DGROUP  M=H_LDIV.ASM ACBP=48
 3B74:00DA 0002 C=DATA   S=_DATA          G=DGROUP  M=WOLFHACK.C ACBP=48
 3B74:00DC 0000 C=DATA   S=_DATA          G=DGROUP  M=WHACK_A.ASM ACBP=48
 3B74:00DC 0000 C=DATA   S=_DATA          G=DGROUP  M=WL_ASM.ASM ACBP=48
 3B74:00DC 0254 C=DATA   S=_DATA          G=DGROUP  M=WL_MAIN.C  ACBP=48
 3B74:0330 00A1 C=DATA   S=_DATA          G=DGROUP  M=WL_TEXT.C  ACBP=48
 3B74:03D2 06B4 C=DATA   S=_DATA          G=DGROUP  M=WL_MENU.C  ACBP=48
 3B74:0A86 03ED C=DATA   S=_DATA          G=DGROUP  M=WL_INTER.C ACBP=48
 3B74:0E74 03FC C=DATA   S=_DATA          G=DGROUP  M=WL_GAME.C  ACBP=48
 3B74:1270 0216 C=DATA   S=_DATA          G=DGROUP  M=WL_PLAY.C  ACBP=48
 3B74:1486 01FE C=DATA   S=_DATA          G=DGROUP  M=WL_DEBUG.C ACBP=48
 3B74:1684 0096 C=DATA   S=_DATA          G=DGROUP  M=WL_DRAW.C  ACBP=48
 3B74:171A 0000 C=DATA   S=_DATA          G=DGROUP  M=WL_DR_A.ASM ACBP=48
 3B74:171A 00F1 C=DATA   S=_DATA          G=DGROUP  M=WL_SCALE.C ACBP=48
 3B74:180C 00FF C=DATA   S=_DATA          G=DGROUP  M=WL_STATE.C ACBP=48
 3B74:190C 0112 C=DATA   S=_DATA          G=DGROUP  M=WL_AGENT.C ACBP=48
 3B74:1A1E 0119 C=DATA   S=_DATA          G=DGROUP  M=WL_ACT1.C  ACBP=48
 3B74:1B38 1412 C=DATA   S=_DATA          G=DGROUP  M=WL_ACT2.C  ACBP=48
 3B74:2F4A 0109 C=DATA   S=_DATA          G=DGROUP  M=ID_CA.C    ACBP=48
 3B74:3054 005F C=DATA   S=_DATA          G=DGROUP  M=ID_IN.C    ACBP=48
 3B74:30B4 015B C=DATA   S=_DATA          G=DGROUP  M=ID_MM.C    ACBP=48
 3B74:3210 0490 C=DATA   S=_DATA          G=DGROUP  M=ID_PM.C    ACBP=48
 3B74:36A0 0265 C=DATA   S=_DATA          G=DGROUP  M=ID_SD.C    ACBP=48
 3B74:3906 0104 C=DATA   S=_DATA          G=DGROUP  M=ID_SD_A.ASM ACBP=48
 3B74:3A0A 02B9 C=DATA   S=_DATA          G=DGROUP  M=ID_US_1.C  ACBP=48
 3B74:3CC4 0000 C=DATA   S=_DATA          G=DGROUP  M=ID_US_A.ASM ACBP=48
 3B74:3CC4 0097 C=DATA   S=_DATA          G=DGROUP  M=ID_VL.C    ACBP=48
 3B74:3D5C 0029 C=DATA   S=_DATA          G=DGROUP  M=ID_VH.C    ACBP=48
 3B74:3D86 0002 C=DATA   S=_DATA          G=DGROUP  M=ID_VL_A.ASM ACBP=48
 3B74:3D88 0000 C=DATA   S=_DATA          G=DGROUP  M=ID_VH_A.ASM ACBP=48
 3B74:3D88 0300 C=DATA   S=_DATA          G=DGROUP  M=GAMEPAL.BIN  ACBP=48
 3B74:4090 0002 C=DATA   S=_DATA          G=DGROUP  M=FPINIT     ACBP=68
 3B74:40A0 0000 C=DATA   S=_DATA          G=DGROUP  M=E87TRAP    ACBP=68
 3B74:40A0 0003 C=DATA   S=_DATA          G=DGROUP  M=PROTFLAG   ACBP=48
 3B74:40A4 0002 C=DATA   S=_DATA          G=DGROUP  M=DEFLT87    ACBP=48
 3B74:40A6 0000 C=DATA   S=_DATA          G=DGROUP  M=ATAN       ACBP=48
 3B74:40A6 0024 C=DATA   S=_DATA          G=DGROUP  M=HUGEVAL    ACBP=48
 3B74:40CA 0000 C=DATA   S=_DATA          G=DGROUP  M=LDTRUNC    ACBP=48
 3B74:40CA 0037 C=DATA   S=_DATA          G=DGROUP  M=MATHWHY    ACBP=48
 3B74:4102 0000 C=DATA   S=_DATA          G=DGROUP  M=REALCVT    ACBP=48
 3B74:4102 0018 C=DATA   S=_DATA          G=DGROUP  M=SCANTOD    ACBP=48
 3B74:411A 0000 C=DATA   S=_DATA          G=DGROUP  M=XCVT       ACBP=48
 3B74:411A 008C C=DATA   S=_DATA          G=DGROUP  M=FPERR      ACBP=48
 3B74:41A6 0080 C=DATA   S=_DATA          G=DGROUP  M=_POW10     ACBP=48
 3B74:4226 0000 C=DATA   S=_DATA          G=DGROUP  M=POW10D     ACBP=48
 3B74:4226 0000 C=DATA   S=_DATA          G=DGROUP  M=MATHERR    ACBP=48
 3B74:4226 000C C=DATA   S=_DATA          G=DGROUP  M=SIN        ACBP=48
 3B74:4232 000C C=DATA   S=_DATA          G=DGROUP  M=TAN        ACBP=48
 3B74:423E 000E C=DATA   S=_DATA          G=DGROUP  M=_MATHERR   ACBP=48
 3B74:424C 0018 C=DATA   S=_DATA          G=DGROUP  M=ATAN2      ACBP=48
 3B74:4270 0110 C=DATA   S=_DATA          G=DGROUP  M=EMUVARS    ACBP=68
 3B74:4380 0000 C=DATA   S=_DATA          G=DGROUP  M=FFTOL      ACBP=48
 3B74:4380 0002 C=DATA   S=_DATA          G=DGROUP  M=ATEXIT     ACBP=48
 3B74:4382 0101 C=DATA   S=_DATA          G=DGROUP  M=CTYPE      ACBP=48
 3B74:4484 0000 C=DATA   S=_DATA          G=DGROUP  M=DOSDFREE   ACBP=48
 3B74:4484 0000 C=DATA   S=_DATA          G=DGROUP  M=DOSFATTR   ACBP=48
 3B74:4484 0000 C=DATA   S=_DATA          G=DGROUP  M=DOSGDATE   ACBP=48
 3B74:4484 0000 C=DATA   S=_DATA          G=DGROUP  M=DOSWRITE   ACBP=48
 3B74:4484 000C C=DATA   S=_DATA          G=DGROUP  M=EXIT       ACBP=48
 3B74:4490 0140 C=DATA   S=_DATA          G=DGROUP  M=FILES      ACBP=48
 3B74:45D0 002A C=DATA   S=_DATA          G=DGROUP  M=FILES2     ACBP=48
 3B74:45FA 0004 C=DATA   S=_DATA          G=DGROUP  M=FMODE      ACBP=48
 3B74:45FE 0002 C=DATA   S=_DATA          G=DGROUP  M=FPSTKLEN   ACBP=48
 3B74:4600 0000 C=DATA   S=_DATA          G=DGROUP  M=F_LXMUL    ACBP=48
 3B74:4600 0000 C=DATA   S=_DATA          G=DGROUP  M=F_PCMP     ACBP=48
 3B74:4600 0000 C=DATA   S=_DATA          G=DGROUP  M=F_SCOPY    ACBP=48
 3B74:4600 0000 C=DATA   S=_DATA          G=DGROUP  M=GETVECT    ACBP=48
 3B74:4600 0002 C=DATA   S=_DATA          G=DGROUP  M=HEAPLEN    ACBP=48
 3B74:4602 0000 C=DATA   S=_DATA          G=DGROUP  M=H_LLSH     ACBP=48
 3B74:4602 0000 C=DATA   S=_DATA          G=DGROUP  M=H_LRSH     ACBP=48
 3B74:4602 0000 C=DATA   S=_DATA          G=DGROUP  M=H_LURSH    ACBP=48
 3B74:4602 0000 C=DATA   S=_DATA          G=DGROUP  M=H_PADA     ACBP=48
 3B74:4602 0000 C=DATA   S=_DATA          G=DGROUP  M=H_PADD     ACBP=48
 3B74:4602 0000 C=DATA   S=_DATA          G=DGROUP  M=H_PSBP     ACBP=48
 3B74:4602 0000 C=DATA   S=_DATA          G=DGROUP  M=H_SPUSH    ACBP=48
 3B74:4602 005B C=DATA   S=_DATA          G=DGROUP  M=IOERROR    ACBP=48
 3B74:465E 0000 C=DATA   S=_DATA          G=DGROUP  M=ISATTY     ACBP=48
 3B74:465E 0000 C=DATA   S=_DATA          G=DGROUP  M=LONGTOA    ACBP=48
 3B74:465E 0000 C=DATA   S=_DATA          G=DGROUP  M=LSEEK      ACBP=48
 3B74:465E 0009 C=DATA   S=_DATA          G=DGROUP  M=MKNAME     ACBP=48
 3B74:4668 0000 C=DATA   S=_DATA          G=DGROUP  M=N_PCMP     ACBP=48
 3B74:4668 0000 C=DATA   S=_DATA          G=DGROUP  M=READA      ACBP=48
 3B74:4668 0000 C=DATA   S=_DATA          G=DGROUP  M=SCANTOL    ACBP=48
 3B74:4668 0000 C=DATA   S=_DATA          G=DGROUP  M=SETUPIO    ACBP=48
 3B74:4668 0000 C=DATA   S=_DATA          G=DGROUP  M=SIGDATA    ACBP=48
 3B74:4668 0002 C=DATA   S=_DATA          G=DGROUP  M=STKLEN     ACBP=48
 3B74:466A 0000 C=DATA   S=_DATA          G=DGROUP  M=TOLOWER    ACBP=48
 3B74:466A 0000 C=DATA   S=_DATA          G=DGROUP  M=TOUPPER    ACBP=48
 3B74:466A 0000 C=DATA   S=_DATA          G=DGROUP  M=UNLINK     ACBP=48
 3B74:466A 0067 C=DATA   S=_DATA          G=DGROUP  M=VPRINTER   ACBP=48
 3B74:46D2 0000 C=DATA   S=_DATA          G=DGROUP  M=VRAM       ACBP=48
 3B74:46D2 0000 C=DATA   S=_DATA          G=DGROUP  M=XCLOSE     ACBP=48
 3B74:46D2 0000 C=DATA   S=_DATA          G=DGROUP  M=_STPCPY    ACBP=48
 3B74:46D2 0000 C=DATA   S=_DATA          G=DGROUP  M=BIOSKEY    ACBP=48
 3B74:46D2 0000 C=DATA   S=_DATA          G=DGROUP  M=BRK        ACBP=48
 3B74:46D2 0000 C=DATA   S=_DATA          G=DGROUP  M=CLRSCR     ACBP=48
 3B74:46D2 0000 C=DATA   S=_DATA          G=DGROUP  M=CORELEFT   ACBP=48
 3B74:46D2 0018 C=DATA   S=_DATA          G=DGROUP  M=CRTINIT    ACBP=48
 3B74:46EA 0031 C=DATA   S=_DATA          G=DGROUP  M=CVTFAK     ACBP=48
 3B74:471C 0000 C=DATA   S=_DATA          G=DGROUP  M=FARHEAP    ACBP=48
 3B74:471C 0002 C=DATA   S=_DATA          G=DGROUP  M=FBRK       ACBP=48
 3B74:471E 0000 C=DATA   S=_DATA          G=DGROUP  M=FCORELFT   ACBP=48
 3B74:471E 0000 C=DATA   S=_DATA          G=DGROUP  M=GOTOXY     ACBP=48
 3B74:471E 0000 C=DATA   S=_DATA          G=DGROUP  M=GPTEXT     ACBP=48
 3B74:471E 0000 C=DATA   S=_DATA          G=DGROUP  M=HARD       ACBP=48
 3B74:471E 0000 C=DATA   S=_DATA          G=DGROUP  M=HARDERR    ACBP=48
 3B74:471E 0000 C=DATA   S=_DATA          G=DGROUP  M=IOCTL      ACBP=48
 3B74:471E 0000 C=DATA   S=_DATA          G=DGROUP  M=MOVETEXT   ACBP=48
 3B74:471E 0006 C=DATA   S=_DATA          G=DGROUP  M=NEARHEAP   ACBP=48
 3B74:4724 0000 C=DATA   S=_DATA          G=DGROUP  M=REALCVT    ACBP=48
 3B74:4724 0000 C=DATA   S=_DATA          G=DGROUP  M=SCREEN     ACBP=48
 3B74:4724 0000 C=DATA   S=_DATA          G=DGROUP  M=SCROLL     ACBP=48
 3B74:4724 000E C=DATA   S=_DATA          G=DGROUP  M=SETARGV    ACBP=48
 3B74:4732 0000 C=DATA   S=_DATA          G=DGROUP  M=SETBLOCK   ACBP=48
 3B74:4732 0002 C=DATA   S=_DATA          G=DGROUP  M=SETENVP    ACBP=48
 3B74:4734 0000 C=DATA   S=_DATA          G=DGROUP  M=WHEREXY    ACBP=48
 3B74:4734 0000 C=DATA   S=_DATA          G=DGROUP  M=ATOL       ACBP=48
 3B74:4734 0000 C=DATA   S=_DATA          G=DGROUP  M=BDOS       ACBP=48
 3B74:4734 0000 C=DATA   S=_DATA          G=DGROUP  M=CHMODA     ACBP=48
 3B74:4734 0000 C=DATA   S=_DATA          G=DGROUP  M=CLOSE      ACBP=48
 3B74:4734 0000 C=DATA   S=_DATA          G=DGROUP  M=CLOSEA     ACBP=48
 3B74:4734 0000 C=DATA   S=_DATA          G=DGROUP  M=CREAT      ACBP=48
 3B74:4734 0000 C=DATA   S=_DATA          G=DGROUP  M=FCLOSE     ACBP=48
 3B74:4734 0000 C=DATA   S=_DATA          G=DGROUP  M=FFLUSH     ACBP=48
 3B74:4734 0000 C=DATA   S=_DATA          G=DGROUP  M=FINDFIRS   ACBP=48
 3B74:4734 0000 C=DATA   S=_DATA          G=DGROUP  M=FLENGTH    ACBP=48
 3B74:4734 0000 C=DATA   S=_DATA          G=DGROUP  M=FLUSHALL   ACBP=48
 3B74:4734 0000 C=DATA   S=_DATA          G=DGROUP  M=FOPEN      ACBP=48
 3B74:4734 0000 C=DATA   S=_DATA          G=DGROUP  M=FPRINTF    ACBP=48
 3B74:4734 0000 C=DATA   S=_DATA          G=DGROUP  M=FSEEK      ACBP=48
 3B74:4734 0000 C=DATA   S=_DATA          G=DGROUP  M=GETENV     ACBP=48
 3B74:4734 0000 C=DATA   S=_DATA          G=DGROUP  M=LTOA1      ACBP=48
 3B74:4734 0000 C=DATA   S=_DATA          G=DGROUP  M=MEMCPY     ACBP=48
 3B74:4734 0000 C=DATA   S=_DATA          G=DGROUP  M=MOVEDATA   ACBP=48
 3B74:4734 0000 C=DATA   S=_DATA          G=DGROUP  M=OPEN       ACBP=48
 3B74:4734 0000 C=DATA   S=_DATA          G=DGROUP  M=OPENA      ACBP=48
 3B74:4734 0000 C=DATA   S=_DATA          G=DGROUP  M=PRINTF     ACBP=48
 3B74:4734 0001 C=DATA   S=_DATA          G=DGROUP  M=PUTC       ACBP=48
 3B74:4736 0000 C=DATA   S=_DATA          G=DGROUP  M=PUTS       ACBP=48
 3B74:4736 0000 C=DATA   S=_DATA          G=DGROUP  M=READ       ACBP=48
 3B74:4736 0000 C=DATA   S=_DATA          G=DGROUP  M=READU      ACBP=48
 3B74:4736 0004 C=DATA   S=_DATA          G=DGROUP  M=SETVBUF    ACBP=48
 3B74:473A 0000 C=DATA   S=_DATA          G=DGROUP  M=SPRINTF    ACBP=48
 3B74:473A 0000 C=DATA   S=_DATA          G=DGROUP  M=STRCAT     ACBP=48
 3B74:473A 0000 C=DATA   S=_DATA          G=DGROUP  M=STRLEN     ACBP=48
 3B74:473A 0000 C=DATA   S=_DATA          G=DGROUP  M=STRTOL     ACBP=48
 3B74:473A 0000 C=DATA   S=_DATA          G=DGROUP  M=WRITE      ACBP=48
 3B74:473A 0000 C=DATA   S=_DATA          G=DGROUP  M=WRITEA     ACBP=48
 3B74:473A 0000 C=DATA   S=_DATA          G=DGROUP  M=WRITEU     ACBP=48
 3B74:473A 0000 C=DATA   S=_DATA          G=DGROUP  M=XFCLOSE    ACBP=48
 3B74:473A 0000 C=DATA   S=_DATA          G=DGROUP  M=XFFLUSH    ACBP=48
 3B74:473A 0000 C=DATA   S=_DATA          G=DGROUP  M=FMEMCMP    ACBP=48
 3B74:473A 0000 C=DATA   S=_DATA          G=DGROUP  M=FMEMCPY    ACBP=48
 3B74:473A 0000 C=DATA   S=_DATA          G=DGROUP  M=FMEMSET    ACBP=48
 3B74:473A 0000 C=DATA   S=_DATA          G=DGROUP  M=FSTRCPY    ACBP=48
 3B74:473A 0000 C=DATA   S=_DATA          G=DGROUP  M=FSTRICMP   ACBP=48
 3B74:473A 0000 C=DATA   S=_DATA          G=DGROUP  M=FSTRLEN    ACBP=48
 3B74:473A 0000 C=DATA   S=_CVTSEG        G=DGROUP  M=C0.ASM     ACBP=48
 3B74:473A 0002 C=DATA   S=_CVTSEG        G=DGROUP  M=REALCVT    ACBP=48
 3B74:473C 0002 C=DATA   S=_CVTSEG        G=DGROUP  M=CVTFAK     ACBP=48
 3B74:473E 0000 C=DATA   S=_CVTSEG        G=DGROUP  M=REALCVT    ACBP=48
 3B74:473E 0000 C=DATA   S=_SCNSEG        G=DGROUP  M=C0.ASM     ACBP=48
 3B74:473E 0006 C=DATA   S=_SCNSEG        G=DGROUP  M=SCANTOD    ACBP=48
 3B74:4744 0006 C=DATA   S=_SCNSEG        G=DGROUP  M=CVTFAK     ACBP=48
 3B74:474A 0000 C=CONST  S=_CONST         G=DGROUP  M=C0.ASM     ACBP=48
 3B74:474A 0000 C=INITDATA S=_INIT_         G=DGROUP  M=C0.ASM     ACBP=48
 3B74:474A 0006 C=INITDATA S=_INIT_         G=DGROUP  M=FPINIT     ACBP=48
 3B74:4750 0006 C=INITDATA S=_INIT_         G=DGROUP  M=SETUPIO    ACBP=48
 3B74:4756 0006 C=INITDATA S=_INIT_         G=DGROUP  M=CRTINIT    ACBP=48
 3B74:475C 0006 C=INITDATA S=_INIT_         G=DGROUP  M=SETARGV    ACBP=48
 3B74:4762 0006 C=INITDATA S=_INIT_         G=DGROUP  M=SETENVP    ACBP=48
 3B74:4768 0000 C=INITDATA S=_INITEND_      G=DGROUP  M=C0.ASM     ACBP=28
 3B74:4768 0000 C=EXITDATA S=_EXIT_         G=DGROUP  M=C0.ASM     ACBP=48
 3B74:4768 0006 C=EXITDATA S=_EXIT_         G=DGROUP  M=FPINIT     ACBP=48
 3B74:476E 0000 C=EXITDATA S=_EXITEND_      G=DGROUP  M=C0.ASM     ACBP=28
 3B74:476E 0000 C=BSS    S=_BSS           G=DGROUP  M=C0.ASM     ACBP=48
 3B74:476E 0000 C=BSS    S=_BSS           G=DGROUP  M=WOLFHACK.C ACBP=48
 3B74:476E 0002 C=BSS    S=_BSS           G=DGROUP  M=WL_MAIN.C  ACBP=48
 3B74:4770 0000 C=BSS    S=_BSS           G=DGROUP  M=WL_TEXT.C  ACBP=48
 3B74:4770 0002 C=BSS    S=_BSS           G=DGROUP  M=WL_MENU.C  ACBP=48
 3B74:4772 0000 C=BSS    S=_BSS           G=DGROUP  M=WL_INTER.C ACBP=48
 3B74:4772 0000 C=BSS    S=_BSS           G=DGROUP  M=WL_GAME.C  ACBP=48
 3B74:4772 0000 C=BSS    S=_BSS           G=DGROUP  M=WL_PLAY.C  ACBP=48
 3B74:4772 000A C=BSS    S=_BSS           G=DGROUP  M=WL_DEBUG.C ACBP=48
 3B74:477C 0000 C=BSS    S=_BSS           G=DGROUP  M=WL_DRAW.C  ACBP=48
 3B74:477C 0004 C=BSS    S=_BSS           G=DGROUP  M=WL_SCALE.C ACBP=48
 3B74:4780 0000 C=BSS    S=_BSS           G=DGROUP  M=WL_STATE.C ACBP=48
 3B74:4780 0000 C=BSS    S=_BSS           G=DGROUP  M=WL_AGENT.C ACBP=48
 3B74:4780 0000 C=BSS    S=_BSS           G=DGROUP  M=WL_ACT1.C  ACBP=48
 3B74:4780 0000 C=BSS    S=_BSS           G=DGROUP  M=WL_ACT2.C  ACBP=48
 3B74:4780 0000 C=BSS    S=_BSS           G=DGROUP  M=ID_CA.C    ACBP=48
 3B74:4780 0014 C=BSS    S=_BSS           G=DGROUP  M=ID_IN.C    ACBP=48
 3B74:4794 0000 C=BSS    S=_BSS           G=DGROUP  M=ID_MM.C    ACBP=48
 3B74:4794 0000 C=BSS    S=_BSS           G=DGROUP  M=ID_PM.C    ACBP=48
 3B74:4794 0180 C=BSS    S=_BSS           G=DGROUP  M=ID_SD.C    ACBP=48
 3B74:4914 0030 C=BSS    S=_BSS           G=DGROUP  M=ID_US_1.C  ACBP=48
 3B74:4944 0000 C=BSS    S=_BSS           G=DGROUP  M=ID_VL.C    ACBP=48
 3B74:4944 0000 C=BSS    S=_BSS           G=DGROUP  M=ID_VH.C    ACBP=48
 3B74:4944 0000 C=BSS    S=_BSS           G=DGROUP  M=ATAN       ACBP=48
 3B74:4944 0000 C=BSS    S=_BSS           G=DGROUP  M=LDTRUNC    ACBP=48
 3B74:4944 0000 C=BSS    S=_BSS           G=DGROUP  M=REALCVT    ACBP=48
 3B74:4944 0000 C=BSS    S=_BSS           G=DGROUP  M=SCANTOD    ACBP=48
 3B74:4944 0000 C=BSS    S=_BSS           G=DGROUP  M=XCVT       ACBP=48
 3B74:4944 0000 C=BSS    S=_BSS           G=DGROUP  M=_POW10     ACBP=48
 3B74:4944 0000 C=BSS    S=_BSS           G=DGROUP  M=SIN        ACBP=48
 3B74:4944 0000 C=BSS    S=_BSS           G=DGROUP  M=TAN        ACBP=48
 3B74:4944 0000 C=BSS    S=_BSS           G=DGROUP  M=ATAN2      ACBP=48
 3B74:4944 0080 C=BSS    S=_BSS           G=DGROUP  M=ATEXIT     ACBP=48
 3B74:49C4 0000 C=BSS    S=_BSS           G=DGROUP  M=DOSFATTR   ACBP=48
 3B74:49C4 0000 C=BSS    S=_BSS           G=DGROUP  M=DOSWRITE   ACBP=48
 3B74:49C4 0000 C=BSS    S=_BSS           G=DGROUP  M=GETVECT    ACBP=48
 3B74:49C4 0000 C=BSS    S=_BSS           G=DGROUP  M=IOERROR    ACBP=48
 3B74:49C4 0000 C=BSS    S=_BSS           G=DGROUP  M=ISATTY     ACBP=48
 3B74:49C4 0000 C=BSS    S=_BSS           G=DGROUP  M=LONGTOA    ACBP=48
 3B74:49C4 0000 C=BSS    S=_BSS           G=DGROUP  M=LSEEK      ACBP=48
 3B74:49C4 000D C=BSS    S=_BSS           G=DGROUP  M=MKNAME     ACBP=48
 3B74:49D2 0000 C=BSS    S=_BSS           G=DGROUP  M=READA      ACBP=48
 3B74:49D2 0000 C=BSS    S=_BSS           G=DGROUP  M=SCANTOL    ACBP=48
 3B74:49D2 0000 C=BSS    S=_BSS           G=DGROUP  M=SETUPIO    ACBP=48
 3B74:49D2 0004 C=BSS    S=_BSS           G=DGROUP  M=SIGDATA    ACBP=48
 3B74:49D6 0000 C=BSS    S=_BSS           G=DGROUP  M=UNLINK     ACBP=48
 3B74:49D6 0000 C=BSS    S=_BSS           G=DGROUP  M=VPRINTER   ACBP=48
 3B74:49D6 0000 C=BSS    S=_BSS           G=DGROUP  M=VRAM       ACBP=48
 3B74:49D6 0000 C=BSS    S=_BSS           G=DGROUP  M=BIOSKEY    ACBP=48
 3B74:49D6 0000 C=BSS    S=_BSS           G=DGROUP  M=BRK        ACBP=48
 3B74:49D6 0000 C=BSS    S=_BSS           G=DGROUP  M=CORELEFT   ACBP=48
 3B74:49D6 0000 C=BSS    S=_BSS           G=DGROUP  M=CRTINIT    ACBP=48
 3B74:49D6 000C C=BSS    S=_BSS           G=DGROUP  M=HARDERR    ACBP=48
 3B74:49E2 0000 C=BSS    S=_BSS           G=DGROUP  M=IOCTL      ACBP=48
 3B74:49E2 0000 C=BSS    S=_BSS           G=DGROUP  M=SETBLOCK   ACBP=48
 3B74:49E2 0000 C=BSS    S=_BSS           G=DGROUP  M=ATOL       ACBP=48
 3B74:49E2 0000 C=BSS    S=_BSS           G=DGROUP  M=BDOS       ACBP=48
 3B74:49E2 0000 C=BSS    S=_BSS           G=DGROUP  M=CHMODA     ACBP=48
 3B74:49E2 0000 C=BSS    S=_BSS           G=DGROUP  M=CLOSEA     ACBP=48
 3B74:49E2 0000 C=BSS    S=_BSS           G=DGROUP  M=CREAT      ACBP=48
 3B74:49E2 0000 C=BSS    S=_BSS           G=DGROUP  M=FINDFIRS   ACBP=48
 3B74:49E2 0000 C=BSS    S=_BSS           G=DGROUP  M=FLENGTH    ACBP=48
 3B74:49E2 0000 C=BSS    S=_BSS           G=DGROUP  M=GETENV     ACBP=48
 3B74:49E2 0000 C=BSS    S=_BSS           G=DGROUP  M=MEMCPY     ACBP=48
 3B74:49E2 0000 C=BSS    S=_BSS           G=DGROUP  M=MOVEDATA   ACBP=48
 3B74:49E2 0000 C=BSS    S=_BSS           G=DGROUP  M=OPEN       ACBP=48
 3B74:49E2 0000 C=BSS    S=_BSS           G=DGROUP  M=OPENA      ACBP=48
 3B74:49E2 0001 C=BSS    S=_BSS           G=DGROUP  M=PUTC       ACBP=48
 3B74:49E4 0000 C=BSS    S=_BSS           G=DGROUP  M=READ       ACBP=48
 3B74:49E4 0000 C=BSS    S=_BSS           G=DGROUP  M=STRCAT     ACBP=48
 3B74:49E4 0000 C=BSS    S=_BSS           G=DGROUP  M=STRLEN     ACBP=48
 3B74:49E4 0000 C=BSS    S=_BSS           G=DGROUP  M=WRITEA     ACBP=48
 3B74:49E4 0000 C=BSS    S=_BSS           G=DGROUP  M=FMEMCMP    ACBP=48
 3B74:49E4 0000 C=BSS    S=_BSS           G=DGROUP  M=FMEMCPY    ACBP=48
 3B74:49E4 0000 C=BSS    S=_BSS           G=DGROUP  M=FMEMSET    ACBP=48
 3B74:49E4 0000 C=BSS    S=_BSS           G=DGROUP  M=FSTRCPY    ACBP=48
 3B74:49E4 0000 C=BSS    S=_BSS           G=DGROUP  M=FSTRICMP   ACBP=48
 3B74:49E4 0000 C=BSS    S=_BSS           G=DGROUP  M=FSTRLEN    ACBP=48
 3B74:49E4 A5C9 C=BSS    S=_COMDEF_       G=DGROUP  M=WOLFHACK.C ACBP=48
 3B74:EFAD 0000 C=BSSEND S=_BSSEND        G=DGROUP  M=C0.ASM     ACBP=28
 4A6F:0000 0080 C=STACK  S=_STACK         G=(none)  M=C0.ASM     ACBP=74

  Address         Publics by Name

 3B74:0000 idle  DATASEG@
 0000:02AF idle  DGROUP@
 1F74:2152       e086_Entry
 1F74:26E0       e086_Shortcut
 21EC:0306       e087_Entry
 21EC:03C6       e087_Shortcut
 21EC:0430       e087_Trap
 0000:FE32 idle  FIARQQ
 0000:0E32 idle  FICRQQ
 0000:5C32  Abs  FIDRQQ
 0000:1632  Abs  FIERQQ
 0000:0632 idle  FISRQQ
 0000:A23D  Abs  FIWRQQ
 0000:4000 idle  FJARQQ
 0000:C000 idle  FJCRQQ
 0000:8000 idle  FJSRQQ
 0000:1137 idle  FTOL@
 0000:1137       F_FTOL@
 0000:02B6       F_LDIV@
 0000:02DD       F_LMOD@
 0000:02D5 idle  F_LUDIV@
 0000:02E5 idle  F_LUMOD@
 0000:135D       F_LXLSH@
 0000:12E6       F_LXMUL@
 0000:137E       F_LXRSH@
 0000:139E       F_LXURSH@
 0000:13BF       F_PADA@
 0000:1447       F_PADD@
 0000:12FD       F_PCMP@
 0000:1403       F_PSBA@
 0000:14A7       F_PSBP@
 0000:1476 idle  F_PSUB@
 0000:131E       F_SCOPY@
 0000:14D2       F_SPUSH@
 0000:02B6       LDIV@
 0000:02DD idle  LMOD@
 0000:02D5 idle  LUDIV@
 0000:02E5 idle  LUMOD@
 0000:135D idle  LXLSH@
 0000:12E6 idle  LXMUL@
 0000:137E idle  LXRSH@
 0000:139E idle  LXURSH@
 0000:02B3 idle  N_LDIV@
 0000:02DA idle  N_LMOD@
 0000:02D2 idle  N_LUDIV@
 0000:02E2 idle  N_LUMOD@
 0000:135A       N_LXLSH@
 0000:137B idle  N_LXRSH@
 0000:139B idle  N_LXURSH@
 0000:13BC idle  N_PADA@
 0000:1444       N_PADD@
 0000:1694       N_PCMP@
 0000:1400 idle  N_PSBA@
 0000:14A4       N_PSBP@
 0000:1473 idle  N_PSUB@
 0000:14CC idle  N_SPUSH@
 0000:13BF idle  PADA@
 0000:1447 idle  PADD@
 0000:12FD idle  PCMP@
 0000:1403 idle  PSBA@
 0000:14A7 idle  PSBP@
 0000:1476 idle  PSUB@
 0000:131E idle  SCOPY@
 0000:14D2 idle  SPUSH@
 0000:0297       _abort
 3B74:EE0F       _abortprogram
 3B74:55B8       _actorat
 3B74:9C41       _AdLibPresent
 3B74:2F93 idle  _afilename
 3B74:E8AE       _aftersort
 3B74:2F89 idle  _aheadname
 3B74:EAB0       _alBlock
 3B74:EAAC       _alLengthLeft
 3B74:EAB6       _alNoCheck
 1B44:0D35       _alOut
 3B74:EAB2       _alSound
 3B74:EAA8       _alTimeCount
 3B74:EA98       _alZeroInst
 3B74:D9C4       _angle
 3B74:A4E0       _anglefrac
 3B74:52DA       _areabyplayer
 3515:0000       _areaconnect
 1079:006C       _AsmRefresh
 0000:05E9       _atan
 0000:107C       _atan2
 0000:1163 idle  _atexit
 0000:3285 idle  _atoi
 0000:3215       _atol
 3B74:192C idle  _attackinfo
 3B74:E01B       _audiohandle
 3B74:E021       _audiohuffman
 3B74:2F4A       _audioname
 3B74:A052       _audiosegs
 3B74:E819       _audiostarts
 14D6:075D       _A_DeathScream
 14D6:12D0 idle  _A_HitlerMorph
 14D6:1362 idle  _A_MechaSound
 14D6:1394 idle  _A_Slurpie
 14D6:0009 idle  _A_Smoke
 14D6:208E idle  _A_StartDeathCam
 3B74:9954       _backcolor
 062D:068C idle  _BackPage
 10BF:000A idle  _BadScale
 3B74:4C52       _basedist
 0000:3292       _bdos
 3B74:E8B2       _beforesort
 0000:1F4C       _bioskey
 0B05:0606 idle  _BJ_Breathe
 3B74:9955       _blockstarts
 3B74:E894       _bombonerror
 3B74:A41A       _bonuscount
 3B74:EE13       _bordercolor
 06CD:02A2 idle  _BossKey
 0000:1FC4 idle  _brk
 3B74:E826       _btnstate
 3B74:EFA9       _bufferheight
 3B74:52D2       _bufferofs
 3B74:E824       _bufferseg
 3B74:EFAB       _bufferwidth
 10BF:01E0 idle  _BuildCompScale
 0491:0D31 idle  _BuildTables
 3B74:EE0D       _Button0
 3B74:EE0B       _Button1
 3B74:A4FC       _buttonheld
 3B74:1290       _buttonjoy
 3B74:1288       _buttonmouse
 3B74:1278       _buttonscan
 3B74:A4E8       _buttonstate
 062D:06B6 idle  _CacheLayoutGraphics
 06CD:320E       _CacheLump
 0F7A:02FA idle  _CalcHeight
 0491:0E89 idle  _CalcProjection
 0F7A:0A96 idle  _CalcRotate
 0F7A:0DC7       _CalcTics
 06CD:1716 idle  _CalibrateJoystick
 1710:0494 idle  _CAL_CarmackExpand
 1710:0E6A idle  _CAL_ExpandGrChunk
 1710:008C idle  _CAL_GetGrChunkLength
 1710:0327 idle  _CAL_HuffExpand
 1710:02CF idle  _CAL_OptimizeNodes
 1710:0BB8 idle  _CAL_SetupAudioFile
 1710:07BB idle  _CAL_SetupGrFile
 1710:09F0 idle  _CAL_SetupMapFile
 1710:0D36       _CA_CacheAudioChunk
 1710:0F41       _CA_CacheGrChunk
 1710:117D       _CA_CacheMap
 1710:13EC       _CA_CacheMarks
 1710:1088       _CA_CacheScreen
 1710:16F8 idle  _CA_CannotOpen
 1710:136A idle  _CA_ClearAllMarks
 1710:1349 idle  _CA_ClearMarks
 1710:007B idle  _CA_CloseDebug
 1710:1322       _CA_DownLevel
 1710:00EC       _CA_FarRead
 1710:0138       _CA_FarWrite
 3B74:9EE7       _ca_levelbit
 3B74:E821       _ca_levelnum
 1710:0DE5       _CA_LoadAllSounds
 1710:024E idle  _CA_LoadFile
 1710:0057 idle  _CA_OpenDebug
 1710:0184 idle  _CA_ReadFile
 1710:05B2 idle  _CA_RLEWCompress
 1710:06FF idle  _CA_RLEWexpand
 1710:13BE       _CA_SetAllPurge
 1710:1390 idle  _CA_SetGrPurge
 1710:0D0D       _CA_Shutdown
 1710:0CEC       _CA_Startup
 1710:12DD       _CA_UpLevel
 1710:01F6       _CA_WriteFile
 0DA6:0607       _CenterWindow
 3B74:9894       _centerx
 06CD:41C4       _CheckForEpisodes
 0B05:13B9       _CheckHighScore
 0490:0006       _CheckIs386
 0DA6:0635 idle  _CheckKeys
 114A:10C0       _CheckLine
 06CD:4100 idle  _CheckPause
 14D6:1FEF idle  _CheckPosition
 114A:1371 idle  _CheckSight
 12D5:000C idle  _CheckWeaponChange
 3B74:E017       _chunkcomplen
 3B74:E013       _chunkexplen
 3B74:D864       _ChunksInFile
 06CD:342D idle  _CleanupControlPanel
 0C63:017B       _ClearMemory
 06CD:31F1       _ClearMScreen
 0DA6:0D28 idle  _ClearPaletteShifts
 0B05:000A       _ClearSplitVWB
 12D5:09C9 idle  _ClipMove
 0000:32BD       _close
 1402:037A idle  _CloseDoor
 0000:1FE0       _clrscr
 12D5:0BE8 idle  _Cmd_Fire
 12D5:0C3A idle  _Cmd_Use
 3B74:0418 idle  _color_hlite
 3B74:0420 idle  _color_norml
 3B74:D844       _compatability
 3B74:00EE       _configname
 06CD:3DA4 idle  _Confirm
 1402:01C0 idle  _ConnectAreas
 12D5:0040 idle  _ControlMovement
 3B74:E842       _Controls
 3B74:A4FA       _controlx
 3B74:A4F8       _controly
 0000:2009       _coreleft
 3B74:1694       _costable
 0EC1:00C5 idle  _CountObjects
 06CD:2D20 idle  _CP_ChangeView
 06CD:02EF idle  _CP_CheckQuick
 06CD:1973 idle  _CP_Control
 06CD:0861 idle  _CP_EndGame
 06CD:108D idle  _CP_LoadGame
 06CD:092B idle  _CP_NewGame
 06CD:2F3D idle  _CP_Quit
 06CD:13B3 idle  _CP_SaveGame
 06CD:0C20 idle  _CP_Sound
 06CD:08BD       _CP_ViewScores
 0000:331C       _creat
 3B74:03F0 idle  _CtlItems
 24EF:0000 idle  _CtlMenu
 3B74:EE09       _CursorBad
 3B74:EE07       _CursorX
 3B74:EE05       _CursorY
 3B74:03FA idle  _CusItems
 2542:0000 idle  _CusMenu
 06CD:1FFE idle  _CustomControls
 114A:0FBD       _DamageActor
 3B74:A41C       _damagecount
 3B74:E81D       _debughandle
 0EC1:07B7       _DebugKeys
 0EC1:0000 idle  _DebugMemory
 3B74:A4DC       _DebugOk
 06CD:20F4 idle  _DefineJoyBtns
 06CD:213A idle  _DefineKeyBtns
 06CD:2180 idle  _DefineKeyMove
 06CD:20AF idle  _DefineMouseBtns
 3B74:E840       _DemoBuffer
 3B74:A2AA       _demobuffer
 0491:1770 idle  _DemoLoop
 3B74:305E idle  _DemoMode
 3B74:1204       _demoname
 3B74:E83E       _DemoOffset
 3B74:A2B4       _demoplayback
 3B74:A2B0       _demoptr
 3B74:A2B6       _demorecord
 3B74:E83C       _DemoSize
 3B74:181E idle  _diagonal
 0C63:0FEB idle  _Died
 3B74:ECD3       _DigiLastEnd
 3B74:ECD5       _DigiLastStart
 3B74:ECD9       _DigiLeft
 3B74:D848       _DigiList
 3B74:9B89       _DigiMap
 3B74:9C39       _DigiMode
 3B74:ECED       _DigiNumber
 3B74:ECD7       _DigiPage
 3B74:ED05       _DigiPlaying
 3B74:ECE9       _DigiPriority
 3B74:00DC       _dirangle
 3B74:46E1       _directvideo
 3B74:1270       _dirscan
 3B74:1B38 idle  _dirtable
 0491:041B idle  _DiskFlopAnim
 3B74:9D4C       _displayofs
 0DA6:0E7A idle  _DoActor
 0491:044A idle  _DoChecksum
 0491:11A6 idle  _DoJukebox
 1402:07E2 idle  _DoorClosing
 3B74:D85A       _doornum
 3B74:86B8       _doorobjlist
 1402:0652 idle  _DoorOpen
 1402:0680 idle  _DoorOpening
 3B74:5326       _doorposition
 0C63:0A1F       _DrawAllPlayBorder
 0C63:09ED       _DrawAllPlayBorderSides
 12D5:054E       _DrawAmmo
 06CD:2EAF idle  _DrawChangeView
 06CD:1E0F idle  _DrawCtlScreen
 06CD:2BF2 idle  _DrawCustJoy
 06CD:2C86 idle  _DrawCustKeybd
 06CD:2CEE idle  _DrawCustKeys
 06CD:2B4B idle  _DrawCustMouse
 06CD:27F3 idle  _DrawCustomScreen
 12D5:020A       _DrawFace
 06CD:3A11 idle  _DrawGun
 06CD:39CD idle  _DrawHalfStep
 12D5:034A       _DrawHealth
 0B05:11BE       _DrawHighScores
 12D5:04BE       _DrawKeys
 12D5:03E9       _DrawLevel
 12D5:0408       _DrawLives
 06CD:1259 idle  _DrawLoadSaveScreen
 06CD:0FF6 idle  _DrawLSAction
 06CD:01E5 idle  _DrawMainMenu
 06CD:3B0D       _DrawMenu
 06CD:4142 idle  _DrawMenuGun
 06CD:1A8E idle  _DrawMouseSens
 06CD:0A9C idle  _DrawNewEpisode
 06CD:0B62 idle  _DrawNewGame
 06CD:0C04 idle  _DrawNewGameDiff
 06CD:32A6 idle  _DrawOutline
 044F:027F idle  _DrawPlanes
 0C63:0A52       _DrawPlayBorder
 0C63:0958 idle  _DrawPlayBorderSides
 0F7A:0D27 idle  _DrawPlayerWeapon
 0C63:0B2A       _DrawPlayScreen
 0F7A:0B13 idle  _DrawScaleds
 12D5:0446       _DrawScore
 06CD:0DD1 idle  _DrawSoundMenu
 044F:0032 idle  _DrawSpans
 06CD:4179       _DrawStripes
 12D5:04A3       _DrawWeapon
 06CD:326C       _DrawWindow
 114A:0C22 idle  _DropItem
 3B74:A420       _dummyobj
 3B74:0E74 idle  _ElevatorBackTo
 3B74:322A idle  _EMMDriverName
 3B74:E8F0       _EMSAvail
 3B74:E8EE       _EMSHandle
 3B74:E8D2       _EMSList
 3B74:E8EC       _EMSPageFrame
 3B74:A292       _EMSPagesAvail
 3B74:E8C0       _EMSPagesUsed
 3B74:E8EA       _EMSPhysicalPage
 3B74:A296       _EMSPresent
 3B74:0330 idle  _endextern
 3B74:0341       _endfilename
 248A:0000 idle  _endStrings
 062D:0953       _EndText
 06CD:21C6 idle  _EnterCtrlData
 3B74:4732       _environ
 3B74:0428 idle  _EpisodeSelect
 06CD:394F idle  _EraseGun
 3B74:00C3       _errno
 0000:12AB       _exit
 3B74:A04D       _extension
 3B74:A50C       _extravbls
 3B74:A4DE       _facecount
 0000:273A       _farcoreleft
 0000:2319       _farfree
 3B74:E8A8       _farheap
 0000:2423       _farmalloc
 3B74:8638       _farmapylookup
 0000:2580 idle  _farrealloc
 0F7A:040A       _FarScalePost
 3B74:D866       _farthest
 3B74:EE11       _fastpalette
 0000:338E       _fclose
 0000:340F       _fflush
 0000:34F0       _filelength
 0000:3490       _findfirst
 0000:34C3       _findnext
 35DC:0000       _finetangent
 0C63:0C2D idle  _FinishDemoRecord
 0DA6:0E4C       _FinishPaletteShifts
 0491:1076 idle  _FinishSignon
 114A:147D idle  _FirstSighting
 0F7A:0008       _FixedByFrac
 044F:000A idle  _FixedMul
 0F7A:0E2A       _FixOfs
 06CD:2643 idle  _FixupCustom
 1E98:07E6       _FizzleFade
 3B74:A2C6       _fizzlein
 0000:3531       _flushall
 3B74:9898       _focallength
 3B74:D9CE       _focaltx
 3B74:D9CC       _focalty
 3B74:9D4B       _fontcolor
 3B74:9D49       _fontnumber
 0000:36EC       _fopen
 0000:370B       _fprintf
 0000:3BB4       _fputc
 0000:3CEA idle  _fputchar
 3B74:A4E4       _frameon
 0000:2A93       _free
 3B74:168A       _freelatch
 06CD:4095       _FreeMusic
 0000:377E       _fseek
 0000:37E6 idle  _ftell
 3B74:D9DA       _fullscalefarcall
 3B74:A414       _funnyticount
 0C63:1225       _GameLoop
 3B74:3D88       _gamepal
 3B74:ED09       _Games
 3B74:95C0       _gamestate
 3B74:2F6B idle  _gdictname
 12D5:05B6       _GetBonus
 0000:38AD       _getenv
 0DA6:0A4E       _GetNewActor
 0000:27D3       _gettext
 0000:133A       _getvect
 3B74:2F61 idle  _gfilename
 3B74:2F57 idle  _gheadname
 12D5:056C idle  _GiveAmmo
 12D5:0426 idle  _GiveExtraMan
 12D5:05A1 idle  _GiveKey
 12D5:0466       _GivePoints
 12D5:0523       _GiveWeapon
 3B74:A2A6       _globalsoundx
 3B74:A2A2       _globalsoundy
 3B74:A510       _godmode
 3B74:E009       _gotgatgun
 0000:278A       _gotoxy
 1710:0007 idle  _GRFILEPOS
 3B74:E01F       _grhandle
 3B74:E41D       _grhuffman
 36BD:0000       _grneeded
 3B74:9D4E       _grsegs
 3B74:E81B       _grstarts
 12D5:0ECC idle  _GunAttack
 3B74:ECFF       _HackCount
 3B74:00DA idle  _halfheight
 062D:00F7 idle  _HandleCommand
 062D:03B9 idle  _HandleCtrls
 06CD:3447       _HandleMenu
 062D:03DB idle  _HandleWord
 0000:287B       _harderr
 0000:288D idle  _hardresume
 0000:289B idle  _hardretn
 12D5:03C2       _HealSelf
 3B74:9604       _heightnumerator
 3B74:0332 idle  _helpextern
 3B74:0334 idle  _helpfilename
 062D:08C5 idle  _HelpScreens
 0F7A:0655       _HitHorizDoor
 0F7A:0866       _HitHorizPWall
 0F7A:0532       _HitHorizWall
 0F7A:075C       _HitVertDoor
 0F7A:0947       _HitVertPWall
 0F7A:0412       _HitVertWall
 3B74:5428       _horizwall
 3B74:A048       _ingame
 0DA6:0A07       _InitActorList
 1402:01F9       _InitAreas
 0491:1185 idle  _InitDigiMap
 1402:0221       _InitDoorList
 0491:13C2 idle  _InitGame
 0DA6:0BB6       _InitRedShifts
 1402:0008       _InitStaticList
 1885:01E8       _INL_GetJoyDelta
 3B74:DDF5       _insetupscaling
 06CD:2FCF       _IntroScreen
 1885:0B0A       _IN_Ack
 1885:0AB0       _IN_CheckAck
 1885:06D3       _IN_ClearKeysDown
 1885:0655 idle  _IN_Default
 1885:014D       _IN_GetJoyAbs
 1885:0356 idle  _IN_GetJoyButtonsDB
 06CD:40B8 idle  _IN_GetScanName
 1885:0B77       _IN_JoyButtons
 1885:0B60       _IN_MouseButtons
 1885:06F2       _IN_ReadControl
 1885:0A14 idle  _IN_SetControlType
 1885:06C1 idle  _IN_SetKeyHook
 1885:04C7       _IN_SetupJoy
 1885:0695       _IN_Shutdown
 1885:0A60       _IN_StartAck
 1885:05B4       _IN_Startup
 1885:0B1B       _IN_UserInput
 1885:0A43       _IN_WaitForASCII
 1885:0A25 idle  _IN_WaitForKey
 0000:29CF       _ioctl
 3B74:989C       _IsA386
 0000:153E       _isatty
 0000:390C       _itoa
 0490:000A       _jabhack2
 3B74:00FC idle  _JHParmStrings
 3B74:E84A       _JoyDefs
 3B74:54AE       _joypadenabled
 3B74:E83A       _JoyPadPresent
 3B74:9C43       _JoysPresent
 3B74:54B0       _joystickenabled
 3B74:54AA       _joystickport
 3B74:54AC       _joystickprogressive
 3B74:3054 idle  _KbdDefs
 3B74:9C49       _Keyboard
 114A:0CBD idle  _KillActor
 3B74:A2B8       _killerobj
 12D5:0E33 idle  _KnifeAttack
 3B74:A04A       _LastASCII
 3B74:E007       _LastAttacker
 3B74:A2AC       _lastdemoptr
 3B74:E00F       _lastdoorobj
 3B74:D9D2       _lastintercept
 3B74:B516       _lastobj
 3B74:9EE0       _LastScan
 3B74:D9D6       _lastside
 3B74:8938       _laststatobj
 3B74:D9D0       _lasttilehit
 3B74:9EEA       _lasttimecount
 1E98:0668       _LatchDrawPic
 12D5:02BB idle  _LatchNumber
 3B74:A2D0       _latchpics
 3B74:9E8C       _layoutdone
 3B74:A2A0       _leftchannel
 3B74:9EBA       _leftmargin
 3B74:3CCE idle  _leftmasks
 3B74:ECE7       _LeftPosition
 3B74:1042 idle  _lefttable
 0B05:0667       _LevelCompleted
 3B74:9904       _LevelRatios
 3B74:DDE9       _linecmds
 3B74:DDE5       _linescale
 3B74:EFA5       _linewidth
 3B74:9B83       _loadedgame
 1E98:06C5       _LoadLatchMem
 0491:08D5       _LoadTheGame
 3B74:ECDD       _LocalTime
 0000:15E9       _lseek
 3B74:03E6 idle  _LSItems
 2527:0000 idle  _LSMenu
 0000:394E       _ltoa
 3B74:D842       _madenoise
 0491:19AD       _main
 3B74:03D2       _MainItems
 3B74:E9BC       _MainMemPages
 3B74:E8F4       _MainMemUsed
 24B7:0000       _MainMenu
 3B74:E8F2       _MainPagesAvail
 3B74:E8BE       _MainPagesUsed
 3B74:EA84       _MainPresent
 0000:2B62       _malloc
 3B74:E01D       _maphandle
 3B74:A398       _mapheaderseg
 3B74:A2CA       _mapheight
 3B74:171A       _mapmasks1
 3B74:173A       _mapmasks2
 3B74:175A       _mapmasks3
 3B74:A29C       _mapon
 3B74:D850       _maporgx
 3B74:D84E       _maporgy
 0489:000A       _MapRow
 3B74:A410       _mapsegs
 3B74:A2CC       _mapwidth
 3B74:A45C       _mapwidthtable
 3B74:DDE2       _mask1
 3B74:DDE1       _mask2
 3B74:DDE0       _mask3
 3B74:DDE3       _maskword
 0000:0F29       _matherr
 3B74:DDF7       _maxscale
 3B74:D9D8       _maxscaleshl2
 3B74:9608       _maxslope
 3B74:05F2 idle  _mbarray
 0000:3973       _memcpy
 06CD:3ECF       _Message
 3B74:2F7F idle  _mfilename
 3B74:2F75 idle  _mheadname
 3B74:D9C6       _midangle
 3B74:1690 idle  _mindist
 3B74:9602       _minheightdiv
 3B74:49FA       _mirrorofs
 3907:0000       _mmblocks
 3B74:A29A       _mmerror
 3B74:E89E       _mmfree
 3B74:E8A2       _mmhead
 3B74:9E78       _mminfo
 193D:000D idle  _MML_CheckForXMS
 193D:024E idle  _MML_ClearBlock
 193D:0028 idle  _MML_SetupXMS
 193D:0097 idle  _MML_ShutdownXMS
 193D:00C8       _MML_UseSpace
 3B74:E896       _mmnew
 3B74:E89A       _mmrover
 3B74:E8AC       _mmstarted
 193D:0E89       _MM_BombOnError
 193D:0C73 idle  _MM_DumpData
 193D:078C       _MM_FreePtr
 193D:04CF       _MM_GetPtr
 193D:08D4       _MM_SetLock
 193D:0853       _MM_SetPurge
 193D:0B16 idle  _MM_ShowMemory
 193D:04A7       _MM_Shutdown
 193D:095A       _MM_SortMem
 193D:02B4       _MM_Startup
 193D:0E0B       _MM_TotalFree
 193D:0DA4       _MM_UnusedMemory
 3B74:988C       _mouseadjustment
 3B74:E836       _MouseDownCount
 3B74:54B2       _mouseenabled
 3B74:9C47       _MousePresent
 06CD:1BCD idle  _MouseSensitivity
 0000:3992       _movedata
 1402:091E       _MoveDoors
 114A:09DA       _MoveObj
 3B74:0622 idle  _moveorder
 1402:0B25       _MovePWalls
 0000:29F6       _movetext
 3B74:49EE       _mr_count
 3B74:49E4       _mr_dest
 3B74:49F0       _mr_rowofs
 3B74:49E8       _mr_xfrac
 3B74:49EC       _mr_xstep
 3B74:49E6       _mr_yfrac
 3B74:49EA       _mr_ystep
 0491:111B       _MS_CheckParm
 3B74:01C4 idle  _MusicItems
 245A:0000 idle  _MusicMenu
 3B74:9C37       _MusicMode
 3B74:E8A6       _nearheap
 3B74:85B8       _nearmapylookup
 3B74:ED01       _NeedsDigitized
 3B74:ED07       _NeedsMusic
 3B74:95BC       _new
 3B74:0404 idle  _NewEitems
 24FF:0000 idle  _NewEmenu
 0491:03CA       _NewGame
 3B74:040E idle  _NewItems
 062D:035E idle  _NewLine
 251C:0000 idle  _NewMenu
 114A:00BC       _NewState
 0491:1642       _NewViewSize
 3B74:ECF9       _nextsoundpos
 3B74:A50E       _noclip
 0B05:150F idle  _NonShareware
 3B74:989E       _nospr
 3B74:01FC idle  _nosprtxt
 3B74:9B81       _NoWait
 3B74:D84A       _NumDigi
 3B74:9ED8       _numpages
 3B74:E88E       _numUMBs
 3B74:B518       _obj
 3B74:A41E       _objcount
 3B74:B514       _objfreelist
 3B74:B51A       _objlist
 3B74:E011       _oldsoundmode
 0000:39DF       _open
 1402:0351       _OpenDoor
 1402:05DD       _OperateDoor
 3B74:180C idle  _opposite
 3B74:05FE idle  _order
 3B74:3220 idle  _PageFile
 3B74:3212       _PageFileName
 062D:048C idle  _PageLayout
 3B74:9EDA       _pagenum
 3B44:0000       _palette1
 3B14:0000       _palette2
 3B74:A418       _palshifted
 062D:001D idle  _ParseNumber
 062D:0071 idle  _ParsePicCommand
 062D:008F idle  _ParseTimedCommand
 0491:036B idle  _Patch386
 3B74:A04B       _Paused
 3B74:ECBE       _pcLastSample
 3B74:ECB6       _pcLengthLeft
 3B74:49F2       _pcos
 3B74:ECBA       _pcSound
 3B74:EAB8       _pcSoundLookup
 3B74:EFA7       _pelpan
 0B05:0444       _PG13
 3B74:9E8E       _picdelay
 3B74:9EE8       _pickquick
 3B74:9E90       _picnum
 3B74:9EE5       _pictable
 0EC1:01C1       _PicturePause
 3B74:9E94       _picx
 3B74:9E92       _picy
 3B74:960C       _pixelangle
 3B74:3CCA idle  _pixmasks
 3B74:D9B0       _pixx
 1402:00E2       _PlaceItemType
 2249:0000       _planepics
 3B74:4AC2       _planeylookup
 0C63:0E6E       _PlayDemo
 3B74:95BA       _player
 3B74:E003       _playerxmove
 3B74:DFFF       _playerymove
 0DA6:1017       _PlayLoop
 0C63:00F7       _PlaySoundLocGlobal
 3B74:95BE       _playstate
 3B74:DFFD       _plux
 3B74:DFFB       _pluy
 3B74:E8B8       _PMFrameCount
 1A26:06F3 idle  _PML_ClosePageFile
 1A26:0AF7 idle  _PML_GetAPageBuffer
 1A26:072D idle  _PML_GetEMSAddress
 1A26:0C04 idle  _PML_GetPageFromXMS
 1A26:0862 idle  _PML_GiveLRUPage
 1A26:0903 idle  _PML_GiveLRUXMSPage
 1A26:0C88 idle  _PML_LoadPage
 1A26:0004 idle  _PML_MapEMS
 1A26:050C idle  _PML_OpenPageFile
 1A26:0975 idle  _PML_PutPageInXMS
 1A26:048C idle  _PML_ReadFromFile
 1A26:015C idle  _PML_ShutdownEMS
 1A26:0465 idle  _PML_ShutdownMainMem
 1A26:02A0 idle  _PML_ShutdownXMS
 1A26:0027 idle  _PML_StartupEMS
 1A26:03E8 idle  _PML_StartupMainMem
 1A26:0180 idle  _PML_StartupXMS
 1A26:0A24 idle  _PML_TransferPageSpace
 1A26:01F3 idle  _PML_XMSCopy
 3B74:E8BC       _PMNumBlocks
 3B74:D85C       _PMPages
 3B74:E8C6       _PMPanicMode
 3B74:E8B6       _PMSegPages
 3B74:D860       _PMSoundStart
 3B74:D862       _PMSpriteStart
 3B74:E8C8       _PMStarted
 3B74:E8C4       _PMThrashing
 1A26:02EF       _PM_CheckMainMem
 1A26:0CDA       _PM_GetPage
 1A26:0809       _PM_GetPageAddress
 1A26:1032       _PM_NextFrame
 1A26:0DCC       _PM_Preload
 1A26:10AC idle  _PM_Reset
 1A26:02C6       _PM_SetMainMemPurge
 1A26:0D9C       _PM_SetPageLock
 1A26:11CB       _PM_Shutdown
 1A26:111A       _PM_Startup
 0DA6:03CF idle  _PollControls
 0DA6:0074 idle  _PollJoystickButtons
 0DA6:024F idle  _PollJoystickMove
 0DA6:0009 idle  _PollKeyboardButtons
 0DA6:0105 idle  _PollKeyboardMove
 0DA6:0030 idle  _PollMouseButtons
 0DA6:0211 idle  _PollMouseMove
 3B74:D856       _postsource
 3B74:D852       _postwidth
 3B74:D854       _postx
 0000:0F1E       _pow10
 0B05:110B       _PreloadGraphics
 0B05:106A idle  _PreloadUpdate
 06CD:2BA8 idle  _PrintCustJoy
 06CD:2C4F idle  _PrintCustKeybd
 06CD:2CB8 idle  _PrintCustKeys
 06CD:2B01 idle  _PrintCustMouse
 0000:3B84       _printf
 06CD:1323 idle  _PrintLSEntry
 3B74:A046       _PrintX
 3B74:9B7F       _PrintY
 3B74:E81F       _profilehandle
 14D6:0057 idle  _ProjectileTryMove
 3B74:49F6       _psin
 1402:0971       _PushWall
 0000:3EA4       _puts
 0000:2827       _puttext
 3B74:52D4       _pwalldir
 3B74:53A6       _pwallpos
 3B74:5324       _pwallstate
 3B74:52D8       _pwallx
 3B74:52D6       _pwally
 3B74:9EE3       _px
 3B74:9EE1       _py
 0491:168A       _Quit
 3B74:0102 idle  _radtoint
 0000:3FBD       _read
 06CD:3C42 idle  _ReadAnyControl
 0491:000D idle  _ReadConfig
 0000:2CBB idle  _realloc
 0C63:0D12       _RecordDemo
 1402:0172 idle  _RecursiveConnect
 37E7:0000       _redshifts
 0DA6:0AB0 idle  _RemoveObj
 3B74:A29E       _rightchannel
 3B74:9E9C       _rightmargin
 3B74:3CD2 idle  _rightmasks
 3B74:ECE5       _RightPosition
 3B74:0E80 idle  _righttable
 062D:000A idle  _RipToEOL
 2449:0002 idle  _rndtable
 3B74:9E96       _rowon
 3B74:A4E2       _running
 3B74:9EEE       _SaveGameNames
 3B74:A030       _SaveGamesAvail
 3B74:0436 idle  _SaveName
 0491:0497       _SaveTheGame
 3B74:ED03       _SBProPresent
 0000:1FD0 idle  _sbrk
 3B74:52CA       _scale
 3B74:DDF9       _scaledirectory
 10BF:0335 idle  _ScaleLine
 0F7A:0393 idle  _ScalePost
 10BF:0483       _ScaleShape
 0C63:0196 idle  _ScanInfoPlane
 3B74:3A1A       _Scores
 3B74:D846       _screenfaded
 3B74:1684       _screenloc
 3B74:9896       _screenofs
 3B74:3CC4       _screenseg
 1B44:0B84       _SDL_DigitizedDone
 1CD6:000E       _SDL_IndicatePC
 1B44:08CB idle  _SDL_LoadDigiSegment
 1B44:0900 idle  _SDL_PlayDigiSegment
 1B44:050D idle  _SDL_SBSetDMA
 1CD6:0006       _SDL_SetDS
 1B44:0C52 idle  _SDL_SetupDigi
 1CD6:001A       _SDL_t0ExtremeAsmService
 1CD6:00B4       _SDL_t0FastAsmService
 1CD6:0316       _SDL_t0SlowAsmService
 1B44:1521 idle  _SD_Default
 1B44:18FA idle  _SD_FadeOutMusic
 1B44:185B       _SD_MusicOff
 1B44:1850       _SD_MusicOn
 1B44:190B idle  _SD_MusicPlaying
 1B44:0AC0 idle  _SD_PlayDigitized
 1B44:1614       _SD_PlaySound
 1B44:09EC       _SD_Poll
 1B44:15FD       _SD_PositionSound
 1B44:0BEE       _SD_SetDigiDevice
 1B44:1180       _SD_SetMusicMode
 1B44:0A78       _SD_SetPosition
 1B44:10F0       _SD_SetSoundMode
 1B44:15EB idle  _SD_SetUserHook
 1B44:1590       _SD_Shutdown
 1B44:17C5       _SD_SoundPlaying
 1B44:18A8       _SD_StartMusic
 1B44:11D2       _SD_Startup
 1B44:094A       _SD_StopDigitized
 1B44:180C       _SD_StopSound
 1B44:1843       _SD_WaitSoundDone
 114A:07B6       _SelectChaseDir
 114A:0686       _SelectDodgeDir
 14D6:1A4B idle  _SelectPathDir
 114A:0910       _SelectRunDir
 0000:3170       _setblock
 044F:0176 idle  _SetPlaneViewSize
 0C63:0004 idle  _SetSoundLoc
 06CD:3BDB idle  _SetTextColor
 06CD:330B idle  _SetupControlPanel
 0C63:06A2       _SetupGameLevel
 10BF:001B       _SetupScaling
 0491:0FC1 idle  _SetupWalls
 0000:3FC0       _setvbuf
 0000:1349       _setvect
 0491:156F       _SetViewSize
 0EC1:02EA idle  _ShapeTest
 3B74:9892       _shootdelta
 06CD:41B3 idle  _ShootSnd
 062D:07A2 idle  _ShowArticle
 0491:15F7       _ShowViewSize
 0491:0D09       _ShutdownId
 114A:1790       _SightPlayer
 2575:0000       _signon
 0491:0FE8 idle  _SignonScreen
 10BF:079C       _SimpleScaleShape
 0000:0F4F       _sin
 3B74:A512       _singlestep
 356B:0000       _sintable
 3B74:DDED       _slinewidth
 3B74:DDEF       _slinex
 3B74:03DC idle  _SndItems
 24CF:0000 idle  _SndMenu
 3B74:1298 idle  _songs
 3B74:9C3D       _SoundBlasterPresent
 3B74:9C3B       _SoundMode
 3B74:ECEF       _SoundNumber
 3B74:A2CE       _SoundPositioned
 3B74:ECEB       _SoundPriority
 3B74:9C3F       _SoundSourcePresent
 3B74:0434 idle  _SoundStatus
 3B74:ECFD       _SoundTable
 3B74:4F72       _spanstart
 14D6:1EA6       _SpawnBJVictory
 14D6:04FC       _SpawnBoss
 14D6:04DC       _SpawnDeadGuard
 1402:0259       _SpawnDoor
 14D6:1200       _SpawnFakeHitler
 14D6:0AA6       _SpawnFat
 14D6:094C       _SpawnGhosts
 14D6:0A3E       _SpawnGift
 14D6:054F       _SpawnGretel
 14D6:1268       _SpawnHitler
 114A:000D       _SpawnNewObj
 14D6:05A2       _SpawnPatrol
 12D5:0D93       _SpawnPlayer
 14D6:09D6       _SpawnSchabbs
 14D6:0329       _SpawnStand
 1402:0013       _SpawnStatic
 3B74:A2BC       _spearangle
 3B74:A2BA       _spearflag
 3B74:A2C2       _spearx
 3B74:A2BE       _speary
 3B74:A514       _spotvis
 0000:40C0       _sprintf
 3B74:EA96       _sqActive
 3B74:EA92       _sqHack
 3B74:EA8C       _sqHackLen
 3B74:EA8E       _sqHackPtr
 3B74:EA8A       _sqHackSeqLen
 3B74:EA86       _sqHackTime
 3B74:ECCF       _ssActive
 3B74:ECCD       _ssControl
 3B74:ECC9       _ssData
 3B74:ECFB       _ssIsTandy
 3B74:ECBF       _ssLengthLeft
 3B74:ECD1       _ssNoCheck
 3B74:ECC7       _ssOff
 3B74:ECC8       _ssOn
 3B74:36A0 idle  _ssPort
 3B74:ECC3       _ssSample
 3B74:ECCB       _ssStatus
 0DA6:0D35       _StartBonusFlash
 06CD:4008       _StartCPMusic
 0DA6:0D40       _StartDamageFlash
 0C63:0BD6 idle  _StartDemoRecord
 3B74:A02E       _StartGame
 3B74:9890       _startgame
 3B74:1B4A idle  _starthitpoints
 0DA6:0B3A       _StartMusic
 3B74:1A1E idle  _statinfo
 3B74:893A       _statobjlist
 12D5:01B1 idle  _StatusDrawPic
 3B74:DDF1       _stepbytwo
 3B74:4DE2       _stepscale
 0DA6:0AFF       _StopMusic
 3B74:98B4       _str
 3B74:98A0       _str2
 3B74:1A0C idle  _strafeangle
 0000:40F9       _strcat
 0000:4132       _strlen
 0000:4176       _strtol
 3B74:191C idle  _s_attack
 3B74:2EB4 idle  _s_bjjump1
 3B74:2EC4 idle  _s_bjjump2
 3B74:2ED4 idle  _s_bjjump3
 3B74:2EE4 idle  _s_bjjump4
 3B74:2E54 idle  _s_bjrun1
 3B74:2E64 idle  _s_bjrun1s
 3B74:2E74 idle  _s_bjrun2
 3B74:2E84 idle  _s_bjrun3
 3B74:2E94 idle  _s_bjrun3s
 3B74:2EA4 idle  _s_bjrun4
 3B74:1DDA       _s_blinkychase1
 3B74:1DEA idle  _s_blinkychase2
 3B74:1C4A idle  _s_boom1
 3B74:1C5A idle  _s_boom2
 3B74:1C6A idle  _s_boom3
 3B74:246A       _s_bosschase1
 3B74:247A idle  _s_bosschase1s
 3B74:248A idle  _s_bosschase2
 3B74:249A idle  _s_bosschase3
 3B74:24AA idle  _s_bosschase3s
 3B74:24BA idle  _s_bosschase4
 3B74:24CA       _s_bossdie1
 3B74:24DA idle  _s_bossdie2
 3B74:24EA idle  _s_bossdie3
 3B74:24FA idle  _s_bossdie4
 3B74:250A idle  _s_bossshoot1
 3B74:251A idle  _s_bossshoot2
 3B74:252A idle  _s_bossshoot3
 3B74:253A idle  _s_bossshoot4
 3B74:254A idle  _s_bossshoot5
 3B74:255A idle  _s_bossshoot6
 3B74:256A idle  _s_bossshoot7
 3B74:257A idle  _s_bossshoot8
 3B74:245A idle  _s_bossstand
 3B74:1E3A idle  _s_clydechase1
 3B74:1E4A idle  _s_clydechase2
 3B74:2EF4       _s_deathcam
 3B74:1F0A       _s_dogchase1
 3B74:1F1A idle  _s_dogchase1s
 3B74:1F2A idle  _s_dogchase2
 3B74:1F3A idle  _s_dogchase3
 3B74:1F4A idle  _s_dogchase3s
 3B74:1F5A idle  _s_dogchase4
 3B74:1F9A idle  _s_dogdead
 3B74:1F6A       _s_dogdie1
 3B74:1F7A idle  _s_dogdie2
 3B74:1F8A idle  _s_dogdie3
 3B74:1EBA idle  _s_dogjump1
 3B74:1ECA idle  _s_dogjump2
 3B74:1EDA idle  _s_dogjump3
 3B74:1EEA idle  _s_dogjump4
 3B74:1EFA idle  _s_dogjump5
 3B74:1E5A idle  _s_dogpath1
 3B74:1E6A idle  _s_dogpath1s
 3B74:1E7A idle  _s_dogpath2
 3B74:1E8A idle  _s_dogpath3
 3B74:1E9A idle  _s_dogpath3s
 3B74:1EAA idle  _s_dogpath4
 3B74:2A5C       _s_fakechase1
 3B74:2A6C idle  _s_fakechase1s
 3B74:2A7C idle  _s_fakechase2
 3B74:2A8C idle  _s_fakechase3
 3B74:2A9C idle  _s_fakechase3s
 3B74:2AAC idle  _s_fakechase4
 3B74:2ABC       _s_fakedie1
 3B74:2ACC idle  _s_fakedie2
 3B74:2ADC idle  _s_fakedie3
 3B74:2AEC idle  _s_fakedie4
 3B74:2AFC idle  _s_fakedie5
 3B74:2B0C idle  _s_fakedie6
 3B74:2B1C idle  _s_fakeshoot1
 3B74:2B2C idle  _s_fakeshoot2
 3B74:2B3C idle  _s_fakeshoot3
 3B74:2B4C idle  _s_fakeshoot4
 3B74:2B5C idle  _s_fakeshoot5
 3B74:2B6C idle  _s_fakeshoot6
 3B74:2B7C idle  _s_fakeshoot7
 3B74:2B8C idle  _s_fakeshoot8
 3B74:2B9C idle  _s_fakeshoot9
 3B74:2A4C idle  _s_fakestand
 3B74:291C       _s_fatchase1
 3B74:292C idle  _s_fatchase1s
 3B74:293C idle  _s_fatchase2
 3B74:294C idle  _s_fatchase3
 3B74:295C idle  _s_fatchase3s
 3B74:296C idle  _s_fatchase4
 3B74:297C idle  _s_fatdeathcam
 3B74:298C       _s_fatdie1
 3B74:299C idle  _s_fatdie2
 3B74:29AC idle  _s_fatdie3
 3B74:29BC idle  _s_fatdie4
 3B74:29CC idle  _s_fatdie5
 3B74:29DC idle  _s_fatdie6
 3B74:29EC idle  _s_fatshoot1
 3B74:29FC idle  _s_fatshoot2
 3B74:2A0C idle  _s_fatshoot3
 3B74:2A1C idle  _s_fatshoot4
 3B74:2A2C idle  _s_fatshoot5
 3B74:2A3C idle  _s_fatshoot6
 3B74:290C idle  _s_fatstand
 3B74:2BAC idle  _s_fire1
 3B74:2BBC idle  _s_fire2
 3B74:281C       _s_giftchase1
 3B74:282C idle  _s_giftchase1s
 3B74:283C idle  _s_giftchase2
 3B74:284C idle  _s_giftchase3
 3B74:285C idle  _s_giftchase3s
 3B74:286C idle  _s_giftchase4
 3B74:287C idle  _s_giftdeathcam
 3B74:288C       _s_giftdie1
 3B74:289C idle  _s_giftdie2
 3B74:28AC idle  _s_giftdie3
 3B74:28BC idle  _s_giftdie4
 3B74:28CC idle  _s_giftdie5
 3B74:28DC idle  _s_giftdie6
 3B74:28EC idle  _s_giftshoot1
 3B74:28FC idle  _s_giftshoot2
 3B74:280C idle  _s_giftstand
 3B74:1D3A       _s_grdchase1
 3B74:1D4A idle  _s_grdchase1s
 3B74:1D5A idle  _s_grdchase2
 3B74:1D6A idle  _s_grdchase3
 3B74:1D7A idle  _s_grdchase3s
 3B74:1D8A idle  _s_grdchase4
 3B74:1D9A       _s_grddie1
 3B74:1DAA idle  _s_grddie2
 3B74:1DBA idle  _s_grddie3
 3B74:1DCA idle  _s_grddie4
 3B74:1CEA       _s_grdpain
 3B74:1CFA       _s_grdpain1
 3B74:1C8A idle  _s_grdpath1
 3B74:1C9A idle  _s_grdpath1s
 3B74:1CAA idle  _s_grdpath2
 3B74:1CBA idle  _s_grdpath3
 3B74:1CCA idle  _s_grdpath3s
 3B74:1CDA idle  _s_grdpath4
 3B74:1D0A idle  _s_grdshoot1
 3B74:1D1A idle  _s_grdshoot2
 3B74:1D2A idle  _s_grdshoot3
 3B74:1C7A idle  _s_grdstand
 3B74:259A       _s_gretelchase1
 3B74:25AA idle  _s_gretelchase1s
 3B74:25BA idle  _s_gretelchase2
 3B74:25CA idle  _s_gretelchase3
 3B74:25DA idle  _s_gretelchase3s
 3B74:25EA idle  _s_gretelchase4
 3B74:25FA       _s_greteldie1
 3B74:260A idle  _s_greteldie2
 3B74:261A idle  _s_greteldie3
 3B74:262A idle  _s_greteldie4
 3B74:263A idle  _s_gretelshoot1
 3B74:264A idle  _s_gretelshoot2
 3B74:265A idle  _s_gretelshoot3
 3B74:266A idle  _s_gretelshoot4
 3B74:267A idle  _s_gretelshoot5
 3B74:268A idle  _s_gretelshoot6
 3B74:269A idle  _s_gretelshoot7
 3B74:26AA idle  _s_gretelshoot8
 3B74:258A idle  _s_gretelstand
 3B74:2CDC       _s_hitlerchase1
 3B74:2CEC idle  _s_hitlerchase1s
 3B74:2CFC idle  _s_hitlerchase2
 3B74:2D0C idle  _s_hitlerchase3
 3B74:2D1C idle  _s_hitlerchase3s
 3B74:2D2C idle  _s_hitlerchase4
 3B74:2D3C idle  _s_hitlerdeathcam
 3B74:2D4C       _s_hitlerdie1
 3B74:2DDC idle  _s_hitlerdie10
 3B74:2D5C idle  _s_hitlerdie2
 3B74:2D6C idle  _s_hitlerdie3
 3B74:2D7C idle  _s_hitlerdie4
 3B74:2D8C idle  _s_hitlerdie5
 3B74:2D9C idle  _s_hitlerdie6
 3B74:2DAC idle  _s_hitlerdie7
 3B74:2DBC idle  _s_hitlerdie8
 3B74:2DCC idle  _s_hitlerdie9
 3B74:2DEC idle  _s_hitlershoot1
 3B74:2DFC idle  _s_hitlershoot2
 3B74:2E0C idle  _s_hitlershoot3
 3B74:2E1C idle  _s_hitlershoot4
 3B74:2E2C idle  _s_hitlershoot5
 3B74:2E3C idle  _s_hitlershoot6
 3B74:1DFA idle  _s_inkychase1
 3B74:1E0A idle  _s_inkychase2
 3B74:2BDC       _s_mechachase1
 3B74:2BEC idle  _s_mechachase1s
 3B74:2BFC idle  _s_mechachase2
 3B74:2C0C idle  _s_mechachase3
 3B74:2C1C idle  _s_mechachase3s
 3B74:2C2C idle  _s_mechachase4
 3B74:2C3C       _s_mechadie1
 3B74:2C4C idle  _s_mechadie2
 3B74:2C5C idle  _s_mechadie3
 3B74:2C6C idle  _s_mechadie4
 3B74:2C7C idle  _s_mechashoot1
 3B74:2C8C idle  _s_mechashoot2
 3B74:2C9C idle  _s_mechashoot3
 3B74:2CAC idle  _s_mechashoot4
 3B74:2CBC idle  _s_mechashoot5
 3B74:2CCC idle  _s_mechashoot6
 3B74:2BCC idle  _s_mechastand
 3B74:21EA       _s_mutchase1
 3B74:21FA idle  _s_mutchase1s
 3B74:220A idle  _s_mutchase2
 3B74:221A idle  _s_mutchase3
 3B74:222A idle  _s_mutchase3s
 3B74:223A idle  _s_mutchase4
 3B74:224A       _s_mutdie1
 3B74:225A idle  _s_mutdie2
 3B74:226A idle  _s_mutdie3
 3B74:227A idle  _s_mutdie4
 3B74:228A idle  _s_mutdie5
 3B74:218A       _s_mutpain
 3B74:219A       _s_mutpain1
 3B74:212A idle  _s_mutpath1
 3B74:213A idle  _s_mutpath1s
 3B74:214A idle  _s_mutpath2
 3B74:215A idle  _s_mutpath3
 3B74:216A idle  _s_mutpath3s
 3B74:217A idle  _s_mutpath4
 3B74:21AA idle  _s_mutshoot1
 3B74:21BA idle  _s_mutshoot2
 3B74:21CA idle  _s_mutshoot3
 3B74:21DA idle  _s_mutshoot4
 3B74:211A idle  _s_mutstand
 3B74:27CC idle  _s_needle1
 3B74:27DC idle  _s_needle2
 3B74:27EC idle  _s_needle3
 3B74:27FC idle  _s_needle4
 3B74:206A       _s_ofcchase1
 3B74:207A idle  _s_ofcchase1s
 3B74:208A idle  _s_ofcchase2
 3B74:209A idle  _s_ofcchase3
 3B74:20AA idle  _s_ofcchase3s
 3B74:20BA idle  _s_ofcchase4
 3B74:20CA       _s_ofcdie1
 3B74:20DA idle  _s_ofcdie2
 3B74:20EA idle  _s_ofcdie3
 3B74:20FA idle  _s_ofcdie4
 3B74:210A idle  _s_ofcdie5
 3B74:201A       _s_ofcpain
 3B74:202A       _s_ofcpain1
 3B74:1FBA idle  _s_ofcpath1
 3B74:1FCA idle  _s_ofcpath1s
 3B74:1FDA idle  _s_ofcpath2
 3B74:1FEA idle  _s_ofcpath3
 3B74:1FFA idle  _s_ofcpath3s
 3B74:200A idle  _s_ofcpath4
 3B74:203A idle  _s_ofcshoot1
 3B74:204A idle  _s_ofcshoot2
 3B74:205A idle  _s_ofcshoot3
 3B74:1FAA idle  _s_ofcstand
 3B74:1E1A idle  _s_pinkychase1
 3B74:1E2A idle  _s_pinkychase2
 3B74:190C idle  _s_player
 3B74:1BFA idle  _s_rocket
 3B74:26DC       _s_schabbchase1
 3B74:26EC idle  _s_schabbchase1s
 3B74:26FC idle  _s_schabbchase2
 3B74:270C idle  _s_schabbchase3
 3B74:271C idle  _s_schabbchase3s
 3B74:272C idle  _s_schabbchase4
 3B74:273C idle  _s_schabbdeathcam
 3B74:274C       _s_schabbdie1
 3B74:275C idle  _s_schabbdie2
 3B74:276C idle  _s_schabbdie3
 3B74:277C idle  _s_schabbdie4
 3B74:278C idle  _s_schabbdie5
 3B74:279C idle  _s_schabbdie6
 3B74:27AC idle  _s_schabbshoot1
 3B74:27BC idle  _s_schabbshoot2
 3B74:26CC idle  _s_schabbstand
 3B74:1C0A idle  _s_smoke1
 3B74:1C1A idle  _s_smoke2
 3B74:1C2A idle  _s_smoke3
 3B74:1C3A idle  _s_smoke4
 3B74:23BA       _s_sschase1
 3B74:23CA idle  _s_sschase1s
 3B74:23DA idle  _s_sschase2
 3B74:23EA idle  _s_sschase3
 3B74:23FA idle  _s_sschase3s
 3B74:240A idle  _s_sschase4
 3B74:241A       _s_ssdie1
 3B74:242A idle  _s_ssdie2
 3B74:243A idle  _s_ssdie3
 3B74:244A idle  _s_ssdie4
 3B74:230A       _s_sspain
 3B74:231A       _s_sspain1
 3B74:22AA idle  _s_sspath1
 3B74:22BA idle  _s_sspath1s
 3B74:22CA idle  _s_sspath2
 3B74:22DA idle  _s_sspath3
 3B74:22EA idle  _s_sspath3s
 3B74:22FA idle  _s_sspath4
 3B74:232A idle  _s_ssshoot1
 3B74:233A idle  _s_ssshoot2
 3B74:234A idle  _s_ssshoot3
 3B74:235A idle  _s_ssshoot4
 3B74:236A idle  _s_ssshoot5
 3B74:237A idle  _s_ssshoot6
 3B74:238A idle  _s_ssshoot7
 3B74:239A idle  _s_ssshoot8
 3B74:23AA idle  _s_ssshoot9
 3B74:229A idle  _s_ssstand
 3B74:ECE1       _t0OldService
 12D5:0368       _TakeDamage
 0000:0F9C       _tan
 3B74:9B87       _tedlevel
 3B74:9B85       _tedlevelnum
 3B74:9E98       _text
 0F7A:0F3B       _ThreeDRefresh
 12D5:0B00 idle  _Thrust
 3B74:E00B       _thrustspeed
 06CD:3ACF idle  _TicDelay
 3B74:A2C8       _tics
 3B74:168C       _tileglobal
 3B74:D9B2       _tilehit
 3B74:75B8       _tilemap
 3B74:9EDC       _TimeCount
 062D:00B4 idle  _TimedPicCommand
 3B74:ECF1       _TimerCount
 3B74:ECF5       _TimerDivisor
 3B74:ECDB       _TimerRate
 3B74:E822       _tinf
 0000:1931       _tolower
 0000:195D       _toupper
 06CD:122E idle  _TrackWhichGame
 0F7A:0046 idle  _TransformActor
 0F7A:0188 idle  _TransformTile
 12D5:0831 idle  _TryMove
 114A:00D4       _TryWalk
 12D5:10C3 idle  _T_Attack
 14D6:1DC8 idle  _T_Bite
 14D6:1FE4 idle  _T_BJDone
 14D6:1F97 idle  _T_BJJump
 14D6:1EFA idle  _T_BJRun
 14D6:1FC2 idle  _T_BJYell
 14D6:15B5 idle  _T_Chase
 14D6:18E2 idle  _T_DogChase
 14D6:14C6 idle  _T_Fake
 14D6:13A5 idle  _T_FakeFire
 14D6:1070 idle  _T_Fat
 14D6:1832 idle  _T_Ghosts
 14D6:0EE0 idle  _T_Gift
 14D6:0C2F idle  _T_GiftThrow
 14D6:1A97 idle  _T_Path
 12D5:1256 idle  _T_Player
 14D6:00FA idle  _T_Projectile
 14D6:0D50 idle  _T_Schabb
 14D6:0B0E idle  _T_SchabbThrow
 14D6:1BCD idle  _T_Shoot
 14D6:15A5 idle  _T_Stand
 0000:3934       _ultoa
 3B74:E87A       _UMBbase
 06CD:322D       _UnCacheLump
 0000:1989       _unlink
 3B74:54B4       _update
 12D5:0274 idle  _UpdateFace
 0DA6:0D4C idle  _UpdatePaletteShifts
 3B74:9B77       _updateptr
 0C63:0148       _UpdateSoundLoc
 3B74:3A16 idle  _USL_DrawString
 1D1D:0001 idle  _USL_HardError
 3B74:3A12       _USL_MeasureString
 1D1D:03E2 idle  _USL_PrintInCenter
 1D1D:069E idle  _US_CenterWindow
 1D1D:0221       _US_CheckParm
 1D1D:0551       _US_ClearWindow
 06CD:0002       _US_ControlPanel
 1D1D:04E6       _US_CPrint
 1D1D:0486 idle  _US_CPrintLine
 1D1D:057E       _US_DrawWindow
 1DDD:0006       _US_InitRndT
 1D1D:07B7       _US_LineInput
 1D1D:02EA       _US_Print
 1D1D:0442       _US_PrintCentered
 1D1D:03B9 idle  _US_PrintSigned
 1D1D:0390       _US_PrintUnsigned
 1D1D:06EF idle  _US_RestoreWindow
 1DDD:002E       _US_RndT
 1D1D:06C2 idle  _US_SaveWindow
 1D1D:02CB idle  _US_SetPrintRoutines
 1D1D:020F       _US_Shutdown
 1D1D:0139       _US_Startup
 3B74:9B5D       _uwidthtable
 3B74:53A8       _vertwall
 3B74:1698 idle  _vgaCeiling
 0F7A:0A28 idle  _VGAClearScreen
 1F54:000A       _VH_UpdateScreen
 0B05:0037       _Victory
 12D5:1003 idle  _VictorySpin
 12D5:0AF0 idle  _VictoryTile
 3B74:DDDE       _viewangle
 3B74:503A       _viewcos
 3B74:52CE       _viewheight
 3B74:503E       _viewsin
 3B74:54A8       _viewsize
 3B74:D9CA       _viewtx
 3B74:D9C8       _viewty
 3B74:D84C       _viewtype
 3B74:52D0       _viewwidth
 3B74:5046       _viewx
 3B74:5042       _viewy
 3B74:988E       _virtualreality
 3B74:D86C       _vislist
 3B74:D86A       _visptr
 3B74:D868       _visstep
 1DE1:067E       _VL_Bar
 1DE1:00A0 idle  _VL_ClearVideo
 1DE1:04D1       _VL_ColorBorder
 1DE1:00CA idle  _VL_DePlaneVGA
 1DE1:0AA1 idle  _VL_DrawLatch8String
 1DE1:0971 idle  _VL_DrawTile8String
 1DE1:0388       _VL_FadeIn
 1DE1:025B       _VL_FadeOut
 1DE1:01A6 idle  _VL_FillPalette
 1DE1:01E6 idle  _VL_GetColor
 1DE1:023A idle  _VL_GetPalette
 1DE1:0535       _VL_Hlin
 1DE1:0907       _VL_LatchToScreen
 1DE1:0877 idle  _VL_MaskedToScreen
 1DE1:0785       _VL_MemToLatch
 1DE1:07DA       _VL_MemToScreen
 1E98:0242       _VL_MungePic
 1DE1:04E5       _VL_Plot
 1F2B:00AE       _VL_ScreenToScreen
 1DE1:01CB idle  _VL_SetColor
 1F2B:001D idle  _VL_SetCRTC
 1DE1:0122 idle  _VL_SetLineWidth
 1DE1:0211       _VL_SetPalette
 1F2B:0041       _VL_SetScreen
 1DE1:0157 idle  _VL_SetSplitScreen
 1DE1:0096 idle  _VL_SetTextMode
 1DE1:0071       _VL_SetVGAPlaneMode
 1DE1:0067       _VL_Shutdown
 1DE1:0B52 idle  _VL_SizeTile8String
 1DE1:0009       _VL_Startup
 1DE1:046D       _VL_TestPaletteSet
 1F2B:012E       _VL_VideoID
 1DE1:0614       _VL_Vlin
 1F2B:0006       _VL_WaitVBL
 0000:40DD idle  _vsprintf
 1E98:058F       _VWB_Bar
 1E98:04E7       _VWB_DrawPic
 1E98:0556       _VWB_DrawPropString
 1E98:0458       _VWB_DrawTile8
 1E98:04A0 idle  _VWB_DrawTile8M
 1E98:05F6       _VWB_Hlin
 1E98:05CB       _VWB_Plot
 1E98:062A       _VWB_Vlin
 1E98:0306 idle  _VWL_MeasureString
 1E98:0123 idle  _VW_DrawColorPropString
 1E98:000C idle  _VW_DrawPropString
 1E98:038A       _VW_MarkUpdateBlock
 1E98:0368 idle  _VW_MeasureMPropString
 1E98:0346       _VW_MeasurePropString
 1E98:065E       _VW_UpdateScreen
 06CD:3C10 idle  _WaitKeyUp
 3B74:504A       _wallheight
 0F7A:0E4D idle  _WallRefresh
 3B74:1710 idle  _weaponscale
 0000:31F3 idle  _wherex
 0000:3202 idle  _wherey
 36C7:0000       _whiteshifts
 3B74:A044       _WindowH
 3B74:9B79       _WindowW
 3B74:9B7D       _WindowX
 3B74:9B7B       _WindowY
 3B74:177A idle  _wordmasks
 3B74:DDF3       _work
 0000:4393       _write
 0B05:04FB       _Write
 0491:023E idle  _WriteConfig
 3B74:D9A4       _xintercept
 3B74:D9B6       _xinttile
 3B74:E890       _XMSaddr
 3B74:E8D0       _XMSAvail
 3B74:E8CA       _XMSDriver
 3B74:E8CE       _XMSHandle
 3B74:A294       _XMSPagesAvail
 3B74:E8C2       _XMSPagesUsed
 3B74:A298       _XMSPresent
 3B74:3210 idle  _XMSProtectPage
 3B74:D9C2       _xpartial
 3B74:D9BC       _xpartialdown
 3B74:D9BE       _xpartialup
 3B74:D99C       _xstep
 3B74:D9AE       _xtile
 3B74:D9AA       _xtilestep
 3B74:D9A0       _yintercept
 3B74:D9B4       _yinttile
 3B74:EE15       _ylookup
 3B74:D9C0       _ypartial
 3B74:D9B8       _ypartialdown
 3B74:D9BA       _ypartialup
 3B74:D998       _ystep
 3B74:D9AC       _ytile
 3B74:D9A8       _ytilestep
 3B74:4090       __8087
 0000:1000 idle  __AHINCR
 0000:000C idle  __AHSHIFT
 3B74:4724       __argc
 3B74:4726       __argv
 3B74:4380       __atexitcnt
 3B74:4944       __atexittbl
 0000:2670       __brk
 3B74:00D1       __brklvl
 3B74:00B3       __C0argc
 3B74:00B5       __C0argv
[...]
 3B74:1FCA idle  _s_ofcpath1s
 3B74:1FDA idle  _s_ofcpath2
 3B74:1FEA idle  _s_ofcpath3
 3B74:1FFA idle  _s_ofcpath3s
 3B74:200A idle  _s_ofcpath4
 3B74:201A       _s_ofcpain
 3B74:202A       _s_ofcpain1
 3B74:203A idle  _s_ofcshoot1
 3B74:204A idle  _s_ofcshoot2
 3B74:205A idle  _s_ofcshoot3
 3B74:206A       _s_ofcchase1
 3B74:207A idle  _s_ofcchase1s
 3B74:208A idle  _s_ofcchase2
 3B74:209A idle  _s_ofcchase3
 3B74:20AA idle  _s_ofcchase3s
 3B74:20BA idle  _s_ofcchase4
 3B74:20CA       _s_ofcdie1
 3B74:20DA idle  _s_ofcdie2
 3B74:20EA idle  _s_ofcdie3
 3B74:20FA idle  _s_ofcdie4
 3B74:210A idle  _s_ofcdie5
 3B74:211A idle  _s_mutstand
 3B74:212A idle  _s_mutpath1
 3B74:213A idle  _s_mutpath1s
 3B74:214A idle  _s_mutpath2
 3B74:215A idle  _s_mutpath3
 3B74:216A idle  _s_mutpath3s
 3B74:217A idle  _s_mutpath4
 3B74:218A       _s_mutpain
 3B74:219A       _s_mutpain1
 3B74:21AA idle  _s_mutshoot1
 3B74:21BA idle  _s_mutshoot2
 3B74:21CA idle  _s_mutshoot3
 3B74:21DA idle  _s_mutshoot4
 3B74:21EA       _s_mutchase1
 3B74:21FA idle  _s_mutchase1s
 3B74:220A idle  _s_mutchase2
 3B74:221A idle  _s_mutchase3
 3B74:222A idle  _s_mutchase3s
 3B74:223A idle  _s_mutchase4
 3B74:224A       _s_mutdie1
 3B74:225A idle  _s_mutdie2
 3B74:226A idle  _s_mutdie3
 3B74:227A idle  _s_mutdie4
 3B74:228A idle  _s_mutdie5
 3B74:229A idle  _s_ssstand
 3B74:22AA idle  _s_sspath1
 3B74:22BA idle  _s_sspath1s
 3B74:22CA idle  _s_sspath2
 3B74:22DA idle  _s_sspath3
 3B74:22EA idle  _s_sspath3s
 3B74:22FA idle  _s_sspath4
 3B74:230A       _s_sspain
 3B74:231A       _s_sspain1
 3B74:232A idle  _s_ssshoot1
 3B74:233A idle  _s_ssshoot2
 3B74:234A idle  _s_ssshoot3
 3B74:235A idle  _s_ssshoot4
 3B74:236A idle  _s_ssshoot5
 3B74:237A idle  _s_ssshoot6
 3B74:238A idle  _s_ssshoot7
 3B74:239A idle  _s_ssshoot8
 3B74:23AA idle  _s_ssshoot9
 3B74:23BA       _s_sschase1
 3B74:23CA idle  _s_sschase1s
 3B74:23DA idle  _s_sschase2
 3B74:23EA idle  _s_sschase3
 3B74:23FA idle  _s_sschase3s
 3B74:240A idle  _s_sschase4
 3B74:241A       _s_ssdie1
 3B74:242A idle  _s_ssdie2
 3B74:243A idle  _s_ssdie3
 3B74:244A idle  _s_ssdie4
 3B74:245A idle  _s_bossstand
 3B74:246A       _s_bosschase1
 3B74:247A idle  _s_bosschase1s
 3B74:248A idle  _s_bosschase2
 3B74:249A idle  _s_bosschase3
 3B74:24AA idle  _s_bosschase3s
 3B74:24BA idle  _s_bosschase4
 3B74:24CA       _s_bossdie1
 3B74:24DA idle  _s_bossdie2
 3B74:24EA idle  _s_bossdie3
 3B74:24FA idle  _s_bossdie4
 3B74:250A idle  _s_bossshoot1
 3B74:251A idle  _s_bossshoot2
 3B74:252A idle  _s_bossshoot3
 3B74:253A idle  _s_bossshoot4
 3B74:254A idle  _s_bossshoot5
 3B74:255A idle  _s_bossshoot6
 3B74:256A idle  _s_bossshoot7
 3B74:257A idle  _s_bossshoot8
 3B74:258A idle  _s_gretelstand
 3B74:259A       _s_gretelchase1
 3B74:25AA idle  _s_gretelchase1s
 3B74:25BA idle  _s_gretelchase2
 3B74:25CA idle  _s_gretelchase3
 3B74:25DA idle  _s_gretelchase3s
 3B74:25EA idle  _s_gretelchase4
 3B74:25FA       _s_greteldie1
 3B74:260A idle  _s_greteldie2
 3B74:261A idle  _s_greteldie3
 3B74:262A idle  _s_greteldie4
 3B74:263A idle  _s_gretelshoot1
 3B74:264A idle  _s_gretelshoot2
 3B74:265A idle  _s_gretelshoot3
 3B74:266A idle  _s_gretelshoot4
 3B74:267A idle  _s_gretelshoot5
 3B74:268A idle  _s_gretelshoot6
 3B74:269A idle  _s_gretelshoot7
 3B74:26AA idle  _s_gretelshoot8
 3B74:26CC idle  _s_schabbstand
 3B74:26DC       _s_schabbchase1
 3B74:26EC idle  _s_schabbchase1s
 3B74:26FC idle  _s_schabbchase2
 3B74:270C idle  _s_schabbchase3
 3B74:271C idle  _s_schabbchase3s
 3B74:272C idle  _s_schabbchase4
 3B74:273C idle  _s_schabbdeathcam
 3B74:274C       _s_schabbdie1
 3B74:275C idle  _s_schabbdie2
 3B74:276C idle  _s_schabbdie3
 3B74:277C idle  _s_schabbdie4
 3B74:278C idle  _s_schabbdie5
 3B74:279C idle  _s_schabbdie6
 3B74:27AC idle  _s_schabbshoot1
 3B74:27BC idle  _s_schabbshoot2
 3B74:27CC idle  _s_needle1
 3B74:27DC idle  _s_needle2
 3B74:27EC idle  _s_needle3
 3B74:27FC idle  _s_needle4
 3B74:280C idle  _s_giftstand
 3B74:281C       _s_giftchase1
 3B74:282C idle  _s_giftchase1s
 3B74:283C idle  _s_giftchase2
 3B74:284C idle  _s_giftchase3
 3B74:285C idle  _s_giftchase3s
 3B74:286C idle  _s_giftchase4
 3B74:287C idle  _s_giftdeathcam
 3B74:288C       _s_giftdie1
 3B74:289C idle  _s_giftdie2
 3B74:28AC idle  _s_giftdie3
 3B74:28BC idle  _s_giftdie4
 3B74:28CC idle  _s_giftdie5
 3B74:28DC idle  _s_giftdie6
 3B74:28EC idle  _s_giftshoot1
 3B74:28FC idle  _s_giftshoot2
 3B74:290C idle  _s_fatstand
 3B74:291C       _s_fatchase1
 3B74:292C idle  _s_fatchase1s
 3B74:293C idle  _s_fatchase2
 3B74:294C idle  _s_fatchase3
 3B74:295C idle  _s_fatchase3s
 3B74:296C idle  _s_fatchase4
 3B74:297C idle  _s_fatdeathcam
 3B74:298C       _s_fatdie1
 3B74:299C idle  _s_fatdie2
 3B74:29AC idle  _s_fatdie3
 3B74:29BC idle  _s_fatdie4
 3B74:29CC idle  _s_fatdie5
 3B74:29DC idle  _s_fatdie6
 3B74:29EC idle  _s_fatshoot1
 3B74:29FC idle  _s_fatshoot2
 3B74:2A0C idle  _s_fatshoot3
 3B74:2A1C idle  _s_fatshoot4
 3B74:2A2C idle  _s_fatshoot5
 3B74:2A3C idle  _s_fatshoot6
 3B74:2A4C idle  _s_fakestand
 3B74:2A5C       _s_fakechase1
 3B74:2A6C idle  _s_fakechase1s
 3B74:2A7C idle  _s_fakechase2
 3B74:2A8C idle  _s_fakechase3
 3B74:2A9C idle  _s_fakechase3s
 3B74:2AAC idle  _s_fakechase4
 3B74:2ABC       _s_fakedie1
 3B74:2ACC idle  _s_fakedie2
 3B74:2ADC idle  _s_fakedie3
 3B74:2AEC idle  _s_fakedie4
 3B74:2AFC idle  _s_fakedie5
 3B74:2B0C idle  _s_fakedie6
 3B74:2B1C idle  _s_fakeshoot1
 3B74:2B2C idle  _s_fakeshoot2
 3B74:2B3C idle  _s_fakeshoot3
 3B74:2B4C idle  _s_fakeshoot4
 3B74:2B5C idle  _s_fakeshoot5
 3B74:2B6C idle  _s_fakeshoot6
 3B74:2B7C idle  _s_fakeshoot7
 3B74:2B8C idle  _s_fakeshoot8
 3B74:2B9C idle  _s_fakeshoot9
 3B74:2BAC idle  _s_fire1
 3B74:2BBC idle  _s_fire2
 3B74:2BCC idle  _s_mechastand
 3B74:2BDC       _s_mechachase1
 3B74:2BEC idle  _s_mechachase1s
 3B74:2BFC idle  _s_mechachase2
 3B74:2C0C idle  _s_mechachase3
 3B74:2C1C idle  _s_mechachase3s
 3B74:2C2C idle  _s_mechachase4
 3B74:2C3C       _s_mechadie1
 3B74:2C4C idle  _s_mechadie2
 3B74:2C5C idle  _s_mechadie3
 3B74:2C6C idle  _s_mechadie4
 3B74:2C7C idle  _s_mechashoot1
 3B74:2C8C idle  _s_mechashoot2
 3B74:2C9C idle  _s_mechashoot3
 3B74:2CAC idle  _s_mechashoot4
 3B74:2CBC idle  _s_mechashoot5
 3B74:2CCC idle  _s_mechashoot6
 3B74:2CDC       _s_hitlerchase1
 3B74:2CEC idle  _s_hitlerchase1s
 3B74:2CFC idle  _s_hitlerchase2
 3B74:2D0C idle  _s_hitlerchase3
 3B74:2D1C idle  _s_hitlerchase3s
 3B74:2D2C idle  _s_hitlerchase4
 3B74:2D3C idle  _s_hitlerdeathcam
 3B74:2D4C       _s_hitlerdie1
 3B74:2D5C idle  _s_hitlerdie2
 3B74:2D6C idle  _s_hitlerdie3
 3B74:2D7C idle  _s_hitlerdie4
 3B74:2D8C idle  _s_hitlerdie5
 3B74:2D9C idle  _s_hitlerdie6
 3B74:2DAC idle  _s_hitlerdie7
 3B74:2DBC idle  _s_hitlerdie8
 3B74:2DCC idle  _s_hitlerdie9
 3B74:2DDC idle  _s_hitlerdie10
 3B74:2DEC idle  _s_hitlershoot1
 3B74:2DFC idle  _s_hitlershoot2
 3B74:2E0C idle  _s_hitlershoot3
 3B74:2E1C idle  _s_hitlershoot4
 3B74:2E2C idle  _s_hitlershoot5
 3B74:2E3C idle  _s_hitlershoot6
 3B74:2E54 idle  _s_bjrun1
 3B74:2E64 idle  _s_bjrun1s
 3B74:2E74 idle  _s_bjrun2
 3B74:2E84 idle  _s_bjrun3
 3B74:2E94 idle  _s_bjrun3s
 3B74:2EA4 idle  _s_bjrun4
 3B74:2EB4 idle  _s_bjjump1
 3B74:2EC4 idle  _s_bjjump2
 3B74:2ED4 idle  _s_bjjump3
 3B74:2EE4 idle  _s_bjjump4
 3B74:2EF4       _s_deathcam
 3B74:2F4A       _audioname
 3B74:2F57 idle  _gheadname
 3B74:2F61 idle  _gfilename
 3B74:2F6B idle  _gdictname
 3B74:2F75 idle  _mheadname
 3B74:2F7F idle  _mfilename
 3B74:2F89 idle  _aheadname
 3B74:2F93 idle  _afilename
 3B74:3054 idle  _KbdDefs
 3B74:305E idle  _DemoMode
 3B74:3210 idle  _XMSProtectPage
 3B74:3212       _PageFileName
 3B74:3220 idle  _PageFile
 3B74:322A idle  _EMMDriverName
 3B74:36A0 idle  _ssPort
 3B74:3A12       _USL_MeasureString
 3B74:3A16 idle  _USL_DrawString
 3B74:3A1A       _Scores
 3B74:3CC4       _screenseg
 3B74:3CCA idle  _pixmasks
 3B74:3CCE idle  _leftmasks
 3B74:3CD2 idle  _rightmasks
 3B74:3D88       _gamepal
 3B74:4090       __8087
 3B74:40A0       __protected
 3B74:40A1       __LDT
 3B74:40A4       __default87
 3B74:40A6 idle  __huge_flt
 3B74:40AA       __huge_dble
 3B74:40B2 idle  __huge_ldble
 3B74:40BC idle  __indefinite
 3B74:40C0 idle  __tiny_ldble
 3B74:40CA       __mathwhy
 3B74:4270       __emu
 3B74:4380       __atexitcnt
 3B74:4382       __ctype
 3B74:4484       __exitbuf
 3B74:4488       __exitfopen
 3B74:448C       __exitopen
 3B74:4490       __streams
 3B74:45D0       __nfile
 3B74:45D2       __openfd
 3B74:45FA       __fmode
 3B74:45FC       __notUmask
 3B74:45FE       __fpstklen
 3B74:4600       __heaplen
 3B74:4602       __doserrno
 3B74:4604 idle  __dosErrorToSV
 3B74:4668       __stklen
 3B74:46D2       __video
 3B74:46E1       _directvideo
 3B74:471E idle  __first
 3B74:4720 idle  __last
 3B74:4722 idle  __rover
 3B74:4724       __argc
 3B74:4726       __argv
 3B74:4732       _environ
 3B74:473A       __RealCvtVector
 3B74:473E idle  __ScanTodVector
 3B74:4944       __atexittbl
 3B74:49D2       ___SignalPtr
 3B74:49E4       _mr_dest
 3B74:49E6       _mr_yfrac
 3B74:49E8       _mr_xfrac
 3B74:49EA       _mr_ystep
 3B74:49EC       _mr_xstep
 3B74:49EE       _mr_count
 3B74:49F0       _mr_rowofs
 3B74:49F2       _pcos
 3B74:49F6       _psin
 3B74:49FA       _mirrorofs
 3B74:4AC2       _planeylookup
 3B74:4C52       _basedist
 3B74:4DE2       _stepscale
 3B74:4F72       _spanstart
 3B74:503A       _viewcos
 3B74:503E       _viewsin
 3B74:5042       _viewy
 3B74:5046       _viewx
 3B74:504A       _wallheight
 3B74:52CA       _scale
 3B74:52CE       _viewheight
 3B74:52D0       _viewwidth
 3B74:52D2       _bufferofs
 3B74:52D4       _pwalldir
 3B74:52D6       _pwally
 3B74:52D8       _pwallx
 3B74:52DA       _areabyplayer
 3B74:5324       _pwallstate
 3B74:5326       _doorposition
 3B74:53A6       _pwallpos
 3B74:53A8       _vertwall
 3B74:5428       _horizwall
 3B74:54A8       _viewsize
 3B74:54AA       _joystickport
 3B74:54AC       _joystickprogressive
 3B74:54AE       _joypadenabled
 3B74:54B0       _joystickenabled
 3B74:54B2       _mouseenabled
 3B74:54B4       _update
 3B74:55B8       _actorat
 3B74:75B8       _tilemap
 3B74:85B8       _nearmapylookup
 3B74:8638       _farmapylookup
 3B74:86B8       _doorobjlist
 3B74:8938       _laststatobj
 3B74:893A       _statobjlist
 3B74:95BA       _player
 3B74:95BC       _new
 3B74:95BE       _playstate
 3B74:95C0       _gamestate
 3B74:9602       _minheightdiv
 3B74:9604       _heightnumerator
 3B74:9608       _maxslope
 3B74:960C       _pixelangle
 3B74:988C       _mouseadjustment
 3B74:988E       _virtualreality
 3B74:9890       _startgame
 3B74:9892       _shootdelta
 3B74:9894       _centerx
 3B74:9896       _screenofs
 3B74:9898       _focallength
 3B74:989C       _IsA386
 3B74:989E       _nospr
 3B74:98A0       _str2
 3B74:98B4       _str
 3B74:9904       _LevelRatios
 3B74:9954       _backcolor
 3B74:9955       _blockstarts
 3B74:9B5D       _uwidthtable
 3B74:9B77       _updateptr
 3B74:9B79       _WindowW
 3B74:9B7B       _WindowY
 3B74:9B7D       _WindowX
 3B74:9B7F       _PrintY
 3B74:9B81       _NoWait
 3B74:9B83       _loadedgame
 3B74:9B85       _tedlevelnum
 3B74:9B87       _tedlevel
 3B74:9B89       _DigiMap
 3B74:9C37       _MusicMode
 3B74:9C39       _DigiMode
 3B74:9C3B       _SoundMode
 3B74:9C3D       _SoundBlasterPresent
 3B74:9C3F       _SoundSourcePresent
 3B74:9C41       _AdLibPresent
 3B74:9C43       _JoysPresent
 3B74:9C47       _MousePresent
 3B74:9C49       _Keyboard
 3B74:9D49       _fontnumber
 3B74:9D4B       _fontcolor
 3B74:9D4C       _displayofs
 3B74:9D4E       _grsegs
 3B74:9E78       _mminfo
 3B74:9E8C       _layoutdone
 3B74:9E8E       _picdelay
 3B74:9E90       _picnum
 3B74:9E92       _picy
 3B74:9E94       _picx
 3B74:9E96       _rowon
 3B74:9E98       _text
 3B74:9E9C       _rightmargin
 3B74:9EBA       _leftmargin
 3B74:9ED8       _numpages
 3B74:9EDA       _pagenum
 3B74:9EDC       _TimeCount
 3B74:9EE0       _LastScan
 3B74:9EE1       _py
 3B74:9EE3       _px
 3B74:9EE5       _pictable
 3B74:9EE7       _ca_levelbit
 3B74:9EE8       _pickquick
 3B74:9EEA       _lasttimecount
 3B74:9EEE       _SaveGameNames
 3B74:A02E       _StartGame
 3B74:A030       _SaveGamesAvail
 3B74:A044       _WindowH
 3B74:A046       _PrintX
 3B74:A048       _ingame
 3B74:A04A       _LastASCII
 3B74:A04B       _Paused
 3B74:A04D       _extension
 3B74:A052       _audiosegs
 3B74:A292       _EMSPagesAvail
 3B74:A294       _XMSPagesAvail
 3B74:A296       _EMSPresent
 3B74:A298       _XMSPresent
 3B74:A29A       _mmerror
 3B74:A29C       _mapon
 3B74:A29E       _rightchannel
 3B74:A2A0       _leftchannel
 3B74:A2A2       _globalsoundy
 3B74:A2A6       _globalsoundx
 3B74:A2AA       _demobuffer
 3B74:A2AC       _lastdemoptr
 3B74:A2B0       _demoptr
 3B74:A2B4       _demoplayback
 3B74:A2B6       _demorecord
 3B74:A2B8       _killerobj
 3B74:A2BA       _spearflag
 3B74:A2BC       _spearangle
 3B74:A2BE       _speary
 3B74:A2C2       _spearx
 3B74:A2C6       _fizzlein
 3B74:A2C8       _tics
 3B74:A2CA       _mapheight
 3B74:A2CC       _mapwidth
 3B74:A2CE       _SoundPositioned
 3B74:A2D0       _latchpics
 3B74:A398       _mapheaderseg
 3B74:A410       _mapsegs
 3B74:A414       _funnyticount
 3B74:A418       _palshifted
 3B74:A41A       _bonuscount
 3B74:A41C       _damagecount
 3B74:A41E       _objcount
 3B74:A420       _dummyobj
 3B74:A45C       _mapwidthtable
 3B74:A4DC       _DebugOk
 3B74:A4DE       _facecount
 3B74:A4E0       _anglefrac
 3B74:A4E2       _running
 3B74:A4E4       _frameon
 3B74:A4E8       _buttonstate
 3B74:A4F8       _controly
 3B74:A4FA       _controlx
 3B74:A4FC       _buttonheld
 3B74:A50C       _extravbls
 3B74:A50E       _noclip
 3B74:A510       _godmode
 3B74:A512       _singlestep
 3B74:A514       _spotvis
 3B74:B514       _objfreelist
 3B74:B516       _lastobj
 3B74:B518       _obj
 3B74:B51A       _objlist
 3B74:D842       _madenoise
 3B74:D844       _compatability
 3B74:D846       _screenfaded
 3B74:D848       _DigiList
 3B74:D84A       _NumDigi
 3B74:D84C       _viewtype
 3B74:D84E       _maporgy
 3B74:D850       _maporgx
 3B74:D852       _postwidth
 3B74:D854       _postx
 3B74:D856       _postsource
 3B74:D85A       _doornum
 3B74:D85C       _PMPages
 3B74:D860       _PMSoundStart
 3B74:D862       _PMSpriteStart
 3B74:D864       _ChunksInFile
 3B74:D866       _farthest
 3B74:D868       _visstep
 3B74:D86A       _visptr
 3B74:D86C       _vislist
 3B74:D998       _ystep
 3B74:D99C       _xstep
 3B74:D9A0       _yintercept
 3B74:D9A4       _xintercept
 3B74:D9A8       _ytilestep
 3B74:D9AA       _xtilestep
 3B74:D9AC       _ytile
 3B74:D9AE       _xtile
 3B74:D9B0       _pixx
 3B74:D9B2       _tilehit
 3B74:D9B4       _yinttile
 3B74:D9B6       _xinttile
 3B74:D9B8       _ypartialdown
 3B74:D9BA       _ypartialup
 3B74:D9BC       _xpartialdown
 3B74:D9BE       _xpartialup
 3B74:D9C0       _ypartial
 3B74:D9C2       _xpartial
 3B74:D9C4       _angle
 3B74:D9C6       _midangle
 3B74:D9C8       _viewty
 3B74:D9CA       _viewtx
 3B74:D9CC       _focalty
 3B74:D9CE       _focaltx
 3B74:D9D0       _lasttilehit
 3B74:D9D2       _lastintercept
 3B74:D9D6       _lastside
 3B74:D9D8       _maxscaleshl2
 3B74:D9DA       _fullscalefarcall
 3B74:DDDE       _viewangle
 3B74:DDE0       _mask3
 3B74:DDE1       _mask2
 3B74:DDE2       _mask1
 3B74:DDE3       _maskword
 3B74:DDE5       _linescale
 3B74:DDE9       _linecmds
 3B74:DDED       _slinewidth
 3B74:DDEF       _slinex
 3B74:DDF1       _stepbytwo
 3B74:DDF3       _work
 3B74:DDF5       _insetupscaling
 3B74:DDF7       _maxscale
 3B74:DDF9       _scaledirectory
 3B74:DFFB       _pluy
 3B74:DFFD       _plux
 3B74:DFFF       _playerymove
 3B74:E003       _playerxmove
 3B74:E007       _LastAttacker
 3B74:E009       _gotgatgun
 3B74:E00B       _thrustspeed
 3B74:E00F       _lastdoorobj
 3B74:E011       _oldsoundmode
 3B74:E013       _chunkexplen
 3B74:E017       _chunkcomplen
 3B74:E01B       _audiohandle
 3B74:E01D       _maphandle
 3B74:E01F       _grhandle
 3B74:E021       _audiohuffman
 3B74:E41D       _grhuffman
 3B74:E819       _audiostarts
 3B74:E81B       _grstarts
 3B74:E81D       _debughandle
 3B74:E81F       _profilehandle
 3B74:E821       _ca_levelnum
 3B74:E822       _tinf
 3B74:E824       _bufferseg
 3B74:E826       _btnstate
 3B74:E836       _MouseDownCount
 3B74:E83A       _JoyPadPresent
 3B74:E83C       _DemoSize
 3B74:E83E       _DemoOffset
 3B74:E840       _DemoBuffer
 3B74:E842       _Controls
 3B74:E84A       _JoyDefs
 3B74:E87A       _UMBbase
 3B74:E88E       _numUMBs
 3B74:E890       _XMSaddr
 3B74:E894       _bombonerror
 3B74:E896       _mmnew
 3B74:E89A       _mmrover
 3B74:E89E       _mmfree
 3B74:E8A2       _mmhead
 3B74:E8A6       _nearheap
 3B74:E8A8       _farheap
 3B74:E8AC       _mmstarted
 3B74:E8AE       _aftersort
 3B74:E8B2       _beforesort
 3B74:E8B6       _PMSegPages
 3B74:E8B8       _PMFrameCount
 3B74:E8BC       _PMNumBlocks
 3B74:E8BE       _MainPagesUsed
 3B74:E8C0       _EMSPagesUsed
 3B74:E8C2       _XMSPagesUsed
 3B74:E8C4       _PMThrashing
 3B74:E8C6       _PMPanicMode
 3B74:E8C8       _PMStarted
 3B74:E8CA       _XMSDriver
 3B74:E8CE       _XMSHandle
 3B74:E8D0       _XMSAvail
 3B74:E8D2       _EMSList
 3B74:E8EA       _EMSPhysicalPage
 3B74:E8EC       _EMSPageFrame
 3B74:E8EE       _EMSHandle
 3B74:E8F0       _EMSAvail
 3B74:E8F2       _MainPagesAvail
 3B74:E8F4       _MainMemUsed
 3B74:E9BC       _MainMemPages
 3B74:EA84       _MainPresent
 3B74:EA86       _sqHackTime
 3B74:EA8A       _sqHackSeqLen
 3B74:EA8C       _sqHackLen
 3B74:EA8E       _sqHackPtr
 3B74:EA92       _sqHack
 3B74:EA96       _sqActive
 3B74:EA98       _alZeroInst
 3B74:EAA8       _alTimeCount
 3B74:EAAC       _alLengthLeft
 3B74:EAB0       _alBlock
 3B74:EAB2       _alSound
 3B74:EAB6       _alNoCheck
 3B74:EAB8       _pcSoundLookup
 3B74:ECB6       _pcLengthLeft
 3B74:ECBA       _pcSound
 3B74:ECBE       _pcLastSample
 3B74:ECBF       _ssLengthLeft
 3B74:ECC3       _ssSample
 3B74:ECC7       _ssOff
 3B74:ECC8       _ssOn
 3B74:ECC9       _ssData
 3B74:ECCB       _ssStatus
 3B74:ECCD       _ssControl
 3B74:ECCF       _ssActive
 3B74:ECD1       _ssNoCheck
 3B74:ECD3       _DigiLastEnd
 3B74:ECD5       _DigiLastStart
 3B74:ECD7       _DigiPage
 3B74:ECD9       _DigiLeft
 3B74:ECDB       _TimerRate
 3B74:ECDD       _LocalTime
 3B74:ECE1       _t0OldService
 3B74:ECE5       _RightPosition
 3B74:ECE7       _LeftPosition
 3B74:ECE9       _DigiPriority
 3B74:ECEB       _SoundPriority
 3B74:ECED       _DigiNumber
 3B74:ECEF       _SoundNumber
 3B74:ECF1       _TimerCount
 3B74:ECF5       _TimerDivisor
 3B74:ECF9       _nextsoundpos
 3B74:ECFB       _ssIsTandy
 3B74:ECFD       _SoundTable
 3B74:ECFF       _HackCount
 3B74:ED01       _NeedsDigitized
 3B74:ED03       _SBProPresent
 3B74:ED05       _DigiPlaying
 3B74:ED07       _NeedsMusic
 3B74:ED09       _Games
 3B74:EE05       _CursorY
 3B74:EE07       _CursorX
 3B74:EE09       _CursorBad
 3B74:EE0B       _Button1
 3B74:EE0D       _Button0
 3B74:EE0F       _abortprogram
 3B74:EE11       _fastpalette
 3B74:EE13       _bordercolor
 3B74:EE15       _ylookup
 3B74:EFA5       _linewidth
 3B74:EFA7       _pelpan
 3B74:EFA9       _bufferheight
 3B74:EFAB       _bufferwidth

Program entry point at 0000:0000

