Open Watcom Linker Version 2.0 beta Sep 21 2015 10:22:11 (32-bit)
Copyright (c) 2002-2015 The Open Watcom Contributors. All Rights Reserved.
Portions Copyright (c) 1985-2002 Sybase, Inc. All Rights Reserved.
Created on:       15/10/15 15:23:41
Executable Image: 16.exe
creating a DOS executable


                        +------------+
                        |   Groups   |
                        +------------+

Group                           Address              Size
=====                           =======              ====

DGROUP                          138b:0000            0000f2c0



                        +--------------+
                        |   Segments   |
                        +--------------+

Segment                Class          Group          Address         Size
=======                =====          =====          =======         ====

16_TEXT                CODE           AUTO           0000:0000       00000281
mapread_TEXT           CODE           AUTO           0000:0290       000008b6
jsmn_TEXT              CODE           AUTO           0000:0b50       00000919
16_in_TEXT             CODE           AUTO           0000:1470       00001e80
16_mm_TEXT             CODE           AUTO           0000:32f0       00003308
wcpu_TEXT              CODE           AUTO           0000:6600       00000058
16_head_TEXT           CODE           AUTO           0000:6660       00000405
16_ca_TEXT             CODE           AUTO           0000:6a70       000003fd
kitten_TEXT            CODE           AUTO           0000:6e70       0000080a
16_hc_TEXT             CODE           AUTO           0000:7680       0000158b
timer_TEXT             CODE           AUTO           0000:8c10       00000235
_TEXT                  CODE           AUTO           08e5:0000       00007bc9
modex16_TEXT           CODE           AUTO           08e5:7bd0       000025bc
bitmap_TEXT            CODE           AUTO           08e5:a190       0000060d
16text_TEXT            CODE           AUTO           08e5:a7a0       0000010d
16_in13_DATA           FAR_DATA       AUTO           1370:0000       000001a4
FAR_DATA               FAR_DATA       AUTO           138a:0004       00000000
_NULL                  BEGDATA        DGROUP         138b:0000       00000020
_AFTERNULL             BEGDATA        DGROUP         138d:0000       00000002
CONST                  DATA           DGROUP         138d:0002       00000076
CONST2                 DATA           DGROUP         1394:0008       00000102
_DATA                  DATA           DGROUP         13a5:0000       000005b1
XIB                    DATA           DGROUP         1400:0002       00000000
XI                     DATA           DGROUP         1400:0002       00000036
XIE                    DATA           DGROUP         1403:0008       00000000
YIB                    DATA           DGROUP         1403:0008       00000000
YI                     DATA           DGROUP         1403:0008       00000018
YIE                    DATA           DGROUP         1405:0000       00000000
STRINGS                DATA           DGROUP         1405:0000       00000000
DATA                   DATA           DGROUP         1405:0000       00000000
_emu_init_start        EMU            DGROUP         1405:0000       00000000
_emu_init_end          EMU            DGROUP         1405:0000       00000000
_BSS                   BSS            DGROUP         1405:0000       00001052
STACK                  STACK          DGROUP         150b:0000       0000dac0


                        +----------------+
                        |   Memory Map   |
                        +----------------+

* = unreferenced symbol
+ = symbol only referenced locally

Address        Symbol
=======        ======

Module: 16.o(/dos/z/16/src/16.c)
138b:07a0+     _player
138b:08a0+     _gvar
138b:0958+     _cpus
138b:095c*     _gpal
138b:0960+     _dpal
138b:0964+     _engi_stat
0000:0110      main_
Module: mapread.o(/dos/z/16/src/lib/mapread.c)
0000:0370+     jsoneq_
0000:0414+     dump_
0000:0910*     loadmap_
Module: jsmn.o(/dos/z/16/src/lib/jsmn/jsmn.c)
0000:0f22      jsmn_parse_
0000:141e      jsmn_init_
Module: 16_in.o(/dos/z/16/src/lib/16_in.c)
138b:098e+     _inpu
0000:15b0+     INL_KeyService_
0000:184a+     Mouse_
0000:18a2+     IN_GetJoyAbs_
0000:1c4c+     IN_GetJoyButtonsDB_
0000:1ed2+     IN_SetupJoy_
0000:2094      IN_Startup_
0000:219a      IN_Default_
0000:22fe      IN_Shutdown_
0000:237e*     IN_SetKeyHook_
0000:23a0+     IN_ClearKeysDown_
0000:2480*     IN_ReadCursor_
0000:259c      IN_ReadControl_
0000:2dd4*     IN_SetControlType_
0000:2e22*     IN_GetScanName_
0000:2eaa*     IN_WaitForKey_
0000:2ee0*     IN_WaitForASCII_
0000:2f16+     IN_AckBack_
0000:2ffe*     IN_Ack_
0000:30a0+     IN_IsUserInput_
0000:3146*     IN_UserInput_
0000:318a      IN_KeyDown_
0000:31d2+     IN_ClearKey_
0000:324a*     IN_qb_
Module: 16_mm.o(/dos/z/16/src/lib/16_mm.c)
0000:3cd4+     MML_CheckForEMS_
0000:3d30+     MML_SetupEMS_
0000:3ee8+     MML_ShutdownEMS_
0000:3f54+     MM_MapEMS_
0000:4050*     MM_MapXEMS_
0000:4170+     MML_CheckForXMS_
0000:41cc*     MML_SetupXMS_
0000:42b4+     MML_ShutdownXMS_
0000:4342+     MML_UseSpace_
0000:4520+     MML_ClearBlock_
0000:45a4*     MM_Startup_
0000:49d6+     MM_Shutdown_
0000:4a6c      MM_GetPtr_
0000:4e66+     MM_FreePtr_
0000:4f5e*     MM_SetPurge_
0000:5038*     MM_SetLock_
0000:5110+     MM_SortMem_
0000:52fe*     MM_ShowMemory_
0000:599e*     MM_DumpData_
0000:5af8+     MM_UnusedMemory_
0000:5b7c+     MM_TotalFree_
0000:5c12*     MM_Report_
0000:65ca*     MM_BombOnError_
138b:0af0+     _beforesort
138b:0af4+     _aftersort
138b:0af8+     _XMSaddr
Module: wcpu.o(/dos/z/16/src/lib/wcpu/wcpu.c)
0000:6600      detectcpu_
Module: 16_head.o(/dos/z/16/src/lib/16_head.c)
0000:666e*     wait_
0000:66ba*     filesize_
0000:6720      printmeminfoline_
0000:690c      US_CheckParm_
Module: 16_ca.o(/dos/z/16/src/lib/16_ca.c)
0000:6a9e      CA_OpenDebug_
0000:6aee      CA_CloseDebug_
0000:6b1c+     CA_FarRead_
0000:6b9c*     CA_FarWrite_
0000:6c1c*     CA_ReadFile_
0000:6c98*     CA_LoadFile_
0000:6d40*     CAL_OptimizeNodes_
0000:6df0*     CA_Startup_
0000:6e40*     CA_Shutdown_
138b:0b00*     _finishcachebox
138b:0b04*     _drawcachebox
138b:0b08*     _updatecachebox
Module: kitten.o(/dos/z/16/src/lib/nyan/kitten.c)
0000:6eac      KITTENGETS
0000:6f0c*     kittenopen_
0000:715a+     catread_
0000:720e*     kittenclose_
0000:722a+     mystrtoul_
0000:72de+     processEscChars_
0000:7464+     get_line_
0000:74d6+     db_fetch_
0000:756c+     db_insert_
138b:04a4+     __kitten_catalog
Module: 16_hc.o(/dos/z/16/src/lib/16_hc.c)
0000:782c+     LargestFreeBlock_
0000:78ba+     _coreleft_
0000:7936+     LargestFarFreeBlock_
0000:79ec+     _farcoreleft_
0000:7a9a+     LargestHugeFreeBlock_
0000:7b8a*     _hugecoreleft_
0000:7c5a+     GetFreeSize_
0000:7cb4+     GetFarFreeSize_
0000:7cfe+     GetNearFreeSize_
0000:7d4c*     heapdump_
0000:89ee+     heapstat_
0000:8b2c+     heapstat0_
0000:8b8e+     HC_OpenDebug_
0000:8bde*     HC_CloseDebug_
Module: timer.o(/dos/z/16/src/lib/timer.c)
0000:8c10*     start_timer_
0000:8d3c*     elapsed_timer_
0000:8d8e*     ticktock_
0000:8dfa*     time_in_seconds_
Module: /dos/fdos/watcom2/lib286/dos/clibh.lib(stk086.asm)
08e5:0005      __STK
08e5:0025      __STKOVERFLOW_
Module: gfx.lib(/dos/z/16/src/lib/modex16.c)
08e5:7dcc      VGAmodeX_
08e5:7e5e+     vgaGetMode_
08e5:7e94+     modexEnter_
08e5:8042*     modexLeave_
08e5:805a+     modexsetBaseXMode_
08e5:80ac*     modexDefaultPage_
08e5:815e*     modexNextPage_
08e5:822a*     modexNextPageFlexibleSize_
08e5:82f8*     modexShowPage_
08e5:83f4*     modexPanPage_
08e5:8444*     modexSelectPlane_
08e5:8468+     modexClearRegion_
08e5:8580*     oldDrawBmp_
08e5:86e6*     CDrawBmp_
08e5:884a*     modexDrawBmp_
08e5:88b0+     modexDrawBmpRegion_
08e5:8a1a*     modex_sparky4_DrawBmpRegion_
08e5:8b84*     modexDrawPlanarBuf_
08e5:8ba2*     modexDrawSprite_
08e5:8c08+     modexDrawSpriteRegion_
08e5:8d80*     modexCopyPageRegion_
08e5:8eea      modexFadeOn_
08e5:8f1a      modexFadeOff_
08e5:8f48*     modexFlashOn_
08e5:8f76*     modexFlashOff_
08e5:9046      modexPalSave_
08e5:909c      modexNewPal_
08e5:90ec*     modexLoadPalFile_
08e5:91ce*     modexSavePalFile_
08e5:9246      modexPalBlack_
08e5:9270*     modexPalWhite_
08e5:929a+     modexPalUpdate_
08e5:980a+     modexPalUpdate1_
08e5:9884*     modexPalUpdate0_
08e5:98d0+     chkcolor_
08e5:9be8+     modexputPixel_
08e5:9c76*     modexgetPixel_
08e5:9cfc*     modexhlin_
08e5:9d80*     modexprint_
08e5:9f1a*     modexprintbig_
08e5:a096*     pdump_
08e5:a0f6*     cls_
08e5:a164+     modexWaitBorder_
138b:04d4+     _VGA
Module: /dos/fdos/watcom2/lib286/dos/clibh.lib(printf.c)
08e5:0042      printf_
Module: /dos/fdos/watcom2/lib286/dos/clibh.lib(cstart)
138b:0000*     __nullarea
138b:04e8*     __ovlflag
138b:04e9*     __intno
138b:04ea*     __ovlvec
08e5:0072      _cstart_
08e5:0145*     _Not_Enough_Memory_
08e5:0277      __exit_
08e5:0296      __do_exit_with_msg__
08e5:02f3      __GETDS
Module: /dos/fdos/watcom2/lib286/dos/clibh.lib(cmodel.asm)
08e5:02fe      _big_code_
08e5:02fe*     CodeModelMismatch
Module: /dos/fdos/watcom2/lib286/dos/clibh.lib(argcv.c)
138b:1414      __argv
138b:1418      ___argv
138b:141c      __argc
138b:141e      ___argc
Module: /dos/fdos/watcom2/lib286/dos/clibh.lib(pia.asm)
08e5:0305      __PIA
08e5:02fe*     __PIS
Module: /dos/fdos/watcom2/lib286/dos/clibh.lib(strncmp.c)
08e5:031c      strncmp_
Module: /dos/fdos/watcom2/lib286/dos/clibh.lib(fmalloc.c)
08e5:0359      _fmalloc_
08e5:0359      malloc_
138b:04ee      ___fheap
138b:04f0      ___fheapRover
138b:04f2      ___LargestSizeB4Rover
Module: gfx.lib(/dos/z/16/src/lib/bitmap.c)
08e5:a4d6      bitmapLoadPcx_
08e5:a632*     bitmapLoadPcxTiles_
Module: /dos/fdos/watcom2/lib286/dos/clibh.lib(strstr.c)
08e5:04ce      strstr_
Module: /dos/fdos/watcom2/lib286/dos/clibh.lib(atoi.c)
08e5:05d0      atoi_
Module: /dos/fdos/watcom2/lib286/dos/clibh.lib(fopen.c)
08e5:066c+     __open_flags_
08e5:092d+     _fsopen_
08e5:0994      fopen_
08e5:0ab7*     freopen_
Module: /dos/fdos/watcom2/lib286/dos/clibh.lib(fread.c)
08e5:0b41      fread_
Module: /dos/fdos/watcom2/lib286/dos/clibh.lib(errno.c)
08e5:0eb8      __get_errno_ptr_
138b:14a0      _errno
Module: /dos/fdos/watcom2/lib286/dos/clibh.lib(iob.c)
138b:0504      ___iob
138b:14a2      ___OpenStreams
138b:14a6      ___ClosedStreams
Module: /dos/fdos/watcom2/lib286/dos/clibh.lib(fprintf.c)
08e5:0ebf      fprintf_
Module: /dos/fdos/watcom2/lib286/dos/clibh.lib(frealloc.c)
08e5:0eee*     _frealloc_
08e5:0eee      realloc_
Module: /dos/fdos/watcom2/lib286/dos/clibh.lib(ptc.asm)
08e5:0fca      __PTC
Module: /dos/fdos/watcom2/lib286/dos/clibh.lib(strncpy.c)
08e5:0ffd      strncpy_
Module: /dos/fdos/watcom2/lib286/dos/clibh.lib(intx086.c)
08e5:1039+     int86x_
08e5:11bc      int86_
Module: /dos/fdos/watcom2/lib286/dos/clibh.lib(i4m.asm)
08e5:11ea      __I4M
08e5:11ea      __U4M
Module: /dos/fdos/watcom2/lib286/dos/clibh.lib(d_getvec.c)
08e5:1202      _dos_getvect_
Module: /dos/fdos/watcom2/lib286/dos/clibh.lib(d_setvec.c)
08e5:120d      _dos_setvect_
Module: /dos/fdos/watcom2/lib286/dos/clibh.lib(i4d.asm)
08e5:121a      __I4D
08e5:1269      __U4D
Module: /dos/fdos/watcom2/lib286/dos/clibh.lib(heapgrow.c)
08e5:12ed*     _heapgrow_
08e5:12ed      _fheapgrow_
08e5:12ee      _nheapgrow_
Module: /dos/fdos/watcom2/lib286/dos/clibh.lib(memavl.c)
08e5:1366      _memavl_
Module: /dos/fdos/watcom2/lib286/dos/clibh.lib(nmalloc.c)
08e5:13ab      _nmalloc_
138b:066c      ___nheapbeg
138b:066e      ___MiniHeapRover
138b:0670      ___LargestSizeB4MiniHeapRover
Module: /dos/fdos/watcom2/lib286/dos/clibh.lib(ffree.c)
08e5:1485      _ffree_
08e5:1485      free_
Module: /dos/fdos/watcom2/lib286/dos/clibh.lib(nfree.c)
08e5:14f2      _nfree_
138b:14aa+     ___MiniHeapFreeRover
Module: /dos/fdos/watcom2/lib286/dos/clibh.lib(exit.c)
08e5:15ed+     _null_exit_rtn_
08e5:15ed+     __null_int23_exit_
08e5:15ee      exit_
08e5:160f+     _exit_
138b:0672+     ___int23_exit
138b:0676      ___FPE_handler_exit
Module: /dos/fdos/watcom2/lib286/dos/clibh.lib(ltoa.c)
08e5:162b      ultoa_
08e5:16e9*     ltoa_
Module: /dos/fdos/watcom2/lib286/dos/clibh.lib(write.c)
08e5:186f      write_
Module: /dos/fdos/watcom2/lib286/dos/clibh.lib(fclose.c)
08e5:1a9b      __doclose_
08e5:1be5      __shutdown_stream_
08e5:1bff      fclose_
138b:14ac+     ___RmTmpFileFn
Module: /dos/fdos/watcom2/lib286/dos/clibh.lib(clockdos.c)
08e5:1c6a+     __ibm_bios_get_ticks_
08e5:1ce1      clock_
Module: /dos/fdos/watcom2/lib286/dos/clibh.lib(kbhit.c)
08e5:1d08      kbhit_
Module: /dos/fdos/watcom2/lib286/dos/clibh.lib(ftell.c)
08e5:1d1f      ftell_
Module: /dos/fdos/watcom2/lib286/dos/clibh.lib(fseek.c)
08e5:1f05      fseek_
Module: /dos/fdos/watcom2/lib286/dos/clibh.lib(istable.c)
138b:0098      __IsTable
Module: /dos/fdos/watcom2/lib286/dos/clibh.lib(tolower.c)
08e5:20fd      tolower_
Module: /dos/fdos/watcom2/lib286/dos/clibh.lib(unlnk.c)
08e5:210b      unlink_
Module: /dos/fdos/watcom2/lib286/dos/clibh.lib(open.c)
08e5:233b      open_
08e5:2372      sopen_
Module: /dos/fdos/watcom2/lib286/dos/clibh.lib(close.c)
08e5:239f      close_
Module: /dos/fdos/watcom2/lib286/dos/clibh.lib(filelen.c)
08e5:23a4      filelength_
Module: /dos/fdos/watcom2/lib286/dos/clibh.lib(sprintf.c)
08e5:2402      sprintf_
Module: /dos/fdos/watcom2/lib286/dos/clibh.lib(getenv.c)
08e5:2431      getenv_
Module: /dos/fdos/watcom2/lib286/dos/clibh.lib(pts.asm)
08e5:251c      __PTS
Module: /dos/fdos/watcom2/lib286/dos/clibh.lib(read.c)
08e5:254d      read_
Module: /dos/fdos/watcom2/lib286/dos/clibh.lib(strdup.c)
08e5:2686*     __clib_strdup_
08e5:2686      strdup_
Module: /dos/fdos/watcom2/lib286/dos/clibh.lib(haloc.c)
08e5:26ed      halloc_
08e5:27d2      hfree_
Module: /dos/fdos/watcom2/lib286/dos/clibh.lib(fheapwal.c)
08e5:27d9      _heapwalk_
08e5:27d9      _fheapwalk_
Module: /dos/fdos/watcom2/lib286/dos/clibh.lib(nheapwal.c)
08e5:27ee+     __NHeapWalk_
08e5:28e7      _nheapwalk_
Module: /dos/fdos/watcom2/lib286/dos/clibh.lib(stack086.c)
08e5:28f7      stackavail_
Module: /dos/fdos/watcom2/lib286/dos/clibh.lib(_8087086.asm)
138b:0682      __8087
138b:0683      __real87
138b:0684      __dos87emucall
138b:0686      __dos87real
Module: /dos/fdos/watcom2/lib286/dos/clibh.lib(xmsg.c)
08e5:2906*     __exit_with_msg_
08e5:290b      __fatal_runtime_error_
Module: /dos/fdos/watcom2/lib286/dos/clibh.lib(crwdata)
138b:0688      __curbrk
138b:0690      __STACKLOW
138b:0692      __STACKTOP
138b:0694      __cbyte
138b:0696      __child
138b:0698      __no87
138b:06a5      ___FPE_handler
138b:068a      __psp
138b:0699      __get_ovl_stack
138b:069d      __restore_ovl_stack
138b:06a1      __close_ovl_file
138b:06a9      __LpCmdLine
138b:06ad      __LpPgmName
138b:068c      __osmajor
138b:068d      __osminor
138b:068e      __osmode
138b:068f      __HShift
Module: /dos/fdos/watcom2/lib286/dos/clibh.lib(fgetc.c)
08e5:292a      __fill_buffer_
08e5:2b79      fgetc_
Module: /dos/fdos/watcom2/lib286/dos/clibh.lib(fwrite.c)
08e5:2cc0      fwrite_
Module: /dos/fdos/watcom2/lib286/dos/clibh.lib(rand.c)
08e5:3039      rand_
08e5:307b*     srand_
Module: gfx.lib(/dos/z/16/src/lib/16text.c)
08e5:a816*     textInit_
138b:14b4      _romFonts
Module: /dos/fdos/watcom2/lib286/dos/clibh.lib(fprtf.c)
08e5:30b8      __fprtf_
Module: /dos/fdos/watcom2/lib286/dos/clibh.lib(cmain086.c)
08e5:320b      __CMain
Module: /dos/fdos/watcom2/lib286/dos/clibh.lib(initrtns.c)
08e5:3271      __InitRtns
08e5:3271*     __FInitRtns
08e5:32cc      __FiniRtns
08e5:32cc*     __FFiniRtns
Module: /dos/fdos/watcom2/lib286/dos/clibh.lib(uselfn.c)
138b:06b6      ___uselfn
Module: /dos/fdos/watcom2/lib286/dos/clibh.lib(dosseg)
08e5:3330      __DOSseg__
Module: /dos/fdos/watcom2/lib286/dos/clibh.lib(initargv.c)
08e5:3331      __Init_Argv_
08e5:3394+     _getargv_
08e5:36c4      __Fini_Argv_
Module: /dos/fdos/watcom2/lib286/dos/clibh.lib(mem.c)
08e5:36f0      __MemAllocator
08e5:37ba      __MemFree
Module: /dos/fdos/watcom2/lib286/dos/clibh.lib(growseg.c)
08e5:3917      __GrowSeg_
Module: /dos/fdos/watcom2/lib286/dos/clibh.lib(allocseg.c)
08e5:3a8d      __AllocSeg_
Module: /dos/fdos/watcom2/lib286/dos/clibh.lib(fmemneed.c)
08e5:3b7c      __fmemneed_
Module: /dos/fdos/watcom2/lib286/dos/clibh.lib(comtflag.c)
08e5:3b7f*     __set_commode_
138b:06b8      __commode
Module: /dos/fdos/watcom2/lib286/dos/clibh.lib(textmode.c)
138b:06ba      __fmode
Module: /dos/fdos/watcom2/lib286/dos/clibh.lib(chktty.c)
08e5:3b8b      __chktty_
Module: /dos/fdos/watcom2/lib286/dos/clibh.lib(freefp.c)
08e5:3bea      __freefp_
08e5:3c8b      __purgefp_
Module: /dos/fdos/watcom2/lib286/dos/clibh.lib(allocfp.c)
08e5:3ccc      __allocfp_
Module: /dos/fdos/watcom2/lib286/dos/clibh.lib(ioalloc.c)
08e5:3e7c      __ioalloc_
Module: /dos/fdos/watcom2/lib286/dos/clibh.lib(qread.c)
08e5:400a      __qread_
Module: /dos/fdos/watcom2/lib286/dos/clibh.lib(initfile.c)
08e5:402a      __InitFiles_
Module: /dos/fdos/watcom2/lib286/dos/clibh.lib(ioexit.c)
08e5:425e*     fcloseall_
08e5:4265      __full_io_exit_
Module: /dos/fdos/watcom2/lib286/dos/clibh.lib(fmsize.c)
08e5:426f*     _msize_
08e5:428a      _fmsize_
Module: /dos/fdos/watcom2/lib286/dos/clibh.lib(nexpand.c)
08e5:429b      __HeapManager_expand_
08e5:47a4      _nexpand_
Module: /dos/fdos/watcom2/lib286/dos/clibh.lib(fexpand.c)
08e5:47f7      _fexpand_
08e5:47f7*     _expand_
Module: /dos/fdos/watcom2/lib286/dos/clibh.lib(intr.c)
08e5:482c      intr_
Module: /dos/fdos/watcom2/lib286/dos/clibh.lib(segread.c)
08e5:4840      segread_
Module: /dos/fdos/watcom2/lib286/dos/clibh.lib(grownear.c)
08e5:492b      __LastFree_
08e5:49a5      __ExpandDGROUP_
Module: /dos/fdos/watcom2/lib286/dos/clibh.lib(nmemneed.c)
08e5:4ab6      __nmemneed_
Module: /dos/fdos/watcom2/lib286/dos/clibh.lib(alphabet.c)
138b:0050      ___Alphabet
Module: /dos/fdos/watcom2/lib286/dos/clibh.lib(__lseek.c)
08e5:4ab9      __lseek_
Module: /dos/fdos/watcom2/lib286/dos/clibh.lib(dosret.c)
08e5:4af3*     __dosretax
08e5:4af8*     __dosret0
08e5:4aff      __set_errno_dos_
08e5:4b67*     __set_errno_dos_reterr_
Module: /dos/fdos/watcom2/lib286/dos/clibh.lib(iomode.c)
08e5:4b72      __GetIOMode_
08e5:4ba7      __SetIOMode_nogrow_
138b:06d0      ___NFiles
138b:06d2      ___init_mode
138b:06fa      ___io_mode
Module: /dos/fdos/watcom2/lib286/dos/clibh.lib(_clse.c)
08e5:4bdc      __close_
Module: /dos/fdos/watcom2/lib286/dos/clibh.lib(flush.c)
08e5:4c12      __flush_
Module: /dos/fdos/watcom2/lib286/dos/clibh.lib(fflush.c)
08e5:4e5b      fflush_
Module: /dos/fdos/watcom2/lib286/dos/clibh.lib(tell.c)
08e5:4e70      tell_
Module: /dos/fdos/watcom2/lib286/dos/clibh.lib(lseek.c)
08e5:4e81      lseek_
Module: /dos/fdos/watcom2/lib286/dos/clibh.lib(error086.asm)
08e5:4eb2      __doserror_
08e5:4ec0      __doserror1_
Module: /dos/fdos/watcom2/lib286/dos/clibh.lib(opendos.c)
08e5:4ecc      _dos_open_
Module: /dos/fdos/watcom2/lib286/dos/clibh.lib(isatt.c)
08e5:4ef2      isatty_
Module: /dos/fdos/watcom2/lib286/dos/clibh.lib(doserrno.c)
08e5:4f0e*     __get_doserrno_ptr_
138b:14d0      __doserrno
Module: /dos/fdos/watcom2/lib286/dos/clibh.lib(umaskval.c)
138b:06fe      ___umaskval
Module: /dos/fdos/watcom2/lib286/dos/clibh.lib(creatdos.c)
08e5:4f15      _dos_creat_
08e5:4f39*     _dos_creatnew_
Module: /dos/fdos/watcom2/lib286/dos/clibh.lib(stiomode.c)
08e5:4f5a+     __grow_iomode_
08e5:5041+     __shrink_iomode_
08e5:5082      __SetIOMode_
Module: /dos/fdos/watcom2/lib286/dos/clibh.lib(vsprintf.c)
08e5:5142      vsprintf_
Module: /dos/fdos/watcom2/lib286/dos/clibh.lib(environ.c)
138b:14d4      ___env_mask
138b:14d8      _environ
138b:14dc*     __wenviron
Module: /dos/fdos/watcom2/lib286/dos/clibh.lib(mbterm.c)
08e5:5184      _mbterm_
Module: /dos/fdos/watcom2/lib286/dos/clibh.lib(mbsnextc.c)
08e5:51d7      _mbsnextc_
Module: /dos/fdos/watcom2/lib286/dos/clibh.lib(mbcupper.c)
08e5:5232      _mbctoupper_
Module: /dos/fdos/watcom2/lib286/dos/clibh.lib(mbsinc.c)
08e5:5255      _mbsinc_
Module: /dos/fdos/watcom2/lib286/dos/clibh.lib(iomodtty.c)
08e5:52a7      __ChkTTYIOMode_
08e5:5315*     __IOMode_
Module: /dos/fdos/watcom2/lib286/dos/clibh.lib(heapwalk.c)
08e5:53e7      __HeapWalk_
Module: /dos/fdos/watcom2/lib286/dos/clibh.lib(chk8087.c)
08e5:5627*     _fpreset_
08e5:5652      __init_8087_
08e5:5685+     __default_sigfpe_handler_
08e5:56da      __chk8087_
Module: /dos/fdos/watcom2/lib286/dos/clibh.lib(enterdb.c)
08e5:574a      __EnterWVIDEO_
138b:071e+     ___WD_Present
Module: /dos/fdos/watcom2/lib286/dos/clibh.lib(flushall.c)
08e5:576e      __flushall_
08e5:5802      flushall_
Module: /dos/fdos/watcom2/lib286/dos/clibh.lib(gtche.c)
08e5:5808      getche_
Module: /dos/fdos/watcom2/lib286/dos/clibh.lib(qwrit.c)
08e5:5822      __qwrite_
Module: /dos/fdos/watcom2/lib286/dos/clibh.lib(fputc.c)
08e5:5882      fputc_
Module: /dos/fdos/watcom2/lib286/dos/clibh.lib(prtf.c)
08e5:5a57      __prtf_
Module: /dos/fdos/watcom2/lib286/dos/clibh.lib(___argc.c)
138b:14e0      ____Argv
138b:14e4      ____Argc
Module: /dos/fdos/watcom2/lib286/dos/clibh.lib(amblksiz.c)
138b:0720      __amblksiz
Module: /dos/fdos/watcom2/lib286/dos/clibh.lib(sgdef086)
138b:0752      __Start_XI
138b:0788      __End_XI
138b:0788      __Start_YI
138b:07a0      __End_YI
Module: /dos/fdos/watcom2/lib286/dos/clibh.lib(histsplt.c)
138b:14e6      ___historical_splitparms
Module: /dos/fdos/watcom2/lib286/dos/clibh.lib(heapen.c)
08e5:6bc8*     _heapenable_
138b:0722      ___heap_enabled
Module: /dos/fdos/watcom2/lib286/dos/clibh.lib(bfree.c)
08e5:6bd9      _bfree_
Module: /dos/fdos/watcom2/lib286/dos/clibh.lib(bexpand.c)
08e5:6bfe      _bexpand_
Module: /dos/fdos/watcom2/lib286/dos/clibh.lib(dointr)
08e5:6c58      _DoINTR_
Module: /dos/fdos/watcom2/lib286/dos/clibh.lib(sbrk.c)
08e5:6fd1*     sbrk_
08e5:6fe1      __brk_
Module: /dos/fdos/watcom2/lib286/dos/clibh.lib(fsync.c)
08e5:7049      fsync_
Module: /dos/fdos/watcom2/lib286/dos/clibh.lib(setenvp.c)
08e5:706c      __setenvp_
08e5:71f8      __freeenvp_
Module: /dos/fdos/watcom2/lib286/dos/clibh.lib(mbisdbcs.c)
138b:0724      ___IsDBCS
Module: /dos/fdos/watcom2/lib286/dos/clibh.lib(mbislead.c)
08e5:7256*     _ismbblead_
138b:14ec      ___MBCSIsTable
Module: /dos/fdos/watcom2/lib286/dos/clibh.lib(mbinit.c)
08e5:72b0      __mbinit_
138b:0726      ___MBCodePage
Module: /dos/fdos/watcom2/lib286/dos/clibh.lib(mbdtoupp.c)
08e5:738b      _mbdtoupper_
Module: /dos/fdos/watcom2/lib286/dos/clibh.lib(toupper.c)
08e5:7399      toupper_
Module: /dos/fdos/watcom2/lib286/dos/clibh.lib(8087cw.c)
138b:0728      __8087cw
Module: /dos/fdos/watcom2/lib286/dos/clibh.lib(save8087.c)
138b:072a      ___Save8087
138b:072e      ___Rest8087
Module: /dos/fdos/watcom2/lib286/dos/clibh.lib(grabfp87.c)
08e5:73a8      __GrabFP87_
Module: /dos/fdos/watcom2/lib286/dos/clibh.lib(ini87086.asm)
08e5:73da*     __init_8087_emu
08e5:73e0      __x87id
Module: /dos/fdos/watcom2/lib286/dos/clibh.lib(wctomb.c)
08e5:743d      wctomb_
Module: /dos/fdos/watcom2/lib286/dos/clibh.lib(itoa.c)
08e5:7488+     utoa_
08e5:7529      itoa_
Module: /dos/fdos/watcom2/lib286/dos/clibh.lib(strupr.c)
08e5:7573      strupr_
Module: /dos/fdos/watcom2/lib286/dos/clibh.lib(noefgfmt.c)
138b:0732      ___EFG_printf
138b:0736*     ___EFG_scanf
Module: /dos/fdos/watcom2/lib286/dos/clibh.lib(lltoa.c)
08e5:75bb      ulltoa_
08e5:76f8*     lltoa_
Module: /dos/fdos/watcom2/lib286/dos/clibh.lib(filedos.c)
08e5:7769*     _dos_close_
08e5:7777      _dos_commit_
Module: /dos/fdos/watcom2/lib286/dos/clibh.lib(clearenv.c)
08e5:7786      clearenv_
Module: /dos/fdos/watcom2/lib286/dos/clibh.lib(fpe87.asm)
08e5:78bc      __Init_FPE_handler_
08e5:78f5      __Fini_FPE_handler_
08e5:792c*     __FPEHandler
Module: /dos/fdos/watcom2/lib286/dos/clibh.lib(fpeint.c)
138b:0750      ___FPE_int


                        +--------------------+
                        |   Libraries Used   |
                        +--------------------+

gfx.lib
/dos/fdos/watcom2/lib286/dos/clibh.lib


                        +-----------------------+
                        |   Linker Statistics   |
                        +-----------------------+

Stack size:  dac0 (56000.)
Memory size:  00022b70 (142192.)
Entry point address: 08e5:0072
Link time: 00:00.10
