Open Watcom Linker Version 2.0 beta Sep 21 2015 09:27:06 (32-bit)
Copyright (c) 2002-2015 The Open Watcom Contributors. All Rights Reserved.
Portions Copyright (c) 1985-2002 Sybase, Inc. All Rights Reserved.
Created on:       15/10/02 15:38:49
Executable Image: 16.exe
creating a DOS executable


                        +------------+
                        |   Groups   |
                        +------------+

Group                           Address              Size
=====                           =======              ====

DGROUP                          0faa:0000            0000f410



                        +--------------+
                        |   Segments   |
                        +--------------+

Segment                Class          Group          Address         Size
=======                =====          =====          =======         ====

16_TEXT                CODE           AUTO           0000:0000       00000285
mapread_TEXT           CODE           AUTO           0000:0290       00000872
jsmn_TEXT              CODE           AUTO           0000:0b10       00000919
_TEXT                  CODE           AUTO           0000:1430       000066b6
modex16_TEXT           CODE           AUTO           0000:7af0       00002180
16_in_TEXT             CODE           AUTO           0000:9c70       00001d43
scroll16_TEXT          CODE           AUTO           0000:b9c0       000033df
wcpu_TEXT              CODE           AUTO           0000:eda0       00000058
bitmap_TEXT            CODE           AUTO           0000:ee00       000005c9
16text_TEXT            CODE           AUTO           0000:f3d0       0000010d
16_head_TEXT           CODE           AUTO           0000:f4e0       00000405
16_in13_DATA           FAR_DATA       AUTO           0f8f:0000       000001a4
FAR_DATA               FAR_DATA       AUTO           0fa9:0004       00000000
_NULL                  BEGDATA        DGROUP         0faa:0000       00000020
_AFTERNULL             BEGDATA        DGROUP         0fac:0000       00000002
CONST                  DATA           DGROUP         0fac:0002       00000076
CONST2                 DATA           DGROUP         0fb3:0008       00000102
_DATA                  DATA           DGROUP         0fc4:0000       000009ee
XIB                    DATA           DGROUP         1062:000e       00000000
XI                     DATA           DGROUP         1062:000e       00000024
XIE                    DATA           DGROUP         1065:0002       00000000
YIB                    DATA           DGROUP         1065:0002       00000000
YI                     DATA           DGROUP         1065:0002       00000012
YIE                    DATA           DGROUP         1066:0004       00000000
STRINGS                DATA           DGROUP         1066:0004       00000000
DATA                   DATA           DGROUP         1066:0004       00000000
_BSS                   BSS            DGROUP         1067:0000       00000d7d
STACK                  STACK          DGROUP         113f:0000       0000dac0


                        +----------------+
                        |   Memory Map   |
                        +----------------+

* = unreferenced symbol
+ = symbol only referenced locally

Address        Symbol
=======        ======

Module: 16.o(/dos/z/16/src/16.c)
0000:00cc      main_
0faa:0bd0+     _player
0faa:0cd0+     _screen
0faa:0ce0+     _cpus
0faa:0ce4*     _gpal
0faa:0ce8+     _dpal
0faa:0cec+     _gvar
0faa:0d00+     _engi_stat
Module: mapread.o(/dos/z/16/src/lib/mapread.c)
0000:032c+     jsoneq_
0000:03d0+     dump_
0000:08cc*     loadmap_
Module: jsmn.o(/dos/z/16/src/lib/jsmn/jsmn.c)
0000:0ee2      jsmn_parse_
0000:13de      jsmn_init_
Module: /dos/fdos/watcom2/lib286/dos/clibh.lib(stk086.asm)
0000:1435      __STK
0000:1455*     __STKOVERFLOW_
Module: /dos/fdos/watcom2/lib286/dos/clibh.lib(pia.asm)
0000:1479      __PIA
0000:1472*     __PIS
Module: 16.lib(/dos/z/16/src/lib/modex16.c)
0000:7ca8      VGAmodeX_
0000:7d50+     modexEnter_
0000:7dec*     modexLeave_
0000:7e04*     modexDefaultPage_
0000:7e5e*     modexNextPage_
0000:7f1a*     modexNextPageFlexibleSize_
0000:7fbe      modexShowPage_
0000:80ba*     modexPanPage_
0000:810a*     modexSelectPlane_
0000:812e      modexClearRegion_
0000:8246*     oldDrawBmp_
0000:83ac*     CDrawBmp_
0000:8510*     modexDrawBmp_
0000:8576+     modexDrawBmpRegion_
0000:86e0*     modexDrawPlanarBuf_
0000:86fe*     modexDrawSprite_
0000:8764+     modexDrawSpriteRegion_
0000:88dc      modexCopyPageRegion_
0000:8a46      modexFadeOn_
0000:8a76      modexFadeOff_
0000:8aa4*     modexFlashOn_
0000:8ad2*     modexFlashOff_
0000:8ba2      modexPalSave_
0000:8bf8      modexNewPal_
0000:8c48*     modexLoadPalFile_
0000:8d2a*     modexSavePalFile_
0000:8da2      modexPalBlack_
0000:8dcc*     modexPalWhite_
0000:8df6+     modexPalUpdate_
0000:9366+     modexPalUpdate1_
0000:93e0*     modexPalUpdate0_
0000:942c+     chkcolor_
0000:9744+     modexputPixel_
0000:97d2*     modexgetPixel_
0000:9858*     modexhlin_
0000:98c4      modexprint_
0000:9a5e*     modexprintbig_
0000:9bda*     cls_
0000:9c48      modexWaitBorder_
0faa:01c4+     _VGA
Module: /dos/fdos/watcom2/lib286/dos/clibh.lib(printf.c)
0000:1490      printf_
Module: 16.lib(/dos/z/16/src/lib/16_in.c)
0000:9d88+     INL_KeyService_
0000:9fd2+     Mouse_
0000:a02a+     IN_GetJoyAbs_
0000:a3f0+     IN_GetJoyButtonsDB_
0000:a686+     IN_SetupJoy_
0000:a848      IN_Startup_
0000:a94e      IN_Default_
0000:aab2      IN_Shutdown_
0000:ab32*     IN_SetKeyHook_
0000:ab54+     IN_ClearKeysDown_
0000:ac34*     IN_ReadCursor_
0000:ad50      IN_ReadControl_
0000:b4d0*     IN_SetControlType_
0000:b51e*     IN_GetScanName_
0000:b5a6*     IN_WaitForKey_
0000:b5dc*     IN_WaitForASCII_
0000:b612+     IN_AckBack_
0000:b6fa*     IN_Ack_
0000:b79c+     IN_IsUserInput_
0000:b842*     IN_UserInput_
0000:b89a      IN_KeyDown_
0000:b8e2+     IN_ClearKey_
0000:b95a*     IN_qb_
0faa:162e+     _inpu
Module: 16.lib(/dos/z/16/src/lib/scroll16.c)
0000:b9ce*     walk_
0000:d444+     mapScrollRight_
0000:d722+     mapScrollLeft_
0000:d9d6+     mapScrollUp_
0000:dcc4+     mapScrollDown_
0000:dfe4*     chkmap_
0000:e174*     mapGoTo_
0000:e3dc+     mapDrawTile_
0000:e500+     mapDrawRow_
0000:e654+     mapDrawCol_
0000:e7be+     mapDrawWRow_
0000:e8ec*     mapDrawWCol_
0000:ea36      shinku_
0000:eb20+     animatePlayer_
Module: 16.lib(/dos/z/16/src/lib/wcpu/wcpu.c)
0000:eda0      detectcpu_
Module: /dos/fdos/watcom2/lib286/dos/clibh.lib(cstart)
0faa:0000*     __nullarea
0faa:0956*     __ovlflag
0faa:0957*     __intno
0faa:0958*     __ovlvec
0000:14c0      _cstart_
0000:1593*     _Not_Enough_Memory_
0000:16c5      __exit_
0000:16e4      __do_exit_with_msg__
0000:1741      __GETDS
Module: /dos/fdos/watcom2/lib286/dos/clibh.lib(cmodel.asm)
0000:174c      _big_code_
0000:174c*     CodeModelMismatch
Module: /dos/fdos/watcom2/lib286/dos/clibh.lib(argcv.c)
0faa:1784      __argv
0faa:1788      ___argv
0faa:178c      __argc
0faa:178e      ___argc
Module: /dos/fdos/watcom2/lib286/dos/clibh.lib(strncmp.c)
0000:174c      strncmp_
Module: /dos/fdos/watcom2/lib286/dos/clibh.lib(fmalloc.c)
0000:1789      _fmalloc_
0000:1789      malloc_
0faa:095c+     ___fheap
0faa:095e      ___fheapRover
0faa:0960      ___LargestSizeB4Rover
Module: 16.lib(/dos/z/16/src/lib/bitmap.c)
0000:f102      bitmapLoadPcx_
0000:f25e*     bitmapLoadPcxTiles_
Module: /dos/fdos/watcom2/lib286/dos/clibh.lib(strstr.c)
0000:18fe      strstr_
Module: /dos/fdos/watcom2/lib286/dos/clibh.lib(atoi.c)
0000:1a00      atoi_
Module: /dos/fdos/watcom2/lib286/dos/clibh.lib(fopen.c)
0000:1a9b+     __open_flags_
0000:1d5c+     _fsopen_
0000:1dc3      fopen_
0000:1ee6*     freopen_
Module: /dos/fdos/watcom2/lib286/dos/clibh.lib(fread.c)
0000:1f70      fread_
Module: /dos/fdos/watcom2/lib286/dos/clibh.lib(errno.c)
0000:22e7      __get_errno_ptr_
0faa:1810      _errno
Module: /dos/fdos/watcom2/lib286/dos/clibh.lib(iob.c)
0faa:0974      ___iob
0faa:1812      ___ClosedStreams
0faa:1816      ___OpenStreams
Module: /dos/fdos/watcom2/lib286/dos/clibh.lib(fprintf.c)
0000:22ee      fprintf_
Module: /dos/fdos/watcom2/lib286/dos/clibh.lib(frealloc.c)
0000:231d*     _frealloc_
0000:231d      realloc_
Module: /dos/fdos/watcom2/lib286/dos/clibh.lib(ptc.asm)
0000:23fa      __PTC
Module: /dos/fdos/watcom2/lib286/dos/clibh.lib(strncpy.c)
0000:242d      strncpy_
Module: /dos/fdos/watcom2/lib286/dos/clibh.lib(xmsg.c)
0000:2469*     __exit_with_msg_
0000:246e      __fatal_runtime_error_
Module: /dos/fdos/watcom2/lib286/dos/clibh.lib(crwdata)
0faa:0adc      __curbrk
0faa:0ae4      __STACKLOW
0faa:0ae6      __STACKTOP
0faa:0ae8      __cbyte
0faa:0aea      __child
0faa:0aec      __no87
0faa:0af9      ___FPE_handler
0faa:0ade      __psp
0faa:0aed      __get_ovl_stack
0faa:0af1      __restore_ovl_stack
0faa:0af5      __close_ovl_file
0faa:0afd      __LpCmdLine
0faa:0b01      __LpPgmName
0faa:0ae0      __osmajor
0faa:0ae1      __osminor
0faa:0ae2      __osmode
0faa:0ae3      __HShift
Module: /dos/fdos/watcom2/lib286/dos/clibh.lib(intx086.c)
0000:248c+     int86x_
0000:260f      int86_
Module: /dos/fdos/watcom2/lib286/dos/clibh.lib(exit.c)
0000:263c+     _null_exit_rtn_
0000:263c+     __null_int23_exit_
0000:263d      exit_
0000:265e+     _exit_
0faa:0b06+     ___int23_exit
0faa:0b0a+     ___FPE_handler_exit
Module: /dos/fdos/watcom2/lib286/dos/clibh.lib(fgetc.c)
0000:267a      __fill_buffer_
0000:28c9      fgetc_
Module: /dos/fdos/watcom2/lib286/dos/clibh.lib(fclose.c)
0000:2a10      __doclose_
0000:2b5a      __shutdown_stream_
0000:2b74      fclose_
0faa:181a+     ___RmTmpFileFn
Module: /dos/fdos/watcom2/lib286/dos/clibh.lib(ffree.c)
0000:2bdf      _ffree_
0000:2bdf      free_
Module: /dos/fdos/watcom2/lib286/dos/clibh.lib(fwrite.c)
0000:2c4c      fwrite_
Module: /dos/fdos/watcom2/lib286/dos/clibh.lib(rand.c)
0000:2fc5      rand_
0000:3007*     srand_
Module: /dos/fdos/watcom2/lib286/dos/clibh.lib(i4m.asm)
0000:302a      __I4M
0000:302a      __U4M
Module: 16.lib(/dos/z/16/src/lib/16text.c)
0000:f446*     textInit_
0faa:181e      _romFonts
Module: /dos/fdos/watcom2/lib286/dos/clibh.lib(fprtf.c)
0000:305c      __fprtf_
Module: /dos/fdos/watcom2/lib286/dos/clibh.lib(d_getvec.c)
0000:31af      _dos_getvect_
Module: /dos/fdos/watcom2/lib286/dos/clibh.lib(d_setvec.c)
0000:31ba      _dos_setvect_
Module: /dos/fdos/watcom2/lib286/dos/clibh.lib(i4d.asm)
0000:31c8      __I4D
0000:3217      __U4D
Module: 16.lib(/dos/z/16/src/lib/16_head.c)
0000:f4ee*     wait_
0000:f53a*     filesize_
0000:f5a0*     printmeminfoline_
0000:f78c      US_CheckParm_
Module: /dos/fdos/watcom2/lib286/dos/clibh.lib(sprintf.c)
0000:329b      sprintf_
Module: /dos/fdos/watcom2/lib286/dos/clibh.lib(cmain086.c)
0000:32ca      __CMain
Module: /dos/fdos/watcom2/lib286/dos/clibh.lib(initrtns.c)
0000:3330      __InitRtns
0000:3330*     __FInitRtns
0000:338b      __FiniRtns
0000:338b*     __FFiniRtns
Module: /dos/fdos/watcom2/lib286/dos/clibh.lib(uselfn.c)
0faa:0b24      ___uselfn
Module: /dos/fdos/watcom2/lib286/dos/clibh.lib(dosseg)
0000:33f0      __DOSseg__
Module: /dos/fdos/watcom2/lib286/dos/clibh.lib(initargv.c)
0000:33f1      __Init_Argv_
0000:3454+     _getargv_
0000:3784      __Fini_Argv_
Module: /dos/fdos/watcom2/lib286/dos/clibh.lib(mem.c)
0000:37b0      __MemAllocator
0000:387a      __MemFree
Module: /dos/fdos/watcom2/lib286/dos/clibh.lib(growseg.c)
0000:39d7      __GrowSeg_
Module: /dos/fdos/watcom2/lib286/dos/clibh.lib(allocseg.c)
0000:3b4d      __AllocSeg_
Module: /dos/fdos/watcom2/lib286/dos/clibh.lib(fmemneed.c)
0000:3c3c      __fmemneed_
Module: /dos/fdos/watcom2/lib286/dos/clibh.lib(nmalloc.c)
0000:3c3f      _nmalloc_
0faa:0b26      ___nheapbeg
0faa:0b28      ___MiniHeapRover
0faa:0b2a      ___LargestSizeB4MiniHeapRover
Module: /dos/fdos/watcom2/lib286/dos/clibh.lib(heapgrow.c)
0000:3d19*     _heapgrow_
0000:3d19*     _fheapgrow_
0000:3d1a      _nheapgrow_
Module: /dos/fdos/watcom2/lib286/dos/clibh.lib(fseek.c)
0000:3eb0      fseek_
Module: /dos/fdos/watcom2/lib286/dos/clibh.lib(pts.asm)
0000:40a8      __PTS
Module: /dos/fdos/watcom2/lib286/dos/clibh.lib(istable.c)
0faa:0098      __IsTable
Module: /dos/fdos/watcom2/lib286/dos/clibh.lib(comtflag.c)
0000:40d9*     __set_commode_
0faa:0b2c      __commode
Module: /dos/fdos/watcom2/lib286/dos/clibh.lib(textmode.c)
0faa:0b2e      __fmode
Module: /dos/fdos/watcom2/lib286/dos/clibh.lib(tolower.c)
0000:40e5      tolower_
Module: /dos/fdos/watcom2/lib286/dos/clibh.lib(open.c)
0000:4314*     open_
0000:434b      sopen_
Module: /dos/fdos/watcom2/lib286/dos/clibh.lib(chktty.c)
0000:4378      __chktty_
Module: /dos/fdos/watcom2/lib286/dos/clibh.lib(freefp.c)
0000:43d7      __freefp_
0000:4478      __purgefp_
Module: /dos/fdos/watcom2/lib286/dos/clibh.lib(allocfp.c)
0000:44b9      __allocfp_
Module: /dos/fdos/watcom2/lib286/dos/clibh.lib(ioalloc.c)
0000:4669      __ioalloc_
Module: /dos/fdos/watcom2/lib286/dos/clibh.lib(qread.c)
0000:47f7      __qread_
Module: /dos/fdos/watcom2/lib286/dos/clibh.lib(initfile.c)
0000:4817      __InitFiles_
Module: /dos/fdos/watcom2/lib286/dos/clibh.lib(ioexit.c)
0000:4a4b*     fcloseall_
0000:4a52      __full_io_exit_
Module: /dos/fdos/watcom2/lib286/dos/clibh.lib(fmsize.c)
0000:4a5c*     _msize_
0000:4a77      _fmsize_
Module: /dos/fdos/watcom2/lib286/dos/clibh.lib(nexpand.c)
0000:4a88      __HeapManager_expand_
0000:4f91      _nexpand_
Module: /dos/fdos/watcom2/lib286/dos/clibh.lib(fexpand.c)
0000:4fe4      _fexpand_
0000:4fe4*     _expand_
Module: /dos/fdos/watcom2/lib286/dos/clibh.lib(enterdb.c)
0000:5019      __EnterWVIDEO_
0faa:0b30+     ___WD_Present
Module: /dos/fdos/watcom2/lib286/dos/clibh.lib(intr.c)
0000:503d      intr_
Module: /dos/fdos/watcom2/lib286/dos/clibh.lib(segread.c)
0000:5051      segread_
Module: /dos/fdos/watcom2/lib286/dos/clibh.lib(flushall.c)
0000:50b7      __flushall_
0000:514b      flushall_
Module: /dos/fdos/watcom2/lib286/dos/clibh.lib(gtche.c)
0000:5151      getche_
Module: /dos/fdos/watcom2/lib286/dos/clibh.lib(__lseek.c)
0000:516b      __lseek_
Module: /dos/fdos/watcom2/lib286/dos/clibh.lib(_clse.c)
0000:51a5      __close_
Module: /dos/fdos/watcom2/lib286/dos/clibh.lib(flush.c)
0000:51db      __flush_
Module: /dos/fdos/watcom2/lib286/dos/clibh.lib(nfree.c)
0000:5424      _nfree_
0faa:183a+     ___MiniHeapFreeRover
Module: /dos/fdos/watcom2/lib286/dos/clibh.lib(qwrit.c)
0000:551f      __qwrite_
Module: /dos/fdos/watcom2/lib286/dos/clibh.lib(fputc.c)
0000:557f      fputc_
Module: /dos/fdos/watcom2/lib286/dos/clibh.lib(prtf.c)
0000:5754      __prtf_
Module: /dos/fdos/watcom2/lib286/dos/clibh.lib(clockdos.c)
0000:68b6+     __ibm_bios_get_ticks_
0000:692d      clock_
Module: /dos/fdos/watcom2/lib286/dos/clibh.lib(kbhit.c)
0000:6954      kbhit_
Module: /dos/fdos/watcom2/lib286/dos/clibh.lib(ftell.c)
0000:696b      ftell_
Module: /dos/fdos/watcom2/lib286/dos/clibh.lib(ltoa.c)
0000:6a33      ultoa_
0000:6af1*     ltoa_
Module: /dos/fdos/watcom2/lib286/dos/clibh.lib(vsprintf.c)
0000:6b58      vsprintf_
Module: /dos/fdos/watcom2/lib286/dos/clibh.lib(___argc.c)
0faa:1840      ____Argv
0faa:1844      ____Argc
Module: /dos/fdos/watcom2/lib286/dos/clibh.lib(amblksiz.c)
0faa:0b3a      __amblksiz
Module: /dos/fdos/watcom2/lib286/dos/clibh.lib(sgdef086)
0faa:0b8e      __Start_XI
0faa:0bb2      __End_XI
0faa:0bb2      __Start_YI
0faa:0bc4      __End_YI
Module: /dos/fdos/watcom2/lib286/dos/clibh.lib(histsplt.c)
0faa:1846      ___historical_splitparms
Module: /dos/fdos/watcom2/lib286/dos/clibh.lib(heapen.c)
0000:6b9a*     _heapenable_
0faa:0b3c      ___heap_enabled
Module: /dos/fdos/watcom2/lib286/dos/clibh.lib(nmemneed.c)
0000:6bab      __nmemneed_
Module: /dos/fdos/watcom2/lib286/dos/clibh.lib(grownear.c)
0000:6c33      __LastFree_
0000:6cad      __ExpandDGROUP_
Module: /dos/fdos/watcom2/lib286/dos/clibh.lib(lseek.c)
0000:6dbe      lseek_
Module: /dos/fdos/watcom2/lib286/dos/clibh.lib(tell.c)
0000:6def      tell_
Module: /dos/fdos/watcom2/lib286/dos/clibh.lib(opendos.c)
0000:6e00      _dos_open_
Module: /dos/fdos/watcom2/lib286/dos/clibh.lib(iomode.c)
0000:6e26      __GetIOMode_
0000:6e5b      __SetIOMode_nogrow_
0faa:0b3e      ___NFiles
0faa:0b40      ___init_mode
0faa:0b68      ___io_mode
Module: /dos/fdos/watcom2/lib286/dos/clibh.lib(isatt.c)
0000:6e90      isatty_
Module: /dos/fdos/watcom2/lib286/dos/clibh.lib(doserrno.c)
0000:6eac*     __get_doserrno_ptr_
0faa:1848      __doserrno
Module: /dos/fdos/watcom2/lib286/dos/clibh.lib(umaskval.c)
0faa:0b6c      ___umaskval
Module: /dos/fdos/watcom2/lib286/dos/clibh.lib(creatdos.c)
0000:6eb3      _dos_creat_
0000:6ed7*     _dos_creatnew_
Module: /dos/fdos/watcom2/lib286/dos/clibh.lib(stiomode.c)
0000:6ef8+     __grow_iomode_
0000:6fdf+     __shrink_iomode_
0000:7020      __SetIOMode_
Module: /dos/fdos/watcom2/lib286/dos/clibh.lib(dosret.c)
0000:70c7*     __dosretax
0000:70cc*     __dosret0
0000:70d3      __set_errno_dos_
0000:713b*     __set_errno_dos_reterr_
Module: /dos/fdos/watcom2/lib286/dos/clibh.lib(bfree.c)
0000:7146      _bfree_
Module: /dos/fdos/watcom2/lib286/dos/clibh.lib(bexpand.c)
0000:716b      _bexpand_
Module: /dos/fdos/watcom2/lib286/dos/clibh.lib(dointr)
0000:71c4      _DoINTR_
Module: /dos/fdos/watcom2/lib286/dos/clibh.lib(fsync.c)
0000:753d      fsync_
Module: /dos/fdos/watcom2/lib286/dos/clibh.lib(wctomb.c)
0000:7542      wctomb_
Module: /dos/fdos/watcom2/lib286/dos/clibh.lib(itoa.c)
0000:758d+     utoa_
0000:762e      itoa_
Module: /dos/fdos/watcom2/lib286/dos/clibh.lib(strupr.c)
0000:7678      strupr_
Module: /dos/fdos/watcom2/lib286/dos/clibh.lib(noefgfmt.c)
0faa:0b82      ___EFG_printf
0faa:0b86*     ___EFG_scanf
Module: /dos/fdos/watcom2/lib286/dos/clibh.lib(mbisdbcs.c)
0faa:0b8a      ___IsDBCS
Module: /dos/fdos/watcom2/lib286/dos/clibh.lib(mbislead.c)
0000:76c0*     _ismbblead_
0faa:184c      ___MBCSIsTable
Module: /dos/fdos/watcom2/lib286/dos/clibh.lib(lltoa.c)
0000:76dc      ulltoa_
0000:7819*     lltoa_
Module: /dos/fdos/watcom2/lib286/dos/clibh.lib(fflush.c)
0000:788a      fflush_
Module: /dos/fdos/watcom2/lib286/dos/clibh.lib(alphabet.c)
0faa:0072      ___Alphabet
Module: /dos/fdos/watcom2/lib286/dos/clibh.lib(sbrk.c)
0000:789f*     sbrk_
0000:78af      __brk_
Module: /dos/fdos/watcom2/lib286/dos/clibh.lib(error086.asm)
0000:7918      __doserror_
0000:7926*     __doserror1_
Module: /dos/fdos/watcom2/lib286/dos/clibh.lib(iomodtty.c)
0000:7932      __ChkTTYIOMode_
0000:79a0*     __IOMode_
Module: /dos/fdos/watcom2/lib286/dos/clibh.lib(filedos.c)
0000:79b0*     _dos_close_
0000:79be      _dos_commit_
Module: /dos/fdos/watcom2/lib286/dos/clibh.lib(mbinit.c)
0000:7a0b      __mbinit_
0faa:0b8c+     ___MBCodePage


                        +--------------------+
                        |   Libraries Used   |
                        +--------------------+

16.lib
/dos/fdos/watcom2/lib286/dos/clibh.lib


                        +-----------------------+
                        |   Linker Statistics   |
                        +-----------------------+

Stack size:  dac0 (56000.)
Memory size:  0001eeb0 (126640.)
Entry point address: 0000:14c0
Link time: 00:00.00
