Open Watcom Linker Version 2.0 beta Sep 21 2015 09:27:06 (32-bit)
Copyright (c) 2002-2015 The Open Watcom Contributors. All Rights Reserved.
Portions Copyright (c) 1985-2002 Sybase, Inc. All Rights Reserved.
Created on:       15/10/03 12:14:30
Executable Image: bakapi.exe
creating a DOS executable


                        +------------+
                        |   Groups   |
                        +------------+

Group                           Address              Size
=====                           =======              ====

DGROUP                          13b1:0000            0000f080



                        +--------------+
                        |   Segments   |
                        +--------------+

Segment                Class          Group          Address         Size
=======                =====          =====          =======         ====

bakapi_TEXT            CODE           AUTO           0000:0000       00000236
16_in_TEXT             CODE           AUTO           0000:0240       00001d43
16_mm_TEXT             CODE           AUTO           0000:1f90       00003308
wcpu_TEXT              CODE           AUTO           0000:52a0       00000058
16_head_TEXT           CODE           AUTO           0000:5300       00000405
16_ca_TEXT             CODE           AUTO           0000:5710       000003fd
kitten_TEXT            CODE           AUTO           0000:5b10       0000080a
16_hc_TEXT             CODE           AUTO           0000:6320       0000158b
timer_TEXT             CODE           AUTO           0000:78b0       0000020f
_TEXT                  CODE           AUTO           07ac:0000       0000907b
modex16_TEXT           CODE           AUTO           07ac:9080       00002180
16text_TEXT            CODE           AUTO           07ac:b200       0000010d
bakapee_TEXT           CODE           AUTO           07ac:b310       00000b86
16_in13_DATA           FAR_DATA       AUTO           1396:0000       000001a4
FAR_DATA               FAR_DATA       AUTO           13b0:0004       00000000
_NULL                  BEGDATA        DGROUP         13b1:0000       00000020
_AFTERNULL             BEGDATA        DGROUP         13b3:0000       00000002
CONST                  DATA           DGROUP         13b3:0002       00000076
CONST2                 DATA           DGROUP         13ba:0008       0000010a
_DATA                  DATA           DGROUP         13cc:0000       000005a9
XIB                    DATA           DGROUP         1426:000a       00000000
XI                     DATA           DGROUP         1426:000a       00000036
XIE                    DATA           DGROUP         142a:0000       00000000
YIB                    DATA           DGROUP         142a:0000       00000000
YI                     DATA           DGROUP         142a:0000       00000018
YIE                    DATA           DGROUP         142b:0008       00000000
STRINGS                DATA           DGROUP         142b:0008       00000000
DATA                   DATA           DGROUP         142b:0008       00000000
_emu_init_start        EMU            DGROUP         142b:0008       00000000
_emu_init_end          EMU            DGROUP         142b:0008       00000000
_BSS                   BSS            DGROUP         142c:0000       00000e02
STACK                  STACK          DGROUP         150d:0000       0000dac0


                        +----------------+
                        |   Memory Map   |
                        +----------------+

* = unreferenced symbol
+ = symbol only referenced locally

Address        Symbol
=======        ======

Module: bakapi.o(/dos/z/16/src/bakapi.c)
0000:00a2      main_
Module: 16_in.o(/dos/z/16/src/lib/16_in.c)
0000:0358+     INL_KeyService_
0000:05a2+     Mouse_
0000:05fa+     IN_GetJoyAbs_
0000:09c0+     IN_GetJoyButtonsDB_
0000:0c56+     IN_SetupJoy_
0000:0e18*     IN_Startup_
0000:0f1e*     IN_Default_
0000:1082*     IN_Shutdown_
0000:1102*     IN_SetKeyHook_
0000:1124+     IN_ClearKeysDown_
0000:1204*     IN_ReadCursor_
0000:1320*     IN_ReadControl_
0000:1aa0*     IN_SetControlType_
0000:1aee*     IN_GetScanName_
0000:1b76*     IN_WaitForKey_
0000:1bac*     IN_WaitForASCII_
0000:1be2+     IN_AckBack_
0000:1cca*     IN_Ack_
0000:1d6c+     IN_IsUserInput_
0000:1e12*     IN_UserInput_
0000:1e6a*     IN_KeyDown_
0000:1eb2+     IN_ClearKey_
0000:1f2a*     IN_qb_
13b1:07ce+     _inpu
Module: 16_mm.o(/dos/z/16/src/lib/16_mm.c)
0000:2974+     MML_CheckForEMS_
0000:29d0+     MML_SetupEMS_
0000:2b88+     MML_ShutdownEMS_
0000:2bf4+     MM_MapEMS_
0000:2cf0*     MM_MapXEMS_
0000:2e10+     MML_CheckForXMS_
0000:2e6c*     MML_SetupXMS_
0000:2f54+     MML_ShutdownXMS_
0000:2fe2+     MML_UseSpace_
0000:31c0+     MML_ClearBlock_
0000:3244*     MM_Startup_
0000:3676+     MM_Shutdown_
0000:370c      MM_GetPtr_
0000:3b06+     MM_FreePtr_
0000:3bfe*     MM_SetPurge_
0000:3cd8*     MM_SetLock_
0000:3db0+     MM_SortMem_
0000:3f9e*     MM_ShowMemory_
0000:463e*     MM_DumpData_
0000:4798+     MM_UnusedMemory_
0000:481c+     MM_TotalFree_
0000:48b2*     MM_Report_
0000:526a*     MM_BombOnError_
13b1:0930+     _beforesort
13b1:0934+     _aftersort
13b1:0938+     _XMSaddr
Module: wcpu.o(/dos/z/16/src/lib/wcpu/wcpu.c)
0000:52a0      detectcpu_
Module: 16_head.o(/dos/z/16/src/lib/16_head.c)
0000:530e*     wait_
0000:535a*     filesize_
0000:53c0      printmeminfoline_
0000:55ac      US_CheckParm_
Module: 16_ca.o(/dos/z/16/src/lib/16_ca.c)
0000:573e      CA_OpenDebug_
0000:578e      CA_CloseDebug_
0000:57bc+     CA_FarRead_
0000:583c*     CA_FarWrite_
0000:58bc*     CA_ReadFile_
0000:5938*     CA_LoadFile_
0000:59e0*     CAL_OptimizeNodes_
0000:5a90*     CA_Startup_
0000:5ae0*     CA_Shutdown_
13b1:0940*     _finishcachebox
13b1:0944*     _drawcachebox
13b1:0948*     _updatecachebox
Module: kitten.o(/dos/z/16/src/lib/nyan/kitten.c)
0000:5b4c      KITTENGETS
0000:5bac*     kittenopen_
0000:5dfa+     catread_
0000:5eae*     kittenclose_
0000:5eca+     mystrtoul_
0000:5f7e+     processEscChars_
0000:6104+     get_line_
0000:6176+     db_fetch_
0000:620c+     db_insert_
13b1:04a4+     __kitten_catalog
Module: 16_hc.o(/dos/z/16/src/lib/16_hc.c)
0000:64cc+     LargestFreeBlock_
0000:655a+     _coreleft_
0000:65d6+     LargestFarFreeBlock_
0000:668c+     _farcoreleft_
0000:673a+     LargestHugeFreeBlock_
0000:682a*     _hugecoreleft_
0000:68fa+     GetFreeSize_
0000:6954+     GetFarFreeSize_
0000:699e+     GetNearFreeSize_
0000:69ec*     heapdump_
0000:768e+     heapstat_
0000:77cc+     heapstat0_
0000:782e+     HC_OpenDebug_
0000:787e*     HC_CloseDebug_
Module: timer.o(/dos/z/16/src/lib/timer.c)
0000:78b0*     start_timer_
0000:79b6*     elapsed_timer_
0000:7a08*     ticktock_
0000:7a74*     time_in_seconds_
Module: /dos/fdos/watcom2/lib286/dos/clibh.lib(stk086.asm)
07ac:0005      __STK
07ac:0025      __STKOVERFLOW_
Module: /dos/fdos/watcom2/lib286/dos/clibh.lib(rand.c)
07ac:0042      rand_
07ac:0084*     srand_
Module: /dos/fdos/watcom2/lib286/dos/clibh.lib(pia.asm)
07ac:00af      __PIA
07ac:00a8*     __PIS
Module: gfx.lib(/dos/z/16/src/lib/modex16.c)
07ac:9238      VGAmodeX_
07ac:92e0+     modexEnter_
07ac:937c*     modexLeave_
07ac:9394      modexDefaultPage_
07ac:93ee*     modexNextPage_
07ac:94aa*     modexNextPageFlexibleSize_
07ac:954e      modexShowPage_
07ac:964a*     modexPanPage_
07ac:969a*     modexSelectPlane_
07ac:96be      modexClearRegion_
07ac:97d6*     oldDrawBmp_
07ac:993c*     CDrawBmp_
07ac:9aa0*     modexDrawBmp_
07ac:9b06+     modexDrawBmpRegion_
07ac:9c70*     modexDrawPlanarBuf_
07ac:9c8e*     modexDrawSprite_
07ac:9cf4+     modexDrawSpriteRegion_
07ac:9e6c*     modexCopyPageRegion_
07ac:9fd6*     modexFadeOn_
07ac:a006*     modexFadeOff_
07ac:a034*     modexFlashOn_
07ac:a062*     modexFlashOff_
07ac:a132+     modexPalSave_
07ac:a188+     modexNewPal_
07ac:a1d8*     modexLoadPalFile_
07ac:a2ba*     modexSavePalFile_
07ac:a332*     modexPalBlack_
07ac:a35c*     modexPalWhite_
07ac:a386+     modexPalUpdate_
07ac:a8f6+     modexPalUpdate1_
07ac:a970*     modexPalUpdate0_
07ac:a9bc+     chkcolor_
07ac:acd4      modexputPixel_
07ac:ad62*     modexgetPixel_
07ac:ade8*     modexhlin_
07ac:ae54      modexprint_
07ac:afee*     modexprintbig_
07ac:b16a      cls_
07ac:b1d8+     modexWaitBorder_
13b1:04d4      _VGA
Module: gfx.lib(/dos/z/16/src/lib/16text.c)
07ac:b276      textInit_
13b1:1254      _romFonts
Module: /dos/fdos/watcom2/lib286/dos/clibh.lib(kbhit.c)
07ac:00c6      kbhit_
Module: gfx.lib(/dos/z/16/src/lib/bakapee.c)
07ac:b318*     pdump_
07ac:b37a+     colortest_
07ac:b3ce+     colorz_
07ac:b434+     ssd_
07ac:b552+     dingpp_
07ac:b5c4+     dingo_
07ac:b65a+     dingas_
07ac:b708+     dingu_
07ac:b76a+     dingq_
07ac:b80a      ding_
Module: /dos/fdos/watcom2/lib286/dos/clibh.lib(getch.c)
07ac:00dd      getch_
Module: /dos/fdos/watcom2/lib286/dos/clibh.lib(printf.c)
07ac:00f7      printf_
Module: /dos/fdos/watcom2/lib286/dos/clibh.lib(scanf.c)
07ac:01d6+     vscanf_
07ac:0204      scanf_
Module: /dos/fdos/watcom2/lib286/dos/clibh.lib(cstart)
13b1:0000*     __nullarea
13b1:0504*     __ovlflag
13b1:0505*     __intno
13b1:0506*     __ovlvec
07ac:022c      _cstart_
07ac:02ff*     _Not_Enough_Memory_
07ac:0431      __exit_
07ac:0450      __do_exit_with_msg__
07ac:04ad      __GETDS
Module: /dos/fdos/watcom2/lib286/dos/clibh.lib(cmodel.asm)
07ac:04b8      _big_code_
07ac:04b8*     CodeModelMismatch
Module: /dos/fdos/watcom2/lib286/dos/clibh.lib(argcv.c)
13b1:126c      __argv
13b1:1270      ___argv
13b1:1274      __argc
13b1:1276      ___argc
Module: /dos/fdos/watcom2/lib286/dos/clibh.lib(intx086.c)
07ac:04b8+     int86x_
07ac:063b      int86_
Module: /dos/fdos/watcom2/lib286/dos/clibh.lib(i4m.asm)
07ac:0668      __I4M
07ac:0668      __U4M
Module: /dos/fdos/watcom2/lib286/dos/clibh.lib(d_getvec.c)
07ac:0680      _dos_getvect_
Module: /dos/fdos/watcom2/lib286/dos/clibh.lib(d_setvec.c)
07ac:068b      _dos_setvect_
Module: /dos/fdos/watcom2/lib286/dos/clibh.lib(i4d.asm)
07ac:0698      __I4D
07ac:06e7      __U4D
Module: /dos/fdos/watcom2/lib286/dos/clibh.lib(heapgrow.c)
07ac:076b*     _heapgrow_
07ac:076b      _fheapgrow_
07ac:076c      _nheapgrow_
Module: /dos/fdos/watcom2/lib286/dos/clibh.lib(memavl.c)
07ac:07e4      _memavl_
Module: /dos/fdos/watcom2/lib286/dos/clibh.lib(nmalloc.c)
07ac:0829      _nmalloc_
13b1:050a      ___nheapbeg
13b1:050c      ___MiniHeapRover
13b1:050e      ___LargestSizeB4MiniHeapRover
Module: /dos/fdos/watcom2/lib286/dos/clibh.lib(fmalloc.c)
07ac:0903      _fmalloc_
07ac:0903      malloc_
13b1:0510      ___fheap
13b1:0512      ___fheapRover
13b1:0514      ___LargestSizeB4Rover
Module: /dos/fdos/watcom2/lib286/dos/clibh.lib(ffree.c)
07ac:0a78      _ffree_
07ac:0a78      free_
Module: /dos/fdos/watcom2/lib286/dos/clibh.lib(nfree.c)
07ac:0ae5      _nfree_
13b1:1278+     ___MiniHeapFreeRover
Module: /dos/fdos/watcom2/lib286/dos/clibh.lib(exit.c)
07ac:0be0+     _null_exit_rtn_
07ac:0be0+     __null_int23_exit_
07ac:0be1      exit_
07ac:0c02+     _exit_
13b1:0516+     ___int23_exit
13b1:051a      ___FPE_handler_exit
Module: /dos/fdos/watcom2/lib286/dos/clibh.lib(ptc.asm)
07ac:0c1e      __PTC
Module: /dos/fdos/watcom2/lib286/dos/clibh.lib(ltoa.c)
07ac:0c51      ultoa_
07ac:0d0f*     ltoa_
Module: /dos/fdos/watcom2/lib286/dos/clibh.lib(write.c)
07ac:0e95      write_
Module: /dos/fdos/watcom2/lib286/dos/clibh.lib(fopen.c)
07ac:10c1+     __open_flags_
07ac:1382+     _fsopen_
07ac:13e9      fopen_
07ac:150c*     freopen_
Module: /dos/fdos/watcom2/lib286/dos/clibh.lib(fprintf.c)
07ac:1596      fprintf_
Module: /dos/fdos/watcom2/lib286/dos/clibh.lib(fclose.c)
07ac:15c5      __doclose_
07ac:170f      __shutdown_stream_
07ac:1729      fclose_
13b1:127a+     ___RmTmpFileFn
Module: /dos/fdos/watcom2/lib286/dos/clibh.lib(clockdos.c)
07ac:1794+     __ibm_bios_get_ticks_
07ac:180b      clock_
Module: /dos/fdos/watcom2/lib286/dos/clibh.lib(ftell.c)
07ac:1832      ftell_
Module: /dos/fdos/watcom2/lib286/dos/clibh.lib(fseek.c)
07ac:1a18      fseek_
Module: /dos/fdos/watcom2/lib286/dos/clibh.lib(istable.c)
13b1:0098      __IsTable
Module: /dos/fdos/watcom2/lib286/dos/clibh.lib(tolower.c)
07ac:1c10      tolower_
Module: /dos/fdos/watcom2/lib286/dos/clibh.lib(unlnk.c)
07ac:1c1e      unlink_
Module: /dos/fdos/watcom2/lib286/dos/clibh.lib(open.c)
07ac:1e4e      open_
07ac:1e85      sopen_
Module: /dos/fdos/watcom2/lib286/dos/clibh.lib(close.c)
07ac:1eb2      close_
Module: /dos/fdos/watcom2/lib286/dos/clibh.lib(filelen.c)
07ac:1eb7      filelength_
Module: /dos/fdos/watcom2/lib286/dos/clibh.lib(sprintf.c)
07ac:1f15      sprintf_
Module: /dos/fdos/watcom2/lib286/dos/clibh.lib(getenv.c)
07ac:1f44      getenv_
Module: /dos/fdos/watcom2/lib286/dos/clibh.lib(pts.asm)
07ac:2030      __PTS
Module: /dos/fdos/watcom2/lib286/dos/clibh.lib(read.c)
07ac:2061      read_
Module: /dos/fdos/watcom2/lib286/dos/clibh.lib(strdup.c)
07ac:219a*     __clib_strdup_
07ac:219a      strdup_
Module: /dos/fdos/watcom2/lib286/dos/clibh.lib(haloc.c)
07ac:2201      halloc_
07ac:22e6      hfree_
Module: /dos/fdos/watcom2/lib286/dos/clibh.lib(fheapwal.c)
07ac:22ed      _heapwalk_
07ac:22ed      _fheapwalk_
Module: /dos/fdos/watcom2/lib286/dos/clibh.lib(nheapwal.c)
07ac:2302+     __NHeapWalk_
07ac:23fb      _nheapwalk_
Module: /dos/fdos/watcom2/lib286/dos/clibh.lib(stack086.c)
07ac:240b      stackavail_
Module: /dos/fdos/watcom2/lib286/dos/clibh.lib(_8087086.asm)
13b1:0526      __8087
13b1:0527      __real87
13b1:0528      __dos87emucall
13b1:052a      __dos87real
Module: /dos/fdos/watcom2/lib286/dos/clibh.lib(xmsg.c)
07ac:241a*     __exit_with_msg_
07ac:241f      __fatal_runtime_error_
Module: /dos/fdos/watcom2/lib286/dos/clibh.lib(crwdata)
13b1:052c      __curbrk
13b1:0534      __STACKLOW
13b1:0536      __STACKTOP
13b1:0538      __cbyte
13b1:053a      __child
13b1:053c      __no87
13b1:0549      ___FPE_handler
13b1:052e      __psp
13b1:053d      __get_ovl_stack
13b1:0541      __restore_ovl_stack
13b1:0545      __close_ovl_file
13b1:054d      __LpCmdLine
13b1:0551      __LpPgmName
13b1:0530      __osmajor
13b1:0531      __osminor
13b1:0532      __osmode
13b1:0533      __HShift
Module: /dos/fdos/watcom2/lib286/dos/clibh.lib(fgetc.c)
07ac:243e+     __fill_buffer_
07ac:268d      fgetc_
Module: /dos/fdos/watcom2/lib286/dos/clibh.lib(fwrite.c)
07ac:27d4      fwrite_
Module: /dos/fdos/watcom2/lib286/dos/clibh.lib(delay.c)
07ac:2b4d      delay_
Module: /dos/fdos/watcom2/lib286/dos/clibh.lib(iob.c)
13b1:0556      ___iob
13b1:1282      ___ClosedStreams
13b1:1286      ___OpenStreams
Module: /dos/fdos/watcom2/lib286/dos/clibh.lib(fprtf.c)
07ac:2cc6      __fprtf_
Module: /dos/fdos/watcom2/lib286/dos/clibh.lib(ungetc.c)
07ac:2e19      ungetc_
Module: /dos/fdos/watcom2/lib286/dos/clibh.lib(scnf.c)
07ac:404e      __scnf_
Module: /dos/fdos/watcom2/lib286/dos/clibh.lib(cmain086.c)
07ac:4314      __CMain
Module: /dos/fdos/watcom2/lib286/dos/clibh.lib(initrtns.c)
07ac:437a      __InitRtns
07ac:437a*     __FInitRtns
07ac:43d5      __FiniRtns
07ac:43d5*     __FFiniRtns
Module: /dos/fdos/watcom2/lib286/dos/clibh.lib(uselfn.c)
13b1:06be      ___uselfn
Module: /dos/fdos/watcom2/lib286/dos/clibh.lib(dosseg)
07ac:443a      __DOSseg__
Module: /dos/fdos/watcom2/lib286/dos/clibh.lib(initargv.c)
07ac:443b      __Init_Argv_
07ac:449e+     _getargv_
07ac:47ce      __Fini_Argv_
Module: /dos/fdos/watcom2/lib286/dos/clibh.lib(intr.c)
07ac:47f8      intr_
Module: /dos/fdos/watcom2/lib286/dos/clibh.lib(segread.c)
07ac:480c      segread_
Module: /dos/fdos/watcom2/lib286/dos/clibh.lib(grownear.c)
07ac:48f7      __LastFree_
07ac:4971      __ExpandDGROUP_
Module: /dos/fdos/watcom2/lib286/dos/clibh.lib(nmemneed.c)
07ac:4a82      __nmemneed_
Module: /dos/fdos/watcom2/lib286/dos/clibh.lib(mem.c)
07ac:4a90      __MemAllocator
07ac:4b5a      __MemFree
Module: /dos/fdos/watcom2/lib286/dos/clibh.lib(growseg.c)
07ac:4cb7      __GrowSeg_
Module: /dos/fdos/watcom2/lib286/dos/clibh.lib(allocseg.c)
07ac:4e2d      __AllocSeg_
Module: /dos/fdos/watcom2/lib286/dos/clibh.lib(fmemneed.c)
07ac:4f1c      __fmemneed_
Module: /dos/fdos/watcom2/lib286/dos/clibh.lib(alphabet.c)
13b1:0022      ___Alphabet
Module: /dos/fdos/watcom2/lib286/dos/clibh.lib(__lseek.c)
07ac:4f1f      __lseek_
Module: /dos/fdos/watcom2/lib286/dos/clibh.lib(dosret.c)
07ac:4f59*     __dosretax
07ac:4f5e*     __dosret0
07ac:4f65      __set_errno_dos_
07ac:4fcd*     __set_errno_dos_reterr_
Module: /dos/fdos/watcom2/lib286/dos/clibh.lib(errno.c)
07ac:4fd8*     __get_errno_ptr_
13b1:128e      _errno
Module: /dos/fdos/watcom2/lib286/dos/clibh.lib(iomode.c)
07ac:4fdf      __GetIOMode_
07ac:5014      __SetIOMode_nogrow_
13b1:06d4      ___NFiles
13b1:06d6      ___init_mode
13b1:06fe      ___io_mode
Module: /dos/fdos/watcom2/lib286/dos/clibh.lib(comtflag.c)
07ac:5049*     __set_commode_
13b1:0702      __commode
Module: /dos/fdos/watcom2/lib286/dos/clibh.lib(textmode.c)
13b1:0704      __fmode
Module: /dos/fdos/watcom2/lib286/dos/clibh.lib(chktty.c)
07ac:5055      __chktty_
Module: /dos/fdos/watcom2/lib286/dos/clibh.lib(freefp.c)
07ac:50b4      __freefp_
07ac:5155      __purgefp_
Module: /dos/fdos/watcom2/lib286/dos/clibh.lib(allocfp.c)
07ac:5196      __allocfp_
Module: /dos/fdos/watcom2/lib286/dos/clibh.lib(_clse.c)
07ac:5346      __close_
Module: /dos/fdos/watcom2/lib286/dos/clibh.lib(flush.c)
07ac:537c      __flush_
Module: /dos/fdos/watcom2/lib286/dos/clibh.lib(fflush.c)
07ac:55c5      fflush_
Module: /dos/fdos/watcom2/lib286/dos/clibh.lib(tell.c)
07ac:55da      tell_
Module: /dos/fdos/watcom2/lib286/dos/clibh.lib(lseek.c)
07ac:55eb      lseek_
Module: /dos/fdos/watcom2/lib286/dos/clibh.lib(error086.asm)
07ac:561c      __doserror_
07ac:562a      __doserror1_
Module: /dos/fdos/watcom2/lib286/dos/clibh.lib(opendos.c)
07ac:5636      _dos_open_
Module: /dos/fdos/watcom2/lib286/dos/clibh.lib(isatt.c)
07ac:565c      isatty_
Module: /dos/fdos/watcom2/lib286/dos/clibh.lib(doserrno.c)
07ac:5678*     __get_doserrno_ptr_
13b1:1290      __doserrno
Module: /dos/fdos/watcom2/lib286/dos/clibh.lib(umaskval.c)
13b1:0706      ___umaskval
Module: /dos/fdos/watcom2/lib286/dos/clibh.lib(creatdos.c)
07ac:567f      _dos_creat_
07ac:56a3*     _dos_creatnew_
Module: /dos/fdos/watcom2/lib286/dos/clibh.lib(stiomode.c)
07ac:56c4+     __grow_iomode_
07ac:57ab+     __shrink_iomode_
07ac:57ec      __SetIOMode_
Module: /dos/fdos/watcom2/lib286/dos/clibh.lib(vsprintf.c)
07ac:58ac      vsprintf_
Module: /dos/fdos/watcom2/lib286/dos/clibh.lib(environ.c)
13b1:1294      ___env_mask
13b1:1298      _environ
13b1:129c*     __wenviron
Module: /dos/fdos/watcom2/lib286/dos/clibh.lib(mbterm.c)
07ac:58ee      _mbterm_
Module: /dos/fdos/watcom2/lib286/dos/clibh.lib(mbsnextc.c)
07ac:5941      _mbsnextc_
Module: /dos/fdos/watcom2/lib286/dos/clibh.lib(mbcupper.c)
07ac:599c      _mbctoupper_
Module: /dos/fdos/watcom2/lib286/dos/clibh.lib(mbsinc.c)
07ac:59bf      _mbsinc_
Module: /dos/fdos/watcom2/lib286/dos/clibh.lib(iomodtty.c)
07ac:5a11      __ChkTTYIOMode_
07ac:5a7f*     __IOMode_
Module: /dos/fdos/watcom2/lib286/dos/clibh.lib(heapwalk.c)
07ac:5b51      __HeapWalk_
Module: /dos/fdos/watcom2/lib286/dos/clibh.lib(chk8087.c)
07ac:5d91*     _fpreset_
07ac:5dbc      __init_8087_
07ac:5def+     __default_sigfpe_handler_
07ac:5e44      __chk8087_
Module: /dos/fdos/watcom2/lib286/dos/clibh.lib(enterdb.c)
07ac:5eb4      __EnterWVIDEO_
13b1:0726+     ___WD_Present
Module: /dos/fdos/watcom2/lib286/dos/clibh.lib(flushall.c)
07ac:5ed8      __flushall_
07ac:5f6c      flushall_
Module: /dos/fdos/watcom2/lib286/dos/clibh.lib(gtche.c)
07ac:5f72      getche_
Module: /dos/fdos/watcom2/lib286/dos/clibh.lib(ioalloc.c)
07ac:5f8c      __ioalloc_
Module: /dos/fdos/watcom2/lib286/dos/clibh.lib(qread.c)
07ac:611a      __qread_
Module: /dos/fdos/watcom2/lib286/dos/clibh.lib(qwrit.c)
07ac:613a      __qwrite_
Module: /dos/fdos/watcom2/lib286/dos/clibh.lib(fputc.c)
07ac:619a      fputc_
Module: /dos/fdos/watcom2/lib286/dos/clibh.lib(initfile.c)
07ac:636f      __InitFiles_
Module: /dos/fdos/watcom2/lib286/dos/clibh.lib(ioexit.c)
07ac:65a3*     fcloseall_
07ac:65aa      __full_io_exit_
Module: /dos/fdos/watcom2/lib286/dos/clibh.lib(prtf.c)
07ac:65b4      __prtf_
Module: /dos/fdos/watcom2/lib286/dos/clibh.lib(mbisdbcs.c)
13b1:0728      ___IsDBCS
Module: /dos/fdos/watcom2/lib286/dos/clibh.lib(mbislead.c)
07ac:7716*     _ismbblead_
13b1:12a0      ___MBCSIsTable
Module: /dos/fdos/watcom2/lib286/dos/clibh.lib(mbtowc.c)
07ac:7732      mbtowc_
Module: /dos/fdos/watcom2/lib286/dos/clibh.lib(bits.c)
13b1:019a      __Bits
Module: /dos/fdos/watcom2/lib286/dos/clibh.lib(fdfs086.asm)
07ac:7850      __FDFS
Module: /dos/fdos/watcom2/lib286/dos/clibh.lib(noefgfmt.c)
13b1:072a      ___EFG_printf
13b1:072e      ___EFG_scanf
Module: /dos/fdos/watcom2/lib286/dos/clibh.lib(i8m086.asm)
07ac:78c5*     __I8M
07ac:78c5      __U8M
07ac:78aa*     __I8ME
07ac:78aa*     __U8ME
Module: /dos/fdos/watcom2/lib286/dos/clibh.lib(___argc.c)
13b1:13a2      ____Argv
13b1:13a6      ____Argc
Module: /dos/fdos/watcom2/lib286/dos/clibh.lib(amblksiz.c)
13b1:0732      __amblksiz
Module: /dos/fdos/watcom2/lib286/dos/clibh.lib(sgdef086)
13b1:075a      __Start_XI
13b1:0790      __End_XI
13b1:0790      __Start_YI
13b1:07a8      __End_YI
Module: /dos/fdos/watcom2/lib286/dos/clibh.lib(histsplt.c)
13b1:13a8      ___historical_splitparms
Module: /dos/fdos/watcom2/lib286/dos/clibh.lib(dointr)
07ac:7a10      _DoINTR_
Module: /dos/fdos/watcom2/lib286/dos/clibh.lib(heapen.c)
07ac:7d89*     _heapenable_
13b1:0734      ___heap_enabled
Module: /dos/fdos/watcom2/lib286/dos/clibh.lib(sbrk.c)
07ac:7d9a*     sbrk_
07ac:7daa      __brk_
Module: /dos/fdos/watcom2/lib286/dos/clibh.lib(fsync.c)
07ac:7e12      fsync_
Module: /dos/fdos/watcom2/lib286/dos/clibh.lib(frealloc.c)
07ac:7e17*     _frealloc_
07ac:7e17      realloc_
Module: /dos/fdos/watcom2/lib286/dos/clibh.lib(setenvp.c)
07ac:7f11      __setenvp_
07ac:809d      __freeenvp_
Module: /dos/fdos/watcom2/lib286/dos/clibh.lib(mbinit.c)
07ac:8139      __mbinit_
13b1:0736      ___MBCodePage
Module: /dos/fdos/watcom2/lib286/dos/clibh.lib(mbdtoupp.c)
07ac:8214      _mbdtoupper_
Module: /dos/fdos/watcom2/lib286/dos/clibh.lib(toupper.c)
07ac:8222      toupper_
Module: /dos/fdos/watcom2/lib286/dos/clibh.lib(8087cw.c)
13b1:0738      __8087cw
Module: /dos/fdos/watcom2/lib286/dos/clibh.lib(save8087.c)
13b1:073a      ___Save8087
13b1:073e      ___Rest8087
Module: /dos/fdos/watcom2/lib286/dos/clibh.lib(grabfp87.c)
07ac:8231      __GrabFP87_
Module: /dos/fdos/watcom2/lib286/dos/clibh.lib(ini87086.asm)
07ac:8264*     __init_8087_emu
07ac:826a      __x87id
Module: /dos/fdos/watcom2/lib286/dos/clibh.lib(wctomb.c)
07ac:82c7      wctomb_
Module: /dos/fdos/watcom2/lib286/dos/clibh.lib(itoa.c)
07ac:8312+     utoa_
07ac:83b3      itoa_
Module: /dos/fdos/watcom2/lib286/dos/clibh.lib(strupr.c)
07ac:83fd      strupr_
Module: /dos/fdos/watcom2/lib286/dos/clibh.lib(lltoa.c)
07ac:8432      ulltoa_
07ac:856f*     lltoa_
Module: /dos/fdos/watcom2/lib286/dos/clibh.lib(filedos.c)
07ac:85e0*     _dos_close_
07ac:85ee      _dos_commit_
Module: /dos/fdos/watcom2/lib286/dos/clibh.lib(fmsize.c)
07ac:85fd*     _msize_
07ac:8618      _fmsize_
Module: /dos/fdos/watcom2/lib286/dos/clibh.lib(nexpand.c)
07ac:8629      __HeapManager_expand_
07ac:8b32      _nexpand_
Module: /dos/fdos/watcom2/lib286/dos/clibh.lib(fexpand.c)
07ac:8b85      _fexpand_
07ac:8b85*     _expand_
Module: /dos/fdos/watcom2/lib286/dos/clibh.lib(clearenv.c)
07ac:8bba      clearenv_
Module: /dos/fdos/watcom2/lib286/dos/clibh.lib(fpe87.asm)
07ac:8cf0      __Init_FPE_handler_
07ac:8d29      __Fini_FPE_handler_
07ac:8d60*     __FPEHandler
Module: /dos/fdos/watcom2/lib286/dos/clibh.lib(bfree.c)
07ac:8ff2      _bfree_
Module: /dos/fdos/watcom2/lib286/dos/clibh.lib(bexpand.c)
07ac:9017      _bexpand_
Module: /dos/fdos/watcom2/lib286/dos/clibh.lib(fpeint.c)
13b1:0758      ___FPE_int


                        +--------------------+
                        |   Libraries Used   |
                        +--------------------+

gfx.lib
/dos/fdos/watcom2/lib286/dos/clibh.lib


                        +-----------------------+
                        |   Linker Statistics   |
                        +-----------------------+

Stack size:  dac0 (56000.)
Memory size:  00022b90 (142224.)
Entry point address: 07ac:022c
Link time: 00:00.00
