
 Start  Stop   Length Name               Class

 00000H 05F6EH 05F6FH _TEXT              CODE
 05F70H 05F70H 00000H _FARDATA           FAR_DATA
 05F70H 05F70H 00000H _FARBSS            FAR_BSS
 05F70H 05F70H 00000H _OVERLAY_          OVRINFO
 05F70H 05F70H 00000H _1STUB_            STUBSEG
 05F70H 06F7FH 01010H _DATA              DATA
 06F80H 06F81H 00002H _CVTSEG            DATA
 06F82H 06F87H 00006H _SCNSEG            DATA
 06F88H 06F88H 00000H _CONST             CONST
 06F88H 06F9FH 00018H _INIT_             INITDATA
 06FA0H 06FA0H 00000H _INITEND_          INITDATA
 06FA0H 06FA0H 00000H _EXIT_             EXITDATA
 06FA0H 06FA0H 00000H _EXITEND_          EXITDATA
 06FA0H 07001H 00062H _BSS               BSS
 07002H 07002H 00000H _BSSEND            BSSEND
 07010H 0708FH 00080H _STACK             STACK


Detailed map of segments

 0000:0000 028F C=CODE   S=_TEXT          G=(none)  M=c0.ASM     ACBP=28
 0000:028F 067F C=CODE   S=_TEXT          G=(none)  M=SRC\LIB\NYAN\KITTEN.C ACBP=28
 0000:090E 02FD C=CODE   S=_TEXT          G=(none)  M=SRC\LIB\16_HC.C ACBP=28
 0000:0C0B 012C C=CODE   S=_TEXT          G=(none)  M=SRC\EXMMTEST.C ACBP=28
 0000:0D37 025F C=CODE   S=_TEXT          G=(none)  M=SRC\LIB\16_CA.C ACBP=28
 0000:0F96 02C8 C=CODE   S=_TEXT          G=(none)  M=SRC\LIB\16_HEAD.C ACBP=28
 0000:125E 1FC9 C=CODE   S=_TEXT          G=(none)  M=SRC\LIB\16_MM.C ACBP=28
 0000:3227 0024 C=CODE   S=_TEXT          G=(none)  M=ATEXIT     ACBP=28
 0000:324B 0049 C=CODE   S=_TEXT          G=(none)  M=CLOCK      ACBP=28
 0000:3294 0000 C=CODE   S=_TEXT          G=(none)  M=CTYPE      ACBP=28
 0000:3294 003D C=CODE   S=_TEXT          G=(none)  M=DOSFATTR   ACBP=28
 0000:32D1 0089 C=CODE   S=_TEXT          G=(none)  M=EXIT       ACBP=28
 0000:335A 0000 C=CODE   S=_TEXT          G=(none)  M=FILES      ACBP=28
 0000:335A 0000 C=CODE   S=_TEXT          G=(none)  M=FILES2     ACBP=28
 0000:335A 0000 C=CODE   S=_TEXT          G=(none)  M=FMODE      ACBP=28
 0000:335A 00AE C=CODE   S=_TEXT          G=(none)  M=H_LDIV     ACBP=28
 0000:3408 0021 C=CODE   S=_TEXT          G=(none)  M=H_LLSH     ACBP=28
 0000:3429 0021 C=CODE   S=_TEXT          G=(none)  M=H_LURSH    ACBP=28
 0000:344A 0060 C=CODE   S=_TEXT          G=(none)  M=H_PADD     ACBP=28
 0000:34AA 0028 C=CODE   S=_TEXT          G=(none)  M=H_PSBP     ACBP=28
 0000:34D2 004B C=CODE   S=_TEXT          G=(none)  M=IOERROR    ACBP=28
 0000:351D 0011 C=CODE   S=_TEXT          G=(none)  M=ISATTY     ACBP=28
 0000:352E 00A2 C=CODE   S=_TEXT          G=(none)  M=LONGTOA    ACBP=28
 0000:35D0 0029 C=CODE   S=_TEXT          G=(none)  M=LSEEK      ACBP=28
 0000:35F9 00B0 C=CODE   S=_TEXT          G=(none)  M=MKNAME     ACBP=28
 0000:36A9 0021 C=CODE   S=_TEXT          G=(none)  M=N_PCMP     ACBP=28
 0000:36CA 002F C=CODE   S=_TEXT          G=(none)  M=READA      ACBP=28
 0000:36F9 00B2 C=CODE   S=_TEXT          G=(none)  M=SETUPIO    ACBP=28
 0000:37AB 0000 C=CODE   S=_TEXT          G=(none)  M=STKLEN     ACBP=28
 0000:37AB 002C C=CODE   S=_TEXT          G=(none)  M=TOLOWER    ACBP=28
 0000:37D7 0018 C=CODE   S=_TEXT          G=(none)  M=UNLINK     ACBP=28
 0000:37EF 04DB C=CODE   S=_TEXT          G=(none)  M=VPRINTER   ACBP=28
 0000:3CCA 009F C=CODE   S=_TEXT          G=(none)  M=VRAM       ACBP=28
 0000:3D69 0000 C=CODE   S=_TEXT          G=(none)  M=WSCROLL    ACBP=28
 0000:3D69 0030 C=CODE   S=_TEXT          G=(none)  M=_STPCPY    ACBP=28
 0000:3D99 0004 C=CODE   S=_TEXT          G=(none)  M=CORELEFT   ACBP=28
 0000:3D9D 014E C=CODE   S=_TEXT          G=(none)  M=CPRINTF    ACBP=28
 0000:3EEB 01A5 C=CODE   S=_TEXT          G=(none)  M=CRTINIT    ACBP=28
 0000:4090 001F C=CODE   S=_TEXT          G=(none)  M=CVTFAK     ACBP=28
 0000:40AF 042D C=CODE   S=_TEXT          G=(none)  M=FARHEAP    ACBP=28
 0000:44DC 013E C=CODE   S=_TEXT          G=(none)  M=FBRK       ACBP=28
 0000:461A 0050 C=CODE   S=_TEXT          G=(none)  M=FCORELFT   ACBP=28
 0000:466A 0054 C=CODE   S=_TEXT          G=(none)  M=GETCH      ACBP=28
 0000:46BE 00AC C=CODE   S=_TEXT          G=(none)  M=GPTEXT     ACBP=28
 0000:476A 0029 C=CODE   S=_TEXT          G=(none)  M=IOCTL      ACBP=28
 0000:4793 0012 C=CODE   S=_TEXT          G=(none)  M=KBHIT      ACBP=28
 0000:47A5 009D C=CODE   S=_TEXT          G=(none)  M=MOVETEXT   ACBP=28
 0000:4842 0017 C=CODE   S=_TEXT          G=(none)  M=PUTCH      ACBP=28
 0000:4859 0004 C=CODE   S=_TEXT          G=(none)  M=REALCVT    ACBP=28
 0000:485D 01C7 C=CODE   S=_TEXT          G=(none)  M=SCREEN     ACBP=28
 0000:4A24 0184 C=CODE   S=_TEXT          G=(none)  M=SCROLL     ACBP=28
 0000:4BA8 0129 C=CODE   S=_TEXT          G=(none)  M=SETARGV    ACBP=28
 0000:4CD1 001C C=CODE   S=_TEXT          G=(none)  M=SETBLOCK   ACBP=28
 0000:4CED 0054 C=CODE   S=_TEXT          G=(none)  M=SETENVP    ACBP=28
 0000:4D41 002C C=CODE   S=_TEXT          G=(none)  M=WHEREXY    ACBP=28
 0000:4D6D 001D C=CODE   S=_TEXT          G=(none)  M=CHMODA     ACBP=28
 0000:4D8A 0026 C=CODE   S=_TEXT          G=(none)  M=CLOSE      ACBP=28
 0000:4DB0 001E C=CODE   S=_TEXT          G=(none)  M=CLOSEA     ACBP=28
 0000:4DCE 00B0 C=CODE   S=_TEXT          G=(none)  M=FCLOSE     ACBP=28
 0000:4E7E 00C6 C=CODE   S=_TEXT          G=(none)  M=FFLUSH     ACBP=28
 0000:4F44 0041 C=CODE   S=_TEXT          G=(none)  M=FLENGTH    ACBP=28
 0000:4F85 0040 C=CODE   S=_TEXT          G=(none)  M=FLUSHALL   ACBP=28
 0000:4FC5 01FE C=CODE   S=_TEXT          G=(none)  M=FOPEN      ACBP=28
 0000:51C3 001C C=CODE   S=_TEXT          G=(none)  M=FPRINTF    ACBP=28
 0000:51DF 01D8 C=CODE   S=_TEXT          G=(none)  M=FSEEK      ACBP=28
 0000:53B7 0070 C=CODE   S=_TEXT          G=(none)  M=GETENV     ACBP=28
 0000:5427 0070 C=CODE   S=_TEXT          G=(none)  M=LTOA1      ACBP=28
 0000:5497 0024 C=CODE   S=_TEXT          G=(none)  M=MEMCPY     ACBP=28
 0000:54BB 0022 C=CODE   S=_TEXT          G=(none)  M=MOVEDATA   ACBP=28
 0000:54DD 018D C=CODE   S=_TEXT          G=(none)  M=OPEN       ACBP=28
 0000:566A 004F C=CODE   S=_TEXT          G=(none)  M=OPENA      ACBP=28
 0000:56B9 001B C=CODE   S=_TEXT          G=(none)  M=PRINTF     ACBP=28
 0000:56D4 03A4 C=CODE   S=_TEXT          G=(none)  M=PUTC       ACBP=28
 0000:5A78 00CB C=CODE   S=_TEXT          G=(none)  M=READ       ACBP=28
 0000:5B43 0003 C=CODE   S=_TEXT          G=(none)  M=READU      ACBP=28
 0000:5B46 0111 C=CODE   S=_TEXT          G=(none)  M=SETVBUF    ACBP=28
 0000:5C57 0081 C=CODE   S=_TEXT          G=(none)  M=SPRINTF    ACBP=28
 0000:5CD8 003F C=CODE   S=_TEXT          G=(none)  M=STRCAT     ACBP=28
 0000:5D17 0040 C=CODE   S=_TEXT          G=(none)  M=STRDUP     ACBP=28
 0000:5D57 001F C=CODE   S=_TEXT          G=(none)  M=STRLEN     ACBP=28
 0000:5D76 0149 C=CODE   S=_TEXT          G=(none)  M=WRITE      ACBP=28
 0000:5EBF 003C C=CODE   S=_TEXT          G=(none)  M=WRITEA     ACBP=28
 0000:5EFB 0003 C=CODE   S=_TEXT          G=(none)  M=WRITEU     ACBP=28
 0000:5EFE 003B C=CODE   S=_TEXT          G=(none)  M=XFCLOSE    ACBP=28
 0000:5F39 0036 C=CODE   S=_TEXT          G=(none)  M=XFFLUSH    ACBP=28
 05F7:0000 0000 C=FAR_DATA S=_FARDATA       G=(none)  M=c0.ASM     ACBP=68
 05F7:0000 0000 C=FAR_BSS S=_FARBSS        G=(none)  M=c0.ASM     ACBP=68
 05F7:0000 0000 C=OVRINFO S=_OVERLAY_      G=(none)  M=c0.ASM     ACBP=68
 05F7:0000 0000 C=STUBSEG S=_1STUB_        G=(none)  M=c0.ASM     ACBP=68
 05F7:0000 0093 C=DATA   S=_DATA          G=DGROUP  M=c0.ASM     ACBP=68
 05F7:0094 0045 C=DATA   S=_DATA          G=DGROUP  M=SRC\LIB\NYAN\KITTEN.C ACBP=48
 05F7:00DA 0014 C=DATA   S=_DATA          G=DGROUP  M=SRC\LIB\16_HC.C ACBP=48
 05F7:00EE 0047 C=DATA   S=_DATA          G=DGROUP  M=SRC\EXMMTEST.C ACBP=48
 05F7:0136 002C C=DATA   S=_DATA          G=DGROUP  M=SRC\LIB\16_CA.C ACBP=48
 05F7:0162 0010 C=DATA   S=_DATA          G=DGROUP  M=SRC\LIB\16_HEAD.C ACBP=48
 05F7:0172 0A9C C=DATA   S=_DATA          G=DGROUP  M=SRC\LIB\16_MM.C ACBP=48
 05F7:0C0E 0002 C=DATA   S=_DATA          G=DGROUP  M=ATEXIT     ACBP=48
 05F7:0C10 0000 C=DATA   S=_DATA          G=DGROUP  M=CLOCK      ACBP=48
 05F7:0C10 0101 C=DATA   S=_DATA          G=DGROUP  M=CTYPE      ACBP=48
 05F7:0D12 0000 C=DATA   S=_DATA          G=DGROUP  M=DOSFATTR   ACBP=48
 05F7:0D12 0006 C=DATA   S=_DATA          G=DGROUP  M=EXIT       ACBP=48
 05F7:0D18 0190 C=DATA   S=_DATA          G=DGROUP  M=FILES      ACBP=48
 05F7:0EA8 002A C=DATA   S=_DATA          G=DGROUP  M=FILES2     ACBP=48
 05F7:0ED2 0004 C=DATA   S=_DATA          G=DGROUP  M=FMODE      ACBP=48
 05F7:0ED6 0000 C=DATA   S=_DATA          G=DGROUP  M=H_LDIV     ACBP=48
 05F7:0ED6 0000 C=DATA   S=_DATA          G=DGROUP  M=H_LLSH     ACBP=48
 05F7:0ED6 0000 C=DATA   S=_DATA          G=DGROUP  M=H_LURSH    ACBP=48
 05F7:0ED6 0000 C=DATA   S=_DATA          G=DGROUP  M=H_PADD     ACBP=48
 05F7:0ED6 0000 C=DATA   S=_DATA          G=DGROUP  M=H_PSBP     ACBP=48
 05F7:0ED6 005B C=DATA   S=_DATA          G=DGROUP  M=IOERROR    ACBP=48
 05F7:0F32 0000 C=DATA   S=_DATA          G=DGROUP  M=ISATTY     ACBP=48
 05F7:0F32 0000 C=DATA   S=_DATA          G=DGROUP  M=LONGTOA    ACBP=48
 05F7:0F32 0000 C=DATA   S=_DATA          G=DGROUP  M=LSEEK      ACBP=48
 05F7:0F32 0009 C=DATA   S=_DATA          G=DGROUP  M=MKNAME     ACBP=48
 05F7:0F3C 0000 C=DATA   S=_DATA          G=DGROUP  M=N_PCMP     ACBP=48
 05F7:0F3C 0000 C=DATA   S=_DATA          G=DGROUP  M=READA      ACBP=48
 05F7:0F3C 0000 C=DATA   S=_DATA          G=DGROUP  M=SETUPIO    ACBP=48
 05F7:0F3C 0002 C=DATA   S=_DATA          G=DGROUP  M=STKLEN     ACBP=48
 05F7:0F3E 0000 C=DATA   S=_DATA          G=DGROUP  M=TOLOWER    ACBP=48
 05F7:0F3E 0000 C=DATA   S=_DATA          G=DGROUP  M=UNLINK     ACBP=48
 05F7:0F3E 0067 C=DATA   S=_DATA          G=DGROUP  M=VPRINTER   ACBP=48
 05F7:0FA6 0000 C=DATA   S=_DATA          G=DGROUP  M=VRAM       ACBP=48
 05F7:0FA6 0002 C=DATA   S=_DATA          G=DGROUP  M=WSCROLL    ACBP=48
 05F7:0FA8 0000 C=DATA   S=_DATA          G=DGROUP  M=_STPCPY    ACBP=48
 05F7:0FA8 0000 C=DATA   S=_DATA          G=DGROUP  M=CORELEFT   ACBP=48
 05F7:0FA8 0000 C=DATA   S=_DATA          G=DGROUP  M=CPRINTF    ACBP=48
 05F7:0FA8 0018 C=DATA   S=_DATA          G=DGROUP  M=CRTINIT    ACBP=48
 05F7:0FC0 0031 C=DATA   S=_DATA          G=DGROUP  M=CVTFAK     ACBP=48
 05F7:0FF2 0000 C=DATA   S=_DATA          G=DGROUP  M=FARHEAP    ACBP=48
 05F7:0FF2 0002 C=DATA   S=_DATA          G=DGROUP  M=FBRK       ACBP=48
 05F7:0FF4 0000 C=DATA   S=_DATA          G=DGROUP  M=FCORELFT   ACBP=48
 05F7:0FF4 0000 C=DATA   S=_DATA          G=DGROUP  M=GETCH      ACBP=48
 05F7:0FF4 0000 C=DATA   S=_DATA          G=DGROUP  M=GPTEXT     ACBP=48
 05F7:0FF4 0000 C=DATA   S=_DATA          G=DGROUP  M=IOCTL      ACBP=48
 05F7:0FF4 0002 C=DATA   S=_DATA          G=DGROUP  M=KBHIT      ACBP=48
 05F7:0FF6 0000 C=DATA   S=_DATA          G=DGROUP  M=MOVETEXT   ACBP=48
 05F7:0FF6 0000 C=DATA   S=_DATA          G=DGROUP  M=PUTCH      ACBP=48
 05F7:0FF6 0000 C=DATA   S=_DATA          G=DGROUP  M=REALCVT    ACBP=48
 05F7:0FF6 0000 C=DATA   S=_DATA          G=DGROUP  M=SCREEN     ACBP=48
 05F7:0FF6 0000 C=DATA   S=_DATA          G=DGROUP  M=SCROLL     ACBP=48
 05F7:0FF6 0010 C=DATA   S=_DATA          G=DGROUP  M=SETARGV    ACBP=48
 05F7:1006 0000 C=DATA   S=_DATA          G=DGROUP  M=SETBLOCK   ACBP=48
 05F7:1006 0004 C=DATA   S=_DATA          G=DGROUP  M=SETENVP    ACBP=48
 05F7:100A 0000 C=DATA   S=_DATA          G=DGROUP  M=WHEREXY    ACBP=48
 05F7:100A 0000 C=DATA   S=_DATA          G=DGROUP  M=CHMODA     ACBP=48
 05F7:100A 0000 C=DATA   S=_DATA          G=DGROUP  M=CLOSE      ACBP=48
 05F7:100A 0000 C=DATA   S=_DATA          G=DGROUP  M=CLOSEA     ACBP=48
 05F7:100A 0000 C=DATA   S=_DATA          G=DGROUP  M=FCLOSE     ACBP=48
 05F7:100A 0000 C=DATA   S=_DATA          G=DGROUP  M=FFLUSH     ACBP=48
 05F7:100A 0000 C=DATA   S=_DATA          G=DGROUP  M=FLENGTH    ACBP=48
 05F7:100A 0000 C=DATA   S=_DATA          G=DGROUP  M=FLUSHALL   ACBP=48
 05F7:100A 0000 C=DATA   S=_DATA          G=DGROUP  M=FOPEN      ACBP=48
 05F7:100A 0000 C=DATA   S=_DATA          G=DGROUP  M=FPRINTF    ACBP=48
 05F7:100A 0000 C=DATA   S=_DATA          G=DGROUP  M=FSEEK      ACBP=48
 05F7:100A 0000 C=DATA   S=_DATA          G=DGROUP  M=GETENV     ACBP=48
 05F7:100A 0000 C=DATA   S=_DATA          G=DGROUP  M=LTOA1      ACBP=48
 05F7:100A 0000 C=DATA   S=_DATA          G=DGROUP  M=MEMCPY     ACBP=48
 05F7:100A 0000 C=DATA   S=_DATA          G=DGROUP  M=MOVEDATA   ACBP=48
 05F7:100A 0000 C=DATA   S=_DATA          G=DGROUP  M=OPEN       ACBP=48
 05F7:100A 0000 C=DATA   S=_DATA          G=DGROUP  M=OPENA      ACBP=48
 05F7:100A 0000 C=DATA   S=_DATA          G=DGROUP  M=PRINTF     ACBP=48
 05F7:100A 0001 C=DATA   S=_DATA          G=DGROUP  M=PUTC       ACBP=48
 05F7:100C 0000 C=DATA   S=_DATA          G=DGROUP  M=READ       ACBP=48
 05F7:100C 0000 C=DATA   S=_DATA          G=DGROUP  M=READU      ACBP=48
 05F7:100C 0004 C=DATA   S=_DATA          G=DGROUP  M=SETVBUF    ACBP=48
 05F7:1010 0000 C=DATA   S=_DATA          G=DGROUP  M=SPRINTF    ACBP=48
 05F7:1010 0000 C=DATA   S=_DATA          G=DGROUP  M=STRCAT     ACBP=48
 05F7:1010 0000 C=DATA   S=_DATA          G=DGROUP  M=STRDUP     ACBP=48
 05F7:1010 0000 C=DATA   S=_DATA          G=DGROUP  M=STRLEN     ACBP=48
 05F7:1010 0000 C=DATA   S=_DATA          G=DGROUP  M=WRITE      ACBP=48
 05F7:1010 0000 C=DATA   S=_DATA          G=DGROUP  M=WRITEA     ACBP=48
 05F7:1010 0000 C=DATA   S=_DATA          G=DGROUP  M=WRITEU     ACBP=48
 05F7:1010 0000 C=DATA   S=_DATA          G=DGROUP  M=XFCLOSE    ACBP=48
 05F7:1010 0000 C=DATA   S=_DATA          G=DGROUP  M=XFFLUSH    ACBP=48
 05F7:1010 0000 C=DATA   S=_CVTSEG        G=DGROUP  M=c0.ASM     ACBP=48
 05F7:1010 0002 C=DATA   S=_CVTSEG        G=DGROUP  M=CVTFAK     ACBP=48
 05F7:1012 0000 C=DATA   S=_CVTSEG        G=DGROUP  M=REALCVT    ACBP=48
 05F7:1012 0000 C=DATA   S=_SCNSEG        G=DGROUP  M=c0.ASM     ACBP=48
 05F7:1012 0006 C=DATA   S=_SCNSEG        G=DGROUP  M=CVTFAK     ACBP=48
 05F7:1018 0000 C=CONST  S=_CONST         G=DGROUP  M=c0.ASM     ACBP=48
 05F7:1018 0000 C=INITDATA S=_INIT_         G=DGROUP  M=c0.ASM     ACBP=48
 05F7:1018 0006 C=INITDATA S=_INIT_         G=DGROUP  M=SETUPIO    ACBP=48
 05F7:101E 0006 C=INITDATA S=_INIT_         G=DGROUP  M=CRTINIT    ACBP=48
 05F7:1024 0006 C=INITDATA S=_INIT_         G=DGROUP  M=SETARGV    ACBP=48
 05F7:102A 0006 C=INITDATA S=_INIT_         G=DGROUP  M=SETENVP    ACBP=48
 05F7:1030 0000 C=INITDATA S=_INITEND_      G=DGROUP  M=c0.ASM     ACBP=28
 05F7:1030 0000 C=EXITDATA S=_EXIT_         G=DGROUP  M=c0.ASM     ACBP=48
 05F7:1030 0000 C=EXITDATA S=_EXITEND_      G=DGROUP  M=c0.ASM     ACBP=28
 05F7:1030 0000 C=BSS    S=_BSS           G=DGROUP  M=c0.ASM     ACBP=48
 05F7:1030 0004 C=BSS    S=_BSS           G=DGROUP  M=SRC\LIB\NYAN\KITTEN.C ACBP=48
 05F7:1034 0000 C=BSS    S=_BSS           G=DGROUP  M=SRC\LIB\16_HC.C ACBP=48
 05F7:1034 0000 C=BSS    S=_BSS           G=DGROUP  M=SRC\EXMMTEST.C ACBP=48
 05F7:1034 0006 C=BSS    S=_BSS           G=DGROUP  M=SRC\LIB\16_CA.C ACBP=48
 05F7:103A 0000 C=BSS    S=_BSS           G=DGROUP  M=SRC\LIB\16_HEAD.C ACBP=48
 05F7:103A 0006 C=BSS    S=_BSS           G=DGROUP  M=SRC\LIB\16_MM.C ACBP=48
 05F7:1040 0040 C=BSS    S=_BSS           G=DGROUP  M=ATEXIT     ACBP=48
 05F7:1080 0001 C=BSS    S=_BSS           G=DGROUP  M=CLOCK      ACBP=48
 05F7:1082 0000 C=BSS    S=_BSS           G=DGROUP  M=DOSFATTR   ACBP=48
 05F7:1082 0000 C=BSS    S=_BSS           G=DGROUP  M=IOERROR    ACBP=48
 05F7:1082 0000 C=BSS    S=_BSS           G=DGROUP  M=ISATTY     ACBP=48
 05F7:1082 0000 C=BSS    S=_BSS           G=DGROUP  M=LONGTOA    ACBP=48
 05F7:1082 0000 C=BSS    S=_BSS           G=DGROUP  M=LSEEK      ACBP=48
 05F7:1082 000D C=BSS    S=_BSS           G=DGROUP  M=MKNAME     ACBP=48
 05F7:1090 0000 C=BSS    S=_BSS           G=DGROUP  M=READA      ACBP=48
 05F7:1090 0000 C=BSS    S=_BSS           G=DGROUP  M=SETUPIO    ACBP=48
 05F7:1090 0000 C=BSS    S=_BSS           G=DGROUP  M=UNLINK     ACBP=48
 05F7:1090 0000 C=BSS    S=_BSS           G=DGROUP  M=VPRINTER   ACBP=48
 05F7:1090 0000 C=BSS    S=_BSS           G=DGROUP  M=VRAM       ACBP=48
 05F7:1090 0000 C=BSS    S=_BSS           G=DGROUP  M=CORELEFT   ACBP=48
 05F7:1090 0000 C=BSS    S=_BSS           G=DGROUP  M=CRTINIT    ACBP=48
 05F7:1090 0000 C=BSS    S=_BSS           G=DGROUP  M=GETCH      ACBP=48
 05F7:1090 0000 C=BSS    S=_BSS           G=DGROUP  M=IOCTL      ACBP=48
 05F7:1090 0000 C=BSS    S=_BSS           G=DGROUP  M=KBHIT      ACBP=48
 05F7:1090 0000 C=BSS    S=_BSS           G=DGROUP  M=SETBLOCK   ACBP=48
 05F7:1090 0000 C=BSS    S=_BSS           G=DGROUP  M=CHMODA     ACBP=48
 05F7:1090 0000 C=BSS    S=_BSS           G=DGROUP  M=CLOSEA     ACBP=48
 05F7:1090 0000 C=BSS    S=_BSS           G=DGROUP  M=FLENGTH    ACBP=48
 05F7:1090 0000 C=BSS    S=_BSS           G=DGROUP  M=GETENV     ACBP=48
 05F7:1090 0000 C=BSS    S=_BSS           G=DGROUP  M=MEMCPY     ACBP=48
 05F7:1090 0000 C=BSS    S=_BSS           G=DGROUP  M=MOVEDATA   ACBP=48
 05F7:1090 0000 C=BSS    S=_BSS           G=DGROUP  M=OPEN       ACBP=48
 05F7:1090 0000 C=BSS    S=_BSS           G=DGROUP  M=OPENA      ACBP=48
 05F7:1090 0001 C=BSS    S=_BSS           G=DGROUP  M=PUTC       ACBP=48
 05F7:1092 0000 C=BSS    S=_BSS           G=DGROUP  M=READ       ACBP=48
 05F7:1092 0000 C=BSS    S=_BSS           G=DGROUP  M=STRCAT     ACBP=48
 05F7:1092 0000 C=BSS    S=_BSS           G=DGROUP  M=STRLEN     ACBP=48
 05F7:1092 0000 C=BSS    S=_BSS           G=DGROUP  M=WRITEA     ACBP=48
 05F7:1092 0000 C=BSSEND S=_BSSEND        G=DGROUP  M=c0.ASM     ACBP=28
 0701:0000 0080 C=STACK  S=_STACK         G=(none)  M=c0.ASM     ACBP=74

  Address         Publics by Name

 05F7:0000 idle  DATASEG@
 0000:028B idle  DGROUP@
 0000:335D idle  F_LDIV@
 0000:336C idle  F_LMOD@
 0000:3364 idle  F_LUDIV@
 0000:3374 idle  F_LUMOD@
 0000:340B idle  F_LXLSH@
 0000:342C idle  F_LXURSH@
 0000:344D idle  F_PADD@
 0000:34AD idle  F_PSBP@
 0000:347C idle  F_PSUB@
 0000:028F idle  KITTENGETS
 0000:335D idle  LDIV@
 0000:336C idle  LMOD@
 0000:3364 idle  LUDIV@
 0000:3374 idle  LUMOD@
 0000:340B idle  LXLSH@
 0000:342C idle  LXURSH@
 0000:335A       N_LDIV@
 0000:3369 idle  N_LMOD@
 0000:3361       N_LUDIV@
 0000:3371 idle  N_LUMOD@
 0000:3408       N_LXLSH@
 0000:3429       N_LXURSH@
 0000:344A       N_PADD@
 0000:36A9       N_PCMP@
 0000:34AA       N_PSBP@
 0000:3479 idle  N_PSUB@
 0000:344D idle  PADD@
 0000:34AD idle  PSBP@
 0000:347C idle  PSUB@
 0000:0276       _abort
 05F7:103C idle  _aftersort
 0000:3227 idle  _atexit
 05F7:103E idle  _beforesort
 0000:0EED idle  _CAL_OptimizeNodes
 0000:04F2 idle  _catread
 0000:0D5D       _CA_CloseDebug
 0000:0D6F idle  _CA_FarRead
 0000:0DAB idle  _CA_FarWrite
 0000:0E5B       _CA_LoadFile
 0000:0D37       _CA_OpenDebug
 0000:0DE7 idle  _CA_ReadFile
 0000:0F84       _CA_Shutdown
 0000:0F5E       _CA_Startup
 0000:324B       _clock
 0000:4D8A       _close
 0000:3D99       _coreleft
 0000:3ECF idle  _cprintf
 0000:07F4 idle  _db_fetch
 0000:085C idle  _db_insert
 05F7:0FB7       _directvideo
 05F7:1038 idle  _drawcachebox
 05F7:1006       _environ
 05F7:007F       _errno
 0000:331F       _exit
 0000:461A       _farcoreleft
 0000:41EF       _farfree
 0000:4303       _farmalloc
 0000:4464 idle  _farrealloc
 0000:4DCE       _fclose
 0000:4E7E       _fflush
 0000:4F44       _filelength
 0000:0FD1 idle  _filesize
 05F7:1034 idle  _finishcachebox
 0000:4F85       _flushall
 0000:518E       _fopen
 0000:51C3       _fprintf
 0000:56EE idle  _fputc
 0000:5877 idle  _fputchar
 0000:41EF       _free
 0000:5261       _fseek
 0000:52DD       _ftell
 0000:466A       _getch
 0000:4683 idle  _getche
 0000:53B7       _getenv
 0000:46BE       _gettext
 0000:079F idle  _get_line
 0000:0BF9 idle  _HC_CloseDebug
 0000:0BD3 idle  _HC_OpenDebug
 0000:476A       _ioctl
 0000:351D       _isatty
 0000:5427 idle  _itoa
 0000:4793       _kbhit
 0000:05A0 idle  _kittenclose
 0000:02DE idle  _kittenopen
 0000:0A4B idle  _LargestFarFreeBlock
 0000:090E idle  _LargestFreeBlock
 0000:35D0       _lseek
 0000:546F idle  _ltoa
 0000:0C0B       _main
 0000:42F9       _malloc
 0000:5497       _memcpy
 0000:125E idle  _MML_CheckForEMS
 0000:151F idle  _MML_CheckForXMS
 0000:18DB idle  _MML_ClearBlock
 0000:12A1 idle  _MML_SetupEMS
 0000:1554 idle  _MML_SetupXMS
 0000:139B idle  _MML_ShutdownEMS
 0000:15D5 idle  _MML_ShutdownXMS
 0000:1617 idle  _MML_UseSpace
 0000:3218 idle  _MM_BombOnError
 0000:2A27       _MM_DumpData
 0000:2122       _MM_FreePtr
 0000:1D2E       _MM_GetPtr
 0000:13DB idle  _MM_MapEMS
 0000:1475 idle  _MM_MapXEMS
 0000:2C95       _MM_Report
 0000:22D9 idle  _MM_SetLock
 0000:2225 idle  _MM_SetPurge
 0000:2522       _MM_ShowMemory
 0000:1CCE       _MM_Shutdown
 0000:2392 idle  _MM_SortMem
 0000:194C       _MM_Startup
 0000:2BFF idle  _MM_TotalFree
 0000:2B8A idle  _MM_UnusedMemory
 0000:54BB       _movedata
 0000:47A5       _movetext
 0000:05A7 idle  _mystrtoul
 0000:550A       _open
 0000:56B9       _printf
 0000:1030 idle  _printmeminfoline
 0000:0643 idle  _processEscChars
 0000:4842       _putch
 0000:4714       _puttext
 0000:5B43       _read
 0000:445D idle  _realloc
 0000:4CD1       _setblock
 0000:5B46       _setvbuf
 0000:5C95       _sprintf
 0000:5CD8       _strcat
 0000:5D17       _strdup
 0000:5D57       _strlen
 0000:37AB       _tolower
 0000:5452       _ultoa
 0000:46A0 idle  _ungetch
 0000:37D7       _unlink
 05F7:1036 idle  _updatecachebox
 0000:118F       _US_CheckParm
 0000:5CB7 idle  _vsprintf
 0000:0F96 idle  _wait
 0000:4D4B idle  _wherex
 0000:4D5A idle  _wherey
 0000:5EFB       _write
 05F7:103A idle  _XMSaddr
 0000:1000 idle  __AHINCR
 0000:000C idle  __AHSHIFT
 05F7:0FF6       __argc
 05F7:0FF8       __argv
 05F7:0C0E       __atexitcnt
 05F7:1040       __atexittbl
 0000:4550       __brk
 05F7:008B       __brklvl
 05F7:006B       __C0argc
 05F7:006D       __C0argv
 0000:3FB1 idle  __c0crtinit
 05F7:0071       __C0environ
 05F7:0FF5       __cChar
 0000:3340 idle  __cexit
 05F7:0FF4       __cFlag
 0000:0166       __checknull
 0000:4D6D       __chmod
 0000:0153       __cleanup
 0000:4DB0       __close
 0000:09C0 idle  __coreleft
 0000:3D9D       __CPUTN
 0000:3FCE idle  __crtinit
 05F7:0C10       __ctype
 0000:0000  Abs  __cvtfak
 0000:334E idle  __c_exit
 05F7:0ED6       __doserrno
 0000:350B       __DOSERROR
 05F7:0ED8 idle  __dosErrorToSV
 0000:3294       __dos_getfileattr
 0000:32B4 idle  __dos_setfileattr
 05F7:0075       __envLng
 05F7:0077       __envseg
 05F7:0079       __envSize
 0000:332E       __exit
 05F7:0D12       __exitbuf
 05F7:0D14       __exitfopen
 05F7:0D16 idle  __exitopen
 0000:0B06 idle  __farcoreleft
 05F7:0ED2       __fmode
 0000:56D4 idle  __fputc
 0000:588A       __FPUTN
 0000:5144 idle  __GETFP
 05F7:0087       __heapbase
 05F7:008F       __heaptop
 05F7:005B idle  __Int0Vector
 05F7:005F idle  __Int4Vector
 05F7:0063 idle  __Int5Vector
 05F7:0067 idle  __Int6Vector
 0000:34D2       __IOERROR
 05F7:0094 idle  __kitten_catalog
 0000:352E       __LONGTOA
 0000:35F9       __MKNAME
 0000:028D idle  __MMODEL
 05F7:0EA8       __nfile
 0000:4683 idle  __Ngetche
 05F7:0ED4       __notUmask
 0000:46A0 idle  __Nungetch
 0000:566A       __open
 05F7:0EAA       __openfd
 0000:507B idle  __OPENFP
 05F7:007D       __osmajor
 05F7:007E idle  __osminor
 05F7:007D idle  __osversion
 05F7:007B       __psp
 0000:36CA       __read
 0000:4859       __REALCVT
 05F7:1010       __RealCvtVector
 0000:01BC       __restorezero
 0000:458F       __sbrk
 05F7:1012 idle  __ScanTodVector
 0000:4993       __SCREENIO
 0000:4A46       __SCROLL
 0000:0000  Abs  __setargv__
 0000:0000 idle  __setenvp__
 0000:36F9       __setupio
 05F7:0081       __StartTime
 05F7:0F3C       __stklen
 0000:3D69       __stpcpy
 05F7:0D18       __streams
 0000:0167       __terminate
 0000:3652 idle  __TMPNAM
 0000:0000 idle  __turboCrt
 0000:35B0       __UTOA
 0000:49CF       __VALIDATEXY
 05F7:007D idle  __version
 05F7:0FA8       __video
 0000:3F26       __VideoInt
 0000:3807       __VPRINTER
 0000:3CCA       __VPTR
 0000:3CEF       __VRAM
 0000:4D41       __wherexy
 0000:5EBF       __write
 05F7:0FA6       __wscroll
 0000:5EFE       __xfclose
 0000:5F39       __xfflush
 05F7:0085 idle  ___brklvl
 0000:40AF idle  ___first
 0000:40B1 idle  ___last
 0000:5A78       ___read
 0000:40B3 idle  ___rover
 0000:5D76       ___write

  Address         Publics by Value

 0000:0000  Abs  __setargv__
 0000:0000 idle  __turboCrt
 0000:0000  Abs  __cvtfak
 0000:0000 idle  __setenvp__
 0000:000C idle  __AHSHIFT
 0000:0153       __cleanup
 0000:0166       __checknull
 0000:0167       __terminate
 0000:01BC       __restorezero
 0000:0276       _abort
 0000:028B idle  DGROUP@
 0000:028D idle  __MMODEL
 0000:028F idle  KITTENGETS
 0000:02DE idle  _kittenopen
 0000:04F2 idle  _catread
 0000:05A0 idle  _kittenclose
 0000:05A7 idle  _mystrtoul
 0000:0643 idle  _processEscChars
 0000:079F idle  _get_line
 0000:07F4 idle  _db_fetch
 0000:085C idle  _db_insert
 0000:090E idle  _LargestFreeBlock
 0000:09C0 idle  __coreleft
 0000:0A4B idle  _LargestFarFreeBlock
 0000:0B06 idle  __farcoreleft
 0000:0BD3 idle  _HC_OpenDebug
 0000:0BF9 idle  _HC_CloseDebug
 0000:0C0B       _main
 0000:0D37       _CA_OpenDebug
 0000:0D5D       _CA_CloseDebug
 0000:0D6F idle  _CA_FarRead
 0000:0DAB idle  _CA_FarWrite
 0000:0DE7 idle  _CA_ReadFile
 0000:0E5B       _CA_LoadFile
 0000:0EED idle  _CAL_OptimizeNodes
 0000:0F5E       _CA_Startup
 0000:0F84       _CA_Shutdown
 0000:0F96 idle  _wait
 0000:0FD1 idle  _filesize
 0000:1000 idle  __AHINCR
 0000:1030 idle  _printmeminfoline
 0000:118F       _US_CheckParm
 0000:125E idle  _MML_CheckForEMS
 0000:12A1 idle  _MML_SetupEMS
 0000:139B idle  _MML_ShutdownEMS
 0000:13DB idle  _MM_MapEMS
 0000:1475 idle  _MM_MapXEMS
 0000:151F idle  _MML_CheckForXMS
 0000:1554 idle  _MML_SetupXMS
 0000:15D5 idle  _MML_ShutdownXMS
 0000:1617 idle  _MML_UseSpace
 0000:18DB idle  _MML_ClearBlock
 0000:194C       _MM_Startup
 0000:1CCE       _MM_Shutdown
 0000:1D2E       _MM_GetPtr
 0000:2122       _MM_FreePtr
 0000:2225 idle  _MM_SetPurge
 0000:22D9 idle  _MM_SetLock
 0000:2392 idle  _MM_SortMem
 0000:2522       _MM_ShowMemory
 0000:2A27       _MM_DumpData
 0000:2B8A idle  _MM_UnusedMemory
 0000:2BFF idle  _MM_TotalFree
 0000:2C95       _MM_Report
 0000:3218 idle  _MM_BombOnError
 0000:3227 idle  _atexit
 0000:324B       _clock
 0000:3294       __dos_getfileattr
 0000:32B4 idle  __dos_setfileattr
 0000:331F       _exit
 0000:332E       __exit
 0000:3340 idle  __cexit
 0000:334E idle  __c_exit
 0000:335A       N_LDIV@
 0000:335D idle  LDIV@
 0000:335D idle  F_LDIV@
 0000:3361       N_LUDIV@
 0000:3364 idle  F_LUDIV@
 0000:3364 idle  LUDIV@
 0000:3369 idle  N_LMOD@
 0000:336C idle  F_LMOD@
 0000:336C idle  LMOD@
 0000:3371 idle  N_LUMOD@
 0000:3374 idle  LUMOD@
 0000:3374 idle  F_LUMOD@
 0000:3408       N_LXLSH@
 0000:340B idle  LXLSH@
 0000:340B idle  F_LXLSH@
 0000:3429       N_LXURSH@
 0000:342C idle  LXURSH@
 0000:342C idle  F_LXURSH@
 0000:344A       N_PADD@
 0000:344D idle  F_PADD@
 0000:344D idle  PADD@
 0000:3479 idle  N_PSUB@
 0000:347C idle  F_PSUB@
 0000:347C idle  PSUB@
 0000:34AA       N_PSBP@
 0000:34AD idle  PSBP@
 0000:34AD idle  F_PSBP@
 0000:34D2       __IOERROR
 0000:350B       __DOSERROR
 0000:351D       _isatty
 0000:352E       __LONGTOA
 0000:35B0       __UTOA
 0000:35D0       _lseek
 0000:35F9       __MKNAME
 0000:3652 idle  __TMPNAM
 0000:36A9       N_PCMP@
 0000:36CA       __read
 0000:36F9       __setupio
 0000:37AB       _tolower
 0000:37D7       _unlink
 0000:3807       __VPRINTER
 0000:3CCA       __VPTR
 0000:3CEF       __VRAM
 0000:3D69       __stpcpy
 0000:3D99       _coreleft
 0000:3D9D       __CPUTN
 0000:3ECF idle  _cprintf
 0000:3F26       __VideoInt
 0000:3FB1 idle  __c0crtinit
 0000:3FCE idle  __crtinit
 0000:40AF idle  ___first
 0000:40B1 idle  ___last
 0000:40B3 idle  ___rover
 0000:41EF       _free
 0000:41EF       _farfree
 0000:42F9       _malloc
 0000:4303       _farmalloc
 0000:445D idle  _realloc
 0000:4464 idle  _farrealloc
 0000:4550       __brk
 0000:458F       __sbrk
 0000:461A       _farcoreleft
 0000:466A       _getch
 0000:4683 idle  __Ngetche
 0000:4683 idle  _getche
 0000:46A0 idle  __Nungetch
 0000:46A0 idle  _ungetch
 0000:46BE       _gettext
 0000:4714       _puttext
 0000:476A       _ioctl
 0000:4793       _kbhit
 0000:47A5       _movetext
 0000:4842       _putch
 0000:4859       __REALCVT
 0000:4993       __SCREENIO
 0000:49CF       __VALIDATEXY
 0000:4A46       __SCROLL
 0000:4CD1       _setblock
 0000:4D41       __wherexy
 0000:4D4B idle  _wherex
 0000:4D5A idle  _wherey
 0000:4D6D       __chmod
 0000:4D8A       _close
 0000:4DB0       __close
 0000:4DCE       _fclose
 0000:4E7E       _fflush
 0000:4F44       _filelength
 0000:4F85       _flushall
 0000:507B idle  __OPENFP
 0000:5144 idle  __GETFP
 0000:518E       _fopen
 0000:51C3       _fprintf
 0000:5261       _fseek
 0000:52DD       _ftell
 0000:53B7       _getenv
 0000:5427 idle  _itoa
 0000:5452       _ultoa
 0000:546F idle  _ltoa
 0000:5497       _memcpy
 0000:54BB       _movedata
 0000:550A       _open
 0000:566A       __open
 0000:56B9       _printf
 0000:56D4 idle  __fputc
 0000:56EE idle  _fputc
 0000:5877 idle  _fputchar
 0000:588A       __FPUTN
 0000:5A78       ___read
 0000:5B43       _read
 0000:5B46       _setvbuf
 0000:5C95       _sprintf
 0000:5CB7 idle  _vsprintf
 0000:5CD8       _strcat
 0000:5D17       _strdup
 0000:5D57       _strlen
 0000:5D76       ___write
 0000:5EBF       __write
 0000:5EFB       _write
 0000:5EFE       __xfclose
 0000:5F39       __xfflush
 05F7:0000 idle  DATASEG@
 05F7:005B idle  __Int0Vector
 05F7:005F idle  __Int4Vector
 05F7:0063 idle  __Int5Vector
 05F7:0067 idle  __Int6Vector
 05F7:006B       __C0argc
 05F7:006D       __C0argv
 05F7:0071       __C0environ
 05F7:0075       __envLng
 05F7:0077       __envseg
 05F7:0079       __envSize
 05F7:007B       __psp
 05F7:007D idle  __osversion
 05F7:007D       __osmajor
 05F7:007D idle  __version
 05F7:007E idle  __osminor
 05F7:007F       _errno
 05F7:0081       __StartTime
 05F7:0085 idle  ___brklvl
 05F7:0087       __heapbase
 05F7:008B       __brklvl
 05F7:008F       __heaptop
 05F7:0094 idle  __kitten_catalog
 05F7:0C0E       __atexitcnt
 05F7:0C10       __ctype
 05F7:0D12       __exitbuf
 05F7:0D14       __exitfopen
 05F7:0D16 idle  __exitopen
 05F7:0D18       __streams
 05F7:0EA8       __nfile
 05F7:0EAA       __openfd
 05F7:0ED2       __fmode
 05F7:0ED4       __notUmask
 05F7:0ED6       __doserrno
 05F7:0ED8 idle  __dosErrorToSV
 05F7:0F3C       __stklen
 05F7:0FA6       __wscroll
 05F7:0FA8       __video
 05F7:0FB7       _directvideo
 05F7:0FF4       __cFlag
 05F7:0FF5       __cChar
 05F7:0FF6       __argc
 05F7:0FF8       __argv
 05F7:1006       _environ
 05F7:1010       __RealCvtVector
 05F7:1012 idle  __ScanTodVector
 05F7:1034 idle  _finishcachebox
 05F7:1036 idle  _updatecachebox
 05F7:1038 idle  _drawcachebox
 05F7:103A idle  _XMSaddr
 05F7:103C idle  _aftersort
 05F7:103E idle  _beforesort
 05F7:1040       __atexittbl

Program entry point at 0000:0000

