
 Start  Stop   Length Name               Class

 00000H 05EA0H 05EA1H _TEXT              CODE
 05EB0H 05EB0H 00000H _FARDATA           FAR_DATA
 05EB0H 05EB0H 00000H _FARBSS            FAR_BSS
 05EB0H 05EB0H 00000H _OVERLAY_          OVRINFO
 05EB0H 05EB0H 00000H _1STUB_            STUBSEG
 05EB0H 06E77H 00FC8H _DATA              DATA
 06E78H 06E79H 00002H _CVTSEG            DATA
 06E7AH 06E7FH 00006H _SCNSEG            DATA
 06E80H 06E80H 00000H _CONST             CONST
 06E80H 06E97H 00018H _INIT_             INITDATA
 06E98H 06E98H 00000H _INITEND_          INITDATA
 06E98H 06E98H 00000H _EXIT_             EXITDATA
 06E98H 06E98H 00000H _EXITEND_          EXITDATA
 06E98H 06EF9H 00062H _BSS               BSS
 06EFAH 06EFAH 00000H _BSSEND            BSSEND
 06F00H 06F7FH 00080H _STACK             STACK


Detailed map of segments

 0000:0000 028F C=CODE   S=_TEXT          G=(none)  M=c0.ASM     ACBP=28
 0000:028F 067F C=CODE   S=_TEXT          G=(none)  M=SRC\LIB\NYAN\KITTEN.C ACBP=28
 0000:090E 02FD C=CODE   S=_TEXT          G=(none)  M=SRC\LIB\16_HC.C ACBP=28
 0000:0C0B 012C C=CODE   S=_TEXT          G=(none)  M=SRC\EXMMTEST.C ACBP=28
 0000:0D37 025F C=CODE   S=_TEXT          G=(none)  M=SRC\LIB\16_CA.C ACBP=28
 0000:0F96 02C8 C=CODE   S=_TEXT          G=(none)  M=SRC\LIB\16_HEAD.C ACBP=28
 0000:125E 1EFB C=CODE   S=_TEXT          G=(none)  M=SRC\LIB\16_MM.C ACBP=28
 0000:3159 0024 C=CODE   S=_TEXT          G=(none)  M=ATEXIT     ACBP=28
 0000:317D 0049 C=CODE   S=_TEXT          G=(none)  M=CLOCK      ACBP=28
 0000:31C6 0000 C=CODE   S=_TEXT          G=(none)  M=CTYPE      ACBP=28
 0000:31C6 003D C=CODE   S=_TEXT          G=(none)  M=DOSFATTR   ACBP=28
 0000:3203 0089 C=CODE   S=_TEXT          G=(none)  M=EXIT       ACBP=28
 0000:328C 0000 C=CODE   S=_TEXT          G=(none)  M=FILES      ACBP=28
 0000:328C 0000 C=CODE   S=_TEXT          G=(none)  M=FILES2     ACBP=28
 0000:328C 0000 C=CODE   S=_TEXT          G=(none)  M=FMODE      ACBP=28
 0000:328C 00AE C=CODE   S=_TEXT          G=(none)  M=H_LDIV     ACBP=28
 0000:333A 0021 C=CODE   S=_TEXT          G=(none)  M=H_LLSH     ACBP=28
 0000:335B 0021 C=CODE   S=_TEXT          G=(none)  M=H_LURSH    ACBP=28
 0000:337C 0060 C=CODE   S=_TEXT          G=(none)  M=H_PADD     ACBP=28
 0000:33DC 0028 C=CODE   S=_TEXT          G=(none)  M=H_PSBP     ACBP=28
 0000:3404 004B C=CODE   S=_TEXT          G=(none)  M=IOERROR    ACBP=28
 0000:344F 0011 C=CODE   S=_TEXT          G=(none)  M=ISATTY     ACBP=28
 0000:3460 00A2 C=CODE   S=_TEXT          G=(none)  M=LONGTOA    ACBP=28
 0000:3502 0029 C=CODE   S=_TEXT          G=(none)  M=LSEEK      ACBP=28
 0000:352B 00B0 C=CODE   S=_TEXT          G=(none)  M=MKNAME     ACBP=28
 0000:35DB 0021 C=CODE   S=_TEXT          G=(none)  M=N_PCMP     ACBP=28
 0000:35FC 002F C=CODE   S=_TEXT          G=(none)  M=READA      ACBP=28
 0000:362B 00B2 C=CODE   S=_TEXT          G=(none)  M=SETUPIO    ACBP=28
 0000:36DD 0000 C=CODE   S=_TEXT          G=(none)  M=STKLEN     ACBP=28
 0000:36DD 002C C=CODE   S=_TEXT          G=(none)  M=TOLOWER    ACBP=28
 0000:3709 0018 C=CODE   S=_TEXT          G=(none)  M=UNLINK     ACBP=28
 0000:3721 04DB C=CODE   S=_TEXT          G=(none)  M=VPRINTER   ACBP=28
 0000:3BFC 009F C=CODE   S=_TEXT          G=(none)  M=VRAM       ACBP=28
 0000:3C9B 0000 C=CODE   S=_TEXT          G=(none)  M=WSCROLL    ACBP=28
 0000:3C9B 0030 C=CODE   S=_TEXT          G=(none)  M=_STPCPY    ACBP=28
 0000:3CCB 0004 C=CODE   S=_TEXT          G=(none)  M=CORELEFT   ACBP=28
 0000:3CCF 014E C=CODE   S=_TEXT          G=(none)  M=CPRINTF    ACBP=28
 0000:3E1D 01A5 C=CODE   S=_TEXT          G=(none)  M=CRTINIT    ACBP=28
 0000:3FC2 001F C=CODE   S=_TEXT          G=(none)  M=CVTFAK     ACBP=28
 0000:3FE1 042D C=CODE   S=_TEXT          G=(none)  M=FARHEAP    ACBP=28
 0000:440E 013E C=CODE   S=_TEXT          G=(none)  M=FBRK       ACBP=28
 0000:454C 0050 C=CODE   S=_TEXT          G=(none)  M=FCORELFT   ACBP=28
 0000:459C 0054 C=CODE   S=_TEXT          G=(none)  M=GETCH      ACBP=28
 0000:45F0 00AC C=CODE   S=_TEXT          G=(none)  M=GPTEXT     ACBP=28
 0000:469C 0029 C=CODE   S=_TEXT          G=(none)  M=IOCTL      ACBP=28
 0000:46C5 0012 C=CODE   S=_TEXT          G=(none)  M=KBHIT      ACBP=28
 0000:46D7 009D C=CODE   S=_TEXT          G=(none)  M=MOVETEXT   ACBP=28
 0000:4774 0017 C=CODE   S=_TEXT          G=(none)  M=PUTCH      ACBP=28
 0000:478B 0004 C=CODE   S=_TEXT          G=(none)  M=REALCVT    ACBP=28
 0000:478F 01C7 C=CODE   S=_TEXT          G=(none)  M=SCREEN     ACBP=28
 0000:4956 0184 C=CODE   S=_TEXT          G=(none)  M=SCROLL     ACBP=28
 0000:4ADA 0129 C=CODE   S=_TEXT          G=(none)  M=SETARGV    ACBP=28
 0000:4C03 001C C=CODE   S=_TEXT          G=(none)  M=SETBLOCK   ACBP=28
 0000:4C1F 0054 C=CODE   S=_TEXT          G=(none)  M=SETENVP    ACBP=28
 0000:4C73 002C C=CODE   S=_TEXT          G=(none)  M=WHEREXY    ACBP=28
 0000:4C9F 001D C=CODE   S=_TEXT          G=(none)  M=CHMODA     ACBP=28
 0000:4CBC 0026 C=CODE   S=_TEXT          G=(none)  M=CLOSE      ACBP=28
 0000:4CE2 001E C=CODE   S=_TEXT          G=(none)  M=CLOSEA     ACBP=28
 0000:4D00 00B0 C=CODE   S=_TEXT          G=(none)  M=FCLOSE     ACBP=28
 0000:4DB0 00C6 C=CODE   S=_TEXT          G=(none)  M=FFLUSH     ACBP=28
 0000:4E76 0041 C=CODE   S=_TEXT          G=(none)  M=FLENGTH    ACBP=28
 0000:4EB7 0040 C=CODE   S=_TEXT          G=(none)  M=FLUSHALL   ACBP=28
 0000:4EF7 01FE C=CODE   S=_TEXT          G=(none)  M=FOPEN      ACBP=28
 0000:50F5 001C C=CODE   S=_TEXT          G=(none)  M=FPRINTF    ACBP=28
 0000:5111 01D8 C=CODE   S=_TEXT          G=(none)  M=FSEEK      ACBP=28
 0000:52E9 0070 C=CODE   S=_TEXT          G=(none)  M=GETENV     ACBP=28
 0000:5359 0070 C=CODE   S=_TEXT          G=(none)  M=LTOA1      ACBP=28
 0000:53C9 0024 C=CODE   S=_TEXT          G=(none)  M=MEMCPY     ACBP=28
 0000:53ED 0022 C=CODE   S=_TEXT          G=(none)  M=MOVEDATA   ACBP=28
 0000:540F 018D C=CODE   S=_TEXT          G=(none)  M=OPEN       ACBP=28
 0000:559C 004F C=CODE   S=_TEXT          G=(none)  M=OPENA      ACBP=28
 0000:55EB 001B C=CODE   S=_TEXT          G=(none)  M=PRINTF     ACBP=28
 0000:5606 03A4 C=CODE   S=_TEXT          G=(none)  M=PUTC       ACBP=28
 0000:59AA 00CB C=CODE   S=_TEXT          G=(none)  M=READ       ACBP=28
 0000:5A75 0003 C=CODE   S=_TEXT          G=(none)  M=READU      ACBP=28
 0000:5A78 0111 C=CODE   S=_TEXT          G=(none)  M=SETVBUF    ACBP=28
 0000:5B89 0081 C=CODE   S=_TEXT          G=(none)  M=SPRINTF    ACBP=28
 0000:5C0A 003F C=CODE   S=_TEXT          G=(none)  M=STRCAT     ACBP=28
 0000:5C49 0040 C=CODE   S=_TEXT          G=(none)  M=STRDUP     ACBP=28
 0000:5C89 001F C=CODE   S=_TEXT          G=(none)  M=STRLEN     ACBP=28
 0000:5CA8 0149 C=CODE   S=_TEXT          G=(none)  M=WRITE      ACBP=28
 0000:5DF1 003C C=CODE   S=_TEXT          G=(none)  M=WRITEA     ACBP=28
 0000:5E2D 0003 C=CODE   S=_TEXT          G=(none)  M=WRITEU     ACBP=28
 0000:5E30 003B C=CODE   S=_TEXT          G=(none)  M=XFCLOSE    ACBP=28
 0000:5E6B 0036 C=CODE   S=_TEXT          G=(none)  M=XFFLUSH    ACBP=28
 05EB:0000 0000 C=FAR_DATA S=_FARDATA       G=(none)  M=c0.ASM     ACBP=68
 05EB:0000 0000 C=FAR_BSS S=_FARBSS        G=(none)  M=c0.ASM     ACBP=68
 05EB:0000 0000 C=OVRINFO S=_OVERLAY_      G=(none)  M=c0.ASM     ACBP=68
 05EB:0000 0000 C=STUBSEG S=_1STUB_        G=(none)  M=c0.ASM     ACBP=68
 05EB:0000 0093 C=DATA   S=_DATA          G=DGROUP  M=c0.ASM     ACBP=68
 05EB:0094 0045 C=DATA   S=_DATA          G=DGROUP  M=SRC\LIB\NYAN\KITTEN.C ACBP=48
 05EB:00DA 0014 C=DATA   S=_DATA          G=DGROUP  M=SRC\LIB\16_HC.C ACBP=48
 05EB:00EE 0047 C=DATA   S=_DATA          G=DGROUP  M=SRC\EXMMTEST.C ACBP=48
 05EB:0136 002C C=DATA   S=_DATA          G=DGROUP  M=SRC\LIB\16_CA.C ACBP=48
 05EB:0162 0010 C=DATA   S=_DATA          G=DGROUP  M=SRC\LIB\16_HEAD.C ACBP=48
 05EB:0172 0A53 C=DATA   S=_DATA          G=DGROUP  M=SRC\LIB\16_MM.C ACBP=48
 05EB:0BC6 0002 C=DATA   S=_DATA          G=DGROUP  M=ATEXIT     ACBP=48
 05EB:0BC8 0000 C=DATA   S=_DATA          G=DGROUP  M=CLOCK      ACBP=48
 05EB:0BC8 0101 C=DATA   S=_DATA          G=DGROUP  M=CTYPE      ACBP=48
 05EB:0CCA 0000 C=DATA   S=_DATA          G=DGROUP  M=DOSFATTR   ACBP=48
 05EB:0CCA 0006 C=DATA   S=_DATA          G=DGROUP  M=EXIT       ACBP=48
 05EB:0CD0 0190 C=DATA   S=_DATA          G=DGROUP  M=FILES      ACBP=48
 05EB:0E60 002A C=DATA   S=_DATA          G=DGROUP  M=FILES2     ACBP=48
 05EB:0E8A 0004 C=DATA   S=_DATA          G=DGROUP  M=FMODE      ACBP=48
 05EB:0E8E 0000 C=DATA   S=_DATA          G=DGROUP  M=H_LDIV     ACBP=48
 05EB:0E8E 0000 C=DATA   S=_DATA          G=DGROUP  M=H_LLSH     ACBP=48
 05EB:0E8E 0000 C=DATA   S=_DATA          G=DGROUP  M=H_LURSH    ACBP=48
 05EB:0E8E 0000 C=DATA   S=_DATA          G=DGROUP  M=H_PADD     ACBP=48
 05EB:0E8E 0000 C=DATA   S=_DATA          G=DGROUP  M=H_PSBP     ACBP=48
 05EB:0E8E 005B C=DATA   S=_DATA          G=DGROUP  M=IOERROR    ACBP=48
 05EB:0EEA 0000 C=DATA   S=_DATA          G=DGROUP  M=ISATTY     ACBP=48
 05EB:0EEA 0000 C=DATA   S=_DATA          G=DGROUP  M=LONGTOA    ACBP=48
 05EB:0EEA 0000 C=DATA   S=_DATA          G=DGROUP  M=LSEEK      ACBP=48
 05EB:0EEA 0009 C=DATA   S=_DATA          G=DGROUP  M=MKNAME     ACBP=48
 05EB:0EF4 0000 C=DATA   S=_DATA          G=DGROUP  M=N_PCMP     ACBP=48
 05EB:0EF4 0000 C=DATA   S=_DATA          G=DGROUP  M=READA      ACBP=48
 05EB:0EF4 0000 C=DATA   S=_DATA          G=DGROUP  M=SETUPIO    ACBP=48
 05EB:0EF4 0002 C=DATA   S=_DATA          G=DGROUP  M=STKLEN     ACBP=48
 05EB:0EF6 0000 C=DATA   S=_DATA          G=DGROUP  M=TOLOWER    ACBP=48
 05EB:0EF6 0000 C=DATA   S=_DATA          G=DGROUP  M=UNLINK     ACBP=48
 05EB:0EF6 0067 C=DATA   S=_DATA          G=DGROUP  M=VPRINTER   ACBP=48
 05EB:0F5E 0000 C=DATA   S=_DATA          G=DGROUP  M=VRAM       ACBP=48
 05EB:0F5E 0002 C=DATA   S=_DATA          G=DGROUP  M=WSCROLL    ACBP=48
 05EB:0F60 0000 C=DATA   S=_DATA          G=DGROUP  M=_STPCPY    ACBP=48
 05EB:0F60 0000 C=DATA   S=_DATA          G=DGROUP  M=CORELEFT   ACBP=48
 05EB:0F60 0000 C=DATA   S=_DATA          G=DGROUP  M=CPRINTF    ACBP=48
 05EB:0F60 0018 C=DATA   S=_DATA          G=DGROUP  M=CRTINIT    ACBP=48
 05EB:0F78 0031 C=DATA   S=_DATA          G=DGROUP  M=CVTFAK     ACBP=48
 05EB:0FAA 0000 C=DATA   S=_DATA          G=DGROUP  M=FARHEAP    ACBP=48
 05EB:0FAA 0002 C=DATA   S=_DATA          G=DGROUP  M=FBRK       ACBP=48
 05EB:0FAC 0000 C=DATA   S=_DATA          G=DGROUP  M=FCORELFT   ACBP=48
 05EB:0FAC 0000 C=DATA   S=_DATA          G=DGROUP  M=GETCH      ACBP=48
 05EB:0FAC 0000 C=DATA   S=_DATA          G=DGROUP  M=GPTEXT     ACBP=48
 05EB:0FAC 0000 C=DATA   S=_DATA          G=DGROUP  M=IOCTL      ACBP=48
 05EB:0FAC 0002 C=DATA   S=_DATA          G=DGROUP  M=KBHIT      ACBP=48
 05EB:0FAE 0000 C=DATA   S=_DATA          G=DGROUP  M=MOVETEXT   ACBP=48
 05EB:0FAE 0000 C=DATA   S=_DATA          G=DGROUP  M=PUTCH      ACBP=48
 05EB:0FAE 0000 C=DATA   S=_DATA          G=DGROUP  M=REALCVT    ACBP=48
 05EB:0FAE 0000 C=DATA   S=_DATA          G=DGROUP  M=SCREEN     ACBP=48
 05EB:0FAE 0000 C=DATA   S=_DATA          G=DGROUP  M=SCROLL     ACBP=48
 05EB:0FAE 0010 C=DATA   S=_DATA          G=DGROUP  M=SETARGV    ACBP=48
 05EB:0FBE 0000 C=DATA   S=_DATA          G=DGROUP  M=SETBLOCK   ACBP=48
 05EB:0FBE 0004 C=DATA   S=_DATA          G=DGROUP  M=SETENVP    ACBP=48
 05EB:0FC2 0000 C=DATA   S=_DATA          G=DGROUP  M=WHEREXY    ACBP=48
 05EB:0FC2 0000 C=DATA   S=_DATA          G=DGROUP  M=CHMODA     ACBP=48
 05EB:0FC2 0000 C=DATA   S=_DATA          G=DGROUP  M=CLOSE      ACBP=48
 05EB:0FC2 0000 C=DATA   S=_DATA          G=DGROUP  M=CLOSEA     ACBP=48
 05EB:0FC2 0000 C=DATA   S=_DATA          G=DGROUP  M=FCLOSE     ACBP=48
 05EB:0FC2 0000 C=DATA   S=_DATA          G=DGROUP  M=FFLUSH     ACBP=48
 05EB:0FC2 0000 C=DATA   S=_DATA          G=DGROUP  M=FLENGTH    ACBP=48
 05EB:0FC2 0000 C=DATA   S=_DATA          G=DGROUP  M=FLUSHALL   ACBP=48
 05EB:0FC2 0000 C=DATA   S=_DATA          G=DGROUP  M=FOPEN      ACBP=48
 05EB:0FC2 0000 C=DATA   S=_DATA          G=DGROUP  M=FPRINTF    ACBP=48
 05EB:0FC2 0000 C=DATA   S=_DATA          G=DGROUP  M=FSEEK      ACBP=48
 05EB:0FC2 0000 C=DATA   S=_DATA          G=DGROUP  M=GETENV     ACBP=48
 05EB:0FC2 0000 C=DATA   S=_DATA          G=DGROUP  M=LTOA1      ACBP=48
 05EB:0FC2 0000 C=DATA   S=_DATA          G=DGROUP  M=MEMCPY     ACBP=48
 05EB:0FC2 0000 C=DATA   S=_DATA          G=DGROUP  M=MOVEDATA   ACBP=48
 05EB:0FC2 0000 C=DATA   S=_DATA          G=DGROUP  M=OPEN       ACBP=48
 05EB:0FC2 0000 C=DATA   S=_DATA          G=DGROUP  M=OPENA      ACBP=48
 05EB:0FC2 0000 C=DATA   S=_DATA          G=DGROUP  M=PRINTF     ACBP=48
 05EB:0FC2 0001 C=DATA   S=_DATA          G=DGROUP  M=PUTC       ACBP=48
 05EB:0FC4 0000 C=DATA   S=_DATA          G=DGROUP  M=READ       ACBP=48
 05EB:0FC4 0000 C=DATA   S=_DATA          G=DGROUP  M=READU      ACBP=48
 05EB:0FC4 0004 C=DATA   S=_DATA          G=DGROUP  M=SETVBUF    ACBP=48
 05EB:0FC8 0000 C=DATA   S=_DATA          G=DGROUP  M=SPRINTF    ACBP=48
 05EB:0FC8 0000 C=DATA   S=_DATA          G=DGROUP  M=STRCAT     ACBP=48
 05EB:0FC8 0000 C=DATA   S=_DATA          G=DGROUP  M=STRDUP     ACBP=48
 05EB:0FC8 0000 C=DATA   S=_DATA          G=DGROUP  M=STRLEN     ACBP=48
 05EB:0FC8 0000 C=DATA   S=_DATA          G=DGROUP  M=WRITE      ACBP=48
 05EB:0FC8 0000 C=DATA   S=_DATA          G=DGROUP  M=WRITEA     ACBP=48
 05EB:0FC8 0000 C=DATA   S=_DATA          G=DGROUP  M=WRITEU     ACBP=48
 05EB:0FC8 0000 C=DATA   S=_DATA          G=DGROUP  M=XFCLOSE    ACBP=48
 05EB:0FC8 0000 C=DATA   S=_DATA          G=DGROUP  M=XFFLUSH    ACBP=48
 05EB:0FC8 0000 C=DATA   S=_CVTSEG        G=DGROUP  M=c0.ASM     ACBP=48
 05EB:0FC8 0002 C=DATA   S=_CVTSEG        G=DGROUP  M=CVTFAK     ACBP=48
 05EB:0FCA 0000 C=DATA   S=_CVTSEG        G=DGROUP  M=REALCVT    ACBP=48
 05EB:0FCA 0000 C=DATA   S=_SCNSEG        G=DGROUP  M=c0.ASM     ACBP=48
 05EB:0FCA 0006 C=DATA   S=_SCNSEG        G=DGROUP  M=CVTFAK     ACBP=48
 05EB:0FD0 0000 C=CONST  S=_CONST         G=DGROUP  M=c0.ASM     ACBP=48
 05EB:0FD0 0000 C=INITDATA S=_INIT_         G=DGROUP  M=c0.ASM     ACBP=48
 05EB:0FD0 0006 C=INITDATA S=_INIT_         G=DGROUP  M=SETUPIO    ACBP=48
 05EB:0FD6 0006 C=INITDATA S=_INIT_         G=DGROUP  M=CRTINIT    ACBP=48
 05EB:0FDC 0006 C=INITDATA S=_INIT_         G=DGROUP  M=SETARGV    ACBP=48
 05EB:0FE2 0006 C=INITDATA S=_INIT_         G=DGROUP  M=SETENVP    ACBP=48
 05EB:0FE8 0000 C=INITDATA S=_INITEND_      G=DGROUP  M=c0.ASM     ACBP=28
 05EB:0FE8 0000 C=EXITDATA S=_EXIT_         G=DGROUP  M=c0.ASM     ACBP=48
 05EB:0FE8 0000 C=EXITDATA S=_EXITEND_      G=DGROUP  M=c0.ASM     ACBP=28
 05EB:0FE8 0000 C=BSS    S=_BSS           G=DGROUP  M=c0.ASM     ACBP=48
 05EB:0FE8 0004 C=BSS    S=_BSS           G=DGROUP  M=SRC\LIB\NYAN\KITTEN.C ACBP=48
 05EB:0FEC 0000 C=BSS    S=_BSS           G=DGROUP  M=SRC\LIB\16_HC.C ACBP=48
 05EB:0FEC 0000 C=BSS    S=_BSS           G=DGROUP  M=SRC\EXMMTEST.C ACBP=48
 05EB:0FEC 0006 C=BSS    S=_BSS           G=DGROUP  M=SRC\LIB\16_CA.C ACBP=48
 05EB:0FF2 0000 C=BSS    S=_BSS           G=DGROUP  M=SRC\LIB\16_HEAD.C ACBP=48
 05EB:0FF2 0006 C=BSS    S=_BSS           G=DGROUP  M=SRC\LIB\16_MM.C ACBP=48
 05EB:0FF8 0040 C=BSS    S=_BSS           G=DGROUP  M=ATEXIT     ACBP=48
 05EB:1038 0001 C=BSS    S=_BSS           G=DGROUP  M=CLOCK      ACBP=48
 05EB:103A 0000 C=BSS    S=_BSS           G=DGROUP  M=DOSFATTR   ACBP=48
 05EB:103A 0000 C=BSS    S=_BSS           G=DGROUP  M=IOERROR    ACBP=48
 05EB:103A 0000 C=BSS    S=_BSS           G=DGROUP  M=ISATTY     ACBP=48
 05EB:103A 0000 C=BSS    S=_BSS           G=DGROUP  M=LONGTOA    ACBP=48
 05EB:103A 0000 C=BSS    S=_BSS           G=DGROUP  M=LSEEK      ACBP=48
 05EB:103A 000D C=BSS    S=_BSS           G=DGROUP  M=MKNAME     ACBP=48
 05EB:1048 0000 C=BSS    S=_BSS           G=DGROUP  M=READA      ACBP=48
 05EB:1048 0000 C=BSS    S=_BSS           G=DGROUP  M=SETUPIO    ACBP=48
 05EB:1048 0000 C=BSS    S=_BSS           G=DGROUP  M=UNLINK     ACBP=48
 05EB:1048 0000 C=BSS    S=_BSS           G=DGROUP  M=VPRINTER   ACBP=48
 05EB:1048 0000 C=BSS    S=_BSS           G=DGROUP  M=VRAM       ACBP=48
 05EB:1048 0000 C=BSS    S=_BSS           G=DGROUP  M=CORELEFT   ACBP=48
 05EB:1048 0000 C=BSS    S=_BSS           G=DGROUP  M=CRTINIT    ACBP=48
 05EB:1048 0000 C=BSS    S=_BSS           G=DGROUP  M=GETCH      ACBP=48
 05EB:1048 0000 C=BSS    S=_BSS           G=DGROUP  M=IOCTL      ACBP=48
 05EB:1048 0000 C=BSS    S=_BSS           G=DGROUP  M=KBHIT      ACBP=48
 05EB:1048 0000 C=BSS    S=_BSS           G=DGROUP  M=SETBLOCK   ACBP=48
 05EB:1048 0000 C=BSS    S=_BSS           G=DGROUP  M=CHMODA     ACBP=48
 05EB:1048 0000 C=BSS    S=_BSS           G=DGROUP  M=CLOSEA     ACBP=48
 05EB:1048 0000 C=BSS    S=_BSS           G=DGROUP  M=FLENGTH    ACBP=48
 05EB:1048 0000 C=BSS    S=_BSS           G=DGROUP  M=GETENV     ACBP=48
 05EB:1048 0000 C=BSS    S=_BSS           G=DGROUP  M=MEMCPY     ACBP=48
 05EB:1048 0000 C=BSS    S=_BSS           G=DGROUP  M=MOVEDATA   ACBP=48
 05EB:1048 0000 C=BSS    S=_BSS           G=DGROUP  M=OPEN       ACBP=48
 05EB:1048 0000 C=BSS    S=_BSS           G=DGROUP  M=OPENA      ACBP=48
 05EB:1048 0001 C=BSS    S=_BSS           G=DGROUP  M=PUTC       ACBP=48
 05EB:104A 0000 C=BSS    S=_BSS           G=DGROUP  M=READ       ACBP=48
 05EB:104A 0000 C=BSS    S=_BSS           G=DGROUP  M=STRCAT     ACBP=48
 05EB:104A 0000 C=BSS    S=_BSS           G=DGROUP  M=STRLEN     ACBP=48
 05EB:104A 0000 C=BSS    S=_BSS           G=DGROUP  M=WRITEA     ACBP=48
 05EB:104A 0000 C=BSSEND S=_BSSEND        G=DGROUP  M=c0.ASM     ACBP=28
 06F0:0000 0080 C=STACK  S=_STACK         G=(none)  M=c0.ASM     ACBP=74

  Address         Publics by Name

 05EB:0000 idle  DATASEG@
 0000:028B idle  DGROUP@
 0000:328F idle  F_LDIV@
 0000:329E idle  F_LMOD@
 0000:3296 idle  F_LUDIV@
 0000:32A6 idle  F_LUMOD@
 0000:333D idle  F_LXLSH@
 0000:335E idle  F_LXURSH@
 0000:337F idle  F_PADD@
 0000:33DF idle  F_PSBP@
 0000:33AE idle  F_PSUB@
 0000:028F idle  KITTENGETS
 0000:328F idle  LDIV@
 0000:329E idle  LMOD@
 0000:3296 idle  LUDIV@
 0000:32A6 idle  LUMOD@
 0000:333D idle  LXLSH@
 0000:335E idle  LXURSH@
 0000:328C       N_LDIV@
 0000:329B idle  N_LMOD@
 0000:3293       N_LUDIV@
 0000:32A3 idle  N_LUMOD@
 0000:333A       N_LXLSH@
 0000:335B       N_LXURSH@
 0000:337C       N_PADD@
 0000:35DB       N_PCMP@
 0000:33DC       N_PSBP@
 0000:33AB idle  N_PSUB@
 0000:337F idle  PADD@
 0000:33DF idle  PSBP@
 0000:33AE idle  PSUB@
 0000:0276       _abort
 05EB:0FF4 idle  _aftersort
 0000:3159 idle  _atexit
 05EB:0FF6 idle  _beforesort
 0000:0EED idle  _CAL_OptimizeNodes
 0000:04F2 idle  _catread
 0000:0D5D       _CA_CloseDebug
 0000:0D6F idle  _CA_FarRead
 0000:0DAB idle  _CA_FarWrite
 0000:0E5B       _CA_LoadFile
 0000:0D37       _CA_OpenDebug
 0000:0DE7 idle  _CA_ReadFile
 0000:0F84       _CA_Shutdown
 0000:0F5E       _CA_Startup
 0000:317D       _clock
 0000:4CBC       _close
 0000:3CCB       _coreleft
 0000:3E01 idle  _cprintf
 0000:07F4 idle  _db_fetch
 0000:085C idle  _db_insert
 05EB:0F6F       _directvideo
 05EB:0FF0 idle  _drawcachebox
 05EB:0FBE       _environ
 05EB:007F       _errno
 0000:3251       _exit
 0000:454C       _farcoreleft
 0000:4121       _farfree
 0000:4235       _farmalloc
 0000:4396 idle  _farrealloc
 0000:4D00       _fclose
 0000:4DB0       _fflush
 0000:4E76       _filelength
 0000:0FD1 idle  _filesize
 05EB:0FEC idle  _finishcachebox
 0000:4EB7       _flushall
 0000:50C0       _fopen
 0000:50F5       _fprintf
 0000:5620 idle  _fputc
 0000:57A9 idle  _fputchar
 0000:4121       _free
 0000:5193       _fseek
 0000:520F       _ftell
 0000:459C       _getch
 0000:45B5 idle  _getche
 0000:52E9       _getenv
 0000:45F0       _gettext
 0000:079F idle  _get_line
 0000:0BF9 idle  _HC_CloseDebug
 0000:0BD3 idle  _HC_OpenDebug
 0000:469C       _ioctl
 0000:344F       _isatty
 0000:5359 idle  _itoa
 0000:46C5       _kbhit
 0000:05A0 idle  _kittenclose
 0000:02DE idle  _kittenopen
 0000:0A4B idle  _LargestFarFreeBlock
 0000:090E idle  _LargestFreeBlock
 0000:3502       _lseek
 0000:53A1 idle  _ltoa
 0000:0C0B       _main
 0000:422B       _malloc
 0000:53C9       _memcpy
 0000:125E idle  _MML_CheckForEMS
 0000:151F idle  _MML_CheckForXMS
 0000:18D7 idle  _MML_ClearBlock
 0000:12A1 idle  _MML_SetupEMS
 0000:1554 idle  _MML_SetupXMS
 0000:139B idle  _MML_ShutdownEMS
 0000:15D5 idle  _MML_ShutdownXMS
 0000:1617 idle  _MML_UseSpace
 0000:314A idle  _MM_BombOnError
 0000:2959       _MM_DumpData
 0000:205C       _MM_FreePtr
 0000:1D20       _MM_GetPtr
 0000:13DB idle  _MM_MapEMS
 0000:1475 idle  _MM_MapXEMS
 0000:2BC7       _MM_Report
 0000:220F idle  _MM_SetLock
 0000:215B idle  _MM_SetPurge
 0000:2454       _MM_ShowMemory
 0000:1CC0       _MM_Shutdown
 0000:22C8 idle  _MM_SortMem
 0000:1948       _MM_Startup
 0000:2B31 idle  _MM_TotalFree
 0000:2ABC idle  _MM_UnusedMemory
 0000:53ED       _movedata
 0000:46D7       _movetext
 0000:05A7 idle  _mystrtoul
 0000:543C       _open
 0000:55EB       _printf
 0000:1030 idle  _printmeminfoline
 0000:0643 idle  _processEscChars
 0000:4774       _putch
 0000:4646       _puttext
 0000:5A75       _read
 0000:438F idle  _realloc
 0000:4C03       _setblock
 0000:5A78       _setvbuf
 0000:5BC7       _sprintf
 0000:5C0A       _strcat
 0000:5C49       _strdup
 0000:5C89       _strlen
 0000:36DD       _tolower
 0000:5384       _ultoa
 0000:45D2 idle  _ungetch
 0000:3709       _unlink
 05EB:0FEE idle  _updatecachebox
 0000:118F       _US_CheckParm
 0000:5BE9 idle  _vsprintf
 0000:0F96 idle  _wait
 0000:4C7D idle  _wherex
 0000:4C8C idle  _wherey
 0000:5E2D       _write
 05EB:0FF2 idle  _XMSaddr
 0000:1000 idle  __AHINCR
 0000:000C idle  __AHSHIFT
 05EB:0FAE       __argc
 05EB:0FB0       __argv
 05EB:0BC6       __atexitcnt
 05EB:0FF8       __atexittbl
 0000:4482       __brk
 05EB:008B       __brklvl
 05EB:006B       __C0argc
 05EB:006D       __C0argv
 0000:3EE3 idle  __c0crtinit
 05EB:0071       __C0environ
 05EB:0FAD       __cChar
 0000:3272 idle  __cexit
 05EB:0FAC       __cFlag
 0000:0166       __checknull
 0000:4C9F       __chmod
 0000:0153       __cleanup
 0000:4CE2       __close
 0000:09C0 idle  __coreleft
 0000:3CCF       __CPUTN
 0000:3F00 idle  __crtinit
 05EB:0BC8       __ctype
 0000:0000  Abs  __cvtfak
 0000:3280 idle  __c_exit
 05EB:0E8E       __doserrno
 0000:343D       __DOSERROR
 05EB:0E90 idle  __dosErrorToSV
 0000:31C6       __dos_getfileattr
 0000:31E6 idle  __dos_setfileattr
 05EB:0075       __envLng
 05EB:0077       __envseg
 05EB:0079       __envSize
 0000:3260       __exit
 05EB:0CCA       __exitbuf
 05EB:0CCC       __exitfopen
 05EB:0CCE idle  __exitopen
 0000:0B06 idle  __farcoreleft
 05EB:0E8A       __fmode
 0000:5606 idle  __fputc
 0000:57BC       __FPUTN
 0000:5076 idle  __GETFP
 05EB:0087       __heapbase
 05EB:008F       __heaptop
 05EB:005B idle  __Int0Vector
 05EB:005F idle  __Int4Vector
 05EB:0063 idle  __Int5Vector
 05EB:0067 idle  __Int6Vector
 0000:3404       __IOERROR
 05EB:0094 idle  __kitten_catalog
 0000:3460       __LONGTOA
 0000:352B       __MKNAME
 0000:028D idle  __MMODEL
 05EB:0E60       __nfile
 0000:45B5 idle  __Ngetche
 05EB:0E8C       __notUmask
 0000:45D2 idle  __Nungetch
 0000:559C       __open
 05EB:0E62       __openfd
 0000:4FAD idle  __OPENFP
 05EB:007D       __osmajor
 05EB:007E idle  __osminor
 05EB:007D idle  __osversion
 05EB:007B       __psp
 0000:35FC       __read
 0000:478B       __REALCVT
 05EB:0FC8       __RealCvtVector
 0000:01BC       __restorezero
 0000:44C1       __sbrk
 05EB:0FCA idle  __ScanTodVector
 0000:48C5       __SCREENIO
 0000:4978       __SCROLL
 0000:0000  Abs  __setargv__
 0000:0000 idle  __setenvp__
 0000:362B       __setupio
 05EB:0081       __StartTime
 05EB:0EF4       __stklen
 0000:3C9B       __stpcpy
 05EB:0CD0       __streams
 0000:0167       __terminate
 0000:3584 idle  __TMPNAM
 0000:0000 idle  __turboCrt
 0000:34E2       __UTOA
 0000:4901       __VALIDATEXY
 05EB:007D idle  __version
 05EB:0F60       __video
 0000:3E58       __VideoInt
 0000:3739       __VPRINTER
 0000:3BFC       __VPTR
 0000:3C21       __VRAM
 0000:4C73       __wherexy
 0000:5DF1       __write
 05EB:0F5E       __wscroll
 0000:5E30       __xfclose
 0000:5E6B       __xfflush
 05EB:0085 idle  ___brklvl
 0000:3FE1 idle  ___first
 0000:3FE3 idle  ___last
 0000:59AA       ___read
 0000:3FE5 idle  ___rover
 0000:5CA8       ___write

  Address         Publics by Value

 0000:0000  Abs  __setargv__
 0000:0000 idle  __turboCrt
 0000:0000  Abs  __cvtfak
 0000:0000 idle  __setenvp__
 0000:000C idle  __AHSHIFT
 0000:0153       __cleanup
 0000:0166       __checknull
 0000:0167       __terminate
 0000:01BC       __restorezero
 0000:0276       _abort
 0000:028B idle  DGROUP@
 0000:028D idle  __MMODEL
 0000:028F idle  KITTENGETS
 0000:02DE idle  _kittenopen
 0000:04F2 idle  _catread
 0000:05A0 idle  _kittenclose
 0000:05A7 idle  _mystrtoul
 0000:0643 idle  _processEscChars
 0000:079F idle  _get_line
 0000:07F4 idle  _db_fetch
 0000:085C idle  _db_insert
 0000:090E idle  _LargestFreeBlock
 0000:09C0 idle  __coreleft
 0000:0A4B idle  _LargestFarFreeBlock
 0000:0B06 idle  __farcoreleft
 0000:0BD3 idle  _HC_OpenDebug
 0000:0BF9 idle  _HC_CloseDebug
 0000:0C0B       _main
 0000:0D37       _CA_OpenDebug
 0000:0D5D       _CA_CloseDebug
 0000:0D6F idle  _CA_FarRead
 0000:0DAB idle  _CA_FarWrite
 0000:0DE7 idle  _CA_ReadFile
 0000:0E5B       _CA_LoadFile
 0000:0EED idle  _CAL_OptimizeNodes
 0000:0F5E       _CA_Startup
 0000:0F84       _CA_Shutdown
 0000:0F96 idle  _wait
 0000:0FD1 idle  _filesize
 0000:1000 idle  __AHINCR
 0000:1030 idle  _printmeminfoline
 0000:118F       _US_CheckParm
 0000:125E idle  _MML_CheckForEMS
 0000:12A1 idle  _MML_SetupEMS
 0000:139B idle  _MML_ShutdownEMS
 0000:13DB idle  _MM_MapEMS
 0000:1475 idle  _MM_MapXEMS
 0000:151F idle  _MML_CheckForXMS
 0000:1554 idle  _MML_SetupXMS
 0000:15D5 idle  _MML_ShutdownXMS
 0000:1617 idle  _MML_UseSpace
 0000:18D7 idle  _MML_ClearBlock
 0000:1948       _MM_Startup
 0000:1CC0       _MM_Shutdown
 0000:1D20       _MM_GetPtr
 0000:205C       _MM_FreePtr
 0000:215B idle  _MM_SetPurge
 0000:220F idle  _MM_SetLock
 0000:22C8 idle  _MM_SortMem
 0000:2454       _MM_ShowMemory
 0000:2959       _MM_DumpData
 0000:2ABC idle  _MM_UnusedMemory
 0000:2B31 idle  _MM_TotalFree
 0000:2BC7       _MM_Report
 0000:314A idle  _MM_BombOnError
 0000:3159 idle  _atexit
 0000:317D       _clock
 0000:31C6       __dos_getfileattr
 0000:31E6 idle  __dos_setfileattr
 0000:3251       _exit
 0000:3260       __exit
 0000:3272 idle  __cexit
 0000:3280 idle  __c_exit
 0000:328C       N_LDIV@
 0000:328F idle  LDIV@
 0000:328F idle  F_LDIV@
 0000:3293       N_LUDIV@
 0000:3296 idle  F_LUDIV@
 0000:3296 idle  LUDIV@
 0000:329B idle  N_LMOD@
 0000:329E idle  F_LMOD@
 0000:329E idle  LMOD@
 0000:32A3 idle  N_LUMOD@
 0000:32A6 idle  LUMOD@
 0000:32A6 idle  F_LUMOD@
 0000:333A       N_LXLSH@
 0000:333D idle  LXLSH@
 0000:333D idle  F_LXLSH@
 0000:335B       N_LXURSH@
 0000:335E idle  LXURSH@
 0000:335E idle  F_LXURSH@
 0000:337C       N_PADD@
 0000:337F idle  F_PADD@
 0000:337F idle  PADD@
 0000:33AB idle  N_PSUB@
 0000:33AE idle  F_PSUB@
 0000:33AE idle  PSUB@
 0000:33DC       N_PSBP@
 0000:33DF idle  PSBP@
 0000:33DF idle  F_PSBP@
 0000:3404       __IOERROR
 0000:343D       __DOSERROR
 0000:344F       _isatty
 0000:3460       __LONGTOA
 0000:34E2       __UTOA
 0000:3502       _lseek
 0000:352B       __MKNAME
 0000:3584 idle  __TMPNAM
 0000:35DB       N_PCMP@
 0000:35FC       __read
 0000:362B       __setupio
 0000:36DD       _tolower
 0000:3709       _unlink
 0000:3739       __VPRINTER
 0000:3BFC       __VPTR
 0000:3C21       __VRAM
 0000:3C9B       __stpcpy
 0000:3CCB       _coreleft
 0000:3CCF       __CPUTN
 0000:3E01 idle  _cprintf
 0000:3E58       __VideoInt
 0000:3EE3 idle  __c0crtinit
 0000:3F00 idle  __crtinit
 0000:3FE1 idle  ___first
 0000:3FE3 idle  ___last
 0000:3FE5 idle  ___rover
 0000:4121       _free
 0000:4121       _farfree
 0000:422B       _malloc
 0000:4235       _farmalloc
 0000:438F idle  _realloc
 0000:4396 idle  _farrealloc
 0000:4482       __brk
 0000:44C1       __sbrk
 0000:454C       _farcoreleft
 0000:459C       _getch
 0000:45B5 idle  __Ngetche
 0000:45B5 idle  _getche
 0000:45D2 idle  __Nungetch
 0000:45D2 idle  _ungetch
 0000:45F0       _gettext
 0000:4646       _puttext
 0000:469C       _ioctl
 0000:46C5       _kbhit
 0000:46D7       _movetext
 0000:4774       _putch
 0000:478B       __REALCVT
 0000:48C5       __SCREENIO
 0000:4901       __VALIDATEXY
 0000:4978       __SCROLL
 0000:4C03       _setblock
 0000:4C73       __wherexy
 0000:4C7D idle  _wherex
 0000:4C8C idle  _wherey
 0000:4C9F       __chmod
 0000:4CBC       _close
 0000:4CE2       __close
 0000:4D00       _fclose
 0000:4DB0       _fflush
 0000:4E76       _filelength
 0000:4EB7       _flushall
 0000:4FAD idle  __OPENFP
 0000:5076 idle  __GETFP
 0000:50C0       _fopen
 0000:50F5       _fprintf
 0000:5193       _fseek
 0000:520F       _ftell
 0000:52E9       _getenv
 0000:5359 idle  _itoa
 0000:5384       _ultoa
 0000:53A1 idle  _ltoa
 0000:53C9       _memcpy
 0000:53ED       _movedata
 0000:543C       _open
 0000:559C       __open
 0000:55EB       _printf
 0000:5606 idle  __fputc
 0000:5620 idle  _fputc
 0000:57A9 idle  _fputchar
 0000:57BC       __FPUTN
 0000:59AA       ___read
 0000:5A75       _read
 0000:5A78       _setvbuf
 0000:5BC7       _sprintf
 0000:5BE9 idle  _vsprintf
 0000:5C0A       _strcat
 0000:5C49       _strdup
 0000:5C89       _strlen
 0000:5CA8       ___write
 0000:5DF1       __write
 0000:5E2D       _write
 0000:5E30       __xfclose
 0000:5E6B       __xfflush
 05EB:0000 idle  DATASEG@
 05EB:005B idle  __Int0Vector
 05EB:005F idle  __Int4Vector
 05EB:0063 idle  __Int5Vector
 05EB:0067 idle  __Int6Vector
 05EB:006B       __C0argc
 05EB:006D       __C0argv
 05EB:0071       __C0environ
 05EB:0075       __envLng
 05EB:0077       __envseg
 05EB:0079       __envSize
 05EB:007B       __psp
 05EB:007D idle  __osversion
 05EB:007D       __osmajor
 05EB:007D idle  __version
 05EB:007E idle  __osminor
 05EB:007F       _errno
 05EB:0081       __StartTime
 05EB:0085 idle  ___brklvl
 05EB:0087       __heapbase
 05EB:008B       __brklvl
 05EB:008F       __heaptop
 05EB:0094 idle  __kitten_catalog
 05EB:0BC6       __atexitcnt
 05EB:0BC8       __ctype
 05EB:0CCA       __exitbuf
 05EB:0CCC       __exitfopen
 05EB:0CCE idle  __exitopen
 05EB:0CD0       __streams
 05EB:0E60       __nfile
 05EB:0E62       __openfd
 05EB:0E8A       __fmode
 05EB:0E8C       __notUmask
 05EB:0E8E       __doserrno
 05EB:0E90 idle  __dosErrorToSV
 05EB:0EF4       __stklen
 05EB:0F5E       __wscroll
 05EB:0F60       __video
 05EB:0F6F       _directvideo
 05EB:0FAC       __cFlag
 05EB:0FAD       __cChar
 05EB:0FAE       __argc
 05EB:0FB0       __argv
 05EB:0FBE       _environ
 05EB:0FC8       __RealCvtVector
 05EB:0FCA idle  __ScanTodVector
 05EB:0FEC idle  _finishcachebox
 05EB:0FEE idle  _updatecachebox
 05EB:0FF0 idle  _drawcachebox
 05EB:0FF2 idle  _XMSaddr
 05EB:0FF4 idle  _aftersort
 05EB:0FF6 idle  _beforesort
 05EB:0FF8       __atexittbl

Program entry point at 0000:0000

