Open Watcom Linker Version 2.0 beta Sep 16 2015 10:14:10 (64-bit)
Copyright (c) 2002-2015 The Open Watcom Contributors. All Rights Reserved.
Portions Copyright (c) 1985-2002 Sybase, Inc. All Rights Reserved.
Created on:       15/10/13 14:51:38
Executable Image: fontgfx.exe
creating a DOS executable


                        +------------+
                        |   Groups   |
                        +------------+

Group                           Address              Size
=====                           =======              ====

DGROUP                          1188:0000            0000f4c0



                        +--------------+
                        |   Segments   |
                        +--------------+

Segment                Class          Group          Address         Size
=======                =====          =====          =======         ====

fontgfx_TEXT           CODE           AUTO           0000:0000       00000194
16_in_TEXT             CODE           AUTO           0000:01a0       00001e80
16_mm_TEXT             CODE           AUTO           0000:2020       00003308
wcpu_TEXT              CODE           AUTO           0000:5330       00000058
16_head_TEXT           CODE           AUTO           0000:5390       00000405
16_ca_TEXT             CODE           AUTO           0000:57a0       000003fd
kitten_TEXT            CODE           AUTO           0000:5ba0       0000080a
16_hc_TEXT             CODE           AUTO           0000:63b0       0000158b
timer_TEXT             CODE           AUTO           0000:7940       00000235
_TEXT                  CODE           AUTO           0000:7b80       00007645
16text_TEXT            CODE           AUTO           0000:f1d0       0000010d
modex16_TEXT           CODE           AUTO           0f2e:0000       000023ee
16_in13_DATA           FAR_DATA       AUTO           116d:0000       000001a4
FAR_DATA               FAR_DATA       AUTO           1187:0004       00000000
_NULL                  BEGDATA        DGROUP         1188:0000       00000020
_AFTERNULL             BEGDATA        DGROUP         118a:0000       00000002
CONST                  DATA           DGROUP         118a:0002       00000076
CONST2                 DATA           DGROUP         1191:0008       00000102
_DATA                  DATA           DGROUP         11a2:0000       000009e1
XIB                    DATA           DGROUP         1240:0002       00000000
XI                     DATA           DGROUP         1240:0002       00000036
XIE                    DATA           DGROUP         1243:0008       00000000
YIB                    DATA           DGROUP         1243:0008       00000000
YI                     DATA           DGROUP         1243:0008       00000018
YIE                    DATA           DGROUP         1245:0000       00000000
STRINGS                DATA           DGROUP         1245:0000       00000000
DATA                   DATA           DGROUP         1245:0000       00000000
_emu_init_start        EMU            DGROUP         1245:0000       00000000
_emu_init_end          EMU            DGROUP         1245:0000       00000000
_BSS                   BSS            DGROUP         1245:0000       00000e22
STACK                  STACK          DGROUP         1328:0000       0000dac0


                        +----------------+
                        |   Memory Map   |
                        +----------------+

* = unreferenced symbol
+ = symbol only referenced locally

Address        Symbol
=======        ======

Module: fontgfx.o(/dos/z/16/src/fontgfx.c)
0000:0048      main_
1188:0bd0+     _gvar
Module: 16_in.o(/dos/z/16/src/lib/16_in.c)
1188:0c0e+     _inpu
0000:02e0+     INL_KeyService_
0000:057a+     Mouse_
0000:05d2+     IN_GetJoyAbs_
0000:097c+     IN_GetJoyButtonsDB_
0000:0c02+     IN_SetupJoy_
0000:0dc4*     IN_Startup_
0000:0eca*     IN_Default_
0000:102e*     IN_Shutdown_
0000:10ae*     IN_SetKeyHook_
0000:10d0+     IN_ClearKeysDown_
0000:11b0*     IN_ReadCursor_
0000:12cc*     IN_ReadControl_
0000:1b04*     IN_SetControlType_
0000:1b52*     IN_GetScanName_
0000:1bda*     IN_WaitForKey_
0000:1c10*     IN_WaitForASCII_
0000:1c46+     IN_AckBack_
0000:1d2e*     IN_Ack_
0000:1dd0+     IN_IsUserInput_
0000:1e76*     IN_UserInput_
0000:1eba*     IN_KeyDown_
0000:1f02+     IN_ClearKey_
0000:1f7a*     IN_qb_
Module: 16_mm.o(/dos/z/16/src/lib/16_mm.c)
0000:2a04+     MML_CheckForEMS_
0000:2a60+     MML_SetupEMS_
0000:2c18+     MML_ShutdownEMS_
0000:2c84+     MM_MapEMS_
0000:2d80*     MM_MapXEMS_
0000:2ea0+     MML_CheckForXMS_
0000:2efc*     MML_SetupXMS_
0000:2fe4+     MML_ShutdownXMS_
0000:3072+     MML_UseSpace_
0000:3250+     MML_ClearBlock_
0000:32d4*     MM_Startup_
0000:3706+     MM_Shutdown_
0000:379c      MM_GetPtr_
0000:3b96+     MM_FreePtr_
0000:3c8e*     MM_SetPurge_
0000:3d68*     MM_SetLock_
0000:3e40+     MM_SortMem_
0000:402e*     MM_ShowMemory_
0000:46ce*     MM_DumpData_
0000:4828+     MM_UnusedMemory_
0000:48ac+     MM_TotalFree_
0000:4942*     MM_Report_
0000:52fa*     MM_BombOnError_
1188:0d70+     _beforesort
1188:0d74+     _aftersort
1188:0d78+     _XMSaddr
Module: wcpu.o(/dos/z/16/src/lib/wcpu/wcpu.c)
0000:5330      detectcpu_
Module: 16_head.o(/dos/z/16/src/lib/16_head.c)
0000:539e*     wait_
0000:53ea*     filesize_
0000:5450      printmeminfoline_
0000:563c      US_CheckParm_
Module: 16_ca.o(/dos/z/16/src/lib/16_ca.c)
0000:57ce      CA_OpenDebug_
0000:581e      CA_CloseDebug_
0000:584c+     CA_FarRead_
0000:58cc*     CA_FarWrite_
0000:594c*     CA_ReadFile_
0000:59c8*     CA_LoadFile_
0000:5a70*     CAL_OptimizeNodes_
0000:5b20*     CA_Startup_
0000:5b70*     CA_Shutdown_
1188:0d80*     _finishcachebox
1188:0d84*     _drawcachebox
1188:0d88*     _updatecachebox
Module: kitten.o(/dos/z/16/src/lib/nyan/kitten.c)
0000:5bdc      KITTENGETS
0000:5c3c*     kittenopen_
0000:5e8a+     catread_
0000:5f3e*     kittenclose_
0000:5f5a+     mystrtoul_
0000:600e+     processEscChars_
0000:6194+     get_line_
0000:6206+     db_fetch_
0000:629c+     db_insert_
1188:08e4+     __kitten_catalog
Module: 16_hc.o(/dos/z/16/src/lib/16_hc.c)
0000:655c+     LargestFreeBlock_
0000:65ea+     _coreleft_
0000:6666+     LargestFarFreeBlock_
0000:671c+     _farcoreleft_
0000:67ca+     LargestHugeFreeBlock_
0000:68ba*     _hugecoreleft_
0000:698a+     GetFreeSize_
0000:69e4+     GetFarFreeSize_
0000:6a2e+     GetNearFreeSize_
0000:6a7c*     heapdump_
0000:771e+     heapstat_
0000:785c+     heapstat0_
0000:78be+     HC_OpenDebug_
0000:790e*     HC_CloseDebug_
Module: timer.o(/dos/z/16/src/lib/timer.c)
0000:7940*     start_timer_
0000:7a6c*     elapsed_timer_
0000:7abe*     ticktock_
0000:7b2a*     time_in_seconds_
Module: /dos/fdos/watcom2/lib286/dos/clibh.lib(stk086.asm)
0000:7b85      __STK
0000:7ba5      __STKOVERFLOW_
Module: gfx.lib(/dos/z/16/src/lib/16text.c)
0000:f246      textInit_
1188:0d94      _romFonts
Module: gfx.lib(/dos/z/16/src/lib/modex16.c)
0f2e:01f4      VGAmodeX_
0f2e:029e*     modex__320x240_256__Enter_
0f2e:02fe+     modex__256x192_256__Enter_
0f2e:035e*     modexLeave_
0f2e:0376+     modexsetBaseXMode_
0f2e:03c8      modexDefaultPage_
0f2e:042e*     modexNextPage_
0f2e:04fe*     modexNextPageFlexibleSize_
0f2e:05d2*     modexShowPage_
0f2e:06ce*     modexPanPage_
0f2e:071e*     modexSelectPlane_
0f2e:0742+     modexClearRegion_
0f2e:085a*     oldDrawBmp_
0f2e:09c0*     CDrawBmp_
0f2e:0b24*     modexDrawBmp_
0f2e:0b8a+     modexDrawBmpRegion_
0f2e:0cf4*     modex_sparky4_DrawBmpRegion_
0f2e:0e5e*     modexDrawPlanarBuf_
0f2e:0e7c*     modexDrawSprite_
0f2e:0ee2+     modexDrawSpriteRegion_
0f2e:105a*     modexCopyPageRegion_
0f2e:11c4*     modexFadeOn_
0f2e:11f4*     modexFadeOff_
0f2e:1222*     modexFlashOn_
0f2e:1250*     modexFlashOff_
0f2e:1320+     modexPalSave_
0f2e:1376+     modexNewPal_
0f2e:13c6*     modexLoadPalFile_
0f2e:14a8*     modexSavePalFile_
0f2e:1520*     modexPalBlack_
0f2e:154a*     modexPalWhite_
0f2e:1574+     modexPalUpdate_
0f2e:1ae4+     modexPalUpdate1_
0f2e:1b5e*     modexPalUpdate0_
0f2e:1baa+     chkcolor_
0f2e:1ec2+     modexputPixel_
0f2e:1f50*     modexgetPixel_
0f2e:1fd6*     modexhlin_
0f2e:2042      modexprint_
0f2e:21dc      modexprintbig_
0f2e:2358*     cls_
0f2e:23c6+     modexWaitBorder_
1188:0914+     _VGA
Module: /dos/fdos/watcom2/lib286/dos/clibh.lib(getch.c)
0000:7bc2      getch_
Module: /dos/fdos/watcom2/lib286/dos/clibh.lib(printf.c)
0000:7bdc      printf_
Module: /dos/fdos/watcom2/lib286/dos/clibh.lib(sprintf.c)
0000:7c0b      sprintf_
Module: /dos/fdos/watcom2/lib286/dos/clibh.lib(cstart)
1188:0000*     __nullarea
1188:0928*     __ovlflag
1188:0929*     __intno
1188:092a*     __ovlvec
0000:7c3a      _cstart_
0000:7d0d*     _Not_Enough_Memory_
0000:7e3f      __exit_
0000:7e5e      __do_exit_with_msg__
0000:7ebb      __GETDS
Module: /dos/fdos/watcom2/lib286/dos/clibh.lib(cmodel.asm)
0000:7ec6      _big_code_
0000:7ec6*     CodeModelMismatch
Module: /dos/fdos/watcom2/lib286/dos/clibh.lib(argcv.c)
1188:16ac      __argv
1188:16b0      ___argv
1188:16b4      __argc
1188:16b6      ___argc
Module: /dos/fdos/watcom2/lib286/dos/clibh.lib(pia.asm)
0000:7ecd      __PIA
0000:7ec6*     __PIS
Module: /dos/fdos/watcom2/lib286/dos/clibh.lib(intx086.c)
0000:7ee4+     int86x_
0000:8067      int86_
Module: /dos/fdos/watcom2/lib286/dos/clibh.lib(i4m.asm)
0000:8094      __I4M
0000:8094      __U4M
Module: /dos/fdos/watcom2/lib286/dos/clibh.lib(d_getvec.c)
0000:80ac      _dos_getvect_
Module: /dos/fdos/watcom2/lib286/dos/clibh.lib(d_setvec.c)
0000:80b7      _dos_setvect_
Module: /dos/fdos/watcom2/lib286/dos/clibh.lib(i4d.asm)
0000:80c4      __I4D
0000:8113      __U4D
Module: /dos/fdos/watcom2/lib286/dos/clibh.lib(heapgrow.c)
0000:8197*     _heapgrow_
0000:8197      _fheapgrow_
0000:8198      _nheapgrow_
Module: /dos/fdos/watcom2/lib286/dos/clibh.lib(memavl.c)
0000:8210      _memavl_
Module: /dos/fdos/watcom2/lib286/dos/clibh.lib(nmalloc.c)
0000:8255      _nmalloc_
1188:092e      ___nheapbeg
1188:0930      ___MiniHeapRover
1188:0932      ___LargestSizeB4MiniHeapRover
Module: /dos/fdos/watcom2/lib286/dos/clibh.lib(fmalloc.c)
0000:832f      _fmalloc_
0000:832f      malloc_
1188:0934      ___fheap
1188:0936      ___fheapRover
1188:0938      ___LargestSizeB4Rover
Module: /dos/fdos/watcom2/lib286/dos/clibh.lib(ffree.c)
0000:84a4      _ffree_
0000:84a4      free_
Module: /dos/fdos/watcom2/lib286/dos/clibh.lib(nfree.c)
0000:8511      _nfree_
1188:16b8+     ___MiniHeapFreeRover
Module: /dos/fdos/watcom2/lib286/dos/clibh.lib(exit.c)
0000:860c+     _null_exit_rtn_
0000:860c+     __null_int23_exit_
0000:860d      exit_
0000:862e+     _exit_
1188:093a+     ___int23_exit
1188:093e      ___FPE_handler_exit
Module: /dos/fdos/watcom2/lib286/dos/clibh.lib(ptc.asm)
0000:864a      __PTC
Module: /dos/fdos/watcom2/lib286/dos/clibh.lib(ltoa.c)
0000:867d      ultoa_
0000:873b*     ltoa_
Module: /dos/fdos/watcom2/lib286/dos/clibh.lib(write.c)
0000:88c1      write_
Module: /dos/fdos/watcom2/lib286/dos/clibh.lib(fopen.c)
0000:8aed+     __open_flags_
0000:8dae+     _fsopen_
0000:8e15      fopen_
0000:8f38*     freopen_
Module: /dos/fdos/watcom2/lib286/dos/clibh.lib(fprintf.c)
0000:8fc2      fprintf_
Module: /dos/fdos/watcom2/lib286/dos/clibh.lib(fclose.c)
0000:8ff1      __doclose_
0000:913b      __shutdown_stream_
0000:9155      fclose_
1188:16ba+     ___RmTmpFileFn
Module: /dos/fdos/watcom2/lib286/dos/clibh.lib(clockdos.c)
0000:91c0+     __ibm_bios_get_ticks_
0000:9237      clock_
Module: /dos/fdos/watcom2/lib286/dos/clibh.lib(kbhit.c)
0000:925e      kbhit_
Module: /dos/fdos/watcom2/lib286/dos/clibh.lib(ftell.c)
0000:9275      ftell_
Module: /dos/fdos/watcom2/lib286/dos/clibh.lib(fseek.c)
0000:945b      fseek_
Module: /dos/fdos/watcom2/lib286/dos/clibh.lib(istable.c)
1188:0098      __IsTable
Module: /dos/fdos/watcom2/lib286/dos/clibh.lib(tolower.c)
0000:9653      tolower_
Module: /dos/fdos/watcom2/lib286/dos/clibh.lib(unlnk.c)
0000:9661      unlink_
Module: /dos/fdos/watcom2/lib286/dos/clibh.lib(open.c)
0000:9891      open_
0000:98c8      sopen_
Module: /dos/fdos/watcom2/lib286/dos/clibh.lib(close.c)
0000:98f5      close_
Module: /dos/fdos/watcom2/lib286/dos/clibh.lib(filelen.c)
0000:98fa      filelength_
Module: /dos/fdos/watcom2/lib286/dos/clibh.lib(getenv.c)
0000:9958      getenv_
Module: /dos/fdos/watcom2/lib286/dos/clibh.lib(pts.asm)
0000:9a44      __PTS
Module: /dos/fdos/watcom2/lib286/dos/clibh.lib(read.c)
0000:9a75      read_
Module: /dos/fdos/watcom2/lib286/dos/clibh.lib(strdup.c)
0000:9bae*     __clib_strdup_
0000:9bae      strdup_
Module: /dos/fdos/watcom2/lib286/dos/clibh.lib(haloc.c)
0000:9c15      halloc_
0000:9cfa      hfree_
Module: /dos/fdos/watcom2/lib286/dos/clibh.lib(fheapwal.c)
0000:9d01      _heapwalk_
0000:9d01      _fheapwalk_
Module: /dos/fdos/watcom2/lib286/dos/clibh.lib(nheapwal.c)
0000:9d16+     __NHeapWalk_
0000:9e0f      _nheapwalk_
Module: /dos/fdos/watcom2/lib286/dos/clibh.lib(stack086.c)
0000:9e1f      stackavail_
Module: /dos/fdos/watcom2/lib286/dos/clibh.lib(_8087086.asm)
1188:094a      __8087
1188:094b      __real87
1188:094c      __dos87emucall
1188:094e      __dos87real
Module: /dos/fdos/watcom2/lib286/dos/clibh.lib(xmsg.c)
0000:9e2e*     __exit_with_msg_
0000:9e33      __fatal_runtime_error_
Module: /dos/fdos/watcom2/lib286/dos/clibh.lib(crwdata)
1188:0950      __curbrk
1188:0958      __STACKLOW
1188:095a      __STACKTOP
1188:095c      __cbyte
1188:095e      __child
1188:0960      __no87
1188:096d      ___FPE_handler
1188:0952      __psp
1188:0961      __get_ovl_stack
1188:0965      __restore_ovl_stack
1188:0969      __close_ovl_file
1188:0971      __LpCmdLine
1188:0975      __LpPgmName
1188:0954      __osmajor
1188:0955      __osminor
1188:0956      __osmode
1188:0957      __HShift
Module: /dos/fdos/watcom2/lib286/dos/clibh.lib(fgetc.c)
0000:9e52+     __fill_buffer_
0000:a0a1      fgetc_
Module: /dos/fdos/watcom2/lib286/dos/clibh.lib(fwrite.c)
0000:a1e8      fwrite_
Module: /dos/fdos/watcom2/lib286/dos/clibh.lib(rand.c)
0000:a561      rand_
0000:a5a3*     srand_
Module: /dos/fdos/watcom2/lib286/dos/clibh.lib(iob.c)
1188:097e      ___iob
1188:16c2      ___ClosedStreams
1188:16c6      ___OpenStreams
Module: /dos/fdos/watcom2/lib286/dos/clibh.lib(fprtf.c)
0000:a5e0      __fprtf_
Module: /dos/fdos/watcom2/lib286/dos/clibh.lib(vsprintf.c)
0000:a74c      vsprintf_
Module: /dos/fdos/watcom2/lib286/dos/clibh.lib(cmain086.c)
0000:a78e      __CMain
Module: /dos/fdos/watcom2/lib286/dos/clibh.lib(initrtns.c)
0000:a7f4      __InitRtns
0000:a7f4*     __FInitRtns
0000:a84f      __FiniRtns
0000:a84f*     __FFiniRtns
Module: /dos/fdos/watcom2/lib286/dos/clibh.lib(uselfn.c)
1188:0ae6      ___uselfn
Module: /dos/fdos/watcom2/lib286/dos/clibh.lib(dosseg)
0000:a8b4      __DOSseg__
Module: /dos/fdos/watcom2/lib286/dos/clibh.lib(initargv.c)
0000:a8b5      __Init_Argv_
0000:a918+     _getargv_
0000:ac48      __Fini_Argv_
Module: /dos/fdos/watcom2/lib286/dos/clibh.lib(intr.c)
0000:ac72      intr_
Module: /dos/fdos/watcom2/lib286/dos/clibh.lib(segread.c)
0000:ac86      segread_
Module: /dos/fdos/watcom2/lib286/dos/clibh.lib(grownear.c)
0000:ad71      __LastFree_
0000:adeb      __ExpandDGROUP_
Module: /dos/fdos/watcom2/lib286/dos/clibh.lib(nmemneed.c)
0000:aefc      __nmemneed_
Module: /dos/fdos/watcom2/lib286/dos/clibh.lib(mem.c)
0000:af00      __MemAllocator
0000:afca      __MemFree
Module: /dos/fdos/watcom2/lib286/dos/clibh.lib(growseg.c)
0000:b127      __GrowSeg_
Module: /dos/fdos/watcom2/lib286/dos/clibh.lib(allocseg.c)
0000:b29d      __AllocSeg_
Module: /dos/fdos/watcom2/lib286/dos/clibh.lib(fmemneed.c)
0000:b38c      __fmemneed_
Module: /dos/fdos/watcom2/lib286/dos/clibh.lib(alphabet.c)
1188:0022      ___Alphabet
Module: /dos/fdos/watcom2/lib286/dos/clibh.lib(__lseek.c)
0000:b38f      __lseek_
Module: /dos/fdos/watcom2/lib286/dos/clibh.lib(dosret.c)
0000:b3c9*     __dosretax
0000:b3ce*     __dosret0
0000:b3d5      __set_errno_dos_
0000:b43d*     __set_errno_dos_reterr_
Module: /dos/fdos/watcom2/lib286/dos/clibh.lib(errno.c)
0000:b448*     __get_errno_ptr_
1188:16ce      _errno
Module: /dos/fdos/watcom2/lib286/dos/clibh.lib(iomode.c)
0000:b44f      __GetIOMode_
0000:b484      __SetIOMode_nogrow_
1188:0afc      ___NFiles
1188:0afe      ___init_mode
1188:0b26      ___io_mode
Module: /dos/fdos/watcom2/lib286/dos/clibh.lib(comtflag.c)
0000:b4b9*     __set_commode_
1188:0b2a      __commode
Module: /dos/fdos/watcom2/lib286/dos/clibh.lib(textmode.c)
1188:0b2c      __fmode
Module: /dos/fdos/watcom2/lib286/dos/clibh.lib(chktty.c)
0000:b4c5      __chktty_
Module: /dos/fdos/watcom2/lib286/dos/clibh.lib(freefp.c)
0000:b524      __freefp_
0000:b5c5      __purgefp_
Module: /dos/fdos/watcom2/lib286/dos/clibh.lib(allocfp.c)
0000:b606      __allocfp_
Module: /dos/fdos/watcom2/lib286/dos/clibh.lib(_clse.c)
0000:b7b6      __close_
Module: /dos/fdos/watcom2/lib286/dos/clibh.lib(flush.c)
0000:b7ec      __flush_
Module: /dos/fdos/watcom2/lib286/dos/clibh.lib(fflush.c)
0000:ba35      fflush_
Module: /dos/fdos/watcom2/lib286/dos/clibh.lib(tell.c)
0000:ba4a      tell_
Module: /dos/fdos/watcom2/lib286/dos/clibh.lib(lseek.c)
0000:ba5b      lseek_
Module: /dos/fdos/watcom2/lib286/dos/clibh.lib(error086.asm)
0000:ba8c      __doserror_
0000:ba9a      __doserror1_
Module: /dos/fdos/watcom2/lib286/dos/clibh.lib(opendos.c)
0000:baa6      _dos_open_
Module: /dos/fdos/watcom2/lib286/dos/clibh.lib(isatt.c)
0000:bacc      isatty_
Module: /dos/fdos/watcom2/lib286/dos/clibh.lib(doserrno.c)
0000:bae8*     __get_doserrno_ptr_
1188:16d0      __doserrno
Module: /dos/fdos/watcom2/lib286/dos/clibh.lib(umaskval.c)
1188:0b2e      ___umaskval
Module: /dos/fdos/watcom2/lib286/dos/clibh.lib(creatdos.c)
0000:baef      _dos_creat_
0000:bb13*     _dos_creatnew_
Module: /dos/fdos/watcom2/lib286/dos/clibh.lib(stiomode.c)
0000:bb34+     __grow_iomode_
0000:bc1b+     __shrink_iomode_
0000:bc5c      __SetIOMode_
Module: /dos/fdos/watcom2/lib286/dos/clibh.lib(environ.c)
1188:16d4      ___env_mask
1188:16d8      _environ
1188:16dc*     __wenviron
Module: /dos/fdos/watcom2/lib286/dos/clibh.lib(mbterm.c)
0000:bd03      _mbterm_
Module: /dos/fdos/watcom2/lib286/dos/clibh.lib(mbsnextc.c)
0000:bd56      _mbsnextc_
Module: /dos/fdos/watcom2/lib286/dos/clibh.lib(mbcupper.c)
0000:bdb1      _mbctoupper_
Module: /dos/fdos/watcom2/lib286/dos/clibh.lib(mbsinc.c)
0000:bdd4      _mbsinc_
Module: /dos/fdos/watcom2/lib286/dos/clibh.lib(iomodtty.c)
0000:be26      __ChkTTYIOMode_
0000:be94*     __IOMode_
Module: /dos/fdos/watcom2/lib286/dos/clibh.lib(heapwalk.c)
0000:bf66      __HeapWalk_
Module: /dos/fdos/watcom2/lib286/dos/clibh.lib(chk8087.c)
0000:c1a6*     _fpreset_
0000:c1d1      __init_8087_
0000:c204+     __default_sigfpe_handler_
0000:c259      __chk8087_
Module: /dos/fdos/watcom2/lib286/dos/clibh.lib(enterdb.c)
0000:c2c9      __EnterWVIDEO_
1188:0b4e+     ___WD_Present
Module: /dos/fdos/watcom2/lib286/dos/clibh.lib(flushall.c)
0000:c2ed      __flushall_
0000:c381      flushall_
Module: /dos/fdos/watcom2/lib286/dos/clibh.lib(gtche.c)
0000:c387      getche_
Module: /dos/fdos/watcom2/lib286/dos/clibh.lib(ioalloc.c)
0000:c3a1      __ioalloc_
Module: /dos/fdos/watcom2/lib286/dos/clibh.lib(qread.c)
0000:c52f      __qread_
Module: /dos/fdos/watcom2/lib286/dos/clibh.lib(qwrit.c)
0000:c54f      __qwrite_
Module: /dos/fdos/watcom2/lib286/dos/clibh.lib(fputc.c)
0000:c5af      fputc_
Module: /dos/fdos/watcom2/lib286/dos/clibh.lib(initfile.c)
0000:c784      __InitFiles_
Module: /dos/fdos/watcom2/lib286/dos/clibh.lib(ioexit.c)
0000:c9b8*     fcloseall_
0000:c9bf      __full_io_exit_
Module: /dos/fdos/watcom2/lib286/dos/clibh.lib(prtf.c)
0000:c9c9      __prtf_
Module: /dos/fdos/watcom2/lib286/dos/clibh.lib(___argc.c)
1188:16e0      ____Argv
1188:16e4      ____Argc
Module: /dos/fdos/watcom2/lib286/dos/clibh.lib(amblksiz.c)
1188:0b50      __amblksiz
Module: /dos/fdos/watcom2/lib286/dos/clibh.lib(sgdef086)
1188:0b82      __Start_XI
1188:0bb8      __End_XI
1188:0bb8      __Start_YI
1188:0bd0      __End_YI
Module: /dos/fdos/watcom2/lib286/dos/clibh.lib(histsplt.c)
1188:16e6      ___historical_splitparms
Module: /dos/fdos/watcom2/lib286/dos/clibh.lib(dointr)
0000:db2c      _DoINTR_
Module: /dos/fdos/watcom2/lib286/dos/clibh.lib(heapen.c)
0000:dea5*     _heapenable_
1188:0b52      ___heap_enabled
Module: /dos/fdos/watcom2/lib286/dos/clibh.lib(sbrk.c)
0000:deb6*     sbrk_
0000:dec6      __brk_
Module: /dos/fdos/watcom2/lib286/dos/clibh.lib(fsync.c)
0000:df2e      fsync_
Module: /dos/fdos/watcom2/lib286/dos/clibh.lib(frealloc.c)
0000:df33*     _frealloc_
0000:df33      realloc_
Module: /dos/fdos/watcom2/lib286/dos/clibh.lib(setenvp.c)
0000:e02d      __setenvp_
0000:e1b9      __freeenvp_
Module: /dos/fdos/watcom2/lib286/dos/clibh.lib(mbisdbcs.c)
1188:0b54      ___IsDBCS
Module: /dos/fdos/watcom2/lib286/dos/clibh.lib(mbislead.c)
0000:e217*     _ismbblead_
1188:16ec      ___MBCSIsTable
Module: /dos/fdos/watcom2/lib286/dos/clibh.lib(mbinit.c)
0000:e271      __mbinit_
1188:0b56      ___MBCodePage
Module: /dos/fdos/watcom2/lib286/dos/clibh.lib(mbdtoupp.c)
0000:e34c      _mbdtoupper_
Module: /dos/fdos/watcom2/lib286/dos/clibh.lib(toupper.c)
0000:e35a      toupper_
Module: /dos/fdos/watcom2/lib286/dos/clibh.lib(8087cw.c)
1188:0b58      __8087cw
Module: /dos/fdos/watcom2/lib286/dos/clibh.lib(save8087.c)
1188:0b5a      ___Save8087
1188:0b5e      ___Rest8087
Module: /dos/fdos/watcom2/lib286/dos/clibh.lib(grabfp87.c)
0000:e369      __GrabFP87_
Module: /dos/fdos/watcom2/lib286/dos/clibh.lib(ini87086.asm)
0000:e39c*     __init_8087_emu
0000:e3a2      __x87id
Module: /dos/fdos/watcom2/lib286/dos/clibh.lib(wctomb.c)
0000:e3ff      wctomb_
Module: /dos/fdos/watcom2/lib286/dos/clibh.lib(itoa.c)
0000:e44a+     utoa_
0000:e4eb      itoa_
Module: /dos/fdos/watcom2/lib286/dos/clibh.lib(strupr.c)
0000:e535      strupr_
Module: /dos/fdos/watcom2/lib286/dos/clibh.lib(noefgfmt.c)
1188:0b62      ___EFG_printf
1188:0b66*     ___EFG_scanf
Module: /dos/fdos/watcom2/lib286/dos/clibh.lib(lltoa.c)
0000:e57d      ulltoa_
0000:e6ba*     lltoa_
Module: /dos/fdos/watcom2/lib286/dos/clibh.lib(filedos.c)
0000:e72b*     _dos_close_
0000:e739      _dos_commit_
Module: /dos/fdos/watcom2/lib286/dos/clibh.lib(fmsize.c)
0000:e748*     _msize_
0000:e763      _fmsize_
Module: /dos/fdos/watcom2/lib286/dos/clibh.lib(nexpand.c)
0000:e774      __HeapManager_expand_
0000:ec7d      _nexpand_
Module: /dos/fdos/watcom2/lib286/dos/clibh.lib(fexpand.c)
0000:ecd0      _fexpand_
0000:ecd0*     _expand_
Module: /dos/fdos/watcom2/lib286/dos/clibh.lib(clearenv.c)
0000:ed05      clearenv_
Module: /dos/fdos/watcom2/lib286/dos/clibh.lib(fpe87.asm)
0000:ee3a      __Init_FPE_handler_
0000:ee73      __Fini_FPE_handler_
0000:eeaa*     __FPEHandler
Module: /dos/fdos/watcom2/lib286/dos/clibh.lib(bfree.c)
0000:f13c      _bfree_
Module: /dos/fdos/watcom2/lib286/dos/clibh.lib(bexpand.c)
0000:f161      _bexpand_
Module: /dos/fdos/watcom2/lib286/dos/clibh.lib(fpeint.c)
1188:0b80      ___FPE_int


                        +--------------------+
                        |   Libraries Used   |
                        +--------------------+

gfx.lib
/dos/fdos/watcom2/lib286/dos/clibh.lib


                        +-----------------------+
                        |   Linker Statistics   |
                        +-----------------------+

Stack size:  dac0 (56000.)
Memory size:  00020d40 (134464.)
Entry point address: 0000:7c3a
Link time: 00:00.69
