Open Watcom Linker Version 2.0 beta Sep 16 2015 10:14:10 (64-bit)
Copyright (c) 2002-2015 The Open Watcom Contributors. All Rights Reserved.
Portions Copyright (c) 1985-2002 Sybase, Inc. All Rights Reserved.
Created on:       15/10/15 17:01:57
Executable Image: fonttest.exe
creating a DOS executable


                        +------------+
                        |   Groups   |
                        +------------+

Group                           Address              Size
=====                           =======              ====

DGROUP                          0f25:0000            0000e710



                        +--------------+
                        |   Segments   |
                        +--------------+

Segment                Class          Group          Address         Size
=======                =====          =====          =======         ====

fonttest_TEXT          CODE           AUTO           0000:0000       00000222
16_in_TEXT             CODE           AUTO           0000:0230       00001e80
16_mm_TEXT             CODE           AUTO           0000:20b0       00003308
wcpu_TEXT              CODE           AUTO           0000:53c0       00000058
16_head_TEXT           CODE           AUTO           0000:5420       00000405
16_ca_TEXT             CODE           AUTO           0000:5830       000003fd
kitten_TEXT            CODE           AUTO           0000:5c30       0000080a
16_hc_TEXT             CODE           AUTO           0000:6440       0000158b
timer_TEXT             CODE           AUTO           0000:79d0       00000235
_TEXT                  CODE           AUTO           0000:7c10       00007375
16text_TEXT            CODE           AUTO           0000:ef90       0000010d
16_in13_DATA           FAR_DATA       AUTO           0f0a:0000       000001a4
FAR_DATA               FAR_DATA       AUTO           0f24:0004       00000000
_NULL                  BEGDATA        DGROUP         0f25:0000       00000020
_AFTERNULL             BEGDATA        DGROUP         0f27:0000       00000002
CONST                  DATA           DGROUP         0f27:0002       00000076
CONST2                 DATA           DGROUP         0f2e:0008       00000102
_DATA                  DATA           DGROUP         0f3f:0000       0000055b
XIB                    DATA           DGROUP         0f94:000c       00000000
XI                     DATA           DGROUP         0f94:000c       00000036
XIE                    DATA           DGROUP         0f98:0002       00000000
YIB                    DATA           DGROUP         0f98:0002       00000000
YI                     DATA           DGROUP         0f98:0002       00000018
YIE                    DATA           DGROUP         0f99:000a       00000000
STRINGS                DATA           DGROUP         0f99:000a       00000000
DATA                   DATA           DGROUP         0f99:000a       00000000
_emu_init_start        EMU            DGROUP         0f99:000a       00000000
_emu_init_end          EMU            DGROUP         0f99:000a       00000000
_BSS                   BSS            DGROUP         0f9a:0000       000004f2
STACK                  STACK          DGROUP         0fea:0000       0000dac0


                        +----------------+
                        |   Memory Map   |
                        +----------------+

* = unreferenced symbol
+ = symbol only referenced locally

Address        Symbol
=======        ======

Module: fonttest.o(/dos/z/16/src/fonttest.c)
0000:0064      main_
Module: 16_in.o(/dos/z/16/src/lib/16_in.c)
0f25:075e+     _inpu
0000:0370+     INL_KeyService_
0000:060a+     Mouse_
0000:0662+     IN_GetJoyAbs_
0000:0a0c+     IN_GetJoyButtonsDB_
0000:0c92+     IN_SetupJoy_
0000:0e54*     IN_Startup_
0000:0f5a*     IN_Default_
0000:10be*     IN_Shutdown_
0000:113e*     IN_SetKeyHook_
0000:1160+     IN_ClearKeysDown_
0000:1240*     IN_ReadCursor_
0000:135c*     IN_ReadControl_
0000:1b94*     IN_SetControlType_
0000:1be2*     IN_GetScanName_
0000:1c6a*     IN_WaitForKey_
0000:1ca0*     IN_WaitForASCII_
0000:1cd6+     IN_AckBack_
0000:1dbe*     IN_Ack_
0000:1e60+     IN_IsUserInput_
0000:1f06*     IN_UserInput_
0000:1f4a*     IN_KeyDown_
0000:1f92+     IN_ClearKey_
0000:200a*     IN_qb_
Module: 16_mm.o(/dos/z/16/src/lib/16_mm.c)
0000:2a94+     MML_CheckForEMS_
0000:2af0+     MML_SetupEMS_
0000:2ca8+     MML_ShutdownEMS_
0000:2d14+     MM_MapEMS_
0000:2e10*     MM_MapXEMS_
0000:2f30+     MML_CheckForXMS_
0000:2f8c*     MML_SetupXMS_
0000:3074+     MML_ShutdownXMS_
0000:3102+     MML_UseSpace_
0000:32e0+     MML_ClearBlock_
0000:3364*     MM_Startup_
0000:3796+     MM_Shutdown_
0000:382c      MM_GetPtr_
0000:3c26+     MM_FreePtr_
0000:3d1e*     MM_SetPurge_
0000:3df8*     MM_SetLock_
0000:3ed0+     MM_SortMem_
0000:40be*     MM_ShowMemory_
0000:475e*     MM_DumpData_
0000:48b8+     MM_UnusedMemory_
0000:493c+     MM_TotalFree_
0000:49d2*     MM_Report_
0000:538a*     MM_BombOnError_
0f25:08c0+     _beforesort
0f25:08c4+     _aftersort
0f25:08c8+     _XMSaddr
Module: wcpu.o(/dos/z/16/src/lib/wcpu/wcpu.c)
0000:53c0      detectcpu_
Module: 16_head.o(/dos/z/16/src/lib/16_head.c)
0000:542e*     wait_
0000:547a*     filesize_
0000:54e0      printmeminfoline_
0000:56cc      US_CheckParm_
Module: 16_ca.o(/dos/z/16/src/lib/16_ca.c)
0000:585e      CA_OpenDebug_
0000:58ae      CA_CloseDebug_
0000:58dc+     CA_FarRead_
0000:595c*     CA_FarWrite_
0000:59dc*     CA_ReadFile_
0000:5a58*     CA_LoadFile_
0000:5b00*     CAL_OptimizeNodes_
0000:5bb0*     CA_Startup_
0000:5c00*     CA_Shutdown_
0f25:08d0*     _finishcachebox
0f25:08d4*     _updatecachebox
0f25:08d8*     _drawcachebox
Module: kitten.o(/dos/z/16/src/lib/nyan/kitten.c)
0000:5c6c      KITTENGETS
0000:5ccc*     kittenopen_
0000:5f1a+     catread_
0000:5fce*     kittenclose_
0000:5fea+     mystrtoul_
0000:609e+     processEscChars_
0000:6224+     get_line_
0000:6296+     db_fetch_
0000:632c+     db_insert_
0f25:0484+     __kitten_catalog
Module: 16_hc.o(/dos/z/16/src/lib/16_hc.c)
0000:65ec+     LargestFreeBlock_
0000:667a+     _coreleft_
0000:66f6+     LargestFarFreeBlock_
0000:67ac+     _farcoreleft_
0000:685a+     LargestHugeFreeBlock_
0000:694a*     _hugecoreleft_
0000:6a1a+     GetFreeSize_
0000:6a74+     GetFarFreeSize_
0000:6abe+     GetNearFreeSize_
0000:6b0c*     heapdump_
0000:77ae+     heapstat_
0000:78ec+     heapstat0_
0000:794e+     HC_OpenDebug_
0000:799e*     HC_CloseDebug_
Module: timer.o(/dos/z/16/src/lib/timer.c)
0000:79d0*     start_timer_
0000:7afc*     elapsed_timer_
0000:7b4e*     ticktock_
0000:7bba*     time_in_seconds_
Module: /dos/fdos/watcom2/lib286/dos/clibh.lib(stk086.asm)
0000:7c15      __STK
0000:7c35      __STKOVERFLOW_
Module: gfx.lib(/dos/z/16/src/lib/16text.c)
0000:f006      textInit_
0f25:08e4      _romFonts
Module: /dos/fdos/watcom2/lib286/dos/clibh.lib(printf.c)
0000:7c52      printf_
Module: /dos/fdos/watcom2/lib286/dos/clibh.lib(i4m.asm)
0000:7c82      __I4M
0000:7c82      __U4M
Module: /dos/fdos/watcom2/lib286/dos/clibh.lib(pia.asm)
0000:7ca1      __PIA
0000:7c9a*     __PIS
Module: /dos/fdos/watcom2/lib286/dos/clibh.lib(gets.c)
0000:7cb8      gets_
Module: /dos/fdos/watcom2/lib286/dos/clibh.lib(cstart)
0f25:0000*     __nullarea
0f25:04a6*     __ovlflag
0f25:04a7*     __intno
0f25:04a8*     __ovlvec
0000:7d82      _cstart_
0000:7e55*     _Not_Enough_Memory_
0000:7f87      __exit_
0000:7fa6      __do_exit_with_msg__
0000:8003      __GETDS
Module: /dos/fdos/watcom2/lib286/dos/clibh.lib(cmodel.asm)
0000:800e      _big_code_
0000:800e*     CodeModelMismatch
Module: /dos/fdos/watcom2/lib286/dos/clibh.lib(argcv.c)
0f25:08fc      __argv
0f25:0900      ___argv
0f25:0904      __argc
0f25:0906      ___argc
Module: /dos/fdos/watcom2/lib286/dos/clibh.lib(intx086.c)
0000:800e+     int86x_
0000:8191      int86_
Module: /dos/fdos/watcom2/lib286/dos/clibh.lib(d_getvec.c)
0000:81be      _dos_getvect_
Module: /dos/fdos/watcom2/lib286/dos/clibh.lib(d_setvec.c)
0000:81c9      _dos_setvect_
Module: /dos/fdos/watcom2/lib286/dos/clibh.lib(i4d.asm)
0000:81d6      __I4D
0000:8225      __U4D
Module: /dos/fdos/watcom2/lib286/dos/clibh.lib(heapgrow.c)
0000:82a9*     _heapgrow_
0000:82a9      _fheapgrow_
0000:82aa      _nheapgrow_
Module: /dos/fdos/watcom2/lib286/dos/clibh.lib(memavl.c)
0000:8322      _memavl_
Module: /dos/fdos/watcom2/lib286/dos/clibh.lib(nmalloc.c)
0000:8367      _nmalloc_
0f25:04ac      ___nheapbeg
0f25:04ae      ___MiniHeapRover
0f25:04b0      ___LargestSizeB4MiniHeapRover
Module: /dos/fdos/watcom2/lib286/dos/clibh.lib(fmalloc.c)
0000:8441      _fmalloc_
0000:8441      malloc_
0f25:04b2      ___fheap
0f25:04b4      ___fheapRover
0f25:04b6      ___LargestSizeB4Rover
Module: /dos/fdos/watcom2/lib286/dos/clibh.lib(ffree.c)
0000:85b6      _ffree_
0000:85b6      free_
Module: /dos/fdos/watcom2/lib286/dos/clibh.lib(nfree.c)
0000:8623      _nfree_
0f25:0908+     ___MiniHeapFreeRover
Module: /dos/fdos/watcom2/lib286/dos/clibh.lib(exit.c)
0000:871e+     _null_exit_rtn_
0000:871e+     __null_int23_exit_
0000:871f      exit_
0000:8740+     _exit_
0f25:04b8+     ___int23_exit
0f25:04bc      ___FPE_handler_exit
Module: /dos/fdos/watcom2/lib286/dos/clibh.lib(ptc.asm)
0000:875c      __PTC
Module: /dos/fdos/watcom2/lib286/dos/clibh.lib(ltoa.c)
0000:878f      ultoa_
0000:884d*     ltoa_
Module: /dos/fdos/watcom2/lib286/dos/clibh.lib(write.c)
0000:89d3      write_
Module: /dos/fdos/watcom2/lib286/dos/clibh.lib(fopen.c)
0000:8bff+     __open_flags_
0000:8ec0+     _fsopen_
0000:8f27      fopen_
0000:904a*     freopen_
Module: /dos/fdos/watcom2/lib286/dos/clibh.lib(fprintf.c)
0000:90d4      fprintf_
Module: /dos/fdos/watcom2/lib286/dos/clibh.lib(fclose.c)
0000:9103      __doclose_
0000:924d      __shutdown_stream_
0000:9267      fclose_
0f25:090a+     ___RmTmpFileFn
Module: /dos/fdos/watcom2/lib286/dos/clibh.lib(clockdos.c)
0000:92d2+     __ibm_bios_get_ticks_
0000:9349      clock_
Module: /dos/fdos/watcom2/lib286/dos/clibh.lib(kbhit.c)
0000:9370      kbhit_
Module: /dos/fdos/watcom2/lib286/dos/clibh.lib(ftell.c)
0000:9387      ftell_
Module: /dos/fdos/watcom2/lib286/dos/clibh.lib(fseek.c)
0000:956d      fseek_
Module: /dos/fdos/watcom2/lib286/dos/clibh.lib(istable.c)
0f25:0098      __IsTable
Module: /dos/fdos/watcom2/lib286/dos/clibh.lib(tolower.c)
0000:9765      tolower_
Module: /dos/fdos/watcom2/lib286/dos/clibh.lib(unlnk.c)
0000:9773      unlink_
Module: /dos/fdos/watcom2/lib286/dos/clibh.lib(open.c)
0000:99a3      open_
0000:99da      sopen_
Module: /dos/fdos/watcom2/lib286/dos/clibh.lib(close.c)
0000:9a07      close_
Module: /dos/fdos/watcom2/lib286/dos/clibh.lib(filelen.c)
0000:9a0c      filelength_
Module: /dos/fdos/watcom2/lib286/dos/clibh.lib(sprintf.c)
0000:9a6a      sprintf_
Module: /dos/fdos/watcom2/lib286/dos/clibh.lib(getenv.c)
0000:9a99      getenv_
Module: /dos/fdos/watcom2/lib286/dos/clibh.lib(pts.asm)
0000:9b84      __PTS
Module: /dos/fdos/watcom2/lib286/dos/clibh.lib(read.c)
0000:9bb5      read_
Module: /dos/fdos/watcom2/lib286/dos/clibh.lib(strdup.c)
0000:9cee*     __clib_strdup_
0000:9cee      strdup_
Module: /dos/fdos/watcom2/lib286/dos/clibh.lib(haloc.c)
0000:9d55      halloc_
0000:9e3a      hfree_
Module: /dos/fdos/watcom2/lib286/dos/clibh.lib(fheapwal.c)
0000:9e41      _heapwalk_
0000:9e41      _fheapwalk_
Module: /dos/fdos/watcom2/lib286/dos/clibh.lib(nheapwal.c)
0000:9e56+     __NHeapWalk_
0000:9f4f      _nheapwalk_
Module: /dos/fdos/watcom2/lib286/dos/clibh.lib(stack086.c)
0000:9f5f      stackavail_
Module: /dos/fdos/watcom2/lib286/dos/clibh.lib(_8087086.asm)
0f25:04c8      __8087
0f25:04c9      __real87
0f25:04ca      __dos87emucall
0f25:04cc      __dos87real
Module: /dos/fdos/watcom2/lib286/dos/clibh.lib(xmsg.c)
0000:9f6e*     __exit_with_msg_
0000:9f73      __fatal_runtime_error_
Module: /dos/fdos/watcom2/lib286/dos/clibh.lib(crwdata)
0f25:04ce      __curbrk
0f25:04d6      __STACKLOW
0f25:04d8      __STACKTOP
0f25:04da      __cbyte
0f25:04dc      __child
0f25:04de      __no87
0f25:04eb      ___FPE_handler
0f25:04d0      __psp
0f25:04df      __get_ovl_stack
0f25:04e3      __restore_ovl_stack
0f25:04e7      __close_ovl_file
0f25:04ef      __LpCmdLine
0f25:04f3      __LpPgmName
0f25:04d2      __osmajor
0f25:04d3      __osminor
0f25:04d4      __osmode
0f25:04d5      __HShift
Module: /dos/fdos/watcom2/lib286/dos/clibh.lib(iob.c)
0f25:04f8      ___iob
0f25:0912      ___ClosedStreams
0f25:0916      ___OpenStreams
Module: /dos/fdos/watcom2/lib286/dos/clibh.lib(fprtf.c)
0000:9fac      __fprtf_
Module: /dos/fdos/watcom2/lib286/dos/clibh.lib(getc.c)
0000:a0ff      getc_
Module: /dos/fdos/watcom2/lib286/dos/clibh.lib(cmain086.c)
0000:a159      __CMain
Module: /dos/fdos/watcom2/lib286/dos/clibh.lib(initrtns.c)
0000:a1bf      __InitRtns
0000:a1bf*     __FInitRtns
0000:a21a      __FiniRtns
0000:a21a*     __FFiniRtns
Module: /dos/fdos/watcom2/lib286/dos/clibh.lib(uselfn.c)
0f25:0660      ___uselfn
Module: /dos/fdos/watcom2/lib286/dos/clibh.lib(dosseg)
0000:a27e      __DOSseg__
Module: /dos/fdos/watcom2/lib286/dos/clibh.lib(initargv.c)
0000:a27f      __Init_Argv_
0000:a2e2+     _getargv_
0000:a612      __Fini_Argv_
Module: /dos/fdos/watcom2/lib286/dos/clibh.lib(intr.c)
0000:a63c      intr_
Module: /dos/fdos/watcom2/lib286/dos/clibh.lib(segread.c)
0000:a650      segread_
Module: /dos/fdos/watcom2/lib286/dos/clibh.lib(grownear.c)
0000:a73b      __LastFree_
0000:a7b5      __ExpandDGROUP_
Module: /dos/fdos/watcom2/lib286/dos/clibh.lib(nmemneed.c)
0000:a8c6      __nmemneed_
Module: /dos/fdos/watcom2/lib286/dos/clibh.lib(mem.c)
0000:a8d0      __MemAllocator
0000:a99a      __MemFree
Module: /dos/fdos/watcom2/lib286/dos/clibh.lib(growseg.c)
0000:aaf7      __GrowSeg_
Module: /dos/fdos/watcom2/lib286/dos/clibh.lib(allocseg.c)
0000:ac6d      __AllocSeg_
Module: /dos/fdos/watcom2/lib286/dos/clibh.lib(fmemneed.c)
0000:ad5c      __fmemneed_
Module: /dos/fdos/watcom2/lib286/dos/clibh.lib(alphabet.c)
0f25:0022      ___Alphabet
Module: /dos/fdos/watcom2/lib286/dos/clibh.lib(__lseek.c)
0000:ad5f      __lseek_
Module: /dos/fdos/watcom2/lib286/dos/clibh.lib(dosret.c)
0000:ad99*     __dosretax
0000:ad9e*     __dosret0
0000:ada5      __set_errno_dos_
0000:ae0d*     __set_errno_dos_reterr_
Module: /dos/fdos/watcom2/lib286/dos/clibh.lib(errno.c)
0000:ae18*     __get_errno_ptr_
0f25:091e      _errno
Module: /dos/fdos/watcom2/lib286/dos/clibh.lib(iomode.c)
0000:ae1f      __GetIOMode_
0000:ae54      __SetIOMode_nogrow_
0f25:0676      ___NFiles
0f25:0678      ___init_mode
0f25:06a0      ___io_mode
Module: /dos/fdos/watcom2/lib286/dos/clibh.lib(comtflag.c)
0000:ae89*     __set_commode_
0f25:06a4      __commode
Module: /dos/fdos/watcom2/lib286/dos/clibh.lib(textmode.c)
0f25:06a6      __fmode
Module: /dos/fdos/watcom2/lib286/dos/clibh.lib(chktty.c)
0000:ae95      __chktty_
Module: /dos/fdos/watcom2/lib286/dos/clibh.lib(freefp.c)
0000:aef4      __freefp_
0000:af95      __purgefp_
Module: /dos/fdos/watcom2/lib286/dos/clibh.lib(allocfp.c)
0000:afd6      __allocfp_
Module: /dos/fdos/watcom2/lib286/dos/clibh.lib(_clse.c)
0000:b186      __close_
Module: /dos/fdos/watcom2/lib286/dos/clibh.lib(flush.c)
0000:b1bc      __flush_
Module: /dos/fdos/watcom2/lib286/dos/clibh.lib(fflush.c)
0000:b405      fflush_
Module: /dos/fdos/watcom2/lib286/dos/clibh.lib(tell.c)
0000:b41a      tell_
Module: /dos/fdos/watcom2/lib286/dos/clibh.lib(lseek.c)
0000:b42b      lseek_
Module: /dos/fdos/watcom2/lib286/dos/clibh.lib(error086.asm)
0000:b45c      __doserror_
0000:b46a      __doserror1_
Module: /dos/fdos/watcom2/lib286/dos/clibh.lib(opendos.c)
0000:b476      _dos_open_
Module: /dos/fdos/watcom2/lib286/dos/clibh.lib(isatt.c)
0000:b49c      isatty_
Module: /dos/fdos/watcom2/lib286/dos/clibh.lib(doserrno.c)
0000:b4b8*     __get_doserrno_ptr_
0f25:0920      __doserrno
Module: /dos/fdos/watcom2/lib286/dos/clibh.lib(umaskval.c)
0f25:06a8      ___umaskval
Module: /dos/fdos/watcom2/lib286/dos/clibh.lib(creatdos.c)
0000:b4bf      _dos_creat_
0000:b4e3*     _dos_creatnew_
Module: /dos/fdos/watcom2/lib286/dos/clibh.lib(stiomode.c)
0000:b504+     __grow_iomode_
0000:b5eb+     __shrink_iomode_
0000:b62c      __SetIOMode_
Module: /dos/fdos/watcom2/lib286/dos/clibh.lib(vsprintf.c)
0000:b6ec      vsprintf_
Module: /dos/fdos/watcom2/lib286/dos/clibh.lib(environ.c)
0f25:0924      ___env_mask
0f25:0928      _environ
0f25:092c*     __wenviron
Module: /dos/fdos/watcom2/lib286/dos/clibh.lib(mbterm.c)
0000:b72e      _mbterm_
Module: /dos/fdos/watcom2/lib286/dos/clibh.lib(mbsnextc.c)
0000:b781      _mbsnextc_
Module: /dos/fdos/watcom2/lib286/dos/clibh.lib(mbcupper.c)
0000:b7dc      _mbctoupper_
Module: /dos/fdos/watcom2/lib286/dos/clibh.lib(mbsinc.c)
0000:b7ff      _mbsinc_
Module: /dos/fdos/watcom2/lib286/dos/clibh.lib(iomodtty.c)
0000:b851      __ChkTTYIOMode_
0000:b8bf*     __IOMode_
Module: /dos/fdos/watcom2/lib286/dos/clibh.lib(heapwalk.c)
0000:b991      __HeapWalk_
Module: /dos/fdos/watcom2/lib286/dos/clibh.lib(chk8087.c)
0000:bbd1*     _fpreset_
0000:bbfc      __init_8087_
0000:bc2f+     __default_sigfpe_handler_
0000:bc84      __chk8087_
Module: /dos/fdos/watcom2/lib286/dos/clibh.lib(enterdb.c)
0000:bcf4      __EnterWVIDEO_
0f25:06c8+     ___WD_Present
Module: /dos/fdos/watcom2/lib286/dos/clibh.lib(initfile.c)
0000:bd18      __InitFiles_
Module: /dos/fdos/watcom2/lib286/dos/clibh.lib(ioexit.c)
0000:bf4c*     fcloseall_
0000:bf53      __full_io_exit_
Module: /dos/fdos/watcom2/lib286/dos/clibh.lib(fputc.c)
0000:bf5d      fputc_
Module: /dos/fdos/watcom2/lib286/dos/clibh.lib(ioalloc.c)
0000:c132      __ioalloc_
Module: /dos/fdos/watcom2/lib286/dos/clibh.lib(prtf.c)
0000:c2c0      __prtf_
Module: /dos/fdos/watcom2/lib286/dos/clibh.lib(fgetc.c)
0000:d422+     __fill_buffer_
0000:d671      fgetc_
Module: /dos/fdos/watcom2/lib286/dos/clibh.lib(___argc.c)
0f25:0930      ____Argv
0f25:0934      ____Argc
Module: /dos/fdos/watcom2/lib286/dos/clibh.lib(amblksiz.c)
0f25:06ca      __amblksiz
Module: /dos/fdos/watcom2/lib286/dos/clibh.lib(sgdef086)
0f25:06fc      __Start_XI
0f25:0732      __End_XI
0f25:0732      __Start_YI
0f25:074a      __End_YI
Module: /dos/fdos/watcom2/lib286/dos/clibh.lib(histsplt.c)
0f25:0936      ___historical_splitparms
Module: /dos/fdos/watcom2/lib286/dos/clibh.lib(dointr)
0000:d7b8      _DoINTR_
Module: /dos/fdos/watcom2/lib286/dos/clibh.lib(heapen.c)
0000:db31*     _heapenable_
0f25:06cc      ___heap_enabled
Module: /dos/fdos/watcom2/lib286/dos/clibh.lib(sbrk.c)
0000:db42*     sbrk_
0000:db52      __brk_
Module: /dos/fdos/watcom2/lib286/dos/clibh.lib(qwrit.c)
0000:dbba      __qwrite_
Module: /dos/fdos/watcom2/lib286/dos/clibh.lib(fsync.c)
0000:dc1a      fsync_
Module: /dos/fdos/watcom2/lib286/dos/clibh.lib(flushall.c)
0000:dc1f      __flushall_
0000:dcb3      flushall_
Module: /dos/fdos/watcom2/lib286/dos/clibh.lib(frealloc.c)
0000:dcb9*     _frealloc_
0000:dcb9      realloc_
Module: /dos/fdos/watcom2/lib286/dos/clibh.lib(setenvp.c)
0000:ddb3      __setenvp_
0000:df3f      __freeenvp_
Module: /dos/fdos/watcom2/lib286/dos/clibh.lib(mbisdbcs.c)
0f25:06ce      ___IsDBCS
Module: /dos/fdos/watcom2/lib286/dos/clibh.lib(mbislead.c)
0000:df9d*     _ismbblead_
0f25:093c      ___MBCSIsTable
Module: /dos/fdos/watcom2/lib286/dos/clibh.lib(mbinit.c)
0000:dff7      __mbinit_
0f25:06d0      ___MBCodePage
Module: /dos/fdos/watcom2/lib286/dos/clibh.lib(mbdtoupp.c)
0000:e0d2      _mbdtoupper_
Module: /dos/fdos/watcom2/lib286/dos/clibh.lib(toupper.c)
0000:e0e0      toupper_
Module: /dos/fdos/watcom2/lib286/dos/clibh.lib(8087cw.c)
0f25:06d2      __8087cw
Module: /dos/fdos/watcom2/lib286/dos/clibh.lib(save8087.c)
0f25:06d4      ___Save8087
0f25:06d8      ___Rest8087
Module: /dos/fdos/watcom2/lib286/dos/clibh.lib(grabfp87.c)
0000:e0ef      __GrabFP87_
Module: /dos/fdos/watcom2/lib286/dos/clibh.lib(ini87086.asm)
0000:e122*     __init_8087_emu
0000:e128      __x87id
Module: /dos/fdos/watcom2/lib286/dos/clibh.lib(wctomb.c)
0000:e185      wctomb_
Module: /dos/fdos/watcom2/lib286/dos/clibh.lib(itoa.c)
0000:e1d0+     utoa_
0000:e271      itoa_
Module: /dos/fdos/watcom2/lib286/dos/clibh.lib(strupr.c)
0000:e2bb      strupr_
Module: /dos/fdos/watcom2/lib286/dos/clibh.lib(noefgfmt.c)
0f25:06dc      ___EFG_printf
0f25:06e0*     ___EFG_scanf
Module: /dos/fdos/watcom2/lib286/dos/clibh.lib(lltoa.c)
0000:e303      ulltoa_
0000:e440*     lltoa_
Module: /dos/fdos/watcom2/lib286/dos/clibh.lib(gtche.c)
0000:e4b1      getche_
Module: /dos/fdos/watcom2/lib286/dos/clibh.lib(qread.c)
0000:e4cb      __qread_
Module: /dos/fdos/watcom2/lib286/dos/clibh.lib(filedos.c)
0000:e4eb*     _dos_close_
0000:e4f9      _dos_commit_
Module: /dos/fdos/watcom2/lib286/dos/clibh.lib(fmsize.c)
0000:e508*     _msize_
0000:e523      _fmsize_
Module: /dos/fdos/watcom2/lib286/dos/clibh.lib(nexpand.c)
0000:e534      __HeapManager_expand_
0000:ea3d      _nexpand_
Module: /dos/fdos/watcom2/lib286/dos/clibh.lib(fexpand.c)
0000:ea90      _fexpand_
0000:ea90*     _expand_
Module: /dos/fdos/watcom2/lib286/dos/clibh.lib(clearenv.c)
0000:eac5      clearenv_
Module: /dos/fdos/watcom2/lib286/dos/clibh.lib(fpe87.asm)
0000:ebfa      __Init_FPE_handler_
0000:ec33      __Fini_FPE_handler_
0000:ec6a*     __FPEHandler
Module: /dos/fdos/watcom2/lib286/dos/clibh.lib(bfree.c)
0000:eefc      _bfree_
Module: /dos/fdos/watcom2/lib286/dos/clibh.lib(bexpand.c)
0000:ef21      _bexpand_
Module: /dos/fdos/watcom2/lib286/dos/clibh.lib(fpeint.c)
0f25:06fa      ___FPE_int


                        +--------------------+
                        |   Libraries Used   |
                        +--------------------+

gfx.lib
/dos/fdos/watcom2/lib286/dos/clibh.lib


                        +-----------------------+
                        |   Linker Statistics   |
                        +-----------------------+

Stack size:  dac0 (56000.)
Memory size:  0001d960 (121184.)
Entry point address: 0000:7d82
Link time: 00:00.49
