Open Watcom Linker Version 2.0 beta Sep 16 2015 10:14:10 (64-bit)
Copyright (c) 2002-2015 The Open Watcom Contributors. All Rights Reserved.
Portions Copyright (c) 1985-2002 Sybase, Inc. All Rights Reserved.
Created on:       15/10/22 14:27:10
Executable Image: fontgfx.exe
creating a DOS executable


                        +------------+
                        |   Groups   |
                        +------------+

Group                           Address              Size
=====                           =======              ====

DGROUP                          11ae:0000            0000f550



                        +--------------+
                        |   Segments   |
                        +--------------+

Segment                Class          Group          Address         Size
=======                =====          =====          =======         ====

fontgfx_TEXT           CODE           AUTO           0000:0000       00000234
16_in_TEXT             CODE           AUTO           0000:0240       00001e80
16_mm_TEXT             CODE           AUTO           0000:20c0       00003308
wcpu_TEXT              CODE           AUTO           0000:53d0       00000058
16_head_TEXT           CODE           AUTO           0000:5430       00000405
16_ca_TEXT             CODE           AUTO           0000:5840       000003fd
kitten_TEXT            CODE           AUTO           0000:5c40       0000080a
16_hc_TEXT             CODE           AUTO           0000:6450       0000158b
timer_TEXT             CODE           AUTO           0000:79e0       00000235
_TEXT                  CODE           AUTO           0000:7c20       00007645
16text_TEXT            CODE           AUTO           0000:f270       0000010d
modex16_TEXT           CODE           AUTO           0f38:0000       000025b0
16_in13_DATA           FAR_DATA       AUTO           1193:0000       000001a4
FAR_DATA               FAR_DATA       AUTO           11ad:0004       00000000
_NULL                  BEGDATA        DGROUP         11ae:0000       00000020
_AFTERNULL             BEGDATA        DGROUP         11b0:0000       00000002
CONST                  DATA           DGROUP         11b0:0002       00000076
CONST2                 DATA           DGROUP         11b7:0008       00000102
_DATA                  DATA           DGROUP         11c8:0000       000009e1
XIB                    DATA           DGROUP         1266:0002       00000000
XI                     DATA           DGROUP         1266:0002       00000036
XIE                    DATA           DGROUP         1269:0008       00000000
YIB                    DATA           DGROUP         1269:0008       00000000
YI                     DATA           DGROUP         1269:0008       00000018
YIE                    DATA           DGROUP         126b:0000       00000000
STRINGS                DATA           DGROUP         126b:0000       00000000
DATA                   DATA           DGROUP         126b:0000       00000000
_emu_init_start        EMU            DGROUP         126b:0000       00000000
_emu_init_end          EMU            DGROUP         126b:0000       00000000
_BSS                   BSS            DGROUP         126b:0000       00000eb2
STACK                  STACK          DGROUP         1357:0000       0000dac0


                        +----------------+
                        |   Memory Map   |
                        +----------------+

* = unreferenced symbol
+ = symbol only referenced locally

Address        Symbol
=======        ======

Module: fontgfx.o(/dos/z/16/src/fontgfx.c)
0000:0094      main_
11ae:0bd0+     _gvar
Module: 16_in.o(/dos/z/16/src/lib/16_in.c)
11ae:0c9e+     _inpu
0000:0380+     INL_KeyService_
0000:061a+     Mouse_
0000:0672+     IN_GetJoyAbs_
0000:0a1c+     IN_GetJoyButtonsDB_
0000:0ca2+     IN_SetupJoy_
0000:0e64*     IN_Startup_
0000:0f6a*     IN_Default_
0000:10ce*     IN_Shutdown_
0000:114e*     IN_SetKeyHook_
0000:1170+     IN_ClearKeysDown_
0000:1250*     IN_ReadCursor_
0000:136c*     IN_ReadControl_
0000:1ba4*     IN_SetControlType_
0000:1bf2*     IN_GetScanName_
0000:1c7a*     IN_WaitForKey_
0000:1cb0*     IN_WaitForASCII_
0000:1ce6+     IN_AckBack_
0000:1dce*     IN_Ack_
0000:1e70+     IN_IsUserInput_
0000:1f16*     IN_UserInput_
0000:1f5a*     IN_KeyDown_
0000:1fa2+     IN_ClearKey_
0000:201a*     IN_qb_
Module: 16_mm.o(/dos/z/16/src/lib/16_mm.c)
0000:2aa4+     MML_CheckForEMS_
0000:2b00+     MML_SetupEMS_
0000:2cb8+     MML_ShutdownEMS_
0000:2d24+     MM_MapEMS_
0000:2e20*     MM_MapXEMS_
0000:2f40+     MML_CheckForXMS_
0000:2f9c*     MML_SetupXMS_
0000:3084+     MML_ShutdownXMS_
0000:3112+     MML_UseSpace_
0000:32f0+     MML_ClearBlock_
0000:3374*     MM_Startup_
0000:37a6+     MM_Shutdown_
0000:383c      MM_GetPtr_
0000:3c36+     MM_FreePtr_
0000:3d2e*     MM_SetPurge_
0000:3e08*     MM_SetLock_
0000:3ee0+     MM_SortMem_
0000:40ce*     MM_ShowMemory_
0000:476e*     MM_DumpData_
0000:48c8+     MM_UnusedMemory_
0000:494c+     MM_TotalFree_
0000:49e2*     MM_Report_
0000:539a*     MM_BombOnError_
11ae:0e00+     _beforesort
11ae:0e04+     _aftersort
11ae:0e08+     _XMSaddr
Module: wcpu.o(/dos/z/16/src/lib/wcpu/wcpu.c)
0000:53d0      detectcpu_
Module: 16_head.o(/dos/z/16/src/lib/16_head.c)
0000:543e*     wait_
0000:548a*     filesize_
0000:54f0      printmeminfoline_
0000:56dc      US_CheckParm_
Module: 16_ca.o(/dos/z/16/src/lib/16_ca.c)
0000:586e      CA_OpenDebug_
0000:58be      CA_CloseDebug_
0000:58ec+     CA_FarRead_
0000:596c*     CA_FarWrite_
0000:59ec*     CA_ReadFile_
0000:5a68*     CA_LoadFile_
0000:5b10*     CAL_OptimizeNodes_
0000:5bc0*     CA_Startup_
0000:5c10*     CA_Shutdown_
11ae:0e10*     _finishcachebox
11ae:0e14*     _updatecachebox
11ae:0e18*     _drawcachebox
Module: kitten.o(/dos/z/16/src/lib/nyan/kitten.c)
0000:5c7c      KITTENGETS
0000:5cdc*     kittenopen_
0000:5f2a+     catread_
0000:5fde*     kittenclose_
0000:5ffa+     mystrtoul_
0000:60ae+     processEscChars_
0000:6234+     get_line_
0000:62a6+     db_fetch_
0000:633c+     db_insert_
11ae:08e4+     __kitten_catalog
Module: 16_hc.o(/dos/z/16/src/lib/16_hc.c)
0000:65fc+     LargestFreeBlock_
0000:668a+     _coreleft_
0000:6706+     LargestFarFreeBlock_
0000:67bc+     _farcoreleft_
0000:686a+     LargestHugeFreeBlock_
0000:695a*     _hugecoreleft_
0000:6a2a+     GetFreeSize_
0000:6a84+     GetFarFreeSize_
0000:6ace+     GetNearFreeSize_
0000:6b1c*     heapdump_
0000:77be+     heapstat_
0000:78fc+     heapstat0_
0000:795e+     HC_OpenDebug_
0000:79ae*     HC_CloseDebug_
Module: timer.o(/dos/z/16/src/lib/timer.c)
0000:79e0*     start_timer_
0000:7b0c*     elapsed_timer_
0000:7b5e*     ticktock_
0000:7bca*     time_in_seconds_
Module: /dos/fdos/watcom2/lib286/dos/clibh.lib(stk086.asm)
0000:7c25      __STK
0000:7c45      __STKOVERFLOW_
Module: gfx.lib(/dos/z/16/src/lib/16text.c)
0000:f2e6      textInit_
11ae:0e24      _romFonts
Module: gfx.lib(/dos/z/16/src/lib/modex16.c)
0f38:0240      VGAmodeX_
0f38:02d2+     vgaGetMode_
0f38:0312+     modexEnter_
0f38:0592*     modexLeave_
0f38:05aa+     modexsetBaseXMode_
0f38:05e8      modexDefaultPage_
0f38:06c8*     modexNextPage_
0f38:0794*     modexNextPageFlexibleSize_
0f38:0862*     modexShowPage_
0f38:095e*     modexPanPage_
0f38:09ae*     modexSelectPlane_
0f38:09d2+     modexClearRegion_
0f38:0aea*     oldDrawBmp_
0f38:0c50*     CDrawBmp_
0f38:0db4*     modexDrawBmp_
0f38:0e1a+     modexDrawBmpRegion_
0f38:0f84*     modexDrawPlanarBuf_
0f38:0fa2*     modexDrawSprite_
0f38:1008+     modexDrawSpriteRegion_
0f38:1180*     modexCopyPageRegion_
0f38:12ea*     modexFadeOn_
0f38:131a*     modexFadeOff_
0f38:1348*     modexFlashOn_
0f38:1376*     modexFlashOff_
0f38:1446+     modexPalSave_
0f38:149c+     modexNewPal_
0f38:14ec*     modexLoadPalFile_
0f38:15ce*     modexSavePalFile_
0f38:1646*     modexPalBlack_
0f38:1670*     modexPalWhite_
0f38:169a+     modexPalUpdate_
0f38:1c0a+     modexPalUpdate1_
0f38:1c84*     modexPalUpdate0_
0f38:1cd0*     modexPalOverscan_
0f38:1cf4+     chkcolor_
0f38:200c+     modexputPixel_
0f38:209a*     modexgetPixel_
0f38:2120*     modexhlin_
0f38:21a4      modexprint_
0f38:233e      modexprintbig_
0f38:24ba*     pdump_
0f38:251a*     cls_
0f38:2588+     modexWaitBorder_
11ae:0914+     _VGA
Module: /dos/fdos/watcom2/lib286/dos/clibh.lib(pia.asm)
0000:7c69      __PIA
0000:7c62*     __PIS
Module: /dos/fdos/watcom2/lib286/dos/clibh.lib(getch.c)
0000:7c80      getch_
Module: /dos/fdos/watcom2/lib286/dos/clibh.lib(printf.c)
0000:7c9a      printf_
Module: /dos/fdos/watcom2/lib286/dos/clibh.lib(sprintf.c)
0000:7cc9      sprintf_
Module: /dos/fdos/watcom2/lib286/dos/clibh.lib(cstart)
11ae:0000*     __nullarea
11ae:0928*     __ovlflag
11ae:0929*     __intno
11ae:092a*     __ovlvec
0000:7cf8      _cstart_
0000:7dcb*     _Not_Enough_Memory_
0000:7efd      __exit_
0000:7f1c      __do_exit_with_msg__
0000:7f79      __GETDS
Module: /dos/fdos/watcom2/lib286/dos/clibh.lib(cmodel.asm)
0000:7f84      _big_code_
0000:7f84*     CodeModelMismatch
Module: /dos/fdos/watcom2/lib286/dos/clibh.lib(argcv.c)
11ae:173c      __argv
11ae:1740      ___argv
11ae:1744      __argc
11ae:1746      ___argc
Module: /dos/fdos/watcom2/lib286/dos/clibh.lib(intx086.c)
0000:7f84+     int86x_
0000:8107      int86_
Module: /dos/fdos/watcom2/lib286/dos/clibh.lib(i4m.asm)
0000:8134      __I4M
0000:8134      __U4M
Module: /dos/fdos/watcom2/lib286/dos/clibh.lib(d_getvec.c)
0000:814c      _dos_getvect_
Module: /dos/fdos/watcom2/lib286/dos/clibh.lib(d_setvec.c)
0000:8157      _dos_setvect_
Module: /dos/fdos/watcom2/lib286/dos/clibh.lib(i4d.asm)
0000:8164      __I4D
0000:81b3      __U4D
Module: /dos/fdos/watcom2/lib286/dos/clibh.lib(heapgrow.c)
0000:8237*     _heapgrow_
0000:8237      _fheapgrow_
0000:8238      _nheapgrow_
Module: /dos/fdos/watcom2/lib286/dos/clibh.lib(memavl.c)
0000:82b0      _memavl_
Module: /dos/fdos/watcom2/lib286/dos/clibh.lib(nmalloc.c)
0000:82f5      _nmalloc_
11ae:092e      ___nheapbeg
11ae:0930      ___MiniHeapRover
11ae:0932      ___LargestSizeB4MiniHeapRover
Module: /dos/fdos/watcom2/lib286/dos/clibh.lib(fmalloc.c)
0000:83cf      _fmalloc_
0000:83cf      malloc_
11ae:0934      ___fheap
11ae:0936      ___fheapRover
11ae:0938      ___LargestSizeB4Rover
Module: /dos/fdos/watcom2/lib286/dos/clibh.lib(ffree.c)
0000:8544      _ffree_
0000:8544      free_
Module: /dos/fdos/watcom2/lib286/dos/clibh.lib(nfree.c)
0000:85b1      _nfree_
11ae:1748+     ___MiniHeapFreeRover
Module: /dos/fdos/watcom2/lib286/dos/clibh.lib(exit.c)
0000:86ac+     _null_exit_rtn_
0000:86ac+     __null_int23_exit_
0000:86ad      exit_
0000:86ce+     _exit_
11ae:093a+     ___int23_exit
11ae:093e      ___FPE_handler_exit
Module: /dos/fdos/watcom2/lib286/dos/clibh.lib(ptc.asm)
0000:86ea      __PTC
Module: /dos/fdos/watcom2/lib286/dos/clibh.lib(ltoa.c)
0000:871d      ultoa_
0000:87db*     ltoa_
Module: /dos/fdos/watcom2/lib286/dos/clibh.lib(write.c)
0000:8961      write_
Module: /dos/fdos/watcom2/lib286/dos/clibh.lib(fopen.c)
0000:8b8d+     __open_flags_
0000:8e4e+     _fsopen_
0000:8eb5      fopen_
0000:8fd8*     freopen_
Module: /dos/fdos/watcom2/lib286/dos/clibh.lib(fprintf.c)
0000:9062      fprintf_
Module: /dos/fdos/watcom2/lib286/dos/clibh.lib(fclose.c)
0000:9091      __doclose_
0000:91db      __shutdown_stream_
0000:91f5      fclose_
11ae:174a+     ___RmTmpFileFn
Module: /dos/fdos/watcom2/lib286/dos/clibh.lib(clockdos.c)
0000:9260+     __ibm_bios_get_ticks_
0000:92d7      clock_
Module: /dos/fdos/watcom2/lib286/dos/clibh.lib(kbhit.c)
0000:92fe      kbhit_
Module: /dos/fdos/watcom2/lib286/dos/clibh.lib(ftell.c)
0000:9315      ftell_
Module: /dos/fdos/watcom2/lib286/dos/clibh.lib(fseek.c)
0000:94fb      fseek_
Module: /dos/fdos/watcom2/lib286/dos/clibh.lib(istable.c)
11ae:0098      __IsTable
Module: /dos/fdos/watcom2/lib286/dos/clibh.lib(tolower.c)
0000:96f3      tolower_
Module: /dos/fdos/watcom2/lib286/dos/clibh.lib(unlnk.c)
0000:9701      unlink_
Module: /dos/fdos/watcom2/lib286/dos/clibh.lib(open.c)
0000:9931      open_
0000:9968      sopen_
Module: /dos/fdos/watcom2/lib286/dos/clibh.lib(close.c)
0000:9995      close_
Module: /dos/fdos/watcom2/lib286/dos/clibh.lib(filelen.c)
0000:999a      filelength_
Module: /dos/fdos/watcom2/lib286/dos/clibh.lib(getenv.c)
0000:99f8      getenv_
Module: /dos/fdos/watcom2/lib286/dos/clibh.lib(pts.asm)
0000:9ae4      __PTS
Module: /dos/fdos/watcom2/lib286/dos/clibh.lib(read.c)
0000:9b15      read_
Module: /dos/fdos/watcom2/lib286/dos/clibh.lib(strdup.c)
0000:9c4e*     __clib_strdup_
0000:9c4e      strdup_
Module: /dos/fdos/watcom2/lib286/dos/clibh.lib(haloc.c)
0000:9cb5      halloc_
0000:9d9a      hfree_
Module: /dos/fdos/watcom2/lib286/dos/clibh.lib(fheapwal.c)
0000:9da1      _heapwalk_
0000:9da1      _fheapwalk_
Module: /dos/fdos/watcom2/lib286/dos/clibh.lib(nheapwal.c)
0000:9db6+     __NHeapWalk_
0000:9eaf      _nheapwalk_
Module: /dos/fdos/watcom2/lib286/dos/clibh.lib(stack086.c)
0000:9ebf      stackavail_
Module: /dos/fdos/watcom2/lib286/dos/clibh.lib(_8087086.asm)
11ae:094a      __8087
11ae:094b      __real87
11ae:094c      __dos87emucall
11ae:094e      __dos87real
Module: /dos/fdos/watcom2/lib286/dos/clibh.lib(xmsg.c)
0000:9ece*     __exit_with_msg_
0000:9ed3      __fatal_runtime_error_
Module: /dos/fdos/watcom2/lib286/dos/clibh.lib(crwdata)
11ae:0950      __curbrk
11ae:0958      __STACKLOW
11ae:095a      __STACKTOP
11ae:095c      __cbyte
11ae:095e      __child
11ae:0960      __no87
11ae:096d      ___FPE_handler
11ae:0952      __psp
11ae:0961      __get_ovl_stack
11ae:0965      __restore_ovl_stack
11ae:0969      __close_ovl_file
11ae:0971      __LpCmdLine
11ae:0975      __LpPgmName
11ae:0954      __osmajor
11ae:0955      __osminor
11ae:0956      __osmode
11ae:0957      __HShift
Module: /dos/fdos/watcom2/lib286/dos/clibh.lib(fgetc.c)
0000:9ef2+     __fill_buffer_
0000:a141      fgetc_
Module: /dos/fdos/watcom2/lib286/dos/clibh.lib(fwrite.c)
0000:a288      fwrite_
Module: /dos/fdos/watcom2/lib286/dos/clibh.lib(rand.c)
0000:a601      rand_
0000:a643*     srand_
Module: /dos/fdos/watcom2/lib286/dos/clibh.lib(iob.c)
11ae:097e      ___iob
11ae:1752      ___ClosedStreams
11ae:1756      ___OpenStreams
Module: /dos/fdos/watcom2/lib286/dos/clibh.lib(fprtf.c)
0000:a680      __fprtf_
Module: /dos/fdos/watcom2/lib286/dos/clibh.lib(vsprintf.c)
0000:a7ec      vsprintf_
Module: /dos/fdos/watcom2/lib286/dos/clibh.lib(cmain086.c)
0000:a82e      __CMain
Module: /dos/fdos/watcom2/lib286/dos/clibh.lib(initrtns.c)
0000:a894      __InitRtns
0000:a894*     __FInitRtns
0000:a8ef      __FiniRtns
0000:a8ef*     __FFiniRtns
Module: /dos/fdos/watcom2/lib286/dos/clibh.lib(uselfn.c)
11ae:0ae6      ___uselfn
Module: /dos/fdos/watcom2/lib286/dos/clibh.lib(dosseg)
0000:a954      __DOSseg__
Module: /dos/fdos/watcom2/lib286/dos/clibh.lib(initargv.c)
0000:a955      __Init_Argv_
0000:a9b8+     _getargv_
0000:ace8      __Fini_Argv_
Module: /dos/fdos/watcom2/lib286/dos/clibh.lib(intr.c)
0000:ad12      intr_
Module: /dos/fdos/watcom2/lib286/dos/clibh.lib(segread.c)
0000:ad26      segread_
Module: /dos/fdos/watcom2/lib286/dos/clibh.lib(grownear.c)
0000:ae11      __LastFree_
0000:ae8b      __ExpandDGROUP_
Module: /dos/fdos/watcom2/lib286/dos/clibh.lib(nmemneed.c)
0000:af9c      __nmemneed_
Module: /dos/fdos/watcom2/lib286/dos/clibh.lib(mem.c)
0000:afa0      __MemAllocator
0000:b06a      __MemFree
Module: /dos/fdos/watcom2/lib286/dos/clibh.lib(growseg.c)
0000:b1c7      __GrowSeg_
Module: /dos/fdos/watcom2/lib286/dos/clibh.lib(allocseg.c)
0000:b33d      __AllocSeg_
Module: /dos/fdos/watcom2/lib286/dos/clibh.lib(fmemneed.c)
0000:b42c      __fmemneed_
Module: /dos/fdos/watcom2/lib286/dos/clibh.lib(alphabet.c)
11ae:0022      ___Alphabet
Module: /dos/fdos/watcom2/lib286/dos/clibh.lib(__lseek.c)
0000:b42f      __lseek_
Module: /dos/fdos/watcom2/lib286/dos/clibh.lib(dosret.c)
0000:b469*     __dosretax
0000:b46e*     __dosret0
0000:b475      __set_errno_dos_
0000:b4dd*     __set_errno_dos_reterr_
Module: /dos/fdos/watcom2/lib286/dos/clibh.lib(errno.c)
0000:b4e8*     __get_errno_ptr_
11ae:175e      _errno
Module: /dos/fdos/watcom2/lib286/dos/clibh.lib(iomode.c)
0000:b4ef      __GetIOMode_
0000:b524      __SetIOMode_nogrow_
11ae:0afc      ___NFiles
11ae:0afe      ___init_mode
11ae:0b26      ___io_mode
Module: /dos/fdos/watcom2/lib286/dos/clibh.lib(comtflag.c)
0000:b559*     __set_commode_
11ae:0b2a      __commode
Module: /dos/fdos/watcom2/lib286/dos/clibh.lib(textmode.c)
11ae:0b2c      __fmode
Module: /dos/fdos/watcom2/lib286/dos/clibh.lib(chktty.c)
0000:b565      __chktty_
Module: /dos/fdos/watcom2/lib286/dos/clibh.lib(freefp.c)
0000:b5c4      __freefp_
0000:b665      __purgefp_
Module: /dos/fdos/watcom2/lib286/dos/clibh.lib(allocfp.c)
0000:b6a6      __allocfp_
Module: /dos/fdos/watcom2/lib286/dos/clibh.lib(_clse.c)
0000:b856      __close_
Module: /dos/fdos/watcom2/lib286/dos/clibh.lib(flush.c)
0000:b88c      __flush_
Module: /dos/fdos/watcom2/lib286/dos/clibh.lib(fflush.c)
0000:bad5      fflush_
Module: /dos/fdos/watcom2/lib286/dos/clibh.lib(tell.c)
0000:baea      tell_
Module: /dos/fdos/watcom2/lib286/dos/clibh.lib(lseek.c)
0000:bafb      lseek_
Module: /dos/fdos/watcom2/lib286/dos/clibh.lib(error086.asm)
0000:bb2c      __doserror_
0000:bb3a      __doserror1_
Module: /dos/fdos/watcom2/lib286/dos/clibh.lib(opendos.c)
0000:bb46      _dos_open_
Module: /dos/fdos/watcom2/lib286/dos/clibh.lib(isatt.c)
0000:bb6c      isatty_
Module: /dos/fdos/watcom2/lib286/dos/clibh.lib(doserrno.c)
0000:bb88*     __get_doserrno_ptr_
11ae:1760      __doserrno
Module: /dos/fdos/watcom2/lib286/dos/clibh.lib(umaskval.c)
11ae:0b2e      ___umaskval
Module: /dos/fdos/watcom2/lib286/dos/clibh.lib(creatdos.c)
0000:bb8f      _dos_creat_
0000:bbb3*     _dos_creatnew_
Module: /dos/fdos/watcom2/lib286/dos/clibh.lib(stiomode.c)
0000:bbd4+     __grow_iomode_
0000:bcbb+     __shrink_iomode_
0000:bcfc      __SetIOMode_
Module: /dos/fdos/watcom2/lib286/dos/clibh.lib(environ.c)
11ae:1764      ___env_mask
11ae:1768      _environ
11ae:176c*     __wenviron
Module: /dos/fdos/watcom2/lib286/dos/clibh.lib(mbterm.c)
0000:bda3      _mbterm_
Module: /dos/fdos/watcom2/lib286/dos/clibh.lib(mbsnextc.c)
0000:bdf6      _mbsnextc_
Module: /dos/fdos/watcom2/lib286/dos/clibh.lib(mbcupper.c)
0000:be51      _mbctoupper_
Module: /dos/fdos/watcom2/lib286/dos/clibh.lib(mbsinc.c)
0000:be74      _mbsinc_
Module: /dos/fdos/watcom2/lib286/dos/clibh.lib(iomodtty.c)
0000:bec6      __ChkTTYIOMode_
0000:bf34*     __IOMode_
Module: /dos/fdos/watcom2/lib286/dos/clibh.lib(heapwalk.c)
0000:c006      __HeapWalk_
Module: /dos/fdos/watcom2/lib286/dos/clibh.lib(chk8087.c)
0000:c246*     _fpreset_
0000:c271      __init_8087_
0000:c2a4+     __default_sigfpe_handler_
0000:c2f9      __chk8087_
Module: /dos/fdos/watcom2/lib286/dos/clibh.lib(enterdb.c)
0000:c369      __EnterWVIDEO_
11ae:0b4e+     ___WD_Present
Module: /dos/fdos/watcom2/lib286/dos/clibh.lib(flushall.c)
0000:c38d      __flushall_
0000:c421      flushall_
Module: /dos/fdos/watcom2/lib286/dos/clibh.lib(gtche.c)
0000:c427      getche_
Module: /dos/fdos/watcom2/lib286/dos/clibh.lib(ioalloc.c)
0000:c441      __ioalloc_
Module: /dos/fdos/watcom2/lib286/dos/clibh.lib(qread.c)
0000:c5cf      __qread_
Module: /dos/fdos/watcom2/lib286/dos/clibh.lib(qwrit.c)
0000:c5ef      __qwrite_
Module: /dos/fdos/watcom2/lib286/dos/clibh.lib(fputc.c)
0000:c64f      fputc_
Module: /dos/fdos/watcom2/lib286/dos/clibh.lib(initfile.c)
0000:c824      __InitFiles_
Module: /dos/fdos/watcom2/lib286/dos/clibh.lib(ioexit.c)
0000:ca58*     fcloseall_
0000:ca5f      __full_io_exit_
Module: /dos/fdos/watcom2/lib286/dos/clibh.lib(prtf.c)
0000:ca69      __prtf_
Module: /dos/fdos/watcom2/lib286/dos/clibh.lib(___argc.c)
11ae:1770      ____Argv
11ae:1774      ____Argc
Module: /dos/fdos/watcom2/lib286/dos/clibh.lib(amblksiz.c)
11ae:0b50      __amblksiz
Module: /dos/fdos/watcom2/lib286/dos/clibh.lib(sgdef086)
11ae:0b82      __Start_XI
11ae:0bb8      __End_XI
11ae:0bb8      __Start_YI
11ae:0bd0      __End_YI
Module: /dos/fdos/watcom2/lib286/dos/clibh.lib(histsplt.c)
11ae:1776      ___historical_splitparms
Module: /dos/fdos/watcom2/lib286/dos/clibh.lib(dointr)
0000:dbcc      _DoINTR_
Module: /dos/fdos/watcom2/lib286/dos/clibh.lib(heapen.c)
0000:df45*     _heapenable_
11ae:0b52      ___heap_enabled
Module: /dos/fdos/watcom2/lib286/dos/clibh.lib(sbrk.c)
0000:df56*     sbrk_
0000:df66      __brk_
Module: /dos/fdos/watcom2/lib286/dos/clibh.lib(fsync.c)
0000:dfce      fsync_
Module: /dos/fdos/watcom2/lib286/dos/clibh.lib(frealloc.c)
0000:dfd3*     _frealloc_
0000:dfd3      realloc_
Module: /dos/fdos/watcom2/lib286/dos/clibh.lib(setenvp.c)
0000:e0cd      __setenvp_
0000:e259      __freeenvp_
Module: /dos/fdos/watcom2/lib286/dos/clibh.lib(mbisdbcs.c)
11ae:0b54      ___IsDBCS
Module: /dos/fdos/watcom2/lib286/dos/clibh.lib(mbislead.c)
0000:e2b7*     _ismbblead_
11ae:177c      ___MBCSIsTable
Module: /dos/fdos/watcom2/lib286/dos/clibh.lib(mbinit.c)
0000:e311      __mbinit_
11ae:0b56      ___MBCodePage
Module: /dos/fdos/watcom2/lib286/dos/clibh.lib(mbdtoupp.c)
0000:e3ec      _mbdtoupper_
Module: /dos/fdos/watcom2/lib286/dos/clibh.lib(toupper.c)
0000:e3fa      toupper_
Module: /dos/fdos/watcom2/lib286/dos/clibh.lib(8087cw.c)
11ae:0b58      __8087cw
Module: /dos/fdos/watcom2/lib286/dos/clibh.lib(save8087.c)
11ae:0b5a      ___Save8087
11ae:0b5e      ___Rest8087
Module: /dos/fdos/watcom2/lib286/dos/clibh.lib(grabfp87.c)
0000:e409      __GrabFP87_
Module: /dos/fdos/watcom2/lib286/dos/clibh.lib(ini87086.asm)
0000:e43c*     __init_8087_emu
0000:e442      __x87id
Module: /dos/fdos/watcom2/lib286/dos/clibh.lib(wctomb.c)
0000:e49f      wctomb_
Module: /dos/fdos/watcom2/lib286/dos/clibh.lib(itoa.c)
0000:e4ea+     utoa_
0000:e58b      itoa_
Module: /dos/fdos/watcom2/lib286/dos/clibh.lib(strupr.c)
0000:e5d5      strupr_
Module: /dos/fdos/watcom2/lib286/dos/clibh.lib(noefgfmt.c)
11ae:0b62      ___EFG_printf
11ae:0b66*     ___EFG_scanf
Module: /dos/fdos/watcom2/lib286/dos/clibh.lib(lltoa.c)
0000:e61d      ulltoa_
0000:e75a*     lltoa_
Module: /dos/fdos/watcom2/lib286/dos/clibh.lib(filedos.c)
0000:e7cb*     _dos_close_
0000:e7d9      _dos_commit_
Module: /dos/fdos/watcom2/lib286/dos/clibh.lib(fmsize.c)
0000:e7e8*     _msize_
0000:e803      _fmsize_
Module: /dos/fdos/watcom2/lib286/dos/clibh.lib(nexpand.c)
0000:e814      __HeapManager_expand_
0000:ed1d      _nexpand_
Module: /dos/fdos/watcom2/lib286/dos/clibh.lib(fexpand.c)
0000:ed70      _fexpand_
0000:ed70*     _expand_
Module: /dos/fdos/watcom2/lib286/dos/clibh.lib(clearenv.c)
0000:eda5      clearenv_
Module: /dos/fdos/watcom2/lib286/dos/clibh.lib(fpe87.asm)
0000:eeda      __Init_FPE_handler_
0000:ef13      __Fini_FPE_handler_
0000:ef4a*     __FPEHandler
Module: /dos/fdos/watcom2/lib286/dos/clibh.lib(bfree.c)
0000:f1dc      _bfree_
Module: /dos/fdos/watcom2/lib286/dos/clibh.lib(bexpand.c)
0000:f201      _bexpand_
Module: /dos/fdos/watcom2/lib286/dos/clibh.lib(fpeint.c)
11ae:0b80      ___FPE_int


                        +--------------------+
                        |   Libraries Used   |
                        +--------------------+

gfx.lib
/dos/fdos/watcom2/lib286/dos/clibh.lib


                        +-----------------------+
                        |   Linker Statistics   |
                        +-----------------------+

Stack size:  dac0 (56000.)
Memory size:  00021030 (135216.)
Entry point address: 0000:7cf8
Link time: 00:00.00
