Open Watcom Linker Version 2.0 beta Sep 16 2015 10:14:10 (64-bit)
Copyright (c) 2002-2015 The Open Watcom Contributors. All Rights Reserved.
Portions Copyright (c) 1985-2002 Sybase, Inc. All Rights Reserved.
Created on:       15/10/22 16:17:36
Executable Image: inputest.exe
creating a DOS executable


                        +------------+
                        |   Groups   |
                        +------------+

Group                           Address              Size
=====                           =======              ====

DGROUP                          0eab:0000            0000e710



                        +--------------+
                        |   Segments   |
                        +--------------+

Segment                Class          Group          Address         Size
=======                =====          =====          =======         ====

inputest_TEXT          CODE           AUTO           0000:0000       00000089
16_in_TEXT             CODE           AUTO           0000:0090       00001e80
16_mm_TEXT             CODE           AUTO           0000:1f10       00003308
wcpu_TEXT              CODE           AUTO           0000:5220       00000058
16_head_TEXT           CODE           AUTO           0000:5280       00000405
16_ca_TEXT             CODE           AUTO           0000:5690       000003fd
kitten_TEXT            CODE           AUTO           0000:5a90       0000080a
16_hc_TEXT             CODE           AUTO           0000:62a0       0000158b
timer_TEXT             CODE           AUTO           0000:7830       00000235
_TEXT                  CODE           AUTO           0000:7a70       00006e85
16_in13_DATA           FAR_DATA       AUTO           0e90:0000       000001a4
FAR_DATA               FAR_DATA       AUTO           0eaa:0004       00000000
_NULL                  BEGDATA        DGROUP         0eab:0000       00000020
_AFTERNULL             BEGDATA        DGROUP         0ead:0000       00000002
CONST                  DATA           DGROUP         0ead:0002       00000076
CONST2                 DATA           DGROUP         0eb4:0008       00000102
_DATA                  DATA           DGROUP         0ec5:0000       0000056b
XIB                    DATA           DGROUP         0f1b:000c       00000000
XI                     DATA           DGROUP         0f1b:000c       00000036
XIE                    DATA           DGROUP         0f1f:0002       00000000
YIB                    DATA           DGROUP         0f1f:0002       00000000
YI                     DATA           DGROUP         0f1f:0002       00000018
YIE                    DATA           DGROUP         0f20:000a       00000000
STRINGS                DATA           DGROUP         0f20:000a       00000000
DATA                   DATA           DGROUP         0f20:000a       00000000
_emu_init_start        EMU            DGROUP         0f20:000a       00000000
_emu_init_end          EMU            DGROUP         0f20:000a       00000000
_BSS                   BSS            DGROUP         0f21:0000       000004ea
STACK                  STACK          DGROUP         0f70:0000       0000dac0


                        +----------------+
                        |   Memory Map   |
                        +----------------+

* = unreferenced symbol
+ = symbol only referenced locally

Address        Symbol
=======        ======

Module: inputest.o(/dos/z/16/src/inputest.c)
0000:0004      main_
Module: 16_in.o(/dos/z/16/src/lib/16_in.c)
0eab:077e+     _inpu
0000:01d0+     INL_KeyService_
0000:046a+     Mouse_
0000:04c2+     IN_GetJoyAbs_
0000:086c+     IN_GetJoyButtonsDB_
0000:0af2+     IN_SetupJoy_
0000:0cb4      IN_Startup_
0000:0dba      IN_Default_
0000:0f1e      IN_Shutdown_
0000:0f9e*     IN_SetKeyHook_
0000:0fc0+     IN_ClearKeysDown_
0000:10a0*     IN_ReadCursor_
0000:11bc      IN_ReadControl_
0000:19f4*     IN_SetControlType_
0000:1a42*     IN_GetScanName_
0000:1aca*     IN_WaitForKey_
0000:1b00*     IN_WaitForASCII_
0000:1b36+     IN_AckBack_
0000:1c1e*     IN_Ack_
0000:1cc0+     IN_IsUserInput_
0000:1d66*     IN_UserInput_
0000:1daa      IN_KeyDown_
0000:1df2+     IN_ClearKey_
0000:1e6a      IN_qb_
Module: 16_mm.o(/dos/z/16/src/lib/16_mm.c)
0000:28f4+     MML_CheckForEMS_
0000:2950+     MML_SetupEMS_
0000:2b08+     MML_ShutdownEMS_
0000:2b74+     MM_MapEMS_
0000:2c70*     MM_MapXEMS_
0000:2d90+     MML_CheckForXMS_
0000:2dec*     MML_SetupXMS_
0000:2ed4+     MML_ShutdownXMS_
0000:2f62+     MML_UseSpace_
0000:3140+     MML_ClearBlock_
0000:31c4*     MM_Startup_
0000:35f6+     MM_Shutdown_
0000:368c      MM_GetPtr_
0000:3a86+     MM_FreePtr_
0000:3b7e*     MM_SetPurge_
0000:3c58*     MM_SetLock_
0000:3d30+     MM_SortMem_
0000:3f1e*     MM_ShowMemory_
0000:45be*     MM_DumpData_
0000:4718+     MM_UnusedMemory_
0000:479c+     MM_TotalFree_
0000:4832*     MM_Report_
0000:51ea*     MM_BombOnError_
0eab:08e0+     _beforesort
0eab:08e4+     _aftersort
0eab:08e8+     _XMSaddr
Module: wcpu.o(/dos/z/16/src/lib/wcpu/wcpu.c)
0000:5220      detectcpu_
Module: 16_head.o(/dos/z/16/src/lib/16_head.c)
0000:528e*     wait_
0000:52da*     filesize_
0000:5340      printmeminfoline_
0000:552c      US_CheckParm_
Module: 16_ca.o(/dos/z/16/src/lib/16_ca.c)
0000:56be      CA_OpenDebug_
0000:570e      CA_CloseDebug_
0000:573c+     CA_FarRead_
0000:57bc*     CA_FarWrite_
0000:583c*     CA_ReadFile_
0000:58b8*     CA_LoadFile_
0000:5960*     CAL_OptimizeNodes_
0000:5a10*     CA_Startup_
0000:5a60*     CA_Shutdown_
0eab:08f0*     _finishcachebox
0eab:08f4*     _updatecachebox
0eab:08f8*     _drawcachebox
Module: kitten.o(/dos/z/16/src/lib/nyan/kitten.c)
0000:5acc      KITTENGETS
0000:5b2c*     kittenopen_
0000:5d7a+     catread_
0000:5e2e*     kittenclose_
0000:5e4a+     mystrtoul_
0000:5efe+     processEscChars_
0000:6084+     get_line_
0000:60f6+     db_fetch_
0000:618c+     db_insert_
0eab:0494+     __kitten_catalog
Module: 16_hc.o(/dos/z/16/src/lib/16_hc.c)
0000:644c+     LargestFreeBlock_
0000:64da+     _coreleft_
0000:6556+     LargestFarFreeBlock_
0000:660c+     _farcoreleft_
0000:66ba+     LargestHugeFreeBlock_
0000:67aa*     _hugecoreleft_
0000:687a+     GetFreeSize_
0000:68d4+     GetFarFreeSize_
0000:691e+     GetNearFreeSize_
0000:696c*     heapdump_
0000:760e+     heapstat_
0000:774c+     heapstat0_
0000:77ae+     HC_OpenDebug_
0000:77fe*     HC_CloseDebug_
Module: timer.o(/dos/z/16/src/lib/timer.c)
0000:7830*     start_timer_
0000:795c*     elapsed_timer_
0000:79ae*     ticktock_
0000:7a1a*     time_in_seconds_
Module: /dos/fdos/watcom2/lib286/dos/clibh.lib(stk086.asm)
0000:7a75      __STK
0000:7a95      __STKOVERFLOW_
Module: /dos/fdos/watcom2/lib286/dos/clibh.lib(printf.c)
0000:7ab2      printf_
Module: /dos/fdos/watcom2/lib286/dos/clibh.lib(cstart)
0eab:0000*     __nullarea
0eab:04b6*     __ovlflag
0eab:04b7*     __intno
0eab:04b8*     __ovlvec
0000:7ae2      _cstart_
0000:7bb5*     _Not_Enough_Memory_
0000:7ce7      __exit_
0000:7d06      __do_exit_with_msg__
0000:7d63      __GETDS
Module: /dos/fdos/watcom2/lib286/dos/clibh.lib(cmodel.asm)
0000:7d6e      _big_code_
0000:7d6e*     CodeModelMismatch
Module: /dos/fdos/watcom2/lib286/dos/clibh.lib(argcv.c)
0eab:0904      __argv
0eab:0908      ___argv
0eab:090c      __argc
0eab:090e      ___argc
Module: /dos/fdos/watcom2/lib286/dos/clibh.lib(pia.asm)
0000:7d75      __PIA
0000:7d6e*     __PIS
Module: /dos/fdos/watcom2/lib286/dos/clibh.lib(intx086.c)
0000:7d8c+     int86x_
0000:7f0f      int86_
Module: /dos/fdos/watcom2/lib286/dos/clibh.lib(i4m.asm)
0000:7f3c      __I4M
0000:7f3c      __U4M
Module: /dos/fdos/watcom2/lib286/dos/clibh.lib(d_getvec.c)
0000:7f54      _dos_getvect_
Module: /dos/fdos/watcom2/lib286/dos/clibh.lib(d_setvec.c)
0000:7f5f      _dos_setvect_
Module: /dos/fdos/watcom2/lib286/dos/clibh.lib(i4d.asm)
0000:7f6c      __I4D
0000:7fbb      __U4D
Module: /dos/fdos/watcom2/lib286/dos/clibh.lib(heapgrow.c)
0000:803f*     _heapgrow_
0000:803f      _fheapgrow_
0000:8040      _nheapgrow_
Module: /dos/fdos/watcom2/lib286/dos/clibh.lib(memavl.c)
0000:80b8      _memavl_
Module: /dos/fdos/watcom2/lib286/dos/clibh.lib(nmalloc.c)
0000:80fd      _nmalloc_
0eab:04bc      ___nheapbeg
0eab:04be      ___MiniHeapRover
0eab:04c0      ___LargestSizeB4MiniHeapRover
Module: /dos/fdos/watcom2/lib286/dos/clibh.lib(fmalloc.c)
0000:81d7      _fmalloc_
0000:81d7      malloc_
0eab:04c2      ___fheap
0eab:04c4      ___fheapRover
0eab:04c6      ___LargestSizeB4Rover
Module: /dos/fdos/watcom2/lib286/dos/clibh.lib(ffree.c)
0000:834c      _ffree_
0000:834c      free_
Module: /dos/fdos/watcom2/lib286/dos/clibh.lib(nfree.c)
0000:83b9      _nfree_
0eab:0910+     ___MiniHeapFreeRover
Module: /dos/fdos/watcom2/lib286/dos/clibh.lib(exit.c)
0000:84b4+     _null_exit_rtn_
0000:84b4+     __null_int23_exit_
0000:84b5      exit_
0000:84d6+     _exit_
0eab:04c8+     ___int23_exit
0eab:04cc      ___FPE_handler_exit
Module: /dos/fdos/watcom2/lib286/dos/clibh.lib(ptc.asm)
0000:84f2      __PTC
Module: /dos/fdos/watcom2/lib286/dos/clibh.lib(ltoa.c)
0000:8525      ultoa_
0000:85e3*     ltoa_
Module: /dos/fdos/watcom2/lib286/dos/clibh.lib(write.c)
0000:8769      write_
Module: /dos/fdos/watcom2/lib286/dos/clibh.lib(fopen.c)
0000:8995+     __open_flags_
0000:8c56+     _fsopen_
0000:8cbd      fopen_
0000:8de0*     freopen_
Module: /dos/fdos/watcom2/lib286/dos/clibh.lib(fprintf.c)
0000:8e6a      fprintf_
Module: /dos/fdos/watcom2/lib286/dos/clibh.lib(fclose.c)
0000:8e99      __doclose_
0000:8fe3      __shutdown_stream_
0000:8ffd      fclose_
0eab:0912+     ___RmTmpFileFn
Module: /dos/fdos/watcom2/lib286/dos/clibh.lib(clockdos.c)
0000:9068+     __ibm_bios_get_ticks_
0000:90df      clock_
Module: /dos/fdos/watcom2/lib286/dos/clibh.lib(kbhit.c)
0000:9106      kbhit_
Module: /dos/fdos/watcom2/lib286/dos/clibh.lib(ftell.c)
0000:911d      ftell_
Module: /dos/fdos/watcom2/lib286/dos/clibh.lib(fseek.c)
0000:9303      fseek_
Module: /dos/fdos/watcom2/lib286/dos/clibh.lib(istable.c)
0eab:0098      __IsTable
Module: /dos/fdos/watcom2/lib286/dos/clibh.lib(tolower.c)
0000:94fb      tolower_
Module: /dos/fdos/watcom2/lib286/dos/clibh.lib(unlnk.c)
0000:9509      unlink_
Module: /dos/fdos/watcom2/lib286/dos/clibh.lib(open.c)
0000:9739      open_
0000:9770      sopen_
Module: /dos/fdos/watcom2/lib286/dos/clibh.lib(close.c)
0000:979d      close_
Module: /dos/fdos/watcom2/lib286/dos/clibh.lib(filelen.c)
0000:97a2      filelength_
Module: /dos/fdos/watcom2/lib286/dos/clibh.lib(sprintf.c)
0000:9800      sprintf_
Module: /dos/fdos/watcom2/lib286/dos/clibh.lib(getenv.c)
0000:982f      getenv_
Module: /dos/fdos/watcom2/lib286/dos/clibh.lib(pts.asm)
0000:991a      __PTS
Module: /dos/fdos/watcom2/lib286/dos/clibh.lib(read.c)
0000:994b      read_
Module: /dos/fdos/watcom2/lib286/dos/clibh.lib(strdup.c)
0000:9a84*     __clib_strdup_
0000:9a84      strdup_
Module: /dos/fdos/watcom2/lib286/dos/clibh.lib(haloc.c)
0000:9aeb      halloc_
0000:9bd0      hfree_
Module: /dos/fdos/watcom2/lib286/dos/clibh.lib(fheapwal.c)
0000:9bd7      _heapwalk_
0000:9bd7      _fheapwalk_
Module: /dos/fdos/watcom2/lib286/dos/clibh.lib(nheapwal.c)
0000:9bec+     __NHeapWalk_
0000:9ce5      _nheapwalk_
Module: /dos/fdos/watcom2/lib286/dos/clibh.lib(stack086.c)
0000:9cf5      stackavail_
Module: /dos/fdos/watcom2/lib286/dos/clibh.lib(_8087086.asm)
0eab:04d8      __8087
0eab:04d9      __real87
0eab:04da      __dos87emucall
0eab:04dc      __dos87real
Module: /dos/fdos/watcom2/lib286/dos/clibh.lib(xmsg.c)
0000:9d04*     __exit_with_msg_
0000:9d09      __fatal_runtime_error_
Module: /dos/fdos/watcom2/lib286/dos/clibh.lib(crwdata)
0eab:04de      __curbrk
0eab:04e6      __STACKLOW
0eab:04e8      __STACKTOP
0eab:04ea      __cbyte
0eab:04ec      __child
0eab:04ee      __no87
0eab:04fb      ___FPE_handler
0eab:04e0      __psp
0eab:04ef      __get_ovl_stack
0eab:04f3      __restore_ovl_stack
0eab:04f7      __close_ovl_file
0eab:04ff      __LpCmdLine
0eab:0503      __LpPgmName
0eab:04e2      __osmajor
0eab:04e3      __osminor
0eab:04e4      __osmode
0eab:04e5      __HShift
Module: /dos/fdos/watcom2/lib286/dos/clibh.lib(iob.c)
0eab:0508      ___iob
0eab:091a      ___ClosedStreams
0eab:091e      ___OpenStreams
Module: /dos/fdos/watcom2/lib286/dos/clibh.lib(fprtf.c)
0000:9d42      __fprtf_
Module: /dos/fdos/watcom2/lib286/dos/clibh.lib(cmain086.c)
0000:9e95      __CMain
Module: /dos/fdos/watcom2/lib286/dos/clibh.lib(initrtns.c)
0000:9efb      __InitRtns
0000:9efb*     __FInitRtns
0000:9f56      __FiniRtns
0000:9f56*     __FFiniRtns
Module: /dos/fdos/watcom2/lib286/dos/clibh.lib(uselfn.c)
0eab:0670      ___uselfn
Module: /dos/fdos/watcom2/lib286/dos/clibh.lib(dosseg)
0000:9fba      __DOSseg__
Module: /dos/fdos/watcom2/lib286/dos/clibh.lib(initargv.c)
0000:9fbb      __Init_Argv_
0000:a01e+     _getargv_
0000:a34e      __Fini_Argv_
Module: /dos/fdos/watcom2/lib286/dos/clibh.lib(intr.c)
0000:a378      intr_
Module: /dos/fdos/watcom2/lib286/dos/clibh.lib(segread.c)
0000:a38c      segread_
Module: /dos/fdos/watcom2/lib286/dos/clibh.lib(grownear.c)
0000:a477      __LastFree_
0000:a4f1      __ExpandDGROUP_
Module: /dos/fdos/watcom2/lib286/dos/clibh.lib(nmemneed.c)
0000:a602      __nmemneed_
Module: /dos/fdos/watcom2/lib286/dos/clibh.lib(mem.c)
0000:a610      __MemAllocator
0000:a6da      __MemFree
Module: /dos/fdos/watcom2/lib286/dos/clibh.lib(growseg.c)
0000:a837      __GrowSeg_
Module: /dos/fdos/watcom2/lib286/dos/clibh.lib(allocseg.c)
0000:a9ad      __AllocSeg_
Module: /dos/fdos/watcom2/lib286/dos/clibh.lib(fmemneed.c)
0000:aa9c      __fmemneed_
Module: /dos/fdos/watcom2/lib286/dos/clibh.lib(alphabet.c)
0eab:0022      ___Alphabet
Module: /dos/fdos/watcom2/lib286/dos/clibh.lib(__lseek.c)
0000:aa9f      __lseek_
Module: /dos/fdos/watcom2/lib286/dos/clibh.lib(dosret.c)
0000:aad9*     __dosretax
0000:aade*     __dosret0
0000:aae5      __set_errno_dos_
0000:ab4d*     __set_errno_dos_reterr_
Module: /dos/fdos/watcom2/lib286/dos/clibh.lib(errno.c)
0000:ab58*     __get_errno_ptr_
0eab:0926      _errno
Module: /dos/fdos/watcom2/lib286/dos/clibh.lib(iomode.c)
0000:ab5f      __GetIOMode_
0000:ab94      __SetIOMode_nogrow_
0eab:0686      ___NFiles
0eab:0688      ___init_mode
0eab:06b0      ___io_mode
Module: /dos/fdos/watcom2/lib286/dos/clibh.lib(comtflag.c)
0000:abc9*     __set_commode_
0eab:06b4      __commode
Module: /dos/fdos/watcom2/lib286/dos/clibh.lib(textmode.c)
0eab:06b6      __fmode
Module: /dos/fdos/watcom2/lib286/dos/clibh.lib(chktty.c)
0000:abd5      __chktty_
Module: /dos/fdos/watcom2/lib286/dos/clibh.lib(freefp.c)
0000:ac34      __freefp_
0000:acd5      __purgefp_
Module: /dos/fdos/watcom2/lib286/dos/clibh.lib(allocfp.c)
0000:ad16      __allocfp_
Module: /dos/fdos/watcom2/lib286/dos/clibh.lib(_clse.c)
0000:aec6      __close_
Module: /dos/fdos/watcom2/lib286/dos/clibh.lib(flush.c)
0000:aefc      __flush_
Module: /dos/fdos/watcom2/lib286/dos/clibh.lib(fflush.c)
0000:b145      fflush_
Module: /dos/fdos/watcom2/lib286/dos/clibh.lib(tell.c)
0000:b15a      tell_
Module: /dos/fdos/watcom2/lib286/dos/clibh.lib(lseek.c)
0000:b16b      lseek_
Module: /dos/fdos/watcom2/lib286/dos/clibh.lib(error086.asm)
0000:b19c      __doserror_
0000:b1aa      __doserror1_
Module: /dos/fdos/watcom2/lib286/dos/clibh.lib(opendos.c)
0000:b1b6      _dos_open_
Module: /dos/fdos/watcom2/lib286/dos/clibh.lib(isatt.c)
0000:b1dc      isatty_
Module: /dos/fdos/watcom2/lib286/dos/clibh.lib(doserrno.c)
0000:b1f8*     __get_doserrno_ptr_
0eab:0928      __doserrno
Module: /dos/fdos/watcom2/lib286/dos/clibh.lib(umaskval.c)
0eab:06b8      ___umaskval
Module: /dos/fdos/watcom2/lib286/dos/clibh.lib(creatdos.c)
0000:b1ff      _dos_creat_
0000:b223*     _dos_creatnew_
Module: /dos/fdos/watcom2/lib286/dos/clibh.lib(stiomode.c)
0000:b244+     __grow_iomode_
0000:b32b+     __shrink_iomode_
0000:b36c      __SetIOMode_
Module: /dos/fdos/watcom2/lib286/dos/clibh.lib(vsprintf.c)
0000:b42c      vsprintf_
Module: /dos/fdos/watcom2/lib286/dos/clibh.lib(environ.c)
0eab:092c      ___env_mask
0eab:0930      _environ
0eab:0934*     __wenviron
Module: /dos/fdos/watcom2/lib286/dos/clibh.lib(mbterm.c)
0000:b46e      _mbterm_
Module: /dos/fdos/watcom2/lib286/dos/clibh.lib(mbsnextc.c)
0000:b4c1      _mbsnextc_
Module: /dos/fdos/watcom2/lib286/dos/clibh.lib(mbcupper.c)
0000:b51c      _mbctoupper_
Module: /dos/fdos/watcom2/lib286/dos/clibh.lib(mbsinc.c)
0000:b53f      _mbsinc_
Module: /dos/fdos/watcom2/lib286/dos/clibh.lib(iomodtty.c)
0000:b591      __ChkTTYIOMode_
0000:b5ff*     __IOMode_
Module: /dos/fdos/watcom2/lib286/dos/clibh.lib(heapwalk.c)
0000:b6d1      __HeapWalk_
Module: /dos/fdos/watcom2/lib286/dos/clibh.lib(chk8087.c)
0000:b911*     _fpreset_
0000:b93c      __init_8087_
0000:b96f+     __default_sigfpe_handler_
0000:b9c4      __chk8087_
Module: /dos/fdos/watcom2/lib286/dos/clibh.lib(enterdb.c)
0000:ba34      __EnterWVIDEO_
0eab:06d8+     ___WD_Present
Module: /dos/fdos/watcom2/lib286/dos/clibh.lib(initfile.c)
0000:ba58      __InitFiles_
Module: /dos/fdos/watcom2/lib286/dos/clibh.lib(ioexit.c)
0000:bc8c*     fcloseall_
0000:bc93      __full_io_exit_
Module: /dos/fdos/watcom2/lib286/dos/clibh.lib(fputc.c)
0000:bc9d      fputc_
Module: /dos/fdos/watcom2/lib286/dos/clibh.lib(ioalloc.c)
0000:be72      __ioalloc_
Module: /dos/fdos/watcom2/lib286/dos/clibh.lib(prtf.c)
0000:c000      __prtf_
Module: /dos/fdos/watcom2/lib286/dos/clibh.lib(___argc.c)
0eab:0938      ____Argv
0eab:093c      ____Argc
Module: /dos/fdos/watcom2/lib286/dos/clibh.lib(amblksiz.c)
0eab:06da      __amblksiz
Module: /dos/fdos/watcom2/lib286/dos/clibh.lib(sgdef086)
0eab:070c      __Start_XI
0eab:0742      __End_XI
0eab:0742      __Start_YI
0eab:075a      __End_YI
Module: /dos/fdos/watcom2/lib286/dos/clibh.lib(histsplt.c)
0eab:093e      ___historical_splitparms
Module: /dos/fdos/watcom2/lib286/dos/clibh.lib(dointr)
0000:d162      _DoINTR_
Module: /dos/fdos/watcom2/lib286/dos/clibh.lib(heapen.c)
0000:d4db*     _heapenable_
0eab:06dc      ___heap_enabled
Module: /dos/fdos/watcom2/lib286/dos/clibh.lib(sbrk.c)
0000:d4ec*     sbrk_
0000:d4fc      __brk_
Module: /dos/fdos/watcom2/lib286/dos/clibh.lib(qwrit.c)
0000:d564      __qwrite_
Module: /dos/fdos/watcom2/lib286/dos/clibh.lib(fsync.c)
0000:d5c4      fsync_
Module: /dos/fdos/watcom2/lib286/dos/clibh.lib(flushall.c)
0000:d5c9+     __flushall_
0000:d65d      flushall_
Module: /dos/fdos/watcom2/lib286/dos/clibh.lib(frealloc.c)
0000:d663*     _frealloc_
0000:d663      realloc_
Module: /dos/fdos/watcom2/lib286/dos/clibh.lib(setenvp.c)
0000:d75d      __setenvp_
0000:d8e9      __freeenvp_
Module: /dos/fdos/watcom2/lib286/dos/clibh.lib(mbisdbcs.c)
0eab:06de      ___IsDBCS
Module: /dos/fdos/watcom2/lib286/dos/clibh.lib(mbislead.c)
0000:d947*     _ismbblead_
0eab:0944      ___MBCSIsTable
Module: /dos/fdos/watcom2/lib286/dos/clibh.lib(mbinit.c)
0000:d9a1      __mbinit_
0eab:06e0      ___MBCodePage
Module: /dos/fdos/watcom2/lib286/dos/clibh.lib(mbdtoupp.c)
0000:da7c      _mbdtoupper_
Module: /dos/fdos/watcom2/lib286/dos/clibh.lib(toupper.c)
0000:da8a      toupper_
Module: /dos/fdos/watcom2/lib286/dos/clibh.lib(8087cw.c)
0eab:06e2      __8087cw
Module: /dos/fdos/watcom2/lib286/dos/clibh.lib(save8087.c)
0eab:06e4      ___Save8087
0eab:06e8      ___Rest8087
Module: /dos/fdos/watcom2/lib286/dos/clibh.lib(grabfp87.c)
0000:da99      __GrabFP87_
Module: /dos/fdos/watcom2/lib286/dos/clibh.lib(ini87086.asm)
0000:dacc*     __init_8087_emu
0000:dad2      __x87id
Module: /dos/fdos/watcom2/lib286/dos/clibh.lib(wctomb.c)
0000:db2f      wctomb_
Module: /dos/fdos/watcom2/lib286/dos/clibh.lib(itoa.c)
0000:db7a+     utoa_
0000:dc1b      itoa_
Module: /dos/fdos/watcom2/lib286/dos/clibh.lib(strupr.c)
0000:dc65      strupr_
Module: /dos/fdos/watcom2/lib286/dos/clibh.lib(noefgfmt.c)
0eab:06ec      ___EFG_printf
0eab:06f0*     ___EFG_scanf
Module: /dos/fdos/watcom2/lib286/dos/clibh.lib(lltoa.c)
0000:dcad      ulltoa_
0000:ddea*     lltoa_
Module: /dos/fdos/watcom2/lib286/dos/clibh.lib(filedos.c)
0000:de5b*     _dos_close_
0000:de69      _dos_commit_
Module: /dos/fdos/watcom2/lib286/dos/clibh.lib(fmsize.c)
0000:de78*     _msize_
0000:de93      _fmsize_
Module: /dos/fdos/watcom2/lib286/dos/clibh.lib(nexpand.c)
0000:dea4      __HeapManager_expand_
0000:e3ad      _nexpand_
Module: /dos/fdos/watcom2/lib286/dos/clibh.lib(fexpand.c)
0000:e400      _fexpand_
0000:e400*     _expand_
Module: /dos/fdos/watcom2/lib286/dos/clibh.lib(clearenv.c)
0000:e435      clearenv_
Module: /dos/fdos/watcom2/lib286/dos/clibh.lib(fpe87.asm)
0000:e56a      __Init_FPE_handler_
0000:e5a3      __Fini_FPE_handler_
0000:e5da*     __FPEHandler
Module: /dos/fdos/watcom2/lib286/dos/clibh.lib(bfree.c)
0000:e86c      _bfree_
Module: /dos/fdos/watcom2/lib286/dos/clibh.lib(bexpand.c)
0000:e891      _bexpand_
Module: /dos/fdos/watcom2/lib286/dos/clibh.lib(fpeint.c)
0eab:070a      ___FPE_int


                        +--------------------+
                        |   Libraries Used   |
                        +--------------------+

/dos/fdos/watcom2/lib286/dos/clibh.lib


                        +-----------------------+
                        |   Linker Statistics   |
                        +-----------------------+

Stack size:  dac0 (56000.)
Memory size:  0001d1c0 (119232.)
Entry point address: 0000:7ae2
Link time: 00:00.25
