Open Watcom Linker Version 2.0 beta Jan 20 2016 10:21:07 (32-bit)
Copyright (c) 2002-2016 The Open Watcom Contributors. All Rights Reserved.
Portions Copyright (c) 1985-2002 Sybase, Inc. All Rights Reserved.
Created on:       16/04/17 17:29:16
Executable Image: maptest.exe
creating a DOS executable


                        +------------+
                        |   Groups   |
                        +------------+

Group                           Address              Size
=====                           =======              ====

DGROUP                          183e:0000            0000a0f0



                        +--------------+
                        |   Segments   |
                        +--------------+

Segment                Class          Group          Address         Size
=======                =====          =====          =======         ====

maptest_TEXT           CODE           AUTO           0000:0000       000001a5
mapread_TEXT           CODE           AUTO           0000:01b0       000008b6
jsmn_TEXT              CODE           AUTO           0000:0a70       00000991
16_in_TEXT             CODE           AUTO           0000:1410       000024e0
16_mm_TEXT             CODE           AUTO           0000:38f0       000032fe
wcpu_TEXT              CODE           AUTO           0000:6bf0       00000058
16_head_TEXT           CODE           AUTO           0000:6c50       0000044c
16_ca_TEXT             CODE           AUTO           0000:70a0       000003fd
kitten_TEXT            CODE           AUTO           0000:74a0       0000080a
16_hc_TEXT             CODE           AUTO           0000:7cb0       0000158b
16_timer_TEXT          CODE           AUTO           0000:9240       00000402
_TEXT                  CODE           AUTO           0965:0000       00009d9e
bitmap_TEXT            CODE           AUTO           0965:9da0       000005bd
planar_TEXT            CODE           AUTO           0965:a360       000002fb
modex16_TEXT           CODE           AUTO           0965:a660       00001d25
vga_TEXT               CODE           AUTO           0965:c390       00000afc
vgamodex_TEXT          CODE           AUTO           0965:ce90       00000076
vgacrtcr_TEXT          CODE           AUTO           0965:cf10       00000817
vgacrtcs_TEXT          CODE           AUTO           0965:d730       000006ec
16text_TEXT            CODE           AUTO           0965:de20       0000010d
16render_TEXT          CODE           AUTO           0965:df30       00000ca3
16_in13_DATA           FAR_DATA       AUTO           1823:0000       000001a4
FAR_DATA               FAR_DATA       AUTO           183d:0004       00000000
_NULL                  BEGDATA        DGROUP         183e:0000       00000020
_AFTERNULL             BEGDATA        DGROUP         1840:0000       00000002
CONST                  DATA           DGROUP         1840:0002       00000076
CONST2                 DATA           DGROUP         1847:0008       00000132
_DATA                  DATA           DGROUP         185b:0000       0000068f
XIB                    DATA           DGROUP         18c4:0000       00000000
XI                     DATA           DGROUP         18c4:0000       0000003c
XIE                    DATA           DGROUP         18c7:000c       00000000
YIB                    DATA           DGROUP         18c7:000c       00000000
YI                     DATA           DGROUP         18c7:000c       00000018
YIE                    DATA           DGROUP         18c9:0004       00000000
STRINGS                DATA           DGROUP         18c9:0004       00000000
DATA                   DATA           DGROUP         18c9:0004       00000000
_emu_init_start        EMU            DGROUP         18c9:0004       00000000
_emu_init_end          EMU            DGROUP         18c9:0004       00000000
_BSS                   BSS            DGROUP         18ca:0000       00001828
STACK                  STACK          DGROUP         1a4d:0000       00008000


                        +----------------+
                        |   Memory Map   |
                        +----------------+

* = unreferenced symbol
+ = symbol only referenced locally

Address        Symbol
=======        ======

Module: maptest.o(/dos/z/16/src/maptest.c)
0000:0092      main_
Module: mapread.o(/dos/z/16/src/lib/mapread.c)
0000:024c+     jsoneq_
0000:02f0+     dump_
0000:0830      loadmap_
Module: jsmn.o(/dos/z/16/src/lib/jsmn/jsmn.c)
0000:0e42      jsmn_parse_
0000:13b6      jsmn_init_
Module: 16_in.o(/dos/z/16/src/lib/16_in.c)
183e:01f4+     _testkeyin
183e:01f6+     _testcontrolnoisy
183e:01f8+     _testctrltype
0000:159a+     INL_KeyService_
0000:1836+     Mouse_
0000:188e+     IN_GetJoyAbs_
0000:1c38+     IN_GetJoyButtonsDB_
0000:1ebe+     IN_SetupJoy_
0000:2080*     IN_Startup_
0000:2186*     IN_Default_
0000:22a2*     IN_Shutdown_
0000:2322*     IN_SetKeyHook_
0000:2344+     IN_ClearKeysDown_
0000:2424*     IN_ReadCursor_
0000:253c*     IN_ReadControl_
0000:3314*     IN_SetControlType_
0000:3362*     IN_GetScanName_
0000:33ea*     IN_WaitForKey_
0000:3420*     IN_WaitForASCII_
0000:3456+     IN_AckBack_
0000:353e*     IN_Ack_
0000:35e0+     IN_IsUserInput_
0000:3686*     IN_UserInput_
0000:36ca*     IN_KeyDown_
0000:3712+     IN_ClearKey_
0000:378a*     IN_qb_
0000:37e4*     IN_initplayer_
183e:0a5e+     _inpu
Module: 16_mm.o(/dos/z/16/src/lib/16_mm.c)
0000:42d4+     MML_CheckForEMS_
0000:4330+     MML_SetupEMS_
0000:44e8+     MML_ShutdownEMS_
0000:4554+     MM_MapEMS_
0000:4650*     MM_MapXEMS_
0000:4770+     MML_CheckForXMS_
0000:47cc*     MML_SetupXMS_
0000:48b4+     MML_ShutdownXMS_
0000:4942+     MML_UseSpace_
0000:4b20+     MML_ClearBlock_
0000:4ba4*     MM_Startup_
0000:4fd6+     MM_Shutdown_
0000:506c      MM_GetPtr_
0000:545c+     MM_FreePtr_
0000:5554*     MM_SetPurge_
0000:562e*     MM_SetLock_
0000:5706+     MM_SortMem_
0000:58f4*     MM_ShowMemory_
0000:5f94*     MM_DumpData_
0000:60ee+     MM_UnusedMemory_
0000:6172+     MM_TotalFree_
0000:6208*     MM_Report_
0000:6bc0*     MM_BombOnError_
183e:0c30+     _beforesort
183e:0c34+     _aftersort
183e:0c38+     _XMSaddr
Module: wcpu.o(/dos/z/16/src/lib/wcpu/wcpu.c)
0000:6bf0      detectcpu_
Module: 16_head.o(/dos/z/16/src/lib/16_head.c)
0000:6c5e*     wait_
0000:6caa*     filesize_
0000:6d10      printmeminfoline_
0000:6efc      US_CheckParm_
0000:7060      dirchar_
Module: 16_ca.o(/dos/z/16/src/lib/16_ca.c)
0000:70ce      CA_OpenDebug_
0000:711e      CA_CloseDebug_
0000:714c+     CA_FarRead_
0000:71cc*     CA_FarWrite_
0000:724c*     CA_ReadFile_
0000:72c8*     CA_LoadFile_
0000:7370*     CAL_OptimizeNodes_
0000:7420*     CA_Startup_
0000:7470*     CA_Shutdown_
183e:0d40*     _finishcachebox
183e:0d44*     _drawcachebox
183e:0d48*     _updatecachebox
Module: kitten.o(/dos/z/16/src/lib/nyan/kitten.c)
0000:74dc      KITTENGETS
0000:753c*     kittenopen_
0000:778a+     catread_
0000:783e*     kittenclose_
0000:785a+     mystrtoul_
0000:790e+     processEscChars_
0000:7a94+     get_line_
0000:7b06+     db_fetch_
0000:7b9c+     db_insert_
183e:04e4+     __kitten_catalog
Module: 16_hc.o(/dos/z/16/src/lib/16_hc.c)
0000:7e5c+     LargestFreeBlock_
0000:7eea+     _coreleft_
0000:7f66+     LargestFarFreeBlock_
0000:801c+     _farcoreleft_
0000:80ca+     LargestHugeFreeBlock_
0000:81ba*     _hugecoreleft_
0000:828a+     GetFreeSize_
0000:82e4+     GetFarFreeSize_
0000:832e+     GetNearFreeSize_
0000:837c*     heapdump_
0000:901e+     heapstat_
0000:915c+     heapstat0_
0000:91be+     HC_OpenDebug_
0000:920e*     HC_CloseDebug_
Module: 16_timer.o(/dos/z/16/src/lib/16_timer.c)
0000:924c*     start_timer_
0000:9378*     elapsed_timer_
0000:93ca+     ticktock_
0000:9436*     time_in_seconds_
0000:9482*     shinkutxt_
0000:961a+     WaitPee_
Module: /dos/fdos/watcom2/lib286/dos/clibh.lib(stk086.asm)
0965:0005      __STK
0965:0025      __STKOVERFLOW_
Module: /dos/fdos/watcom2/lib286/dos/clibh.lib(iob.c)
183e:0506      ___iob
183e:0e54      ___OpenStreams
183e:0e58      ___ClosedStreams
Module: /dos/fdos/watcom2/lib286/dos/clibh.lib(fprintf.c)
0965:0042      fprintf_
Module: /dos/fdos/watcom2/lib286/dos/clibh.lib(cstart)
183e:0000*     __nullarea
183e:066e*     __ovlflag
183e:066f*     __intno
183e:0670*     __ovlvec
0965:0072      _cstart_
0965:0145*     _Not_Enough_Memory_
0965:0277      __exit_
0965:0294      __do_exit_with_msg__
0965:02ed      __GETDS
Module: /dos/fdos/watcom2/lib286/dos/clibh.lib(cmodel.asm)
0965:02f8      _big_code_
0965:02f8*     CodeModelMismatch
Module: /dos/fdos/watcom2/lib286/dos/clibh.lib(argcv.c)
183e:0e5c      __argv
183e:0e60      ___argv
183e:0e64      __argc
183e:0e66      ___argc
Module: /dos/fdos/watcom2/lib286/dos/clibh.lib(pia.asm)
0965:02ff      __PIA
0965:02f8*     __PIS
Module: /dos/fdos/watcom2/lib286/dos/clibh.lib(strncmp.c)
0965:0316      strncmp_
Module: /dos/fdos/watcom2/lib286/dos/clibh.lib(fmalloc.c)
0965:0353      _fmalloc_
0965:0353      malloc_
183e:0674      ___fheap
183e:0676      ___fheapRover
183e:0678      ___LargestSizeB4Rover
Module: gfx.lib(/dos/z/16/src/lib/bitmap.c)
0965:a0a6      bitmapLoadPcx_
0965:a20a*     bitmapLoadPcxTiles_
Module: gfx.lib(/dos/z/16/src/lib/planar.c)
0965:a360      planar_buf_from_bitmap_
0965:a506+     planar_buf_alloc_
0965:a600*     planar_buf_free_
Module: /dos/fdos/watcom2/lib286/dos/clibh.lib(strstr.c)
0965:04c8      strstr_
Module: /dos/fdos/watcom2/lib286/dos/clibh.lib(atoi.c)
0965:05ca      atoi_
Module: /dos/fdos/watcom2/lib286/dos/clibh.lib(fopen.c)
0965:0672+     __open_flags_
0965:0933+     _fsopen_
0965:0999      fopen_
0965:0abc*     freopen_
Module: /dos/fdos/watcom2/lib286/dos/clibh.lib(fread.c)
0965:0b44      fread_
Module: /dos/fdos/watcom2/lib286/dos/clibh.lib(errno.c)
0965:0ebb      __get_errno_ptr_
183e:0f68      _errno
Module: /dos/fdos/watcom2/lib286/dos/clibh.lib(frealloc.c)
0965:0ec2*     _frealloc_
0965:0ec2      realloc_
Module: /dos/fdos/watcom2/lib286/dos/clibh.lib(ptc.asm)
0965:0f9e      __PTC
Module: /dos/fdos/watcom2/lib286/dos/clibh.lib(strncpy.c)
0965:0fd1      strncpy_
Module: /dos/fdos/watcom2/lib286/dos/clibh.lib(printf.c)
0965:100d      printf_
Module: /dos/fdos/watcom2/lib286/dos/clibh.lib(intx086.c)
0965:103c+     int86x_
0965:11bf      int86_
Module: /dos/fdos/watcom2/lib286/dos/clibh.lib(i4m.asm)
0965:11ec      __I4M
0965:11ec      __U4M
Module: /dos/fdos/watcom2/lib286/dos/clibh.lib(d_getvec.c)
0965:1204      _dos_getvect_
Module: /dos/fdos/watcom2/lib286/dos/clibh.lib(d_setvec.c)
0965:120f      _dos_setvect_
Module: /dos/fdos/watcom2/lib286/dos/clibh.lib(i4d.asm)
0965:121c      __I4D
0965:126b      __U4D
Module: /dos/fdos/watcom2/lib286/dos/clibh.lib(heapgrow.c)
0965:12ef*     _heapgrow_
0965:12ef      _fheapgrow_
0965:12f0      _nheapgrow_
Module: /dos/fdos/watcom2/lib286/dos/clibh.lib(memavl.c)
0965:1368      _memavl_
Module: /dos/fdos/watcom2/lib286/dos/clibh.lib(nmalloc.c)
0965:13ad      _nmalloc_
183e:0694      ___nheapbeg
183e:0696      ___MiniHeapRover
183e:0698      ___LargestSizeB4MiniHeapRover
Module: /dos/fdos/watcom2/lib286/dos/clibh.lib(ffree.c)
0965:1487      _ffree_
0965:1487      free_
Module: /dos/fdos/watcom2/lib286/dos/clibh.lib(nfree.c)
0965:14f4      _nfree_
183e:0f6a+     ___MiniHeapFreeRover
Module: /dos/fdos/watcom2/lib286/dos/clibh.lib(exit.c)
0965:15ef+     __null_int23_exit_
0965:15f0      exit_
0965:1608*     _exit_
183e:069a+     ___int23_exit
183e:069e      ___FPE_handler_exit
Module: /dos/fdos/watcom2/lib286/dos/clibh.lib(ltoa.c)
0965:1623      ultoa_
0965:16e1*     ltoa_
Module: /dos/fdos/watcom2/lib286/dos/clibh.lib(write.c)
0965:1867      write_
Module: /dos/fdos/watcom2/lib286/dos/clibh.lib(fclose.c)
0965:1a93      __doclose_
0965:1bdd      __shutdown_stream_
0965:1bf7      fclose_
183e:0f6c+     ___RmTmpFileFn
Module: /dos/fdos/watcom2/lib286/dos/clibh.lib(clockdos.c)
0965:1cd8      clock_
Module: /dos/fdos/watcom2/lib286/dos/clibh.lib(kbhit.c)
0965:1cff      kbhit_
Module: /dos/fdos/watcom2/lib286/dos/clibh.lib(ftell.c)
0965:1d16      ftell_
Module: /dos/fdos/watcom2/lib286/dos/clibh.lib(fseek.c)
0965:1efc      fseek_
Module: /dos/fdos/watcom2/lib286/dos/clibh.lib(istable.c)
183e:0098      __IsTable
Module: /dos/fdos/watcom2/lib286/dos/clibh.lib(tolower.c)
0965:20f4      tolower_
Module: /dos/fdos/watcom2/lib286/dos/clibh.lib(unlnk.c)
0965:2102      unlink_
Module: /dos/fdos/watcom2/lib286/dos/clibh.lib(open.c)
0965:2332      open_
0965:2369      sopen_
Module: /dos/fdos/watcom2/lib286/dos/clibh.lib(close.c)
0965:2396      close_
Module: /dos/fdos/watcom2/lib286/dos/clibh.lib(filelen.c)
0965:239b      filelength_
Module: /dos/fdos/watcom2/lib286/dos/clibh.lib(sprintf.c)
0965:23f9      sprintf_
Module: /dos/fdos/watcom2/lib286/dos/clibh.lib(getenv.c)
0965:2428      getenv_
Module: /dos/fdos/watcom2/lib286/dos/clibh.lib(pts.asm)
0965:2514      __PTS
Module: /dos/fdos/watcom2/lib286/dos/clibh.lib(read.c)
0965:2545      read_
Module: /dos/fdos/watcom2/lib286/dos/clibh.lib(strdup.c)
0965:267e*     __clib_strdup_
0965:267e      strdup_
Module: /dos/fdos/watcom2/lib286/dos/clibh.lib(haloc.c)
0965:26e5      halloc_
0965:27ca      hfree_
Module: /dos/fdos/watcom2/lib286/dos/clibh.lib(fheapwal.c)
0965:27d1      _heapwalk_
0965:27d1      _fheapwalk_
Module: /dos/fdos/watcom2/lib286/dos/clibh.lib(nheapwal.c)
0965:27e6+     __NHeapWalk_
0965:28df      _nheapwalk_
Module: /dos/fdos/watcom2/lib286/dos/clibh.lib(stack086.c)
0965:28ef      stackavail_
Module: /dos/fdos/watcom2/lib286/dos/clibh.lib(fltused.c)
183e:06aa      _fltused_
Module: /dos/fdos/watcom2/lib286/dos/clibh.lib(_8087086.asm)
183e:06ac      __8087
183e:06ad      __real87
183e:06ae      __dos87emucall
183e:06b0      __dos87real
Module: /dos/fdos/watcom2/lib286/dos/clibh.lib(xmsg.c)
0965:28fe*     __exit_with_msg_
0965:2903      __fatal_runtime_error_
Module: /dos/fdos/watcom2/lib286/dos/clibh.lib(crwdata)
183e:06b2      __curbrk
183e:06ba      __STACKLOW
183e:06bc      __STACKTOP
183e:06be      __cbyte
183e:06c0      __child
183e:06c2      __no87
183e:06cf      ___FPE_handler
183e:06b4      __psp
183e:06c3      __get_ovl_stack
183e:06c7      __restore_ovl_stack
183e:06cb      __close_ovl_file
183e:06d3      __LpCmdLine
183e:06d7      __LpPgmName
183e:06b6      __osmajor
183e:06b7      __osminor
183e:06b8      __osmode
183e:06b9      __HShift
Module: /dos/fdos/watcom2/lib286/dos/clibh.lib(initfile.c)
0965:291e      __InitFiles_
Module: /dos/fdos/watcom2/lib286/dos/clibh.lib(ioexit.c)
0965:2b4f*     fcloseall_
0965:2b56      __full_io_exit_
Module: /dos/fdos/watcom2/lib286/dos/clibh.lib(fprtf.c)
0965:2b7c      __fprtf_
Module: /dos/fdos/watcom2/lib286/dos/clibh.lib(cmain086.c)
0965:2ccf      __CMain
Module: /dos/fdos/watcom2/lib286/dos/clibh.lib(initrtns.c)
0965:2d30      __InitRtns
0965:2d30*     __FInitRtns
0965:2d8b      __FiniRtns
0965:2d8b*     __FFiniRtns
Module: /dos/fdos/watcom2/lib286/dos/clibh.lib(uselfn.c)
183e:06dc      ___uselfn
Module: /dos/fdos/watcom2/lib286/dos/clibh.lib(dosseg)
0965:2df0      __DOSseg__
Module: /dos/fdos/watcom2/lib286/dos/clibh.lib(initargv.c)
0965:311f      __Init_Argv_
0965:3181      __Fini_Argv_
Module: /dos/fdos/watcom2/lib286/dos/clibh.lib(mem.c)
0965:31b0      __MemAllocator
0965:327a      __MemFree
Module: /dos/fdos/watcom2/lib286/dos/clibh.lib(growseg.c)
0965:33d7      __GrowSeg_
Module: /dos/fdos/watcom2/lib286/dos/clibh.lib(allocseg.c)
0965:354d      __AllocSeg_
Module: /dos/fdos/watcom2/lib286/dos/clibh.lib(fmemneed.c)
0965:363c      __fmemneed_
Module: /dos/fdos/watcom2/lib286/dos/clibh.lib(fgetc.c)
0965:363f      __fill_buffer_
0965:388e      fgetc_
Module: gfx.lib(/dos/z/16/src/lib/modex16.c)
0965:a7d0*     VGAmodeX_
0965:a83e*     vgaGetMode_
0965:a862+     modexEnter_
0965:aa66*     modexLeave_
0965:aa80*     modexDefaultPage_
0965:ab70*     modexNextPage_
0965:ac3c*     modexNextPageFlexibleSize_
0965:ad0a*     modexShowPage_
0965:ae06*     modexPanPage_
0965:ae56      modexSelectPlane_
0965:ae7a+     modexClearRegion_
0965:af92*     modexCopyPageRegion_
0965:b0fc*     modexFadeOn_
0965:b12c*     modexFadeOff_
0965:b15a*     modexFlashOn_
0965:b188*     modexFlashOff_
0965:b258+     modexPalSave_
0965:b2ae      modexNewPal_
0965:b2f2*     modexLoadPalFile_
0965:b3d2*     modexSavePalFile_
0965:b448*     modexPalBlack_
0965:b472*     modexPalWhite_
0965:b49c+     modexPalUpdate_
0965:ba0a+     modexPalUpdate1_
0965:ba82*     modexPalUpdate0_
0965:bace*     modexPalOverscan_
0965:baf0+     modexchkcolor_
0965:be08      modexputPixel_
0965:be96*     modexgetPixel_
0965:bf1c*     modexhlin_
0965:bf98*     modexprint_
0965:c134*     modexprintbig_
0965:c2b0*     modexpdump_
0965:c310*     modexcls_
183e:06e4+     _VGA
Module: /dos/fdos/watcom2/lib286/dos/clibh.lib(comtflag.c)
0965:39d5*     __set_commode_
183e:06f8      __commode
Module: /dos/fdos/watcom2/lib286/dos/clibh.lib(textmode.c)
183e:06fa      __fmode
Module: /dos/fdos/watcom2/lib286/dos/clibh.lib(chktty.c)
0965:39e1      __chktty_
Module: /dos/fdos/watcom2/lib286/dos/clibh.lib(freefp.c)
0965:3a40      __freefp_
0965:3ae1      __purgefp_
Module: /dos/fdos/watcom2/lib286/dos/clibh.lib(allocfp.c)
0965:3b22      __allocfp_
Module: /dos/fdos/watcom2/lib286/dos/clibh.lib(ioalloc.c)
0965:3cd2      __ioalloc_
Module: /dos/fdos/watcom2/lib286/dos/clibh.lib(qread.c)
0965:3e60      __qread_
Module: /dos/fdos/watcom2/lib286/dos/clibh.lib(fmsize.c)
0965:3e80*     _msize_
0965:3e9b      _fmsize_
Module: /dos/fdos/watcom2/lib286/dos/clibh.lib(nexpand.c)
0965:3eac      __HeapManager_expand_
0965:43b5      _nexpand_
Module: /dos/fdos/watcom2/lib286/dos/clibh.lib(fexpand.c)
0965:4408      _fexpand_
0965:4408*     _expand_
Module: /dos/fdos/watcom2/lib286/dos/clibh.lib(intr.c)
0965:443d      intr_
Module: /dos/fdos/watcom2/lib286/dos/clibh.lib(segread.c)
0965:4451      segread_
Module: /dos/fdos/watcom2/lib286/dos/clibh.lib(grownear.c)
0965:453c      __LastFree_
0965:45b6      __ExpandDGROUP_
Module: /dos/fdos/watcom2/lib286/dos/clibh.lib(nmemneed.c)
0965:46c7      __nmemneed_
Module: /dos/fdos/watcom2/lib286/dos/clibh.lib(alphabet.c)
183e:0050      ___Alphabet
Module: /dos/fdos/watcom2/lib286/dos/clibh.lib(__lseek.c)
0965:46ca      __lseek_
Module: /dos/fdos/watcom2/lib286/dos/clibh.lib(dosret.c)
0965:4704*     __dosretax
0965:4709*     __dosret0
0965:4710      __set_errno_dos_
0965:4778*     __set_errno_dos_reterr_
Module: /dos/fdos/watcom2/lib286/dos/clibh.lib(iomode.c)
0965:4783      __GetIOMode_
0965:47b8      __SetIOMode_nogrow_
183e:0710      ___NFiles
183e:0712      ___init_mode
183e:073a      ___io_mode
Module: /dos/fdos/watcom2/lib286/dos/clibh.lib(_clse.c)
0965:47ed      __close_
Module: /dos/fdos/watcom2/lib286/dos/clibh.lib(flush.c)
0965:4823      __flush_
Module: /dos/fdos/watcom2/lib286/dos/clibh.lib(fflush.c)
0965:4a6c      fflush_
Module: /dos/fdos/watcom2/lib286/dos/clibh.lib(tell.c)
0965:4a81      tell_
Module: /dos/fdos/watcom2/lib286/dos/clibh.lib(lseek.c)
0965:4a92      lseek_
Module: /dos/fdos/watcom2/lib286/dos/clibh.lib(error086.asm)
0965:4ac4      __doserror_
0965:4ad2      __doserror1_
Module: /dos/fdos/watcom2/lib286/dos/clibh.lib(opendos.c)
0965:4ade      _dos_open_
Module: /dos/fdos/watcom2/lib286/dos/clibh.lib(isatt.c)
0965:4b04      isatty_
Module: /dos/fdos/watcom2/lib286/dos/clibh.lib(doserrno.c)
0965:4b20*     __get_doserrno_ptr_
183e:18f8      __doserrno
Module: /dos/fdos/watcom2/lib286/dos/clibh.lib(umaskval.c)
183e:073e      ___umaskval
Module: /dos/fdos/watcom2/lib286/dos/clibh.lib(creatdos.c)
0965:4b27      _dos_creat_
0965:4b4b*     _dos_creatnew_
Module: /dos/fdos/watcom2/lib286/dos/clibh.lib(stiomode.c)
0965:4b6c+     __grow_iomode_
0965:4c53+     __shrink_iomode_
0965:4c94      __SetIOMode_
Module: /dos/fdos/watcom2/lib286/dos/clibh.lib(vsprintf.c)
0965:4d54      vsprintf_
Module: /dos/fdos/watcom2/lib286/dos/clibh.lib(environ.c)
183e:18fc      ___env_mask
183e:1900      _environ
183e:1904*     __wenviron
Module: /dos/fdos/watcom2/lib286/dos/clibh.lib(mbterm.c)
0965:4d96      _mbterm_
Module: /dos/fdos/watcom2/lib286/dos/clibh.lib(mbsnextc.c)
0965:4de9      _mbsnextc_
Module: /dos/fdos/watcom2/lib286/dos/clibh.lib(mbcupper.c)
0965:4e44      _mbctoupper_
Module: /dos/fdos/watcom2/lib286/dos/clibh.lib(mbsinc.c)
0965:4e67      _mbsinc_
Module: /dos/fdos/watcom2/lib286/dos/clibh.lib(iomodtty.c)
0965:4eb9      __ChkTTYIOMode_
0965:4f27*     __IOMode_
Module: /dos/fdos/watcom2/lib286/dos/clibh.lib(heapwalk.c)
0965:4ff9      __HeapWalk_
Module: /dos/fdos/watcom2/lib286/dos/clibh.lib(setefg.c)
0965:521f      __setEFGfmt_
Module: /dos/fdos/watcom2/lib286/dos/clibh.lib(chk8087.c)
0965:5257*     _fpreset_
0965:5282      __init_8087_
0965:5301      __chk8087_
Module: /dos/fdos/watcom2/lib286/dos/clibh.lib(enterdb.c)
0965:5371      __EnterWVIDEO_
183e:075e+     ___WD_Present
Module: /dos/fdos/watcom2/lib286/dos/clibh.lib(fputc.c)
0965:5395      fputc_
Module: /dos/fdos/watcom2/lib286/dos/clibh.lib(prtf.c)
0965:556a      __prtf_
Module: /dos/fdos/watcom2/lib286/dos/clibh.lib(___argc.c)
183e:1908      ____Argv
183e:190c      ____Argc
Module: /dos/fdos/watcom2/lib286/dos/clibh.lib(amblksiz.c)
183e:0760      __amblksiz
Module: /dos/fdos/watcom2/lib286/dos/clibh.lib(sgdef086)
183e:0860      __Start_XI
183e:089c      __End_XI
183e:089c      __Start_YI
183e:08b4      __End_YI
Module: /dos/fdos/watcom2/lib286/dos/clibh.lib(histsplt.c)
183e:190e      ___historical_splitparms
Module: /dos/fdos/watcom2/lib286/dos/clibh.lib(heapen.c)
0965:66cc*     _heapenable_
183e:0762      ___heap_enabled
Module: /dos/fdos/watcom2/lib286/dos/clibh.lib(flushall.c)
0965:66dd      __flushall_
0965:6771      flushall_
Module: /dos/fdos/watcom2/lib286/dos/clibh.lib(gtche.c)
0965:6777      getche_
Module: gfx.lib(/dos/z/16/src/lib/doslib/hw/vga/vga.c)
0965:c390+     vga_sync_hw_cursor_
0965:c44e+     update_state_vga_memory_map_select_
0965:c69c      update_state_from_vga_
0965:ca80*     probe_vga_
183e:1910      _vga_state
Module: gfx.lib(/dos/z/16/src/lib/doslib/hw/vga/vgamodex.c)
0965:ce90      vga_enable_256color_modex_
Module: gfx.lib(/dos/z/16/src/lib/doslib/hw/vga/vgacrtcr.c)
0965:cf10      vga_read_crtc_mode_
Module: gfx.lib(/dos/z/16/src/lib/doslib/hw/vga/vgacrtcs.c)
0965:d730      vga_write_crtc_mode_
Module: /dos/fdos/watcom2/lib286/dos/clibh.lib(fwrite.c)
0965:6791      fwrite_
Module: /dos/fdos/watcom2/lib286/dos/clibh.lib(rand.c)
0965:6b18      rand_
0965:6b5a*     srand_
Module: gfx.lib(/dos/z/16/src/lib/16text.c)
0965:de96*     textInit_
183e:1938      _romFonts
183e:1950      _romFontsData
Module: gfx.lib(/dos/z/16/src/lib/modex16/16render.c)
0965:df36+     modexDrawPBufRegion_
0965:e120*     modexDrawPBuf_
0965:e188*     oldDrawBmp_
0965:e2e2*     modexDrawBmp_
0965:e348+     modexDrawBmpRegion_
0965:e4b2*     modexDrawSprite_
0965:e518+     modexDrawSpriteRegion_
0965:e690*     modexDrawBmpPBuf_
0965:e6f6+     modexDrawBmpPBufRegion_
0965:e860*     modexDrawSpritePBuf_
0965:e8c6+     modexDrawSpritePBufRegion_
0965:ea3e      modexDrawCharPBuf_
Module: /dos/fdos/watcom2/lib286/dos/clibh.lib(bfree.c)
0965:6b7d      _bfree_
Module: /dos/fdos/watcom2/lib286/dos/clibh.lib(bexpand.c)
0965:6ba2      _bexpand_
Module: /dos/fdos/watcom2/lib286/dos/clibh.lib(dointr)
0965:6bfc      _DoINTR_
Module: /dos/fdos/watcom2/lib286/dos/clibh.lib(sbrk086.c)
0965:6f75*     sbrk_
0965:6f85      __brk_
Module: /dos/fdos/watcom2/lib286/dos/clibh.lib(qwrit.c)
0965:6fed      __qwrite_
Module: /dos/fdos/watcom2/lib286/dos/clibh.lib(fsync.c)
0965:704d      fsync_
Module: /dos/fdos/watcom2/lib286/dos/clibh.lib(setenvp.c)
0965:7070      __setenvp_
0965:71fc      __freeenvp_
Module: /dos/fdos/watcom2/lib286/dos/clibh.lib(mbisdbcs.c)
183e:07a4      ___IsDBCS
Module: /dos/fdos/watcom2/lib286/dos/clibh.lib(mbislead.c)
0965:725a*     _ismbblead_
183e:1de2      ___MBCSIsTable
Module: /dos/fdos/watcom2/lib286/dos/clibh.lib(mbinit.c)
0965:72b4      __mbinit_
183e:07a6      ___MBCodePage
Module: /dos/fdos/watcom2/lib286/dos/clibh.lib(mbdtoupp.c)
0965:738f      _mbdtoupper_
Module: /dos/fdos/watcom2/lib286/dos/clibh.lib(toupper.c)
0965:739d      toupper_
Module: /dos/fdos/watcom2/lib286/dos/clibh.lib(noefgfmt.c)
183e:07a8      ___EFG_printf
183e:07ac      ___EFG_scanf
Module: /dos/fdos/watcom2/lib286/math87h.lib(efgfmt.c)
0965:73bb      _EFG_Format_
Module: /dos/fdos/watcom2/lib286/math87h.lib(cnvs2d.c)
0965:758d      __cnvs2d_
Module: /dos/fdos/watcom2/lib286/dos/clibh.lib(8087cw.c)
183e:07b0      __8087cw
Module: /dos/fdos/watcom2/lib286/dos/clibh.lib(save8087.c)
183e:07b2      ___Save8087
183e:07b6      ___Rest8087
Module: /dos/fdos/watcom2/lib286/dos/clibh.lib(grabfp87.c)
0965:75ad      __GrabFP87_
Module: /dos/fdos/watcom2/lib286/dos/clibh.lib(ini87086.asm)
0965:75e0*     __init_8087_emu
0965:75e6      __x87id
Module: /dos/fdos/watcom2/lib286/dos/clibh.lib(wctomb.c)
0965:7643      wctomb_
Module: /dos/fdos/watcom2/lib286/dos/clibh.lib(itoa.c)
0965:768e+     utoa_
0965:772f      itoa_
Module: /dos/fdos/watcom2/lib286/dos/clibh.lib(strupr.c)
0965:7779      strupr_
Module: /dos/fdos/watcom2/lib286/dos/clibh.lib(lltoa.c)
0965:77b5      ulltoa_
0965:78f2*     lltoa_
Module: /dos/fdos/watcom2/lib286/dos/clibh.lib(filedos.c)
0965:7963*     _dos_close_
0965:7971      _dos_commit_
Module: /dos/fdos/watcom2/lib286/dos/clibh.lib(clearenv.c)
0965:7980      clearenv_
Module: /dos/fdos/watcom2/lib286/dos/clibh.lib(rtcntrl.c)
0965:7ab1*     _SetLD64bit_
0965:7abc*     _SetLD80bit_
0965:7ac7      _LDisDouble_
Module: /dos/fdos/watcom2/lib286/math87h.lib(ldcvt.c)
0965:7c2c      _LDScale10x_
0965:8504+     __cvtld_
0965:8ce0      __LDcvt_
Module: /dos/fdos/watcom2/lib286/noemu87.lib(emustub.asm)
0000:0000*     FJSRQQ
0000:0000*     FISRQQ
0000:0000*     FIERQQ
0000:0000      FIDRQQ
0000:0000      FIWRQQ
0000:0000*     FJCRQQ
0000:0000*     FJARQQ
0000:0000*     FICRQQ
0000:0000*     FIARQQ
0965:8cf2*     __init_87_emulator
Module: /dos/fdos/watcom2/lib286/math87h.lib(strtod.c)
0965:9523+     __Strtold_
0965:9762      strtod_
Module: /dos/fdos/watcom2/lib286/dos/clibh.lib(fpe87.asm)
0965:9908      __Init_FPE_handler_
0965:9941      __Fini_FPE_handler_
0965:9978*     __FPEHandler
Module: /dos/fdos/watcom2/lib286/math87h.lib(ldclass.c)
0965:9c0a      __LDClass_
0965:9c90*     _FLClass_
Module: /dos/fdos/watcom2/lib286/math87h.lib(bufld086.asm)
0965:9ca4      __ZBuf2LD
Module: /dos/fdos/watcom2/lib286/dos/clibh.lib(seterrno.c)
0965:9d6c*     __set_EDOM_
0965:9d78      __set_ERANGE_
0965:9d84*     __set_EINVAL_
Module: /dos/fdos/watcom2/lib286/math87h.lib(inf_nan.c)
183e:019a*     ___f_infinity
183e:019e*     ___f_posqnan
183e:01a2      ___d_infinity
183e:01aa      ___d_posqnan
183e:01b2*     ___ld_infinity
183e:01ba*     ___ld_posqnan
Module: /dos/fdos/watcom2/lib286/dos/clibh.lib(hugeval.c)
183e:01c2      __HugeValue
Module: /dos/fdos/watcom2/lib286/dos/clibh.lib(fpeint.c)
183e:085e      ___FPE_int


                        +--------------------+
                        |   Libraries Used   |
                        +--------------------+

gfx.lib
/dos/fdos/watcom2/lib286/noemu87.lib
/dos/fdos/watcom2/lib286/math87h.lib
/dos/fdos/watcom2/lib286/dos/clibh.lib


                        +-----------------------+
                        |   Linker Statistics   |
                        +-----------------------+

Stack size:  8000 (32768.)
Memory size:  000224d0 (140496.)
Entry point address: 0965:0072
Link time: 00:00.00
