Open Watcom Linker Version 1.9
Portions Copyright (c) 1985-2002 Sybase, Inc. All Rights Reserved.
Created on:       15/09/24 16:49:02
Executable Image: pcxtest.exe
creating a DOS executable


                        +------------+
                        |   Groups   |
                        +------------+

Group                           Address              Size
=====                           =======              ====

DGROUP                          0b1e:0000            0000eb90



                        +--------------+
                        |   Segments   |
                        +--------------+

Segment                Class          Group          Address         Size
=======                =====          =====          =======         ====

pcxtest_TEXT           CODE           AUTO           0000:0000       000001c3
_TEXT                  CODE           AUTO           0000:01d0       000085ae
modex16_TEXT           CODE           AUTO           0000:8780       00001fb0
bitmap_TEXT            CODE           AUTO           0000:a730       000005c7
planar_TEXT            CODE           AUTO           0000:ad00       00000275
16text_TEXT            CODE           AUTO           0000:af80       0000010d
FAR_DATA               FAR_DATA       AUTO           0b08:000d       00000000
iomode13_DATA          FAR_DATA       AUTO           0b09:0000       00000028
istable13_DATA         FAR_DATA       AUTO           0b09:0030       00000101
hugeval13_DATA         FAR_DATA       AUTO           0b09:0140       00000008
_NULL                  BEGDATA        DGROUP         0b1e:0000       00000020
_AFTERNULL             BEGDATA        DGROUP         0b20:0000       00000002
CONST                  DATA           DGROUP         0b20:0002       00000090
CONST2                 DATA           DGROUP         0b29:0002       00000028
_DATA                  DATA           DGROUP         0b2c:0000       000002f0
XIB                    DATA           DGROUP         0b5b:0000       00000000
XI                     DATA           DGROUP         0b5b:0000       00000030
XIE                    DATA           DGROUP         0b5e:0000       00000000
YIB                    DATA           DGROUP         0b5e:0000       00000000
YI                     DATA           DGROUP         0b5e:0000       0000000c
YIE                    DATA           DGROUP         0b5e:000c       00000000
STRINGS                DATA           DGROUP         0b5e:000c       00000000
DATA                   DATA           DGROUP         0b5e:000c       00000000
_emu_init_start        EMU            DGROUP         0b5e:000c       00000000
_emu_init_end          EMU            DGROUP         0b5e:000c       00000000
_BSS                   BSS            DGROUP         0b5e:000c       00000cba
STACK                  STACK          DGROUP         0c2b:0000       0000dac0


                        +----------------+
                        |   Memory Map   |
                        +----------------+

* = unreferenced symbol
+ = symbol only referenced locally

Address        Symbol
=======        ======

Module: pcxtest.o(/dos/z/16/src/pcxtest.c)
0000:0040      main_
0b1e:00e4+     _clockw
Module: /dos/fdos/watcom/lib286/dos/clibh.lib(stk)
0000:01d5      __STK
0000:01f5*     __STKOVERFLOW_
Module: gfx.lib(/dos/z/16/src/lib/modex16.c)
0000:8938*     VGAmodeX_
0000:89e0      modexEnter_
0000:8a7a      modexLeave_
0000:8a92      modexDefaultPage_
0000:8aec*     modexNextPage_
0000:8ba8*     modexNextPage0_
0000:8c4c*     modexShowPage_
0000:8d48*     modexPanPage_
0000:8d98*     modexSelectPlane_
0000:8dbc      modexClearRegion_
0000:8ed4      oldDrawBmp_
0000:903a      modexDrawBmp_
0000:90a0+     modexDrawBmpRegion_
0000:920a*     modexDrawPlanarBuf_
0000:9228      modexDrawSprite_
0000:928e+     modexDrawSpriteRegion_
0000:9406      modexCopyPageRegion_
0000:9570*     modexFadeOn_
0000:95a0*     modexFadeOff_
0000:95ce*     modexFlashOn_
0000:95fc*     modexFlashOff_
0000:96ca+     modexPalSave_
0000:9720      modexNewPal_
0000:9770*     modexLoadPalFile_
0000:9852*     modexSavePalFile_
0000:98ca*     modexPalBlack_
0000:98f4*     modexPalWhite_
0000:991e+     modexPalUpdate_
0000:9e94      modexPalUpdate1_
0000:9f0e*     modexPalUpdate0_
0000:9f5a+     chkcolor_
0000:a272+     modexputPixel_
0000:a300*     modexgetPixel_
0000:a386*     modexhlin_
0000:a3f2*     modexprint_
0000:a58c*     modexprintbig_
0000:a708+     modexWaitBorder_
0b1e:00f4      _VGA
Module: gfx.lib(/dos/z/16/src/lib/bitmap.c)
0000:aa30      bitmapLoadPcx_
0000:ab8c*     bitmapLoadPcxTiles_
Module: gfx.lib(/dos/z/16/src/lib/planar.c)
0000:ad00      planar_buf_from_bitmap_
0000:ae20+     planar_buf_alloc_
0000:af1a*     planar_buf_free_
Module: /dos/fdos/watcom/lib286/dos/clibh.lib(kbhit.c)
0000:0212      kbhit_
Module: /dos/fdos/watcom/lib286/dos/clibh.lib(printf.c)
0000:0229      printf_
Module: /dos/fdos/watcom/lib286/dos/clibh.lib(cstart)
0b1e:0000*     __nullarea
0b1e:0134*     __ovlflag
0b1e:0135*     __intno
0b1e:0136*     __ovlvec
0000:0258      _cstart_
0000:032b*     _Not_Enough_Memory_
0000:045f      __exit_
0000:047e      __do_exit_with_msg__
0000:04dc      __GETDS
Module: /dos/fdos/watcom/lib286/dos/clibh.lib(fltused.c)
0b1e:013a      _fltused_
Module: /dos/fdos/watcom/lib286/dos/clibh.lib(cmodel)
0000:04e6      _big_code_
0000:04e6*     CodeModelMismatch
Module: /dos/fdos/watcom/lib286/dos/clibh.lib(_8087)
0b1e:013c      __8087
0b1e:013d      __real87
0b1e:013e      __dos87emucall
0b1e:0140      __dos87real
Module: /dos/fdos/watcom/lib286/dos/clibh.lib(xmsg.c)
0000:04e6*     __exit_with_msg_
0000:04eb      __fatal_runtime_error_
Module: /dos/fdos/watcom/lib286/dos/clibh.lib(crwdata)
0b1e:0142      __curbrk
0b1e:014a      __STACKLOW
0b1e:014c      __STACKTOP
0b1e:014e      __cbyte
0b1e:0150      __child
0b1e:0152      __no87
0b1e:0160      ___FPE_handler
0b1e:0144      __psp
0b1e:0154      __get_ovl_stack
0b1e:0158      __restore_ovl_stack
0b1e:015c      __close_ovl_file
0b1e:0164      __LpCmdLine
0b1e:0168      __LpPgmName
0b1e:0146      __osmajor
0b1e:0147      __osminor
0b1e:0148      __osmode
0b1e:0149      __HShift
Module: /dos/fdos/watcom/lib286/dos/clibh.lib(intx086.c)
0000:050a+     int86x_
0000:068d      int86_
Module: /dos/fdos/watcom/lib286/dos/clibh.lib(pia)
0000:06c1      __PIA
0000:06ba*     __PIS
Module: /dos/fdos/watcom/lib286/dos/clibh.lib(fmalloc.c)
0000:06d8      _fmalloc_
0000:06d8      malloc_
0b1e:016c+     ___fheap
0b1e:016e      ___fheapRover
0b1e:0170      ___LargestSizeB4Rover
Module: /dos/fdos/watcom/lib286/dos/clibh.lib(exit.c)
0000:0848+     __null_int23_exit_
0000:0849      exit_
0000:087a*     _exit_
0b1e:0172+     ___int23_exit
0b1e:0176      ___FPE_handler_exit
Module: /dos/fdos/watcom/lib286/dos/clibh.lib(fopen.c)
0000:0893+     __open_flags_
0000:0b53+     _fsopen_
0000:0bba      fopen_
0000:0cdc*     freopen_
Module: /dos/fdos/watcom/lib286/dos/clibh.lib(fgetc.c)
0000:0d66      __fill_buffer_
0000:0fb5      fgetc_
Module: /dos/fdos/watcom/lib286/dos/clibh.lib(fclose.c)
0000:10fa      __doclose_
0000:1244      __shutdown_stream_
0000:125e      fclose_
0b1e:0d8c+     ___RmTmpFileFn
Module: /dos/fdos/watcom/lib286/dos/clibh.lib(ffree.c)
0000:12c9      _ffree_
0000:12c9      free_
Module: /dos/fdos/watcom/lib286/dos/clibh.lib(fwrite.c)
0000:1336      fwrite_
Module: /dos/fdos/watcom/lib286/dos/clibh.lib(rand.c)
0000:16bb      rand_
0000:16fd*     srand_
Module: /dos/fdos/watcom/lib286/dos/clibh.lib(i4m)
0000:1720      __I4M
0000:1720      __U4M
Module: gfx.lib(/dos/z/16/src/lib/16text.c)
0000:aff6*     textInit_
0b1e:0d90      _romFonts
Module: /dos/fdos/watcom/lib286/dos/clibh.lib(fread.c)
0000:1738      fread_
Module: /dos/fdos/watcom/lib286/dos/clibh.lib(fseek.c)
0000:1bcb      fseek_
Module: /dos/fdos/watcom/lib286/dos/clibh.lib(iob.c)
0b1e:017e      ___iob
0b1e:02e6      __fmode
0b1e:0da8      ___OpenStreams
0b1e:0dac      ___ClosedStreams
Module: /dos/fdos/watcom/lib286/dos/clibh.lib(fprintf.c)
0000:1db0      fprintf_
Module: /dos/fdos/watcom/lib286/dos/clibh.lib(fprtf.c)
0000:1df9      __fprtf_
Module: /dos/fdos/watcom/lib286/dos/clibh.lib(cmain086.c)
0000:1f4c      __CMain
Module: /dos/fdos/watcom/lib286/dos/clibh.lib(initrtns.c)
0000:1fb2      __InitRtns
0000:1fb2*     __FInitRtns
0000:200d      __FiniRtns
0000:200d*     __FFiniRtns
Module: /dos/fdos/watcom/lib286/dos/clibh.lib(uselfn.c)
0b1e:02e8      ___uselfn
Module: /dos/fdos/watcom/lib286/dos/clibh.lib(dosseg)
0000:2072      __DOSseg__
Module: /dos/fdos/watcom/lib286/dos/clibh.lib(setefg.c)
0000:2073      __setEFGfmt_
Module: /dos/fdos/watcom/lib286/dos/clibh.lib(chk8087.c)
0000:20ad*     _fpreset_
0000:20d8      __init_8087_
0000:210b+     __default_sigfpe_handler_
0000:211e      __chk8087_
Module: /dos/fdos/watcom/lib286/dos/clibh.lib(enterdb.c)
0000:218e      __EnterWVIDEO_
0b1e:02ea+     ___WD_Present
Module: /dos/fdos/watcom/lib286/dos/clibh.lib(intr.c)
0000:21b2      intr_
Module: /dos/fdos/watcom/lib286/dos/clibh.lib(segread.c)
0000:21c6      segread_
Module: /dos/fdos/watcom/lib286/dos/clibh.lib(hpgrw086.c)
0000:222c      __CMain_nheapgrow_
Module: /dos/fdos/watcom/lib286/dos/clibh.lib(mem.c)
0000:2240      __MemAllocator
0000:230a      __MemFree
Module: /dos/fdos/watcom/lib286/dos/clibh.lib(growseg.c)
0000:2467      __GrowSeg_
Module: /dos/fdos/watcom/lib286/dos/clibh.lib(allocseg.c)
0000:25dd      __AllocSeg_
Module: /dos/fdos/watcom/lib286/dos/clibh.lib(fmemneed.c)
0000:26cc      __fmemneed_
Module: /dos/fdos/watcom/lib286/dos/clibh.lib(nmalloc.c)
0000:26cf      _nmalloc_
0b1e:02ec      ___nheapbeg
0b1e:02ee      ___MiniHeapRover
0b1e:02f0      ___LargestSizeB4MiniHeapRover
Module: /dos/fdos/watcom/lib286/dos/clibh.lib(comtflag.c)
0000:27a9*     __set_commode_
0b1e:02f2      __commode
Module: /dos/fdos/watcom/lib286/dos/clibh.lib(seterrno.c)
0000:27b5      __set_errno_
0000:27c9*     __set_EDOM_
0000:27db      __set_ERANGE_
0000:27ed*     __set_EINVAL_
0000:2802      __set_doserrno_
Module: /dos/fdos/watcom/lib286/dos/clibh.lib(tolower.c)
0000:280e      tolower_
Module: /dos/fdos/watcom/lib286/dos/clibh.lib(open.c)
0000:2a2a*     open_
0000:2a61      sopen_
Module: /dos/fdos/watcom/lib286/dos/clibh.lib(chktty.c)
0000:2a8e      __chktty_
Module: /dos/fdos/watcom/lib286/dos/clibh.lib(freefp.c)
0000:2aed      __freefp_
0000:2b8e      __purgefp_
Module: /dos/fdos/watcom/lib286/dos/clibh.lib(allocfp.c)
0000:2bcf      __allocfp_
Module: /dos/fdos/watcom/lib286/dos/clibh.lib(__PTC)
0000:2d7c      __PTC
Module: /dos/fdos/watcom/lib286/dos/clibh.lib(flushall.c)
0000:2daf      __flushall_
0000:2e43*     flushall_
Module: /dos/fdos/watcom/lib286/dos/clibh.lib(gtche.c)
0000:2e49      getche_
Module: /dos/fdos/watcom/lib286/dos/clibh.lib(ioalloc.c)
0000:2e63      __ioalloc_
Module: /dos/fdos/watcom/lib286/dos/clibh.lib(qread.c)
0000:2ff1      __qread_
Module: /dos/fdos/watcom/lib286/dos/clibh.lib(__lseek.c)
0000:3011      __lseek_
Module: /dos/fdos/watcom/lib286/dos/clibh.lib(_clse.c)
0000:304b      __close_
Module: /dos/fdos/watcom/lib286/dos/clibh.lib(flush.c)
0000:307e      __flush_
Module: /dos/fdos/watcom/lib286/dos/clibh.lib(nfree.c)
0000:32c7      _nfree_
0b1e:0db0+     ___MiniHeapFreeRover
Module: /dos/fdos/watcom/lib286/dos/clibh.lib(qwrit.c)
0000:33c2      __qwrite_
Module: /dos/fdos/watcom/lib286/dos/clibh.lib(errno.c)
0000:341f      __get_errno_ptr_
0000:3426      __get_doserrno_ptr_
0b1e:0db2+     _errno
0b1e:0db4+     __doserrno
Module: /dos/fdos/watcom/lib286/dos/clibh.lib(fputc.c)
0000:342d      fputc_
Module: /dos/fdos/watcom/lib286/dos/clibh.lib(__PTS)
0000:3600      __PTS
Module: /dos/fdos/watcom/lib286/dos/clibh.lib(lseek.c)
0000:3631      lseek_
Module: /dos/fdos/watcom/lib286/dos/clibh.lib(tell.c)
0000:3662      tell_
Module: /dos/fdos/watcom/lib286/dos/clibh.lib(initfile.c)
0000:3673      __InitFiles_
Module: /dos/fdos/watcom/lib286/dos/clibh.lib(ioexit.c)
0000:38a7*     fcloseall_
0000:38ae      __full_io_exit_
Module: /dos/fdos/watcom/lib286/dos/clibh.lib(prtf.c)
0000:38b8      __prtf_
Module: /dos/fdos/watcom/lib286/dos/clibh.lib(___argc.c)
0b1e:0db6      ____Argv
0b1e:0dba      ____Argc
Module: /dos/fdos/watcom/lib286/dos/clibh.lib(amblksiz.c)
0b1e:02f4      __amblksiz
Module: /dos/fdos/watcom/lib286/dos/clibh.lib(sgdef086)
0b1e:03d0      __Start_XI
0b1e:0400      __End_XI
0b1e:0400      __Start_YI
0b1e:040c      __End_YI
Module: /dos/fdos/watcom/lib286/dos/clibh.lib(noefgfmt.c)
0b1e:02f6      ___EFG_printf
0b1e:02fa      ___EFG_scanf
Module: /dos/fdos/watcom/lib286/math87h.lib(efgfmt.c)
0000:4a35      _EFG_Format_
Module: /dos/fdos/watcom/lib286/math87h.lib(cnvs2d.c)
0000:4c07      __cnvs2d_
Module: /dos/fdos/watcom/lib286/dos/clibh.lib(8087cw.c)
0b1e:02fe      __8087cw
Module: /dos/fdos/watcom/lib286/dos/clibh.lib(save8087.c)
0b1e:0300      ___Save8087
0b1e:0304      ___Rest8087
Module: /dos/fdos/watcom/lib286/dos/clibh.lib(grabfp87.c)
0000:4c27      __GrabFP87_
Module: /dos/fdos/watcom/lib286/dos/clibh.lib(init8087)
0000:4c5a*     __init_8087_emu
0000:4c60      __x87id
Module: /dos/fdos/watcom/lib286/dos/clibh.lib(dointr)
0000:4ca0      _DoINTR_
Module: /dos/fdos/watcom/lib286/dos/clibh.lib(heapgrow.c)
0000:5019*     _heapgrow_
0000:5019*     _fheapgrow_
0000:501a      _nheapgrow_
Module: /dos/fdos/watcom/lib286/dos/clibh.lib(heapen.c)
0000:5098*     _heapenable_
0b1e:0308      ___heap_enabled
Module: /dos/fdos/watcom/lib286/dos/clibh.lib(nmemneed.c)
0000:50a9      __nmemneed_
Module: /dos/fdos/watcom/lib286/dos/clibh.lib(grownear.c)
0000:5131      __LastFree_
0000:51ab      __ExpandDGROUP_
Module: /dos/fdos/watcom/lib286/dos/clibh.lib(opendos.c)
0000:52bc      _dos_open_
Module: /dos/fdos/watcom/lib286/dos/clibh.lib(iomode.c)
0000:52e2      __GetIOMode_
0000:5317      __SetIOMode_nogrow_
0b1e:030a      ___NFiles
0b1e:030c      ___io_mode
0b09:0000      ___init_mode
Module: /dos/fdos/watcom/lib286/dos/clibh.lib(isatt.c)
0000:534c      isatty_
Module: /dos/fdos/watcom/lib286/dos/clibh.lib(dosret.c)
0000:5368*     _dosretax_
0000:536d*     _dosret0_
0000:5374      __set_errno_dos_
0000:53dc*     __set_errno_dos_reterr_
Module: /dos/fdos/watcom/lib286/dos/clibh.lib(umaskval.c)
0b1e:0324      ___umaskval
Module: /dos/fdos/watcom/lib286/dos/clibh.lib(creatdos.c)
0000:53e7      _dos_creat_
0000:540b*     _dos_creatnew_
Module: /dos/fdos/watcom/lib286/dos/clibh.lib(stiomode.c)
0000:542d+     __grow_iomode_
0000:5517+     __shrink_iomode_
0000:555c      __SetIOMode_
Module: /dos/fdos/watcom/lib286/dos/clibh.lib(fsync.c)
0000:5603      fsync_
Module: /dos/fdos/watcom/lib286/dos/clibh.lib(wctomb.c)
0000:5608      wctomb_
Module: /dos/fdos/watcom/lib286/dos/clibh.lib(itoa.c)
0000:5653+     utoa_
0000:56f4      itoa_
Module: /dos/fdos/watcom/lib286/dos/clibh.lib(strupr.c)
0000:573a      strupr_
Module: /dos/fdos/watcom/lib286/dos/clibh.lib(mbisdbcs.c)
0b1e:0dbe      ___IsDBCS
Module: /dos/fdos/watcom/lib286/dos/clibh.lib(mbislead.c)
0000:576f*     _ismbblead_
0b1e:0dc0      ___MBCSIsTable
Module: /dos/fdos/watcom/lib286/dos/clibh.lib(lltoa.c)
0000:5797      ulltoa_
0000:58d4*     lltoa_
Module: /dos/fdos/watcom/lib286/dos/clibh.lib(ltoa.c)
0000:5945      ultoa_
0000:5a03*     ltoa_
Module: /dos/fdos/watcom/lib286/dos/clibh.lib(rtcntrl.c)
0000:5a51*     _SetLD64bit_
0000:5a5c*     _SetLD80bit_
0000:5a67      _LDisDouble_
Module: /dos/fdos/watcom/lib286/math87h.lib(ldcvt.c)
0000:5bcc      _LDScale10x_
0000:64a4      __LDcvt_
Module: /dos/fdos/watcom/lib286/noemu87.lib(emustub.asm)
0000:0000*     FJSRQQ
0000:0000*     FISRQQ
0000:0000*     FIERQQ
0000:0000      FIDRQQ
0000:0000      FIWRQQ
0000:0000*     FJCRQQ
0000:0000*     FJARQQ
0000:0000*     FICRQQ
0000:0000*     FIARQQ
0000:6c80      __init_87_emulator
Module: /dos/fdos/watcom/lib286/math87h.lib(strtod.c)
0000:7494+     __Strtold_
0000:76d3      strtod_
Module: /dos/fdos/watcom/lib286/dos/clibh.lib(fpe87)
0000:787a      __Init_FPE_handler_
0000:78b3      __Fini_FPE_handler_
0000:78ea*     __FPEHandler
Module: /dos/fdos/watcom/lib286/dos/clibh.lib(sbrk.c)
0000:7b7c*     sbrk_
0000:7b8c      __brk_
Module: /dos/fdos/watcom/lib286/dos/clibh.lib(doserror)
0000:7bf6      __doserror_
Module: /dos/fdos/watcom/lib286/dos/clibh.lib(frealloc.c)
0000:7c04*     _frealloc_
0000:7c04      realloc_
Module: /dos/fdos/watcom/lib286/dos/clibh.lib(iomodtty.c)
0000:7ce0      __ChkTTYIOMode_
0000:7d4e*     __IOMode_
Module: /dos/fdos/watcom/lib286/dos/clibh.lib(filedos.c)
0000:7d5e*     _dos_close_
0000:7d6c      _dos_commit_
Module: /dos/fdos/watcom/lib286/dos/clibh.lib(alphabet.c)
0b1e:008c      ___Alphabet
Module: /dos/fdos/watcom/lib286/dos/clibh.lib(mbinit.c)
0000:7dd2      __mbinit_
0b1e:03ca+     ___MBCodePage
Module: /dos/fdos/watcom/lib286/math87h.lib(ldclass.c)
0000:7ead      __LDClass_
0000:7f33*     _FLClass_
Module: /dos/fdos/watcom/lib286/dos/clibh.lib(i4d)
0000:7f48      __I4D
0000:7f97*     __U4D
Module: /dos/fdos/watcom/lib286/dos/clibh.lib(istable.c)
0b09:0030      __IsTable
Module: /dos/fdos/watcom/lib286/math87h.lib(bufld086)
0000:801c      __ZBuf2LD
Module: /dos/fdos/watcom/lib286/math87h.lib(inf_nan.c)
0b1e:00b2*     ___f_infinity
0b1e:00b6*     ___f_posqnan
0b1e:00ba      ___d_infinity
0b1e:00c2      ___d_posqnan
0b1e:00ca*     ___ld_infinity
0b1e:00d2*     ___ld_posqnan
Module: /dos/fdos/watcom/lib286/dos/clibh.lib(hugeval.c)
0b09:0140      __HugeValue
Module: /dos/fdos/watcom/lib286/dos/clibh.lib(fpeint.c)
0b1e:03cc      ___FPE_int
Module: /dos/fdos/watcom/lib286/dos/clibh.lib(fmsize.c)
0000:80fc*     _msize_
0000:8117      _fmsize_
Module: /dos/fdos/watcom/lib286/dos/clibh.lib(nexpand.c)
0000:8128      __HeapManager_expand_
0000:8631      _nexpand_
Module: /dos/fdos/watcom/lib286/dos/clibh.lib(fexpand.c)
0000:8684      _fexpand_
0000:8684*     _expand_
Module: /dos/fdos/watcom/lib286/dos/clibh.lib(nonibm.c)
0000:86b9+     __is_nonIBM_
0b1e:03ce      ___NonIBM
Module: /dos/fdos/watcom/lib286/dos/clibh.lib(bfree.c)
0000:8700      _bfree_
Module: /dos/fdos/watcom/lib286/dos/clibh.lib(bexpand.c)
0000:8725      _bexpand_


                        +--------------------+
                        |   Libraries Used   |
                        +--------------------+

gfx.lib
/dos/fdos/watcom/lib286/dos/clibh.lib
/dos/fdos/watcom/lib286/math87h.lib
/dos/fdos/watcom/lib286/noemu87.lib


                        +-----------------------+
                        |   Linker Statistics   |
                        +-----------------------+

Stack size:  dac0 (56000.)
Memory size:  00019d70 (105840.)
Entry point address: 0000:0258
Link time: 00:00.00
