Open Watcom Linker Version 2.0 beta Sep 21 2015 09:27:06 (32-bit)
Copyright (c) 2002-2015 The Open Watcom Contributors. All Rights Reserved.
Portions Copyright (c) 1985-2002 Sybase, Inc. All Rights Reserved.
Created on:       15/10/01 11:58:32
Executable Image: pcxtest.exe
creating a DOS executable


                        +------------+
                        |   Groups   |
                        +------------+

Group                           Address              Size
=====                           =======              ====

DGROUP                          0b04:0000            0000ecb0



                        +--------------+
                        |   Segments   |
                        +--------------+

Segment                Class          Group          Address         Size
=======                =====          =====          =======         ====

pcxtest_TEXT           CODE           AUTO           0000:0000       000001fb
modex16_TEXT           CODE           AUTO           0000:0200       00001ff4
bitmap_TEXT            CODE           AUTO           0000:2200       000005a1
planar_TEXT            CODE           AUTO           0000:27b0       00000257
_TEXT                  CODE           AUTO           0000:2a10       0000852b
16text_TEXT            CODE           AUTO           0000:af40       000000fb
FAR_DATA               FAR_DATA       AUTO           0b03:000b       00000000
_NULL                  BEGDATA        DGROUP         0b04:0000       00000020
_AFTERNULL             BEGDATA        DGROUP         0b06:0000       00000002
CONST                  DATA           DGROUP         0b06:0002       00000076
CONST2                 DATA           DGROUP         0b0d:0008       00000132
_DATA                  DATA           DGROUP         0b21:0000       00000336
XIB                    DATA           DGROUP         0b54:0006       00000000
XI                     DATA           DGROUP         0b54:0006       00000024
XIE                    DATA           DGROUP         0b56:000a       00000000
YIB                    DATA           DGROUP         0b56:000a       00000000
YI                     DATA           DGROUP         0b56:000a       0000000c
YIE                    DATA           DGROUP         0b57:0006       00000000
STRINGS                DATA           DGROUP         0b57:0006       00000000
DATA                   DATA           DGROUP         0b57:0006       00000000
_emu_init_start        EMU            DGROUP         0b57:0006       00000000
_emu_init_end          EMU            DGROUP         0b57:0006       00000000
_BSS                   BSS            DGROUP         0b57:0006       00000cb8
STACK                  STACK          DGROUP         0c23:0000       0000dac0


                        +----------------+
                        |   Memory Map   |
                        +----------------+

* = unreferenced symbol
+ = symbol only referenced locally

Address        Symbol
=======        ======

Module: pcxtest.o(/dos/z/16/src/pcxtest.c)
0000:0060      main_
0b04:01d4+     _clockw
Module: gfx.lib(/dos/z/16/src/lib/modex16.c)
0000:03b8*     VGAmodeX_
0000:044c      modexEnter_
0000:04e0      modexLeave_
0000:04f0      modexDefaultPage_
0000:0542*     modexNextPage_
0000:05f4*     modexNextPageFlexibleSize_
0000:068e*     modexShowPage_
0000:0780*     modexPanPage_
0000:07c6*     modexSelectPlane_
0000:07e0      modexClearRegion_
0000:08ee      oldDrawBmp_
0000:0a4a*     CDrawBmp_
0000:0ba4      modexDrawBmp_
0000:0c00+     modexDrawBmpRegion_
0000:0d60*     modexDrawPlanarBuf_
0000:0d74      modexDrawSprite_
0000:0dd0+     modexDrawSpriteRegion_
0000:0f3e      modexCopyPageRegion_
0000:109e*     modexFadeOn_
0000:10c4*     modexFadeOff_
0000:10e8*     modexFlashOn_
0000:110c*     modexFlashOff_
0000:11c8+     modexPalSave_
0000:1214      modexNewPal_
0000:125c*     modexLoadPalFile_
0000:1334*     modexSavePalFile_
0000:13a2*     modexPalBlack_
0000:13c4*     modexPalWhite_
0000:13e6+     modexPalUpdate_
0000:194c      modexPalUpdate1_
0000:19bc*     modexPalUpdate0_
0000:19fe+     chkcolor_
0000:1d0c+     modexputPixel_
0000:1d90*     modexgetPixel_
0000:1e0c*     modexhlin_
0000:1e6e*     modexprint_
0000:1ffe*     modexprintbig_
0000:2170*     cls_
0000:21d4+     modexWaitBorder_
0b04:01e4      _VGA
Module: gfx.lib(/dos/z/16/src/lib/bitmap.c)
0000:24ee      bitmapLoadPcx_
0000:2640*     bitmapLoadPcxTiles_
Module: gfx.lib(/dos/z/16/src/lib/planar.c)
0000:27b0      planar_buf_from_bitmap_
0000:28c6+     planar_buf_alloc_
0000:29b6*     planar_buf_free_
Module: /dos/fdos/watcom2/lib286/dos/clibh.lib(kbhit.c)
0000:2a10      kbhit_
Module: /dos/fdos/watcom2/lib286/dos/clibh.lib(printf.c)
0000:2a27      printf_
Module: /dos/fdos/watcom2/lib286/dos/clibh.lib(cstart)
0b04:0000*     __nullarea
0b04:0224*     __ovlflag
0b04:0225*     __intno
0b04:0226*     __ovlvec
0000:2a56      _cstart_
0000:2b29*     _Not_Enough_Memory_
0000:2c5b      __exit_
0000:2c7a      __do_exit_with_msg__
0000:2cd7      __GETDS
Module: /dos/fdos/watcom2/lib286/dos/clibh.lib(fltused.c)
0b04:022a      _fltused_
Module: /dos/fdos/watcom2/lib286/dos/clibh.lib(cmodel.asm)
0000:2ce2      _big_code_
0000:2ce2*     CodeModelMismatch
Module: /dos/fdos/watcom2/lib286/dos/clibh.lib(_8087086.asm)
0b04:022c      __8087
0b04:022d      __real87
0b04:022e      __dos87emucall
0b04:0230      __dos87real
Module: /dos/fdos/watcom2/lib286/dos/clibh.lib(intx086.c)
0000:2ce2+     int86x_
0000:2e65      int86_
Module: /dos/fdos/watcom2/lib286/dos/clibh.lib(pia.asm)
0000:2e99      __PIA
0000:2e92*     __PIS
Module: /dos/fdos/watcom2/lib286/dos/clibh.lib(fmalloc.c)
0000:2eb0      _fmalloc_
0000:2eb0      malloc_
0b04:0232+     ___fheap
0b04:0234      ___fheapRover
0b04:0236      ___LargestSizeB4Rover
Module: /dos/fdos/watcom2/lib286/dos/clibh.lib(exit.c)
0000:3025+     _null_exit_rtn_
0000:3025+     __null_int23_exit_
0000:3026      exit_
0000:3047+     _exit_
0b04:0238+     ___int23_exit
0b04:023c      ___FPE_handler_exit
Module: /dos/fdos/watcom2/lib286/dos/clibh.lib(fopen.c)
0000:3063+     __open_flags_
0000:3324+     _fsopen_
0000:338b      fopen_
0000:34ae*     freopen_
Module: /dos/fdos/watcom2/lib286/dos/clibh.lib(fgetc.c)
0000:3538      __fill_buffer_
0000:3787      fgetc_
Module: /dos/fdos/watcom2/lib286/dos/clibh.lib(fclose.c)
0000:38ce      __doclose_
0000:3a18      __shutdown_stream_
0000:3a32      fclose_
0b04:0eb6+     ___RmTmpFileFn
Module: /dos/fdos/watcom2/lib286/dos/clibh.lib(ffree.c)
0000:3a9d      _ffree_
0000:3a9d      free_
Module: /dos/fdos/watcom2/lib286/dos/clibh.lib(fwrite.c)
0000:3b0a      fwrite_
Module: /dos/fdos/watcom2/lib286/dos/clibh.lib(rand.c)
0000:3e83      rand_
0000:3ec5*     srand_
Module: /dos/fdos/watcom2/lib286/dos/clibh.lib(i4m.asm)
0000:3ee8      __I4M
0000:3ee8      __U4M
Module: gfx.lib(/dos/z/16/src/lib/16text.c)
0000:afac*     textInit_
0b04:0eba      _romFonts
Module: /dos/fdos/watcom2/lib286/dos/clibh.lib(fread.c)
0000:3f00      fread_
Module: /dos/fdos/watcom2/lib286/dos/clibh.lib(fseek.c)
0000:4395      fseek_
Module: /dos/fdos/watcom2/lib286/dos/clibh.lib(iob.c)
0b04:0244      ___iob
0b04:0ed2      ___ClosedStreams
0b04:0ed6      ___OpenStreams
Module: /dos/fdos/watcom2/lib286/dos/clibh.lib(fprintf.c)
0000:458d      fprintf_
Module: /dos/fdos/watcom2/lib286/dos/clibh.lib(crwdata)
0b04:03ac      __curbrk
0b04:03b4      __STACKLOW
0b04:03b6      __STACKTOP
0b04:03b8      __cbyte
0b04:03ba      __child
0b04:03bc      __no87
0b04:03c9      ___FPE_handler
0b04:03ae      __psp
0b04:03bd      __get_ovl_stack
0b04:03c1      __restore_ovl_stack
0b04:03c5      __close_ovl_file
0b04:03cd      __LpCmdLine
0b04:03d1      __LpPgmName
0b04:03b0      __osmajor
0b04:03b1      __osminor
0b04:03b2      __osmode
0b04:03b3      __HShift
Module: /dos/fdos/watcom2/lib286/dos/clibh.lib(fprtf.c)
0000:45d6      __fprtf_
Module: /dos/fdos/watcom2/lib286/dos/clibh.lib(xmsg.c)
0000:4729*     __exit_with_msg_
0000:472e      __fatal_runtime_error_
Module: /dos/fdos/watcom2/lib286/dos/clibh.lib(cmain086.c)
0000:474c      __CMain
Module: /dos/fdos/watcom2/lib286/dos/clibh.lib(initrtns.c)
0000:47b2      __InitRtns
0000:47b2*     __FInitRtns
0000:480d      __FiniRtns
0000:480d*     __FFiniRtns
Module: /dos/fdos/watcom2/lib286/dos/clibh.lib(uselfn.c)
0b04:03d6      ___uselfn
Module: /dos/fdos/watcom2/lib286/dos/clibh.lib(dosseg)
0000:4872      __DOSseg__
Module: /dos/fdos/watcom2/lib286/dos/clibh.lib(setefg.c)
0000:4873      __setEFGfmt_
Module: /dos/fdos/watcom2/lib286/dos/clibh.lib(chk8087.c)
0000:48ab*     _fpreset_
0000:48d6      __init_8087_
0000:4909+     __default_sigfpe_handler_
0000:495e      __chk8087_
Module: /dos/fdos/watcom2/lib286/dos/clibh.lib(intr.c)
0000:49ce      intr_
Module: /dos/fdos/watcom2/lib286/dos/clibh.lib(segread.c)
0000:49e2      segread_
Module: /dos/fdos/watcom2/lib286/dos/clibh.lib(mem.c)
0000:4a50      __MemAllocator
0000:4b1a      __MemFree
Module: /dos/fdos/watcom2/lib286/dos/clibh.lib(growseg.c)
0000:4c77      __GrowSeg_
Module: /dos/fdos/watcom2/lib286/dos/clibh.lib(allocseg.c)
0000:4ded      __AllocSeg_
Module: /dos/fdos/watcom2/lib286/dos/clibh.lib(fmemneed.c)
0000:4edc      __fmemneed_
Module: /dos/fdos/watcom2/lib286/dos/clibh.lib(nmalloc.c)
0000:4edf      _nmalloc_
0b04:03f6      ___nheapbeg
0b04:03f8      ___MiniHeapRover
0b04:03fa      ___LargestSizeB4MiniHeapRover
Module: /dos/fdos/watcom2/lib286/dos/clibh.lib(heapgrow.c)
0000:4fb9*     _heapgrow_
0000:4fb9*     _fheapgrow_
0000:4fba      _nheapgrow_
Module: /dos/fdos/watcom2/lib286/dos/clibh.lib(comtflag.c)
0000:5032*     __set_commode_
0b04:03fc      __commode
Module: /dos/fdos/watcom2/lib286/dos/clibh.lib(errno.c)
0000:503e*     __get_errno_ptr_
0b04:0eda      _errno
Module: /dos/fdos/watcom2/lib286/dos/clibh.lib(textmode.c)
0b04:03fe      __fmode
Module: /dos/fdos/watcom2/lib286/dos/clibh.lib(tolower.c)
0000:5045      tolower_
Module: /dos/fdos/watcom2/lib286/dos/clibh.lib(open.c)
0000:5274*     open_
0000:52ab      sopen_
Module: /dos/fdos/watcom2/lib286/dos/clibh.lib(chktty.c)
0000:52d8      __chktty_
Module: /dos/fdos/watcom2/lib286/dos/clibh.lib(freefp.c)
0000:5337      __freefp_
0000:53d8      __purgefp_
Module: /dos/fdos/watcom2/lib286/dos/clibh.lib(allocfp.c)
0000:5419      __allocfp_
Module: /dos/fdos/watcom2/lib286/dos/clibh.lib(ptc.asm)
0000:55ca      __PTC
Module: /dos/fdos/watcom2/lib286/dos/clibh.lib(flushall.c)
0000:55fd      __flushall_
0000:5691*     flushall_
Module: /dos/fdos/watcom2/lib286/dos/clibh.lib(gtche.c)
0000:5697      getche_
Module: /dos/fdos/watcom2/lib286/dos/clibh.lib(ioalloc.c)
0000:56b1      __ioalloc_
Module: /dos/fdos/watcom2/lib286/dos/clibh.lib(qread.c)
0000:583f      __qread_
Module: /dos/fdos/watcom2/lib286/dos/clibh.lib(__lseek.c)
0000:585f      __lseek_
Module: /dos/fdos/watcom2/lib286/dos/clibh.lib(_clse.c)
0000:5899      __close_
Module: /dos/fdos/watcom2/lib286/dos/clibh.lib(flush.c)
0000:58cf      __flush_
Module: /dos/fdos/watcom2/lib286/dos/clibh.lib(nfree.c)
0000:5b18      _nfree_
0b04:0edc+     ___MiniHeapFreeRover
Module: /dos/fdos/watcom2/lib286/dos/clibh.lib(qwrit.c)
0000:5c13      __qwrite_
Module: /dos/fdos/watcom2/lib286/dos/clibh.lib(fputc.c)
0000:5c73      fputc_
Module: /dos/fdos/watcom2/lib286/dos/clibh.lib(pts.asm)
0000:5e48      __PTS
Module: /dos/fdos/watcom2/lib286/dos/clibh.lib(lseek.c)
0000:5e79      lseek_
Module: /dos/fdos/watcom2/lib286/dos/clibh.lib(tell.c)
0000:5eaa      tell_
Module: /dos/fdos/watcom2/lib286/dos/clibh.lib(initfile.c)
0000:5ebb      __InitFiles_
Module: /dos/fdos/watcom2/lib286/dos/clibh.lib(ioexit.c)
0000:60ef*     fcloseall_
0000:60f6      __full_io_exit_
Module: /dos/fdos/watcom2/lib286/dos/clibh.lib(prtf.c)
0000:6100      __prtf_
Module: /dos/fdos/watcom2/lib286/dos/clibh.lib(enterdb.c)
0000:7262      __EnterWVIDEO_
0b04:0400+     ___WD_Present
Module: /dos/fdos/watcom2/lib286/dos/clibh.lib(___argc.c)
0b04:0ede      ____Argv
0b04:0ee2      ____Argc
Module: /dos/fdos/watcom2/lib286/dos/clibh.lib(amblksiz.c)
0b04:0402      __amblksiz
Module: /dos/fdos/watcom2/lib286/dos/clibh.lib(sgdef086)
0b04:0506      __Start_XI
0b04:052a      __End_XI
0b04:052a      __Start_YI
0b04:0536      __End_YI
Module: /dos/fdos/watcom2/lib286/dos/clibh.lib(noefgfmt.c)
0b04:0404      ___EFG_printf
0b04:0408      ___EFG_scanf
Module: /dos/fdos/watcom2/lib286/math87h.lib(efgfmt.c)
0000:7299      _EFG_Format_
Module: /dos/fdos/watcom2/lib286/math87h.lib(cnvs2d.c)
0000:746b      __cnvs2d_
Module: /dos/fdos/watcom2/lib286/dos/clibh.lib(8087cw.c)
0b04:040c      __8087cw
Module: /dos/fdos/watcom2/lib286/dos/clibh.lib(save8087.c)
0b04:040e      ___Save8087
0b04:0412      ___Rest8087
Module: /dos/fdos/watcom2/lib286/dos/clibh.lib(grabfp87.c)
0000:748b      __GrabFP87_
Module: /dos/fdos/watcom2/lib286/dos/clibh.lib(ini87086.asm)
0000:74be*     __init_8087_emu
0000:74c4      __x87id
Module: /dos/fdos/watcom2/lib286/dos/clibh.lib(dointr)
0000:7522      _DoINTR_
Module: /dos/fdos/watcom2/lib286/dos/clibh.lib(heapen.c)
0000:789b*     _heapenable_
0b04:0416      ___heap_enabled
Module: /dos/fdos/watcom2/lib286/dos/clibh.lib(nmemneed.c)
0000:78ac      __nmemneed_
Module: /dos/fdos/watcom2/lib286/dos/clibh.lib(grownear.c)
0000:7934      __LastFree_
0000:79ae      __ExpandDGROUP_
Module: /dos/fdos/watcom2/lib286/dos/clibh.lib(opendos.c)
0000:7abf      _dos_open_
Module: /dos/fdos/watcom2/lib286/dos/clibh.lib(iomode.c)
0000:7ae5      __GetIOMode_
0000:7b1a      __SetIOMode_nogrow_
0b04:0418      ___NFiles
0b04:041a      ___init_mode
0b04:0442      ___io_mode
Module: /dos/fdos/watcom2/lib286/dos/clibh.lib(isatt.c)
0000:7b4f      isatty_
Module: /dos/fdos/watcom2/lib286/dos/clibh.lib(doserrno.c)
0000:7b6b*     __get_doserrno_ptr_
0b04:0ee4      __doserrno
Module: /dos/fdos/watcom2/lib286/dos/clibh.lib(umaskval.c)
0b04:0446      ___umaskval
Module: /dos/fdos/watcom2/lib286/dos/clibh.lib(creatdos.c)
0000:7b72      _dos_creat_
0000:7b96*     _dos_creatnew_
Module: /dos/fdos/watcom2/lib286/dos/clibh.lib(stiomode.c)
0000:7bb7+     __grow_iomode_
0000:7c9e+     __shrink_iomode_
0000:7cdf      __SetIOMode_
Module: /dos/fdos/watcom2/lib286/dos/clibh.lib(dosret.c)
0000:7d86*     __dosretax
0000:7d8b*     __dosret0
0000:7d92      __set_errno_dos_
0000:7dfa*     __set_errno_dos_reterr_
Module: /dos/fdos/watcom2/lib286/dos/clibh.lib(fsync.c)
0000:7e05      fsync_
Module: /dos/fdos/watcom2/lib286/dos/clibh.lib(wctomb.c)
0000:7e0a      wctomb_
Module: /dos/fdos/watcom2/lib286/dos/clibh.lib(itoa.c)
0000:7e55+     utoa_
0000:7ef6      itoa_
Module: /dos/fdos/watcom2/lib286/dos/clibh.lib(strupr.c)
0000:7f40      strupr_
Module: /dos/fdos/watcom2/lib286/dos/clibh.lib(mbisdbcs.c)
0b04:045c      ___IsDBCS
Module: /dos/fdos/watcom2/lib286/dos/clibh.lib(mbislead.c)
0000:7f75*     _ismbblead_
0b04:0ee8      ___MBCSIsTable
Module: /dos/fdos/watcom2/lib286/dos/clibh.lib(lltoa.c)
0000:7f91      ulltoa_
0000:80ce*     lltoa_
Module: /dos/fdos/watcom2/lib286/dos/clibh.lib(ltoa.c)
0000:813f      ultoa_
0000:81fd*     ltoa_
Module: /dos/fdos/watcom2/lib286/dos/clibh.lib(rtcntrl.c)
0000:824b*     _SetLD64bit_
0000:8256*     _SetLD80bit_
0000:8261      _LDisDouble_
Module: /dos/fdos/watcom2/lib286/math87h.lib(ldcvt.c)
0000:83c6      _LDScale10x_
0000:8c9e      __LDcvt_
Module: /dos/fdos/watcom2/lib286/noemu87.lib(emustub.asm)
0000:0000*     FJSRQQ
0000:0000*     FISRQQ
0000:0000*     FIERQQ
0000:0000      FIDRQQ
0000:0000      FIWRQQ
0000:0000*     FJCRQQ
0000:0000*     FJARQQ
0000:0000*     FICRQQ
0000:0000*     FIARQQ
0000:947a*     __init_87_emulator
Module: /dos/fdos/watcom2/lib286/math87h.lib(strtod.c)
0000:9c8e+     __Strtold_
0000:9ecd      strtod_
Module: /dos/fdos/watcom2/lib286/dos/clibh.lib(fpe87.asm)
0000:a074      __Init_FPE_handler_
0000:a0ad      __Fini_FPE_handler_
0000:a0e4*     __FPEHandler
Module: /dos/fdos/watcom2/lib286/dos/clibh.lib(sbrk.c)
0000:a376*     sbrk_
0000:a386      __brk_
Module: /dos/fdos/watcom2/lib286/dos/clibh.lib(error086.asm)
0000:a3ee      __doserror_
0000:a3fc*     __doserror1_
Module: /dos/fdos/watcom2/lib286/dos/clibh.lib(frealloc.c)
0000:a408*     _frealloc_
0000:a408      realloc_
Module: /dos/fdos/watcom2/lib286/dos/clibh.lib(iomodtty.c)
0000:a4e4      __ChkTTYIOMode_
0000:a552*     __IOMode_
Module: /dos/fdos/watcom2/lib286/dos/clibh.lib(filedos.c)
0000:a562*     _dos_close_
0000:a570      _dos_commit_
Module: /dos/fdos/watcom2/lib286/dos/clibh.lib(alphabet.c)
0b04:0072      ___Alphabet
Module: /dos/fdos/watcom2/lib286/dos/clibh.lib(mbinit.c)
0000:a5bd      __mbinit_
0b04:0502+     ___MBCodePage
Module: /dos/fdos/watcom2/lib286/math87h.lib(ldclass.c)
0000:a698      __LDClass_
0000:a71e*     _FLClass_
Module: /dos/fdos/watcom2/lib286/dos/clibh.lib(i4d.asm)
0000:a732      __I4D
0000:a781*     __U4D
Module: /dos/fdos/watcom2/lib286/dos/clibh.lib(istable.c)
0b04:0098      __IsTable
Module: /dos/fdos/watcom2/lib286/math87h.lib(bufld086.asm)
0000:a806      __ZBuf2LD
Module: /dos/fdos/watcom2/lib286/dos/clibh.lib(seterrno.c)
0000:a8ce*     __set_EDOM_
0000:a8da      __set_ERANGE_
0000:a8e6*     __set_EINVAL_
Module: /dos/fdos/watcom2/lib286/math87h.lib(inf_nan.c)
0b04:019a*     ___f_infinity
0b04:019e*     ___f_posqnan
0b04:01a2      ___d_infinity
0b04:01aa      ___d_posqnan
0b04:01b2*     ___ld_infinity
0b04:01ba*     ___ld_posqnan
Module: /dos/fdos/watcom2/lib286/dos/clibh.lib(hugeval.c)
0b04:01c2      __HugeValue
Module: /dos/fdos/watcom2/lib286/dos/clibh.lib(fpeint.c)
0b04:0504      ___FPE_int
Module: /dos/fdos/watcom2/lib286/dos/clibh.lib(fmsize.c)
0000:a900*     _msize_
0000:a91b      _fmsize_
Module: /dos/fdos/watcom2/lib286/dos/clibh.lib(nexpand.c)
0000:a92c      __HeapManager_expand_
0000:ae35      _nexpand_
Module: /dos/fdos/watcom2/lib286/dos/clibh.lib(fexpand.c)
0000:ae88      _fexpand_
0000:ae88*     _expand_
Module: /dos/fdos/watcom2/lib286/dos/clibh.lib(bfree.c)
0000:aebd      _bfree_
Module: /dos/fdos/watcom2/lib286/dos/clibh.lib(bexpand.c)
0000:aee2      _bexpand_


                        +--------------------+
                        |   Libraries Used   |
                        +--------------------+

gfx.lib
/dos/fdos/watcom2/lib286/noemu87.lib
/dos/fdos/watcom2/lib286/math87h.lib
/dos/fdos/watcom2/lib286/dos/clibh.lib


                        +-----------------------+
                        |   Linker Statistics   |
                        +-----------------------+

Stack size:  dac0 (56000.)
Memory size:  00019cf0 (105712.)
Entry point address: 0000:2a56
Link time: 00:00.00
