Open Watcom Linker Version 1.9
Portions Copyright (c) 1985-2002 Sybase, Inc. All Rights Reserved.
Created on:       15/09/12 21:58:59
Executable Image: scroll.exe
creating a DOS executable


                        +------------+
                        |   Groups   |
                        +------------+

Group                           Address              Size
=====                           =======              ====

DGROUP                          0c95:0000            00009b50



                        +--------------+
                        |   Segments   |
                        +--------------+

Segment                Class          Group          Address         Size
=======                =====          =====          =======         ====

BEGTEXT                CODE           AUTO           0000:0000       00000007
_TEXT                  CODE           AUTO           0000:0010       0000c782
16_in13_DATA           FAR_DATA       AUTO           0c7a:0000       000001a4
FAR_DATA               FAR_DATA       AUTO           0c94:0004       00000000
_NULL                  BEGDATA        DGROUP         0c95:0000       00000020
_AFTERNULL             BEGDATA        DGROUP         0c97:0000       00000002
CONST                  DATA           DGROUP         0c97:0002       00000090
CONST2                 DATA           DGROUP         0ca0:0002       00000132
_DATA                  DATA           DGROUP         0cb4:0000       00000aba
XIB                    DATA           DGROUP         0d5f:000a       00000000
XI                     DATA           DGROUP         0d5f:000a       0000003c
XIE                    DATA           DGROUP         0d63:0006       00000000
YIB                    DATA           DGROUP         0d63:0006       00000000
YI                     DATA           DGROUP         0d63:0006       00000012
YIE                    DATA           DGROUP         0d64:0008       00000000
STRINGS                DATA           DGROUP         0d64:0008       00000000
DATA                   DATA           DGROUP         0d64:0008       00000000
_emu_init_start        EMU            DGROUP         0d64:0008       00000000
_emu_init_end          EMU            DGROUP         0d64:0008       00000000
_BSS                   BSS            DGROUP         0d65:0000       00000e4e
STACK                  STACK          DGROUP         0e4a:0000       00008000


                        +----------------+
                        |   Memory Map   |
                        +----------------+

* = unreferenced symbol
+ = symbol only referenced locally

Address        Symbol
=======        ======

Module: scroll.o(/dos/z/16/src/scroll.c)
0000:01c0      main_
Module: mapread.o(/dos/z/16/src/lib/mapread.c)
0000:06fc+     jsoneq_
0000:075e+     dump_
0000:0b24*     loadmap_
Module: jsmn.o(/dos/z/16/src/lib/jsmn/jsmn.c)
0000:1000      jsmn_parse_
0000:12fa      jsmn_init_
Module: /usr/watcom/lib286/dos/clibc.lib(stk)
0000:1323      __STK
0000:1343*     __STKOVERFLOW_
Module: /usr/watcom/lib286/dos/clibc.lib(fmalloc.c)
0000:135e      _fmalloc_
0000:135e      malloc_
0c95:0208+     ___fheap
0c95:020a      ___fheapRover
0c95:020c      ___LargestSizeB4Rover
Module: 16.lib(/dos/z/16/src/lib/timer.c)
0000:1470      start_timer_
0000:14ae      elapsed_timer_
0000:14f0*     time_in_seconds_
Module: 16.lib(/dos/z/16/src/lib/scroll16.c)
0000:153e      walk_
0000:1f14+     mapScrollRight_
0000:2036+     mapScrollLeft_
0000:2132+     mapScrollUp_
0000:2248+     mapScrollDown_
0000:2384      chkmap_
0000:241e      mapGoTo_
0000:24f0+     mapDrawTile_
0000:25c0+     mapDrawRow_
0000:266c+     mapDrawCol_
0000:2718+     mapDrawWRow_
0000:27a4*     mapDrawWCol_
0000:2832*     qclean_
0000:2850      shinku_
0000:28de+     animatePlayer_
Module: 16.lib(/dos/z/16/src/lib/bitmap.c)
0000:2be4      bitmapLoadPcx_
0000:2d08*     bitmapLoadPcxTiles_
Module: 16.lib(/dos/z/16/src/lib/planar.c)
0000:2e10      planar_buf_from_bitmap_
0000:2eba+     planar_buf_alloc_
0000:2f30*     planar_buf_free_
Module: 16.lib(/dos/z/16/src/lib/16_in.c)
0c95:0daa+     _inpu
0000:3098+     INL_KeyService_
0000:31e8+     Mouse_
0000:3238+     IN_GetJoyAbs_
0000:34d0+     IN_GetJoyButtonsDB_
0000:3640+     IN_SetupJoy_
0000:3730      IN_Startup_
0000:37e6      IN_Default_
0000:387a      IN_Shutdown_
0000:38b8*     IN_SetKeyHook_
0000:38d2+     IN_ClearKeysDown_
0000:3942*     IN_ReadCursor_
0000:3a14      IN_ReadControl_
0000:3d18*     IN_SetControlType_
0000:3d32*     IN_GetScanName_
0000:3d92*     IN_WaitForKey_
0000:3db0*     IN_WaitForASCII_
0000:3dce+     IN_AckBack_
0000:3e60*     IN_Ack_
0000:3ec0+     IN_IsUserInput_
0000:3f1c*     IN_UserInput_
0000:3f6c      IN_KeyDown_
0000:3f8e+     IN_ClearKey_
0000:3fca*     IN_qb_
Module: 16.lib(/dos/z/16/src/lib/16text.c)
0000:4058      textInit_
0c95:0f00      _romFonts
Module: 16.lib(/dos/z/16/src/lib/modex16.c)
0000:4268      VGAmodeX_
0000:4302+     modexEnter_
0000:4398      modexLeave_
0000:43ac      modexDefaultPage_
0000:4402      modexNextPage_
0000:4468      modexNextPage0_
0000:44c6      modexShowPage_
0000:4558*     modexPanPage_
0000:4574*     modexSelectPlane_
0000:4594      modexClearRegion_
0000:4682*     oldDrawBmp_
0000:477c*     modexDrawBmp_
0000:47a2      modexDrawBmpRegion_
0000:48a2*     modexDrawPlanarBuf_
0000:48bc*     modexDrawSprite_
0000:48e2+     modexDrawSpriteRegion_
0000:49ee      modexCopyPageRegion_
0000:4afe*     modexFadeOn_
0000:4b2a*     modexFadeOff_
0000:4b54*     modexFlashOn_
0000:4b7e*     modexFlashOff_
0000:4c24+     modexPalSave_
0000:4c56      modexNewPal_
0000:4c9a*     modexLoadPalFile_
0000:4d3c*     modexSavePalFile_
0000:4da6*     modexPalBlack_
0000:4dcc*     modexPalWhite_
0000:4df2+     modexPalUpdate_
0000:51a2+     modexPalUpdate1_
0000:51f8*     modexPalUpdate0_
0000:523a+     chkcolor_
0000:5420      modexputPixel_
0000:548a*     modexgetPixel_
0000:54e2*     modexhlin_
0000:5548      modexprint_
0000:5692*     modexprintbig_
0000:57d6      modexWaitBorder_
0c95:09b4      _VGA
Module: /usr/watcom/lib286/dos/clibc.lib(sprintf.c)
0000:57fa      sprintf_
Module: /usr/watcom/lib286/dos/clibc.lib(sound.c)
0000:5827      sound_
0000:58bd      nosound_
Module: 16.lib(/dos/z/16/src/lib/bakapee.c)
0000:58e8      pdump_
0000:5942+     cls_
0000:597c+     colortest_
0000:59ac+     colorz_
0000:59ee+     ssd_
0000:5a72+     dingpp_
0000:5a9c+     dingo_
0000:5aec+     dingas_
0000:5b44+     dingu_
0000:5b7c+     dingq_
0000:5be4*     ding_
Module: /usr/watcom/lib286/dos/clibc.lib(printf.c)
0000:5f52      printf_
Module: 16.lib(/dos/z/16/src/lib/wcpu/wcpu.c)
0000:5f80      detectcpu_
Module: /usr/watcom/lib286/dos/clibc.lib(cstart)
0000:0003*     ___begtext
0c95:0000*     __nullarea
0000:5fd4      _cstart_
0000:60a9*     _Not_Enough_Memory_
0000:61d4      __exit_
0000:61f3      __do_exit_with_msg__
0000:6236      __GETDS
Module: /usr/watcom/lib286/dos/clibc.lib(cmodel)
0000:6240      _small_code_
0000:6240*     CodeModelMismatch
Module: /usr/watcom/lib286/dos/clibc.lib(strncmp.c)
0000:6240      strncmp_
Module: /usr/watcom/lib286/dos/clibc.lib(strstr.c)
0000:627f      strstr_
Module: /usr/watcom/lib286/dos/clibc.lib(atoi.c)
0000:6339      atoi_
Module: /usr/watcom/lib286/dos/clibc.lib(fopen.c)
0000:63a1+     __open_flags_
0000:6592+     _fsopen_
0000:65f6      fopen_
0000:66cc*     freopen_
Module: /usr/watcom/lib286/dos/clibc.lib(fread.c)
0000:6741      fread_
Module: /usr/watcom/lib286/dos/clibc.lib(errno.c)
0000:6928      __get_errno_ptr_
0000:692f      __get_doserrno_ptr_
0c95:1818+     _errno
0c95:181a+     __doserrno
Module: /usr/watcom/lib286/dos/clibc.lib(iob.c)
0c95:09e4      ___iob
0c95:0b4c      __fmode
0c95:181c      ___OpenStreams
0c95:1820      ___ClosedStreams
Module: /usr/watcom/lib286/dos/clibc.lib(fprintf.c)
0000:6936      fprintf_
Module: /usr/watcom/lib286/dos/clibc.lib(frealloc.c)
0000:6963*     _frealloc_
0000:6963      realloc_
Module: /usr/watcom/lib286/dos/clibc.lib(strncpy.c)
0000:6a29      strncpy_
Module: /usr/watcom/lib286/dos/clibc.lib(xmsg.c)
0000:6a65*     __exit_with_msg_
0000:6a68      __fatal_runtime_error_
Module: /usr/watcom/lib286/dos/clibc.lib(crwdata)
0c95:0b4e      __curbrk
0c95:0b56      __STACKLOW
0c95:0b58      __STACKTOP
0c95:0b5a      __cbyte
0c95:0b5c      __child
0c95:0b5e      __no87
0c95:0b6c      ___FPE_handler
0c95:0b50      __psp
0c95:0b60      __get_ovl_stack
0c95:0b64      __restore_ovl_stack
0c95:0b68      __close_ovl_file
0c95:0b70      __LpCmdLine
0c95:0b74      __LpPgmName
0c95:0b52      __osmajor
0c95:0b53      __osminor
0c95:0b54      __osmode
0c95:0b55      __HShift
Module: /usr/watcom/lib286/dos/clibc.lib(hpgrw086.c)
0000:6a82      __CMain_nheapgrow_
Module: /usr/watcom/lib286/dos/clibc.lib(mem.c)
0000:6a90      __MemAllocator
0000:6b5a      __MemFree
Module: /usr/watcom/lib286/dos/clibc.lib(growseg.c)
0000:6cb7      __GrowSeg_
Module: /usr/watcom/lib286/dos/clibc.lib(allocseg.c)
0000:6da9      __AllocSeg_
Module: /usr/watcom/lib286/dos/clibc.lib(fmemneed.c)
0000:6e40      __fmemneed_
Module: /usr/watcom/lib286/dos/clibc.lib(nmalloc.c)
0000:6e43      _nmalloc_
0c95:0b78      ___nheapbeg
0c95:0b7a      ___MiniHeapRover
0c95:0b7c      ___LargestSizeB4MiniHeapRover
Module: /usr/watcom/lib286/dos/clibc.lib(clockdos.c)
0000:6f14+     __ibm_bios_get_ticks_
0000:6f86      clock_
Module: /usr/watcom/lib286/dos/clibc.lib(i4d)
0000:6fae      __I4D
0000:6ff7      __U4D
Module: /usr/watcom/lib286/dos/clibc.lib(_8087)
0c95:0b86      __8087
0c95:0b87      __real87
0c95:0b88      __dos87emucall
0c95:0b8a      __dos87real
Module: /usr/watcom/lib286/dos/clibc.lib(fltused.c)
0c95:0b8c      _fltused_
Module: /usr/watcom/lib286/dos/clibc.lib(fclose.c)
0000:707c      __doclose_
0000:7125      __shutdown_stream_
0000:713c      fclose_
0c95:1828+     ___RmTmpFileFn
Module: /usr/watcom/lib286/dos/clibc.lib(exit.c)
0000:7186+     __null_int23_exit_
0000:7187      exit_
0000:71b4*     _exit_
0c95:0b8e+     ___int23_exit
0c95:0b90      ___FPE_handler_exit
Module: /usr/watcom/lib286/dos/clibc.lib(fseek.c)
0000:7239      fseek_
Module: /usr/watcom/lib286/dos/clibc.lib(fgetc.c)
0000:737c      __fill_buffer_
0000:7466      fgetc_
Module: /usr/watcom/lib286/dos/clibc.lib(ffree.c)
0000:7503      _ffree_
0000:7503      free_
Module: /usr/watcom/lib286/dos/clibc.lib(intx086.c)
0000:7545+     int86x_
0000:75dc      int86_
Module: /usr/watcom/lib286/dos/clibc.lib(d_getvec.c)
0000:7606      _dos_getvect_
Module: /usr/watcom/lib286/dos/clibc.lib(d_setvec.c)
0000:7611      _dos_setvect_
Module: /usr/watcom/lib286/dos/clibc.lib(argcv.c)
0c95:182a      __argv
0c95:182e      ___argv
0c95:1832      __argc
0c95:1834      ___argc
Module: 16.lib(/dos/z/16/src/lib/16_head.c)
0000:762e*     wait_
0000:766e*     filesize_
0000:76c8*     printmeminfoline_
0000:78aa      US_CheckParm_
Module: /usr/watcom/lib286/dos/clibc.lib(fwrite.c)
0000:797c      fwrite_
Module: /usr/watcom/lib286/dos/clibc.lib(rand.c)
0000:7b69      rand_
0000:7ba9*     srand_
Module: /usr/watcom/lib286/dos/clibc.lib(vsprintf.c)
0000:7be5      vsprintf_
Module: /usr/watcom/lib286/dos/clibc.lib(nonibm.c)
0000:7c0a+     __is_nonIBM_
0c95:0ba8      ___NonIBM
Module: /usr/watcom/lib286/dos/clibc.lib(delay.c)
0000:7c50      delay_
Module: /usr/watcom/lib286/dos/clibc.lib(fprtf.c)
0000:7dbc      __fprtf_
Module: /usr/watcom/lib286/dos/clibc.lib(cmain086.c)
0000:7e7d      __CMain
Module: /usr/watcom/lib286/dos/clibc.lib(initrtns.c)
0000:7ed9*     __FInitRtns
0000:7edd      __InitRtns
0000:7f38*     __FFiniRtns
0000:7f3c      __FiniRtns
Module: /usr/watcom/lib286/dos/clibc.lib(uselfn.c)
0c95:0baa      ___uselfn
Module: /usr/watcom/lib286/dos/clibc.lib(dosseg)
0000:7fa0      __DOSseg__
Module: /usr/watcom/lib286/dos/clibc.lib(istable.c)
0c95:00b2      __IsTable
Module: /usr/watcom/lib286/dos/clibc.lib(comtflag.c)
0000:7fa1*     __set_commode_
0c95:0bac      __commode
Module: /usr/watcom/lib286/dos/clibc.lib(seterrno.c)
0000:7fad      __set_errno_
0000:7fbf*     __set_EDOM_
0000:7fcf      __set_ERANGE_
0000:7fdf*     __set_EINVAL_
0000:7ff2      __set_doserrno_
Module: /usr/watcom/lib286/dos/clibc.lib(tolower.c)
0000:7ffc      tolower_
Module: /usr/watcom/lib286/dos/clibc.lib(open.c)
0000:81ec*     open_
0000:8222      sopen_
Module: /usr/watcom/lib286/dos/clibc.lib(chktty.c)
0000:824f      __chktty_
Module: /usr/watcom/lib286/dos/clibc.lib(freefp.c)
0000:8278      __freefp_
0000:82f3      __purgefp_
Module: /usr/watcom/lib286/dos/clibc.lib(allocfp.c)
0000:8332      __allocfp_
Module: /usr/watcom/lib286/dos/clibc.lib(qread.c)
0000:844e      __qread_
Module: /usr/watcom/lib286/dos/clibc.lib(ioalloc.c)
0000:846c      __ioalloc_
Module: /usr/watcom/lib286/dos/clibc.lib(initfile.c)
0000:8502      __InitFiles_
Module: /usr/watcom/lib286/dos/clibc.lib(ioexit.c)
0000:8648*     fcloseall_
0000:864d      __full_io_exit_
Module: /usr/watcom/lib286/dos/clibc.lib(fmsize.c)
0000:8655*     _msize_
0000:8655      _fmsize_
Module: /usr/watcom/lib286/dos/clibc.lib(nexpand.c)
0000:8666      __HeapManager_expand_
0000:87db      _nexpand_
Module: /usr/watcom/lib286/dos/clibc.lib(fexpand.c)
0000:882b      _fexpand_
0000:882b*     _expand_
Module: /usr/watcom/lib286/dos/clibc.lib(enterdb.c)
0000:885c      __EnterWVIDEO_
0c95:0bae+     ___WD_Present
Module: /usr/watcom/lib286/dos/clibc.lib(heapgrow.c)
0000:8880*     _heapgrow_
0000:8880*     _fheapgrow_
0000:8881      _nheapgrow_
Module: /usr/watcom/lib286/dos/clibc.lib(heapen.c)
0000:88f5*     _heapenable_
0c95:0bb0      ___heap_enabled
Module: /usr/watcom/lib286/dos/clibc.lib(amblksiz.c)
0c95:0bb2      __amblksiz
Module: /usr/watcom/lib286/dos/clibc.lib(nmemneed.c)
0000:8906      __nmemneed_
Module: /usr/watcom/lib286/dos/clibc.lib(grownear.c)
0000:898e      __LastFree_
0000:8a07      __ExpandDGROUP_
Module: /usr/watcom/lib286/dos/clibc.lib(i4m)
0000:8b14      __I4M
0000:8b14      __U4M
Module: /usr/watcom/lib286/dos/clibc.lib(chk8087.c)
0000:8b48*     _fpreset_
0000:8b73      __init_8087_
0000:8b9a+     __default_sigfpe_handler_
0000:8bab      __chk8087_
Module: /usr/watcom/lib286/dos/clibc.lib(setefg.c)
0000:8c16      __setEFGfmt_
Module: /usr/watcom/lib286/dos/clibc.lib(__lseek.c)
0000:8c28      __lseek_
Module: /usr/watcom/lib286/dos/clibc.lib(_clse.c)
0000:8c60      __close_
Module: /usr/watcom/lib286/dos/clibc.lib(flush.c)
0000:8c8f      __flush_
Module: /usr/watcom/lib286/dos/clibc.lib(lseek.c)
0000:8dba      lseek_
Module: /usr/watcom/lib286/dos/clibc.lib(tell.c)
0000:8de5      tell_
Module: /usr/watcom/lib286/dos/clibc.lib(flushall.c)
0000:8df4      __flushall_
0000:8e4f      flushall_
Module: /usr/watcom/lib286/dos/clibc.lib(gtche.c)
0000:8e54      getche_
Module: /usr/watcom/lib286/dos/clibc.lib(nfree.c)
0000:8e6e      _nfree_
0c95:1836+     ___MiniHeapFreeRover
Module: /usr/watcom/lib286/dos/clibc.lib(intr.c)
0000:8f66      intr_
Module: /usr/watcom/lib286/dos/clibc.lib(segread.c)
0000:8f78      segread_
Module: /usr/watcom/lib286/dos/clibc.lib(initargv.c)
0000:8f98      __Init_Argv_
0000:8ff4+     _getargv_
0000:91ed      __Fini_Argv_
Module: /usr/watcom/lib286/dos/clibc.lib(kbhit.c)
0000:920f      kbhit_
Module: /usr/watcom/lib286/dos/clibc.lib(ftell.c)
0000:9226      ftell_
Module: /usr/watcom/lib286/dos/clibc.lib(ltoa.c)
0000:927e      ultoa_
0000:92ed*     ltoa_
Module: /usr/watcom/lib286/dos/clibc.lib(qwrit.c)
0000:931b      __qwrite_
Module: /usr/watcom/lib286/dos/clibc.lib(fputc.c)
0000:9372      fputc_
Module: /usr/watcom/lib286/dos/clibc.lib(prtf.c)
0000:943a      __prtf_
Module: /usr/watcom/lib286/dos/clibc.lib(___argc.c)
0c95:183c      ____Argv
0c95:1840      ____Argc
Module: /usr/watcom/lib286/dos/clibc.lib(sgdef086)
0c95:0caa      __Start_XI
0c95:0ce6      __End_XI
0c95:0ce6      __Start_YI
0c95:0cf8      __End_YI
Module: /usr/watcom/lib286/dos/clibc.lib(opendos.c)
0000:a1f4      _dos_open_
Module: /usr/watcom/lib286/dos/clibc.lib(iomode.c)
0000:a218      __GetIOMode_
0000:a23d      __SetIOMode_nogrow_
0c95:0bb4      ___NFiles
0c95:0bb6      ___init_mode
0c95:0bde      ___io_mode
Module: /usr/watcom/lib286/dos/clibc.lib(isatt.c)
0000:a260      isatty_
Module: /usr/watcom/lib286/dos/clibc.lib(dosret.c)
0000:a27c*     _dosretax_
0000:a281*     _dosret0_
0000:a288      __set_errno_dos_
0000:a2e2*     __set_errno_dos_reterr_
Module: /usr/watcom/lib286/dos/clibc.lib(umaskval.c)
0c95:0bf6      ___umaskval
Module: /usr/watcom/lib286/dos/clibc.lib(creatdos.c)
0000:a2ec      _dos_creat_
0000:a30e*     _dos_creatnew_
Module: /usr/watcom/lib286/dos/clibc.lib(stiomode.c)
0000:a32e+     __grow_iomode_
0000:a3eb+     __shrink_iomode_
0000:a424      __SetIOMode_
Module: /usr/watcom/lib286/dos/clibc.lib(bfree.c)
0000:a484      _bfree_
Module: /usr/watcom/lib286/dos/clibc.lib(bexpand.c)
0000:a4a5      _bexpand_
Module: /usr/watcom/lib286/dos/clibc.lib(sbrk.c)
0000:a4fa*     sbrk_
0000:a509      __brk_
Module: /usr/watcom/lib286/dos/clibc.lib(8087cw.c)
0c95:0bf8      __8087cw
Module: /usr/watcom/lib286/dos/clibc.lib(save8087.c)
0c95:0bfa      ___Save8087
0c95:0bfc      ___Rest8087
Module: /usr/watcom/lib286/dos/clibc.lib(grabfp87.c)
0000:a572      __GrabFP87_
Module: /usr/watcom/lib286/dos/clibc.lib(init8087)
0000:a590*     __init_8087_emu
0000:a594      __x87id
Module: /usr/watcom/lib286/dos/clibc.lib(noefgfmt.c)
0c95:0bfe      ___EFG_printf
0c95:0c00      ___EFG_scanf
Module: /usr/watcom/lib286/math87c.lib(efgfmt.c)
0000:a5e4      _EFG_Format_
Module: /usr/watcom/lib286/math87c.lib(cnvs2d.c)
0000:a770      __cnvs2d_
Module: /usr/watcom/lib286/dos/clibc.lib(fsync.c)
0000:a787      fsync_
Module: /usr/watcom/lib286/dos/clibc.lib(dointr)
0000:a78a      _DoINTR_
Module: /usr/watcom/lib286/dos/clibc.lib(histsplt.c)
0c95:1844      ___historical_splitparms
Module: /usr/watcom/lib286/dos/clibc.lib(fflush.c)
0000:ab03      fflush_
Module: /usr/watcom/lib286/dos/clibc.lib(alphabet.c)
0c95:008c      ___Alphabet
Module: /usr/watcom/lib286/dos/clibc.lib(wctomb.c)
0000:ab14      wctomb_
Module: /usr/watcom/lib286/dos/clibc.lib(itoa.c)
0000:ab3d+     utoa_
0000:ab9a      itoa_
Module: /usr/watcom/lib286/dos/clibc.lib(strupr.c)
0000:abbd      strupr_
Module: /usr/watcom/lib286/dos/clibc.lib(mbisdbcs.c)
0c95:1846      ___IsDBCS
Module: /usr/watcom/lib286/dos/clibc.lib(mbislead.c)
0000:abdf*     _ismbblead_
0c95:1848      ___MBCSIsTable
Module: /usr/watcom/lib286/dos/clibc.lib(lltoa.c)
0000:abf9      ulltoa_
0000:acde*     lltoa_
Module: /usr/watcom/lib286/dos/clibc.lib(doserror)
0000:ad40      __doserror_
Module: /usr/watcom/lib286/dos/clibc.lib(iomodtty.c)
0000:ad4c      __ChkTTYIOMode_
0000:ad88*     __IOMode_
Module: /usr/watcom/lib286/dos/clibc.lib(fpe87)
0000:ad9a      __Init_FPE_handler_
0000:add3      __Fini_FPE_handler_
0000:ae0a*     __FPEHandler
Module: /usr/watcom/lib286/dos/clibc.lib(rtcntrl.c)
0000:b09c*     _SetLD64bit_
0000:b0a7*     _SetLD80bit_
0000:b0b2      _LDisDouble_
Module: /usr/watcom/lib286/math87c.lib(ldcvt.c)
0000:b1de      _LDScale10x_
0000:b73b      __LDcvt_
Module: /usr/watcom/lib286/noemu87.lib(emustub.asm)
0000:0000*     FJSRQQ
0000:0000*     FISRQQ
0000:0000*     FIERQQ
0000:0000      FIDRQQ
0000:0000      FIWRQQ
0000:0000*     FJCRQQ
0000:0000*     FJARQQ
0000:0000*     FICRQQ
0000:0000*     FIARQQ
0000:bc68      __init_87_emulator
Module: /usr/watcom/lib286/math87c.lib(strtod.c)
0000:c1dd+     __Strtold_
0000:c389      strtod_
Module: /usr/watcom/lib286/dos/clibc.lib(filedos.c)
0000:c51f*     _dos_close_
0000:c52b      _dos_commit_
Module: /usr/watcom/lib286/dos/clibc.lib(mbinit.c)
0000:c577      __mbinit_
0c95:0ca6+     ___MBCodePage
Module: /usr/watcom/lib286/dos/clibc.lib(fpeint.c)
0c95:0ca8      ___FPE_int
Module: /usr/watcom/lib286/math87c.lib(ldclass.c)
0000:c66a      __LDClass_
0000:c6b8*     _FLClass_
Module: /usr/watcom/lib286/math87c.lib(bufld086)
0000:c6ca      __ZBuf2LD
Module: /usr/watcom/lib286/math87c.lib(inf_nan.c)
0c95:01b4*     ___f_infinity
0c95:01b8*     ___f_posqnan
0c95:01bc      ___d_infinity
0c95:01c4      ___d_posqnan
0c95:01cc*     ___ld_infinity
0c95:01d4*     ___ld_posqnan
Module: /usr/watcom/lib286/dos/clibc.lib(hugeval.c)
0c95:01dc      __HugeValue


                        +--------------------+
                        |   Libraries Used   |
                        +--------------------+

16.lib
/usr/watcom/lib286/dos/clibc.lib
/usr/watcom/lib286/math87c.lib
/usr/watcom/lib286/noemu87.lib


                        +-----------------------+
                        |   Linker Statistics   |
                        +-----------------------+

Stack size:  8000 (32768.)
Memory size:  000164a0 (91296.)
Entry point address: 0000:5fd4
Link time: 00:00.01
