Open Watcom Linker Version 2.0 beta Sep 21 2015 09:27:06 (32-bit)
Copyright (c) 2002-2015 The Open Watcom Contributors. All Rights Reserved.
Portions Copyright (c) 1985-2002 Sybase, Inc. All Rights Reserved.
Created on:       15/10/03 12:14:30
Executable Image: vgmtest.exe
creating a DOS executable


                        +------------+
                        |   Groups   |
                        +------------+

Group                           Address              Size
=====                           =======              ====

DGROUP                          1099:0000            0000e960



                        +--------------+
                        |   Segments   |
                        +--------------+

Segment                Class          Group          Address         Size
=======                =====          =====          =======         ====

vgmtest_TEXT           CODE           AUTO           0000:0000       00000118
16_in_TEXT             CODE           AUTO           0000:0120       00001d43
16_mm_TEXT             CODE           AUTO           0000:1e70       00003308
wcpu_TEXT              CODE           AUTO           0000:5180       00000058
16_head_TEXT           CODE           AUTO           0000:51e0       00000405
16_ca_TEXT             CODE           AUTO           0000:55f0       000003fd
kitten_TEXT            CODE           AUTO           0000:59f0       0000080a
16_hc_TEXT             CODE           AUTO           0000:6200       0000158b
timer_TEXT             CODE           AUTO           0000:7790       0000020f
_TEXT                  CODE           AUTO           0000:79a0       000075c9
16_snd_TEXT            CODE           AUTO           0000:ef70       00000338
vgmSnd_TEXT            CODE           AUTO           0f2b:0000       00001525
16_in13_DATA           FAR_DATA       AUTO           107e:0000       000001a4
FAR_DATA               FAR_DATA       AUTO           1098:0004       00000000
_NULL                  BEGDATA        DGROUP         1099:0000       00000020
_AFTERNULL             BEGDATA        DGROUP         109b:0000       00000002
CONST                  DATA           DGROUP         109b:0002       00000076
CONST2                 DATA           DGROUP         10a2:0008       00000102
_DATA                  DATA           DGROUP         10b3:0000       00000583
XIB                    DATA           DGROUP         110b:0004       00000000
XI                     DATA           DGROUP         110b:0004       00000036
XIE                    DATA           DGROUP         110e:000a       00000000
YIB                    DATA           DGROUP         110e:000a       00000000
YI                     DATA           DGROUP         110e:000a       00000018
YIE                    DATA           DGROUP         1110:0002       00000000
STRINGS                DATA           DGROUP         1110:0002       00000000
DATA                   DATA           DGROUP         1110:0002       00000000
_emu_init_start        EMU            DGROUP         1110:0002       00000000
_emu_init_end          EMU            DGROUP         1110:0002       00000000
_BSS                   BSS            DGROUP         1111:0000       00000714
STACK                  STACK          DGROUP         1183:0000       0000dac0


                        +----------------+
                        |   Memory Map   |
                        +----------------+

* = unreferenced symbol
+ = symbol only referenced locally

Address        Symbol
=======        ======

Module: vgmtest.o(/dos/z/16/src/vgmtest.c)
0000:0014      OPL2_Write_
0000:003a      OPL2_ReadStatus_
0000:0054      main_
Module: 16_in.o(/dos/z/16/src/lib/16_in.c)
0000:0238+     INL_KeyService_
0000:0482+     Mouse_
0000:04da+     IN_GetJoyAbs_
0000:08a0+     IN_GetJoyButtonsDB_
0000:0b36+     IN_SetupJoy_
0000:0cf8      IN_Startup_
0000:0dfe      IN_Default_
0000:0f62      IN_Shutdown_
0000:0fe2*     IN_SetKeyHook_
0000:1004+     IN_ClearKeysDown_
0000:10e4*     IN_ReadCursor_
0000:1200      IN_ReadControl_
0000:1980*     IN_SetControlType_
0000:19ce*     IN_GetScanName_
0000:1a56*     IN_WaitForKey_
0000:1a8c*     IN_WaitForASCII_
0000:1ac2+     IN_AckBack_
0000:1baa*     IN_Ack_
0000:1c4c+     IN_IsUserInput_
0000:1cf2*     IN_UserInput_
0000:1d4a      IN_KeyDown_
0000:1d92+     IN_ClearKey_
0000:1e0a*     IN_qb_
1099:078e+     _inpu
Module: 16_mm.o(/dos/z/16/src/lib/16_mm.c)
0000:2854+     MML_CheckForEMS_
0000:28b0+     MML_SetupEMS_
0000:2a68+     MML_ShutdownEMS_
0000:2ad4+     MM_MapEMS_
0000:2bd0*     MM_MapXEMS_
0000:2cf0+     MML_CheckForXMS_
0000:2d4c*     MML_SetupXMS_
0000:2e34+     MML_ShutdownXMS_
0000:2ec2+     MML_UseSpace_
0000:30a0+     MML_ClearBlock_
0000:3124*     MM_Startup_
0000:3556+     MM_Shutdown_
0000:35ec      MM_GetPtr_
0000:39e6+     MM_FreePtr_
0000:3ade*     MM_SetPurge_
0000:3bb8*     MM_SetLock_
0000:3c90+     MM_SortMem_
0000:3e7e*     MM_ShowMemory_
0000:451e*     MM_DumpData_
0000:4678+     MM_UnusedMemory_
0000:46fc+     MM_TotalFree_
0000:4792*     MM_Report_
0000:514a*     MM_BombOnError_
1099:08f0+     _beforesort
1099:08f4+     _aftersort
1099:08f8+     _XMSaddr
Module: wcpu.o(/dos/z/16/src/lib/wcpu/wcpu.c)
0000:5180      detectcpu_
Module: 16_head.o(/dos/z/16/src/lib/16_head.c)
0000:51ee*     wait_
0000:523a*     filesize_
0000:52a0      printmeminfoline_
0000:548c      US_CheckParm_
Module: 16_ca.o(/dos/z/16/src/lib/16_ca.c)
0000:561e      CA_OpenDebug_
0000:566e      CA_CloseDebug_
0000:569c+     CA_FarRead_
0000:571c*     CA_FarWrite_
0000:579c*     CA_ReadFile_
0000:5818*     CA_LoadFile_
0000:58c0*     CAL_OptimizeNodes_
0000:5970*     CA_Startup_
0000:59c0*     CA_Shutdown_
1099:0900*     _finishcachebox
1099:0904*     _drawcachebox
1099:0908*     _updatecachebox
Module: kitten.o(/dos/z/16/src/lib/nyan/kitten.c)
0000:5a2c      KITTENGETS
0000:5a8c*     kittenopen_
0000:5cda+     catread_
0000:5d8e*     kittenclose_
0000:5daa+     mystrtoul_
0000:5e5e+     processEscChars_
0000:5fe4+     get_line_
0000:6056+     db_fetch_
0000:60ec+     db_insert_
1099:0494+     __kitten_catalog
Module: 16_hc.o(/dos/z/16/src/lib/16_hc.c)
0000:63ac+     LargestFreeBlock_
0000:643a+     _coreleft_
0000:64b6+     LargestFarFreeBlock_
0000:656c+     _farcoreleft_
0000:661a+     LargestHugeFreeBlock_
0000:670a*     _hugecoreleft_
0000:67da+     GetFreeSize_
0000:6834+     GetFarFreeSize_
0000:687e+     GetNearFreeSize_
0000:68cc*     heapdump_
0000:756e+     heapstat_
0000:76ac+     heapstat0_
0000:770e+     HC_OpenDebug_
0000:775e*     HC_CloseDebug_
Module: timer.o(/dos/z/16/src/lib/timer.c)
0000:7790*     start_timer_
0000:7896*     elapsed_timer_
0000:78e8*     ticktock_
0000:7954*     time_in_seconds_
Module: /dos/fdos/watcom2/lib286/dos/clibh.lib(stk086.asm)
0000:79a5      __STK
0000:79c5      __STKOVERFLOW_
Module: vgmsnd.lib(/dos/z/16/src/lib/16_snd.c)
0000:ef70      opl2out_
0000:efb2*     opl3out_
0000:efee*     opl3exp_
0000:f02a*     FMReset_
0000:f068*     FMKeyOff_
0000:f092*     FMKeyOn_
0000:f0e0*     FMSetVoice_
Module: /dos/fdos/watcom2/lib286/dos/clibh.lib(fmalloc.c)
0000:79e2      _fmalloc_
0000:79e2      malloc_
1099:04c4      ___fheap
1099:04c6      ___fheapRover
1099:04c8      ___LargestSizeB4Rover
Module: /dos/fdos/watcom2/lib286/dos/clibh.lib(pia.asm)
0000:7b5f      __PIA
0000:7b58*     __PIS
Module: vgmsnd.lib(/dos/z/16/src/lib/vgmsnd/vgmSnd.c)
0f2b:004a      OpenVGMFile_
0f2b:033a      FreeVGMFile_
0f2b:08f2      InitEngine_
0f2b:0ab0      DeinitEngine_
0f2b:0b18      PlayMusic_
0f2b:0b82*     PlaySFX_
0f2b:0c16      StopMusic_
0f2b:0c36*     StopSFX_
0f2b:0ccc*     PauseMusic_
0f2b:0d28*     ResumeMusic_
0f2b:1474      UpdateSoundEngine_
Module: /dos/fdos/watcom2/lib286/dos/clibh.lib(printf.c)
0000:7b76      printf_
Module: /dos/fdos/watcom2/lib286/dos/clibh.lib(cstart)
1099:0000*     __nullarea
1099:04d4*     __ovlflag
1099:04d5*     __intno
1099:04d6*     __ovlvec
0000:7ba6      _cstart_
0000:7c79*     _Not_Enough_Memory_
0000:7dab      __exit_
0000:7dca      __do_exit_with_msg__
0000:7e27      __GETDS
Module: /dos/fdos/watcom2/lib286/dos/clibh.lib(cmodel.asm)
0000:7e32      _big_code_
0000:7e32*     CodeModelMismatch
Module: /dos/fdos/watcom2/lib286/dos/clibh.lib(argcv.c)
1099:0b4e      __argv
1099:0b52      ___argv
1099:0b56      __argc
1099:0b58      ___argc
Module: /dos/fdos/watcom2/lib286/dos/clibh.lib(intx086.c)
0000:7e32+     int86x_
0000:7fb5      int86_
Module: /dos/fdos/watcom2/lib286/dos/clibh.lib(i4m.asm)
0000:7fe2      __I4M
0000:7fe2      __U4M
Module: /dos/fdos/watcom2/lib286/dos/clibh.lib(d_getvec.c)
0000:7ffa      _dos_getvect_
Module: /dos/fdos/watcom2/lib286/dos/clibh.lib(d_setvec.c)
0000:8005      _dos_setvect_
Module: /dos/fdos/watcom2/lib286/dos/clibh.lib(i4d.asm)
0000:8012      __I4D
0000:8061      __U4D
Module: /dos/fdos/watcom2/lib286/dos/clibh.lib(heapgrow.c)
0000:80e5*     _heapgrow_
0000:80e5      _fheapgrow_
0000:80e6      _nheapgrow_
Module: /dos/fdos/watcom2/lib286/dos/clibh.lib(memavl.c)
0000:815e      _memavl_
Module: /dos/fdos/watcom2/lib286/dos/clibh.lib(nmalloc.c)
0000:81a3      _nmalloc_
1099:04da      ___nheapbeg
1099:04dc      ___MiniHeapRover
1099:04de      ___LargestSizeB4MiniHeapRover
Module: /dos/fdos/watcom2/lib286/dos/clibh.lib(ffree.c)
0000:827d      _ffree_
0000:827d      free_
Module: /dos/fdos/watcom2/lib286/dos/clibh.lib(nfree.c)
0000:82ea      _nfree_
1099:0b5a+     ___MiniHeapFreeRover
Module: /dos/fdos/watcom2/lib286/dos/clibh.lib(exit.c)
0000:83e5+     _null_exit_rtn_
0000:83e5+     __null_int23_exit_
0000:83e6      exit_
0000:8407+     _exit_
1099:04e0+     ___int23_exit
1099:04e4      ___FPE_handler_exit
Module: /dos/fdos/watcom2/lib286/dos/clibh.lib(ptc.asm)
0000:8424      __PTC
Module: /dos/fdos/watcom2/lib286/dos/clibh.lib(ltoa.c)
0000:8457      ultoa_
0000:8515*     ltoa_
Module: /dos/fdos/watcom2/lib286/dos/clibh.lib(write.c)
0000:869b      write_
Module: /dos/fdos/watcom2/lib286/dos/clibh.lib(fopen.c)
0000:88c7+     __open_flags_
0000:8b88+     _fsopen_
0000:8bef      fopen_
0000:8d12*     freopen_
Module: /dos/fdos/watcom2/lib286/dos/clibh.lib(fprintf.c)
0000:8d9c      fprintf_
Module: /dos/fdos/watcom2/lib286/dos/clibh.lib(fclose.c)
0000:8dcb      __doclose_
0000:8f15      __shutdown_stream_
0000:8f2f      fclose_
1099:0b5c+     ___RmTmpFileFn
Module: /dos/fdos/watcom2/lib286/dos/clibh.lib(clockdos.c)
0000:8f9a+     __ibm_bios_get_ticks_
0000:9011      clock_
Module: /dos/fdos/watcom2/lib286/dos/clibh.lib(kbhit.c)
0000:9038      kbhit_
Module: /dos/fdos/watcom2/lib286/dos/clibh.lib(ftell.c)
0000:904f      ftell_
Module: /dos/fdos/watcom2/lib286/dos/clibh.lib(fseek.c)
0000:9235      fseek_
Module: /dos/fdos/watcom2/lib286/dos/clibh.lib(istable.c)
1099:0098      __IsTable
Module: /dos/fdos/watcom2/lib286/dos/clibh.lib(tolower.c)
0000:942d      tolower_
Module: /dos/fdos/watcom2/lib286/dos/clibh.lib(unlnk.c)
0000:943b      unlink_
Module: /dos/fdos/watcom2/lib286/dos/clibh.lib(open.c)
0000:966b      open_
0000:96a2      sopen_
Module: /dos/fdos/watcom2/lib286/dos/clibh.lib(close.c)
0000:96cf      close_
Module: /dos/fdos/watcom2/lib286/dos/clibh.lib(filelen.c)
0000:96d4      filelength_
Module: /dos/fdos/watcom2/lib286/dos/clibh.lib(sprintf.c)
0000:9732      sprintf_
Module: /dos/fdos/watcom2/lib286/dos/clibh.lib(getenv.c)
0000:9761      getenv_
Module: /dos/fdos/watcom2/lib286/dos/clibh.lib(pts.asm)
0000:984c      __PTS
Module: /dos/fdos/watcom2/lib286/dos/clibh.lib(read.c)
0000:987d      read_
Module: /dos/fdos/watcom2/lib286/dos/clibh.lib(strdup.c)
0000:99b6*     __clib_strdup_
0000:99b6      strdup_
Module: /dos/fdos/watcom2/lib286/dos/clibh.lib(haloc.c)
0000:9a1d      halloc_
0000:9b02      hfree_
Module: /dos/fdos/watcom2/lib286/dos/clibh.lib(fheapwal.c)
0000:9b09      _heapwalk_
0000:9b09      _fheapwalk_
Module: /dos/fdos/watcom2/lib286/dos/clibh.lib(nheapwal.c)
0000:9b1e+     __NHeapWalk_
0000:9c17      _nheapwalk_
Module: /dos/fdos/watcom2/lib286/dos/clibh.lib(stack086.c)
0000:9c27      stackavail_
Module: /dos/fdos/watcom2/lib286/dos/clibh.lib(_8087086.asm)
1099:04f0      __8087
1099:04f1      __real87
1099:04f2      __dos87emucall
1099:04f4      __dos87real
Module: /dos/fdos/watcom2/lib286/dos/clibh.lib(xmsg.c)
0000:9c36*     __exit_with_msg_
0000:9c3b      __fatal_runtime_error_
Module: /dos/fdos/watcom2/lib286/dos/clibh.lib(crwdata)
1099:04f6      __curbrk
1099:04fe      __STACKLOW
1099:0500      __STACKTOP
1099:0502      __cbyte
1099:0504      __child
1099:0506      __no87
1099:0513      ___FPE_handler
1099:04f8      __psp
1099:0507      __get_ovl_stack
1099:050b      __restore_ovl_stack
1099:050f      __close_ovl_file
1099:0517      __LpCmdLine
1099:051b      __LpPgmName
1099:04fa      __osmajor
1099:04fb      __osminor
1099:04fc      __osmode
1099:04fd      __HShift
Module: /dos/fdos/watcom2/lib286/dos/clibh.lib(mem.c)
0000:9c60      __MemAllocator
0000:9d2a      __MemFree
Module: /dos/fdos/watcom2/lib286/dos/clibh.lib(growseg.c)
0000:9e87      __GrowSeg_
Module: /dos/fdos/watcom2/lib286/dos/clibh.lib(allocseg.c)
0000:9ffd      __AllocSeg_
Module: /dos/fdos/watcom2/lib286/dos/clibh.lib(fmemneed.c)
0000:a0ec      __fmemneed_
Module: /dos/fdos/watcom2/lib286/dos/clibh.lib(fread.c)
0000:a0ef      fread_
Module: /dos/fdos/watcom2/lib286/dos/clibh.lib(iob.c)
1099:0520      ___iob
1099:0b64      ___ClosedStreams
1099:0b68      ___OpenStreams
Module: /dos/fdos/watcom2/lib286/dos/clibh.lib(fprtf.c)
0000:a480      __fprtf_
Module: /dos/fdos/watcom2/lib286/dos/clibh.lib(cmain086.c)
0000:a5d3      __CMain
Module: /dos/fdos/watcom2/lib286/dos/clibh.lib(initrtns.c)
0000:a639      __InitRtns
0000:a639*     __FInitRtns
0000:a694      __FiniRtns
0000:a694*     __FFiniRtns
Module: /dos/fdos/watcom2/lib286/dos/clibh.lib(uselfn.c)
1099:0688      ___uselfn
Module: /dos/fdos/watcom2/lib286/dos/clibh.lib(dosseg)
0000:a6f8      __DOSseg__
Module: /dos/fdos/watcom2/lib286/dos/clibh.lib(initargv.c)
0000:a6f9      __Init_Argv_
0000:a75c+     _getargv_
0000:aa8c      __Fini_Argv_
Module: /dos/fdos/watcom2/lib286/dos/clibh.lib(intr.c)
0000:aab6      intr_
Module: /dos/fdos/watcom2/lib286/dos/clibh.lib(segread.c)
0000:aaca      segread_
Module: /dos/fdos/watcom2/lib286/dos/clibh.lib(grownear.c)
0000:abb5      __LastFree_
0000:ac2f      __ExpandDGROUP_
Module: /dos/fdos/watcom2/lib286/dos/clibh.lib(nmemneed.c)
0000:ad40      __nmemneed_
Module: /dos/fdos/watcom2/lib286/dos/clibh.lib(alphabet.c)
1099:0022      ___Alphabet
Module: /dos/fdos/watcom2/lib286/dos/clibh.lib(__lseek.c)
0000:ad43      __lseek_
Module: /dos/fdos/watcom2/lib286/dos/clibh.lib(dosret.c)
0000:ad7d*     __dosretax
0000:ad82*     __dosret0
0000:ad89      __set_errno_dos_
0000:adf1*     __set_errno_dos_reterr_
Module: /dos/fdos/watcom2/lib286/dos/clibh.lib(errno.c)
0000:adfc*     __get_errno_ptr_
1099:0b70      _errno
Module: /dos/fdos/watcom2/lib286/dos/clibh.lib(iomode.c)
0000:ae03      __GetIOMode_
0000:ae38      __SetIOMode_nogrow_
1099:069e      ___NFiles
1099:06a0      ___init_mode
1099:06c8      ___io_mode
Module: /dos/fdos/watcom2/lib286/dos/clibh.lib(comtflag.c)
0000:ae6d*     __set_commode_
1099:06cc      __commode
Module: /dos/fdos/watcom2/lib286/dos/clibh.lib(textmode.c)
1099:06ce      __fmode
Module: /dos/fdos/watcom2/lib286/dos/clibh.lib(chktty.c)
0000:ae79      __chktty_
Module: /dos/fdos/watcom2/lib286/dos/clibh.lib(freefp.c)
0000:aed8      __freefp_
0000:af79      __purgefp_
Module: /dos/fdos/watcom2/lib286/dos/clibh.lib(allocfp.c)
0000:afba      __allocfp_
Module: /dos/fdos/watcom2/lib286/dos/clibh.lib(_clse.c)
0000:b16a      __close_
Module: /dos/fdos/watcom2/lib286/dos/clibh.lib(flush.c)
0000:b1a0      __flush_
Module: /dos/fdos/watcom2/lib286/dos/clibh.lib(fflush.c)
0000:b3e9      fflush_
Module: /dos/fdos/watcom2/lib286/dos/clibh.lib(tell.c)
0000:b3fe      tell_
Module: /dos/fdos/watcom2/lib286/dos/clibh.lib(lseek.c)
0000:b40f      lseek_
Module: /dos/fdos/watcom2/lib286/dos/clibh.lib(error086.asm)
0000:b440      __doserror_
0000:b44e      __doserror1_
Module: /dos/fdos/watcom2/lib286/dos/clibh.lib(opendos.c)
0000:b45a      _dos_open_
Module: /dos/fdos/watcom2/lib286/dos/clibh.lib(isatt.c)
0000:b480      isatty_
Module: /dos/fdos/watcom2/lib286/dos/clibh.lib(doserrno.c)
0000:b49c*     __get_doserrno_ptr_
1099:0b72      __doserrno
Module: /dos/fdos/watcom2/lib286/dos/clibh.lib(umaskval.c)
1099:06d0      ___umaskval
Module: /dos/fdos/watcom2/lib286/dos/clibh.lib(creatdos.c)
0000:b4a3      _dos_creat_
0000:b4c7*     _dos_creatnew_
Module: /dos/fdos/watcom2/lib286/dos/clibh.lib(stiomode.c)
0000:b4e8+     __grow_iomode_
0000:b5cf+     __shrink_iomode_
0000:b610      __SetIOMode_
Module: /dos/fdos/watcom2/lib286/dos/clibh.lib(vsprintf.c)
0000:b6d0      vsprintf_
Module: /dos/fdos/watcom2/lib286/dos/clibh.lib(environ.c)
1099:0b76      ___env_mask
1099:0b7a      _environ
1099:0b7e*     __wenviron
Module: /dos/fdos/watcom2/lib286/dos/clibh.lib(mbterm.c)
0000:b712      _mbterm_
Module: /dos/fdos/watcom2/lib286/dos/clibh.lib(mbsnextc.c)
0000:b765      _mbsnextc_
Module: /dos/fdos/watcom2/lib286/dos/clibh.lib(mbcupper.c)
0000:b7c0      _mbctoupper_
Module: /dos/fdos/watcom2/lib286/dos/clibh.lib(mbsinc.c)
0000:b7e3      _mbsinc_
Module: /dos/fdos/watcom2/lib286/dos/clibh.lib(iomodtty.c)
0000:b835      __ChkTTYIOMode_
0000:b8a3*     __IOMode_
Module: /dos/fdos/watcom2/lib286/dos/clibh.lib(heapwalk.c)
0000:b975      __HeapWalk_
Module: /dos/fdos/watcom2/lib286/dos/clibh.lib(chk8087.c)
0000:bbb5*     _fpreset_
0000:bbe0      __init_8087_
0000:bc13+     __default_sigfpe_handler_
0000:bc68      __chk8087_
Module: /dos/fdos/watcom2/lib286/dos/clibh.lib(enterdb.c)
0000:bcd8      __EnterWVIDEO_
1099:06f0+     ___WD_Present
Module: /dos/fdos/watcom2/lib286/dos/clibh.lib(heapen.c)
0000:bcfc*     _heapenable_
1099:06f2      ___heap_enabled
Module: /dos/fdos/watcom2/lib286/dos/clibh.lib(amblksiz.c)
1099:06f4      __amblksiz
Module: /dos/fdos/watcom2/lib286/dos/clibh.lib(ioalloc.c)
0000:bd0d      __ioalloc_
Module: /dos/fdos/watcom2/lib286/dos/clibh.lib(qread.c)
0000:be9b      __qread_
Module: /dos/fdos/watcom2/lib286/dos/clibh.lib(fgetc.c)
0000:bebb      __fill_buffer_
0000:c10a*     fgetc_
Module: /dos/fdos/watcom2/lib286/dos/clibh.lib(initfile.c)
0000:c251      __InitFiles_
Module: /dos/fdos/watcom2/lib286/dos/clibh.lib(ioexit.c)
0000:c485*     fcloseall_
0000:c48c      __full_io_exit_
Module: /dos/fdos/watcom2/lib286/dos/clibh.lib(fputc.c)
0000:c496      fputc_
Module: /dos/fdos/watcom2/lib286/dos/clibh.lib(prtf.c)
0000:c66b      __prtf_
Module: /dos/fdos/watcom2/lib286/dos/clibh.lib(___argc.c)
1099:0b82      ____Argv
1099:0b86      ____Argc
Module: /dos/fdos/watcom2/lib286/dos/clibh.lib(sgdef086)
1099:0724      __Start_XI
1099:075a      __End_XI
1099:075a      __Start_YI
1099:0772      __End_YI
Module: /dos/fdos/watcom2/lib286/dos/clibh.lib(histsplt.c)
1099:0b88      ___historical_splitparms
Module: /dos/fdos/watcom2/lib286/dos/clibh.lib(dointr)
0000:d7ce      _DoINTR_
Module: /dos/fdos/watcom2/lib286/dos/clibh.lib(sbrk.c)
0000:db47*     sbrk_
0000:db57      __brk_
Module: /dos/fdos/watcom2/lib286/dos/clibh.lib(qwrit.c)
0000:dbbf      __qwrite_
Module: /dos/fdos/watcom2/lib286/dos/clibh.lib(fsync.c)
0000:dc1f      fsync_
Module: /dos/fdos/watcom2/lib286/dos/clibh.lib(flushall.c)
0000:dc24      __flushall_
0000:dcb8      flushall_
Module: /dos/fdos/watcom2/lib286/dos/clibh.lib(frealloc.c)
0000:dcbe*     _frealloc_
0000:dcbe      realloc_
Module: /dos/fdos/watcom2/lib286/dos/clibh.lib(setenvp.c)
0000:ddb8      __setenvp_
0000:df44      __freeenvp_
Module: /dos/fdos/watcom2/lib286/dos/clibh.lib(mbisdbcs.c)
1099:06f6      ___IsDBCS
Module: /dos/fdos/watcom2/lib286/dos/clibh.lib(mbislead.c)
0000:dfa2*     _ismbblead_
1099:0b8e      ___MBCSIsTable
Module: /dos/fdos/watcom2/lib286/dos/clibh.lib(mbinit.c)
0000:dffc      __mbinit_
1099:06f8      ___MBCodePage
Module: /dos/fdos/watcom2/lib286/dos/clibh.lib(mbdtoupp.c)
0000:e0d7      _mbdtoupper_
Module: /dos/fdos/watcom2/lib286/dos/clibh.lib(toupper.c)
0000:e0e5      toupper_
Module: /dos/fdos/watcom2/lib286/dos/clibh.lib(8087cw.c)
1099:06fa      __8087cw
Module: /dos/fdos/watcom2/lib286/dos/clibh.lib(save8087.c)
1099:06fc      ___Save8087
1099:0700      ___Rest8087
Module: /dos/fdos/watcom2/lib286/dos/clibh.lib(grabfp87.c)
0000:e0f4      __GrabFP87_
Module: /dos/fdos/watcom2/lib286/dos/clibh.lib(ini87086.asm)
0000:e126*     __init_8087_emu
0000:e12c      __x87id
Module: /dos/fdos/watcom2/lib286/dos/clibh.lib(gtche.c)
0000:e189      getche_
Module: /dos/fdos/watcom2/lib286/dos/clibh.lib(wctomb.c)
0000:e1a3      wctomb_
Module: /dos/fdos/watcom2/lib286/dos/clibh.lib(itoa.c)
0000:e1ee+     utoa_
0000:e28f      itoa_
Module: /dos/fdos/watcom2/lib286/dos/clibh.lib(strupr.c)
0000:e2d9      strupr_
Module: /dos/fdos/watcom2/lib286/dos/clibh.lib(noefgfmt.c)
1099:0704      ___EFG_printf
1099:0708*     ___EFG_scanf
Module: /dos/fdos/watcom2/lib286/dos/clibh.lib(lltoa.c)
0000:e321      ulltoa_
0000:e45e*     lltoa_
Module: /dos/fdos/watcom2/lib286/dos/clibh.lib(filedos.c)
0000:e4cf*     _dos_close_
0000:e4dd      _dos_commit_
Module: /dos/fdos/watcom2/lib286/dos/clibh.lib(fmsize.c)
0000:e4ec*     _msize_
0000:e507      _fmsize_
Module: /dos/fdos/watcom2/lib286/dos/clibh.lib(nexpand.c)
0000:e518      __HeapManager_expand_
0000:ea21      _nexpand_
Module: /dos/fdos/watcom2/lib286/dos/clibh.lib(fexpand.c)
0000:ea74      _fexpand_
0000:ea74*     _expand_
Module: /dos/fdos/watcom2/lib286/dos/clibh.lib(clearenv.c)
0000:eaa9      clearenv_
Module: /dos/fdos/watcom2/lib286/dos/clibh.lib(fpe87.asm)
0000:ebde      __Init_FPE_handler_
0000:ec17      __Fini_FPE_handler_
0000:ec4e*     __FPEHandler
Module: /dos/fdos/watcom2/lib286/dos/clibh.lib(bfree.c)
0000:eee0      _bfree_
Module: /dos/fdos/watcom2/lib286/dos/clibh.lib(bexpand.c)
0000:ef05      _bexpand_
Module: /dos/fdos/watcom2/lib286/dos/clibh.lib(fpeint.c)
1099:0722      ___FPE_int


                        +--------------------+
                        |   Libraries Used   |
                        +--------------------+

vgmsnd.lib
/dos/fdos/watcom2/lib286/dos/clibh.lib


                        +-----------------------+
                        |   Linker Statistics   |
                        +-----------------------+

Stack size:  dac0 (56000.)
Memory size:  0001f2f0 (127728.)
Entry point address: 0000:7ba6
Link time: 00:00.00
