
 Start  Stop   Length Name               Class

 00000H 044F8H 044F9H _TEXT              CODE
 044FAH 044FAH 00000H H_LDIV_TEXT        CODE
 044FAH 04899H 003A0H WOLFHACK_TEXT      CODE
 0489AH 04904H 0006BH WHACK_A_TEXT       CODE
 04906H 0491CH 00017H WL_ASM_TEXT        CODE
 0491DH 062DDH 019C1H WL_MAIN_TEXT       CODE
 062DEH 06CD5H 009F8H WL_TEXT_TEXT       CODE
 06CD6H 0B05DH 04388H WL_MENU_TEXT       CODE
 0B05EH 0C637H 015DAH WL_INTER_TEXT      CODE
 0C638H 0DA6CH 01435H WL_GAME_TEXT       CODE
 0DA6DH 0EC13H 011A7H WL_PLAY_TEXT       CODE
 0EC14H 0F7ABH 00B98H WL_DEBUG_TEXT      CODE
 0F7ACH 10792H 00FE7H WL_DRAW_TEXT       CODE
 10794H 10BFDH 0046AH WL_DR_A_TEXT       CODE
 10BFEH 114B0H 008B3H WL_SCALE_TEXT      CODE
 114B1H 12D5FH 018AFH WL_STATE_TEXT      CODE
 12D60H 1402BH 012CCH WL_AGENT_TEXT      CODE
 1402CH 14D6CH 00D41H WL_ACT1_TEXT       CODE
 14D6DH 1710AH 0239EH WL_ACT2_TEXT       CODE
 1710BH 1885CH 01752H ID_CA_TEXT         CODE
 1885DH 193E0H 00B84H ID_IN_TEXT         CODE
 193E1H 1A267H 00E87H ID_MM_TEXT         CODE
 1A268H 1B44AH 011E3H ID_PM_TEXT         CODE
 1B44BH 1CD63H 01919H ID_SD_TEXT         CODE
 1CD64H 1D1D4H 00471H ID_SD_A_TEXT       CODE
 1D1D5H 1DDD7H 00C03H ID_US_1_TEXT       CODE
 1DDD8H 1DE1CH 00045H ID_US_A_TEXT       CODE
 1DE1DH 1E98FH 00B73H ID_VL_TEXT         CODE
 1E990H 1F2B9H 0092AH ID_VH_TEXT         CODE
 1F2BAH 1F54DH 00294H ID_VL_A_TEXT       CODE
 1F54EH 1F743H 001F6H ID_VH_A_TEXT       CODE
 1F750H 21EC6H 02777H EMU_PROG           CODE
 21ED0H 22497H 005C8H E87_PROG           CODE
 224A0H 224A0H 00000H _FARDATA           FAR_DATA
 224A0H 2449FH 02000H FAR_DATA           FAR_DATA
 244A0H 245A1H 00102H FAR_DATA           FAR_DATA
 245B0H 248A3H 002F4H WL_MAIN5_DATA      FAR_DATA
 248B0H 24B7FH 002D0H WL_MENU5_DATA      FAR_DATA
 24B80H 24CF9H 0017AH WL_MENU6_DATA      FAR_DATA
 24D00H 24EF7H 001F8H WL_MENU7_DATA      FAR_DATA
 24F00H 24FFBH 000FCH WL_MENU8_DATA      FAR_DATA
 25000H 251CDH 001CEH WL_MENU9_DATA      FAR_DATA
 251D0H 25277H 000A8H WL_MENU10_DATA     FAR_DATA
 25280H 25423H 001A4H WL_MENU11_DATA     FAR_DATA
 25430H 255A9H 0017AH WL_MENU12_DATA     FAR_DATA
 255B0H 255D3H 00024H WL_MENU13_DATA     FAR_DATA
 255E0H 34FDFH 0FA00H SignonSeg          FAR_DATA
 34FE0H 3505FH 00080H ID_IN5_DATA        FAR_DATA
 35060H 350DFH 00080H ID_IN6_DATA        FAR_DATA
 350E0H 3515FH 00080H ID_IN7_DATA        FAR_DATA
 35160H 35160H 00000H _FARBSS            FAR_BSS
 35160H 356B8H 00559H _COMDEF_AA_        FAR_BSS
 356C0H 35DC7H 00708H _COMDEF_AB_        FAR_BSS
 35DD0H 36BDFH 00E10H _COMDEF_AC_        FAR_BSS
 36BE0H 36C74H 00095H _COMDEF_AD_        FAR_BSS
 36C80H 37E7FH 01200H _COMDEF_AE_        FAR_BSS
 37E80H 3907FH 01200H _COMDEF_AF_        FAR_BSS
 39080H 3B14FH 020D0H _COMDEF_AG_        FAR_BSS
 3B150H 3B44FH 00300H _COMDEF_AH_        FAR_BSS
 3B450H 3B74FH 00300H _COMDEF_AI_        FAR_BSS
 3B750H 3B750H 00000H _OVERLAY_          OVRINFO
 3B750H 3B750H 00000H _1STUB_            STUBSEG
 3B750H 3FE89H 0473AH _DATA              DATA
 3FE8AH 3FE8DH 00004H _CVTSEG            DATA
 3FE8EH 3FE99H 0000CH _SCNSEG            DATA
 3FE9AH 3FE9AH 00000H _CONST             CONST
 3FE9AH 3FEB7H 0001EH _INIT_             INITDATA
 3FEB8H 3FEB8H 00000H _INITEND_          INITDATA
 3FEB8H 3FEBDH 00006H _EXIT_             EXITDATA
 3FEBEH 3FEBEH 00000H _EXITEND_          EXITDATA
 3FEBEH 40133H 00276H _BSS               BSS
 40134H 4A6FCH 0A5C9H _COMDEF_           BSS
 4A6FDH 4A6FDH 00000H _BSSEND            BSSEND
 4A700H 4A77FH 00080H _STACK             STACK


Detailed map of segments

 0000:0000 02B3 C=CODE   S=_TEXT          G=(none)  M=C0.ASM     ACBP=28
 0000:02B3 00DE C=CODE   S=_TEXT          G=(none)  M=H_LDIV.ASM ACBP=28
 0000:0391 0258 C=CODE   S=_TEXT          G=(none)  M=FPINIT     ACBP=28
 0000:05E9 0000 C=CODE   S=_TEXT          G=(none)  M=E87TRAP    ACBP=28
 0000:05E9 0000 C=CODE   S=_TEXT          G=(none)  M=PROTFLAG   ACBP=28
 0000:05E9 0000 C=CODE   S=_TEXT          G=(none)  M=DEFLT87    ACBP=28
 0000:05E9 000D C=CODE   S=_TEXT          G=(none)  M=ATAN       ACBP=28
 0000:05F6 0000 C=CODE   S=_TEXT          G=(none)  M=HUGEVAL    ACBP=28
 0000:05F6 009A C=CODE   S=_TEXT          G=(none)  M=LDTRUNC    ACBP=28
 0000:0690 0000 C=CODE   S=_TEXT          G=(none)  M=MATHWHY    ACBP=28
 0000:0690 01B5 C=CODE   S=_TEXT          G=(none)  M=REALCVT    ACBP=28
 0000:0845 0361 C=CODE   S=_TEXT          G=(none)  M=SCANTOD    ACBP=28
 0000:0BA6 0209 C=CODE   S=_TEXT          G=(none)  M=XCVT       ACBP=28
 0000:0DAF 00A6 C=CODE   S=_TEXT          G=(none)  M=FPERR      ACBP=28
 0000:0E55 00C9 C=CODE   S=_TEXT          G=(none)  M=_POW10     ACBP=28
 0000:0F1E 000B C=CODE   S=_TEXT          G=(none)  M=POW10D     ACBP=28
 0000:0F29 0026 C=CODE   S=_TEXT          G=(none)  M=MATHERR    ACBP=28
 0000:0F4F 004D C=CODE   S=_TEXT          G=(none)  M=SIN        ACBP=28
 0000:0F9C 0050 C=CODE   S=_TEXT          G=(none)  M=TAN        ACBP=28
 0000:0FEC 0090 C=CODE   S=_TEXT          G=(none)  M=_MATHERR   ACBP=28
 0000:107C 00BB C=CODE   S=_TEXT          G=(none)  M=ATAN2      ACBP=28
 0000:1137 002C C=CODE   S=_TEXT          G=(none)  M=FFTOL      ACBP=28
 0000:1163 002D C=CODE   S=_TEXT          G=(none)  M=ATEXIT     ACBP=28
 0000:1190 0000 C=CODE   S=_TEXT          G=(none)  M=CTYPE      ACBP=28
 0000:1190 0036 C=CODE   S=_TEXT          G=(none)  M=DOSDFREE   ACBP=28
 0000:11C6 0038 C=CODE   S=_TEXT          G=(none)  M=DOSFATTR   ACBP=28
 0000:11FE 0032 C=CODE   S=_TEXT          G=(none)  M=DOSGDATE   ACBP=28
 0000:1230 0023 C=CODE   S=_TEXT          G=(none)  M=DOSWRITE   ACBP=28
 0000:1253 0093 C=CODE   S=_TEXT          G=(none)  M=EXIT       ACBP=28
 0000:12E6 0000 C=CODE   S=_TEXT          G=(none)  M=FILES      ACBP=28
 0000:12E6 0000 C=CODE   S=_TEXT          G=(none)  M=FILES2     ACBP=28
 0000:12E6 0000 C=CODE   S=_TEXT          G=(none)  M=FMODE      ACBP=28
 0000:12E6 0000 C=CODE   S=_TEXT          G=(none)  M=FPSTKLEN   ACBP=28
 0000:12E6 0017 C=CODE   S=_TEXT          G=(none)  M=F_LXMUL    ACBP=28
 0000:12FD 0021 C=CODE   S=_TEXT          G=(none)  M=F_PCMP     ACBP=28
 0000:131E 001C C=CODE   S=_TEXT          G=(none)  M=F_SCOPY    ACBP=28
 0000:133A 0020 C=CODE   S=_TEXT          G=(none)  M=GETVECT    ACBP=28
 0000:135A 0000 C=CODE   S=_TEXT          G=(none)  M=HEAPLEN    ACBP=28
 0000:135A 0021 C=CODE   S=_TEXT          G=(none)  M=H_LLSH     ACBP=28
 0000:137B 0020 C=CODE   S=_TEXT          G=(none)  M=H_LRSH     ACBP=28
 0000:139B 0021 C=CODE   S=_TEXT          G=(none)  M=H_LURSH    ACBP=28
 0000:13BC 0088 C=CODE   S=_TEXT          G=(none)  M=H_PADA     ACBP=28
 0000:1444 0060 C=CODE   S=_TEXT          G=(none)  M=H_PADD     ACBP=28
 0000:14A4 0028 C=CODE   S=_TEXT          G=(none)  M=H_PSBP     ACBP=28
 0000:14CC 0027 C=CODE   S=_TEXT          G=(none)  M=H_SPUSH    ACBP=28
 0000:14F3 004B C=CODE   S=_TEXT          G=(none)  M=IOERROR    ACBP=28
 0000:153E 0011 C=CODE   S=_TEXT          G=(none)  M=ISATTY     ACBP=28
 0000:154F 009A C=CODE   S=_TEXT          G=(none)  M=LONGTOA    ACBP=28
 0000:15E9 0029 C=CODE   S=_TEXT          G=(none)  M=LSEEK      ACBP=28
 0000:1612 0082 C=CODE   S=_TEXT          G=(none)  M=MKNAME     ACBP=28
 0000:1694 0021 C=CODE   S=_TEXT          G=(none)  M=N_PCMP     ACBP=28
 0000:16B5 002D C=CODE   S=_TEXT          G=(none)  M=READA      ACBP=28
 0000:16E2 01AA C=CODE   S=_TEXT          G=(none)  M=SCANTOL    ACBP=28
 0000:188C 00A5 C=CODE   S=_TEXT          G=(none)  M=SETUPIO    ACBP=28
 0000:1931 0000 C=CODE   S=_TEXT          G=(none)  M=SIGDATA    ACBP=28
 0000:1931 0000 C=CODE   S=_TEXT          G=(none)  M=STKLEN     ACBP=28
 0000:1931 002C C=CODE   S=_TEXT          G=(none)  M=TOLOWER    ACBP=28
 0000:195D 002C C=CODE   S=_TEXT          G=(none)  M=TOUPPER    ACBP=28
 0000:1989 0016 C=CODE   S=_TEXT          G=(none)  M=UNLINK     ACBP=28
 0000:199F 04CB C=CODE   S=_TEXT          G=(none)  M=VPRINTER   ACBP=28
 0000:1E6A 009F C=CODE   S=_TEXT          G=(none)  M=VRAM       ACBP=28
 0000:1F09 001A C=CODE   S=_TEXT          G=(none)  M=XCLOSE     ACBP=28
 0000:1F23 0029 C=CODE   S=_TEXT          G=(none)  M=_STPCPY    ACBP=28
 0000:1F4C 0025 C=CODE   S=_TEXT          G=(none)  M=BIOSKEY    ACBP=28
 0000:1F71 006F C=CODE   S=_TEXT          G=(none)  M=BRK        ACBP=28
 0000:1FE0 0029 C=CODE   S=_TEXT          G=(none)  M=CLRSCR     ACBP=28
 0000:2009 0010 C=CODE   S=_TEXT          G=(none)  M=CORELEFT   ACBP=28
 0000:2019 01A1 C=CODE   S=_TEXT          G=(none)  M=CRTINIT    ACBP=28
 0000:21BA 001F C=CODE   S=_TEXT          G=(none)  M=CVTFAK     ACBP=28
 0000:21D9 0421 C=CODE   S=_TEXT          G=(none)  M=FARHEAP    ACBP=28
 0000:25FA 0140 C=CODE   S=_TEXT          G=(none)  M=FBRK       ACBP=28
 0000:273A 0050 C=CODE   S=_TEXT          G=(none)  M=FCORELFT   ACBP=28
 0000:278A 0049 C=CODE   S=_TEXT          G=(none)  M=GOTOXY     ACBP=28
 0000:27D3 00A8 C=CODE   S=_TEXT          G=(none)  M=GPTEXT     ACBP=28
 0000:287B 002E C=CODE   S=_TEXT          G=(none)  M=HARD       ACBP=28
 0000:28A9 0126 C=CODE   S=_TEXT          G=(none)  M=HARDERR    ACBP=28
 0000:29CF 0027 C=CODE   S=_TEXT          G=(none)  M=IOCTL      ACBP=28
 0000:29F6 009D C=CODE   S=_TEXT          G=(none)  M=MOVETEXT   ACBP=28
 0000:2A93 027B C=CODE   S=_TEXT          G=(none)  M=NEARHEAP   ACBP=28
 0000:2D0E 0004 C=CODE   S=_TEXT          G=(none)  M=REALCVT    ACBP=28
 0000:2D12 01BD C=CODE   S=_TEXT          G=(none)  M=SCREEN     ACBP=28
 0000:2ECF 0188 C=CODE   S=_TEXT          G=(none)  M=SCROLL     ACBP=28
 0000:3057 0119 C=CODE   S=_TEXT          G=(none)  M=SETARGV    ACBP=28
 0000:3170 001C C=CODE   S=_TEXT          G=(none)  M=SETBLOCK   ACBP=28
 0000:318C 005D C=CODE   S=_TEXT          G=(none)  M=SETENVP    ACBP=28
 0000:31E9 002C C=CODE   S=_TEXT          G=(none)  M=WHEREXY    ACBP=28
 0000:3215 007D C=CODE   S=_TEXT          G=(none)  M=ATOL       ACBP=28
 0000:3292 0010 C=CODE   S=_TEXT          G=(none)  M=BDOS       ACBP=28
 0000:32A2 001B C=CODE   S=_TEXT          G=(none)  M=CHMODA     ACBP=28
 0000:32BD 0028 C=CODE   S=_TEXT          G=(none)  M=CLOSE      ACBP=28
 0000:32E5 001E C=CODE   S=_TEXT          G=(none)  M=CLOSEA     ACBP=28
 0000:3303 008B C=CODE   S=_TEXT          G=(none)  M=CREAT      ACBP=28
 0000:338E 0081 C=CODE   S=_TEXT          G=(none)  M=FCLOSE     ACBP=28
 0000:340F 0081 C=CODE   S=_TEXT          G=(none)  M=FFLUSH     ACBP=28
 0000:3490 0060 C=CODE   S=_TEXT          G=(none)  M=FINDFIRS   ACBP=28
 0000:34F0 0041 C=CODE   S=_TEXT          G=(none)  M=FLENGTH    ACBP=28
 0000:3531 003A C=CODE   S=_TEXT          G=(none)  M=FLUSHALL   ACBP=28
 0000:356B 01A0 C=CODE   S=_TEXT          G=(none)  M=FOPEN      ACBP=28
 0000:370B 0016 C=CODE   S=_TEXT          G=(none)  M=FPRINTF    ACBP=28
 0000:3721 018C C=CODE   S=_TEXT          G=(none)  M=FSEEK      ACBP=28
 0000:38AD 005F C=CODE   S=_TEXT          G=(none)  M=GETENV     ACBP=28
 0000:390C 0067 C=CODE   S=_TEXT          G=(none)  M=LTOA1      ACBP=28
 0000:3973 001F C=CODE   S=_TEXT          G=(none)  M=MEMCPY     ACBP=28
 0000:3992 0022 C=CODE   S=_TEXT          G=(none)  M=MOVEDATA   ACBP=28
 0000:39B4 0183 C=CODE   S=_TEXT          G=(none)  M=OPEN       ACBP=28
 0000:3B37 004D C=CODE   S=_TEXT          G=(none)  M=OPENA      ACBP=28
 0000:3B84 0017 C=CODE   S=_TEXT          G=(none)  M=PRINTF     ACBP=28
 0000:3B9B 0309 C=CODE   S=_TEXT          G=(none)  M=PUTC       ACBP=28
 0000:3EA4 004B C=CODE   S=_TEXT          G=(none)  M=PUTS       ACBP=28
 0000:3EEF 00CE C=CODE   S=_TEXT          G=(none)  M=READ       ACBP=28
 0000:3FBD 0003 C=CODE   S=_TEXT          G=(none)  M=READU      ACBP=28
 0000:3FC0 00D8 C=CODE   S=_TEXT          G=(none)  M=SETVBUF    ACBP=28
 0000:4098 0061 C=CODE   S=_TEXT          G=(none)  M=SPRINTF    ACBP=28
 0000:40F9 0039 C=CODE   S=_TEXT          G=(none)  M=STRCAT     ACBP=28
 0000:4132 001A C=CODE   S=_TEXT          G=(none)  M=STRLEN     ACBP=28
 0000:414C 00FF C=CODE   S=_TEXT          G=(none)  M=STRTOL     ACBP=28
 0000:424B 010E C=CODE   S=_TEXT          G=(none)  M=WRITE      ACBP=28
 0000:4359 003A C=CODE   S=_TEXT          G=(none)  M=WRITEA     ACBP=28
 0000:4393 0003 C=CODE   S=_TEXT          G=(none)  M=WRITEU     ACBP=28
 0000:4396 0028 C=CODE   S=_TEXT          G=(none)  M=XFCLOSE    ACBP=28
 0000:43BE 0023 C=CODE   S=_TEXT          G=(none)  M=XFFLUSH    ACBP=28
 0000:43E1 0028 C=CODE   S=_TEXT          G=(none)  M=FMEMCMP    ACBP=28
 0000:4409 0024 C=CODE   S=_TEXT          G=(none)  M=FMEMCPY    ACBP=28
 0000:442D 0043 C=CODE   S=_TEXT          G=(none)  M=FMEMSET    ACBP=28
 0000:4470 0029 C=CODE   S=_TEXT          G=(none)  M=FSTRCPY    ACBP=28
 0000:4499 0041 C=CODE   S=_TEXT          G=(none)  M=FSTRICMP   ACBP=28
 0000:44DA 001F C=CODE   S=_TEXT          G=(none)  M=FSTRLEN    ACBP=28
 044F:000A 0000 C=CODE   S=H_LDIV_TEXT    G=(none)  M=H_LDIV.ASM ACBP=48
 044F:000A 03A0 C=CODE   S=WOLFHACK_TEXT  G=(none)  M=WOLFHACK.C ACBP=28
 0489:000A 006B C=CODE   S=WHACK_A_TEXT   G=(none)  M=WHACK_A.ASM ACBP=48
 0490:0006 0017 C=CODE   S=WL_ASM_TEXT    G=(none)  M=WL_ASM.ASM ACBP=48
 0491:000D 19C1 C=CODE   S=WL_MAIN_TEXT   G=(none)  M=WL_MAIN.C  ACBP=28
 062D:000E 09F8 C=CODE   S=WL_TEXT_TEXT   G=(none)  M=WL_TEXT.C  ACBP=28
 06CD:0006 4388 C=CODE   S=WL_MENU_TEXT   G=(none)  M=WL_MENU.C  ACBP=28
 0B05:000E 15DA C=CODE   S=WL_INTER_TEXT  G=(none)  M=WL_INTER.C ACBP=28
 0C63:0008 1435 C=CODE   S=WL_GAME_TEXT   G=(none)  M=WL_GAME.C  ACBP=28
 0DA6:000D 11A7 C=CODE   S=WL_PLAY_TEXT   G=(none)  M=WL_PLAY.C  ACBP=28
 0EC1:0004 0B98 C=CODE   S=WL_DEBUG_TEXT  G=(none)  M=WL_DEBUG.C ACBP=28
 0F7A:000C 0FE7 C=CODE   S=WL_DRAW_TEXT   G=(none)  M=WL_DRAW.C  ACBP=28
 1079:0004 046A C=CODE   S=WL_DR_A_TEXT   G=(none)  M=WL_DR_A.ASM ACBP=48
 10BF:000E 08B3 C=CODE   S=WL_SCALE_TEXT  G=(none)  M=WL_SCALE.C ACBP=28
 114B:0001 18AF C=CODE   S=WL_STATE_TEXT  G=(none)  M=WL_STATE.C ACBP=28
 12D6:0000 12CC C=CODE   S=WL_AGENT_TEXT  G=(none)  M=WL_AGENT.C ACBP=28
 1402:000C 0D41 C=CODE   S=WL_ACT1_TEXT   G=(none)  M=WL_ACT1.C  ACBP=28
 14D6:000D 239E C=CODE   S=WL_ACT2_TEXT   G=(none)  M=WL_ACT2.C  ACBP=28
 1710:000B 1752 C=CODE   S=ID_CA_TEXT     G=(none)  M=ID_CA.C    ACBP=28
 1885:000D 0B84 C=CODE   S=ID_IN_TEXT     G=(none)  M=ID_IN.C    ACBP=28
 193E:0001 0E87 C=CODE   S=ID_MM_TEXT     G=(none)  M=ID_MM.C    ACBP=28
 1A26:0008 11E3 C=CODE   S=ID_PM_TEXT     G=(none)  M=ID_PM.C    ACBP=28
 1B44:000B 1919 C=CODE   S=ID_SD_TEXT     G=(none)  M=ID_SD.C    ACBP=28
 1CD6:0004 0471 C=CODE   S=ID_SD_A_TEXT   G=(none)  M=ID_SD_A.ASM ACBP=48
 1D1D:0005 0C03 C=CODE   S=ID_US_1_TEXT   G=(none)  M=ID_US_1.C  ACBP=28
 1DDD:0008 0045 C=CODE   S=ID_US_A_TEXT   G=(none)  M=ID_US_A.ASM ACBP=48
 1DE1:000D 0B73 C=CODE   S=ID_VL_TEXT     G=(none)  M=ID_VL.C    ACBP=28
 1E99:0000 092A C=CODE   S=ID_VH_TEXT     G=(none)  M=ID_VH.C    ACBP=28
 1F2B:000A 0294 C=CODE   S=ID_VL_A_TEXT   G=(none)  M=ID_VL_A.ASM ACBP=48
 1F54:000E 01F6 C=CODE   S=ID_VH_A_TEXT   G=(none)  M=ID_VH_A.ASM ACBP=48
 1F75:0000 0000 C=CODE   S=EMU_PROG       G=(none)  M=FPINIT     ACBP=68
 1F75:0000 2777 C=CODE   S=EMU_PROG       G=(none)  M=EMU086     ACBP=68
 21ED:0000 0000 C=CODE   S=E87_PROG       G=(none)  M=FPINIT     ACBP=68
 21ED:0000 03E3 C=CODE   S=E87_PROG       G=(none)  M=EMU087     ACBP=68
 21ED:03F0 01D8 C=CODE   S=E87_PROG       G=(none)  M=E87TRAP    ACBP=68
 224A:0000 0000 C=FAR_DATA S=_FARDATA       G=(none)  M=C0.ASM     ACBP=68
 224A:0000 2000 C=FAR_DATA S=FAR_DATA       G=(none)  M=WHACK_A.ASM ACBP=60
 244A:0000 0102 C=FAR_DATA S=FAR_DATA       G=(none)  M=ID_US_A.ASM ACBP=60
 245B:0000 02F4 C=FAR_DATA S=WL_MAIN5_DATA  G=(none)  M=WL_MAIN.C  ACBP=68
 248B:0000 02D0 C=FAR_DATA S=WL_MENU5_DATA  G=(none)  M=WL_MENU.C  ACBP=68
 24B8:0000 017A C=FAR_DATA S=WL_MENU6_DATA  G=(none)  M=WL_MENU.C  ACBP=68
 24D0:0000 01F8 C=FAR_DATA S=WL_MENU7_DATA  G=(none)  M=WL_MENU.C  ACBP=68
 24F0:0000 00FC C=FAR_DATA S=WL_MENU8_DATA  G=(none)  M=WL_MENU.C  ACBP=68
 2500:0000 01CE C=FAR_DATA S=WL_MENU9_DATA  G=(none)  M=WL_MENU.C  ACBP=68
 251D:0000 00A8 C=FAR_DATA S=WL_MENU10_DATA G=(none)  M=WL_MENU.C  ACBP=68
 2528:0000 01A4 C=FAR_DATA S=WL_MENU11_DATA G=(none)  M=WL_MENU.C  ACBP=68
 2543:0000 017A C=FAR_DATA S=WL_MENU12_DATA G=(none)  M=WL_MENU.C  ACBP=68
 255B:0000 0024 C=FAR_DATA S=WL_MENU13_DATA G=(none)  M=WL_MENU.C  ACBP=68
 255E:0000 FA00 C=FAR_DATA S=SignonSeg      G=(none)  M=SIGNON.BIN   ACBP=60
 34FE:0000 0080 C=FAR_DATA S=ID_IN5_DATA    G=(none)  M=ID_IN.C    ACBP=68
 3506:0000 0080 C=FAR_DATA S=ID_IN6_DATA    G=(none)  M=ID_IN.C    ACBP=68
 350E:0000 0080 C=FAR_DATA S=ID_IN7_DATA    G=(none)  M=ID_IN.C    ACBP=68
 3516:0000 0000 C=FAR_BSS S=_FARBSS        G=(none)  M=C0.ASM     ACBP=68
 3516:0000 0559 C=FAR_BSS S=_COMDEF_AA_    G=(none)  M=WL_ACT1.C  ACBP=60
 356C:0000 0708 C=FAR_BSS S=_COMDEF_AB_    G=(none)  M=WL_DRAW.C  ACBP=60
 35DD:0000 0E10 C=FAR_BSS S=_COMDEF_AC_    G=(none)  M=WL_DRAW.C  ACBP=60
 36BE:0000 0095 C=FAR_BSS S=_COMDEF_AD_    G=(none)  M=ID_CA.C    ACBP=60
 36C8:0000 1200 C=FAR_BSS S=_COMDEF_AE_    G=(none)  M=WL_PLAY.C  ACBP=60
 37E8:0000 1200 C=FAR_BSS S=_COMDEF_AF_    G=(none)  M=WL_PLAY.C  ACBP=60
 3908:0000 20D0 C=FAR_BSS S=_COMDEF_AG_    G=(none)  M=ID_MM.C    ACBP=60
 3B15:0000 0300 C=FAR_BSS S=_COMDEF_AH_    G=(none)  M=ID_VL.C    ACBP=60
 3B45:0000 0300 C=FAR_BSS S=_COMDEF_AI_    G=(none)  M=ID_VL.C    ACBP=60
 3B75:0000 0000 C=OVRINFO S=_OVERLAY_      G=(none)  M=C0.ASM     ACBP=68
 3B75:0000 0000 C=STUBSEG S=_1STUB_        G=(none)  M=C0.ASM     ACBP=68
 3B75:0000 00D9 C=DATA   S=_DATA          G=DGROUP  M=C0.ASM     ACBP=68
 3B75:00DA 0000 C=DATA   S=_DATA          G=DGROUP  M=H_LDIV.ASM ACBP=48
 3B75:00DA 0002 C=DATA   S=_DATA          G=DGROUP  M=WOLFHACK.C ACBP=48
 3B75:00DC 0000 C=DATA   S=_DATA          G=DGROUP  M=WHACK_A.ASM ACBP=48
 3B75:00DC 0000 C=DATA   S=_DATA          G=DGROUP  M=WL_ASM.ASM ACBP=48
 3B75:00DC 0254 C=DATA   S=_DATA          G=DGROUP  M=WL_MAIN.C  ACBP=48
 3B75:0330 00A1 C=DATA   S=_DATA          G=DGROUP  M=WL_TEXT.C  ACBP=48
 3B75:03D2 06B4 C=DATA   S=_DATA          G=DGROUP  M=WL_MENU.C  ACBP=48
 3B75:0A86 03ED C=DATA   S=_DATA          G=DGROUP  M=WL_INTER.C ACBP=48
 3B75:0E74 03FC C=DATA   S=_DATA          G=DGROUP  M=WL_GAME.C  ACBP=48
 3B75:1270 0216 C=DATA   S=_DATA          G=DGROUP  M=WL_PLAY.C  ACBP=48
 3B75:1486 01FE C=DATA   S=_DATA          G=DGROUP  M=WL_DEBUG.C ACBP=48
 3B75:1684 0096 C=DATA   S=_DATA          G=DGROUP  M=WL_DRAW.C  ACBP=48
 3B75:171A 0000 C=DATA   S=_DATA          G=DGROUP  M=WL_DR_A.ASM ACBP=48
 3B75:171A 00F1 C=DATA   S=_DATA          G=DGROUP  M=WL_SCALE.C ACBP=48
 3B75:180C 00FF C=DATA   S=_DATA          G=DGROUP  M=WL_STATE.C ACBP=48
 3B75:190C 0112 C=DATA   S=_DATA          G=DGROUP  M=WL_AGENT.C ACBP=48
 3B75:1A1E 0119 C=DATA   S=_DATA          G=DGROUP  M=WL_ACT1.C  ACBP=48
 3B75:1B38 1412 C=DATA   S=_DATA          G=DGROUP  M=WL_ACT2.C  ACBP=48
 3B75:2F4A 0300 C=DATA   S=_DATA          G=DGROUP  M=GAMEPAL.BIN  ACBP=48
 3B75:324A 0109 C=DATA   S=_DATA          G=DGROUP  M=ID_CA.C    ACBP=48
 3B75:3354 005F C=DATA   S=_DATA          G=DGROUP  M=ID_IN.C    ACBP=48
 3B75:33B4 015B C=DATA   S=_DATA          G=DGROUP  M=ID_MM.C    ACBP=48
 3B75:3510 0490 C=DATA   S=_DATA          G=DGROUP  M=ID_PM.C    ACBP=48
 3B75:39A0 0265 C=DATA   S=_DATA          G=DGROUP  M=ID_SD.C    ACBP=48
 3B75:3C06 0104 C=DATA   S=_DATA          G=DGROUP  M=ID_SD_A.ASM ACBP=48
 3B75:3D0A 02B9 C=DATA   S=_DATA          G=DGROUP  M=ID_US_1.C  ACBP=48
 3B75:3FC4 0000 C=DATA   S=_DATA          G=DGROUP  M=ID_US_A.ASM ACBP=48
 3B75:3FC4 0097 C=DATA   S=_DATA          G=DGROUP  M=ID_VL.C    ACBP=48
 3B75:405C 0029 C=DATA   S=_DATA          G=DGROUP  M=ID_VH.C    ACBP=48
 3B75:4086 0002 C=DATA   S=_DATA          G=DGROUP  M=ID_VL_A.ASM ACBP=48
 3B75:4088 0000 C=DATA   S=_DATA          G=DGROUP  M=ID_VH_A.ASM ACBP=48
 3B75:4090 0002 C=DATA   S=_DATA          G=DGROUP  M=FPINIT     ACBP=68
 3B75:40A0 0000 C=DATA   S=_DATA          G=DGROUP  M=E87TRAP    ACBP=68
 3B75:40A0 0003 C=DATA   S=_DATA          G=DGROUP  M=PROTFLAG   ACBP=48
 3B75:40A4 0002 C=DATA   S=_DATA          G=DGROUP  M=DEFLT87    ACBP=48
 3B75:40A6 0000 C=DATA   S=_DATA          G=DGROUP  M=ATAN       ACBP=48
 3B75:40A6 0024 C=DATA   S=_DATA          G=DGROUP  M=HUGEVAL    ACBP=48
 3B75:40CA 0000 C=DATA   S=_DATA          G=DGROUP  M=LDTRUNC    ACBP=48
 3B75:40CA 0037 C=DATA   S=_DATA          G=DGROUP  M=MATHWHY    ACBP=48
 3B75:4102 0000 C=DATA   S=_DATA          G=DGROUP  M=REALCVT    ACBP=48
 3B75:4102 0018 C=DATA   S=_DATA          G=DGROUP  M=SCANTOD    ACBP=48
 3B75:411A 0000 C=DATA   S=_DATA          G=DGROUP  M=XCVT       ACBP=48
 3B75:411A 008C C=DATA   S=_DATA          G=DGROUP  M=FPERR      ACBP=48
 3B75:41A6 0080 C=DATA   S=_DATA          G=DGROUP  M=_POW10     ACBP=48
 3B75:4226 0000 C=DATA   S=_DATA          G=DGROUP  M=POW10D     ACBP=48
 3B75:4226 0000 C=DATA   S=_DATA          G=DGROUP  M=MATHERR    ACBP=48
 3B75:4226 000C C=DATA   S=_DATA          G=DGROUP  M=SIN        ACBP=48
 3B75:4232 000C C=DATA   S=_DATA          G=DGROUP  M=TAN        ACBP=48
 3B75:423E 000E C=DATA   S=_DATA          G=DGROUP  M=_MATHERR   ACBP=48
 3B75:424C 0018 C=DATA   S=_DATA          G=DGROUP  M=ATAN2      ACBP=48
 3B75:4270 0110 C=DATA   S=_DATA          G=DGROUP  M=EMUVARS    ACBP=68
 3B75:4380 0000 C=DATA   S=_DATA          G=DGROUP  M=FFTOL      ACBP=48
 3B75:4380 0002 C=DATA   S=_DATA          G=DGROUP  M=ATEXIT     ACBP=48
 3B75:4382 0101 C=DATA   S=_DATA          G=DGROUP  M=CTYPE      ACBP=48
 3B75:4484 0000 C=DATA   S=_DATA          G=DGROUP  M=DOSDFREE   ACBP=48
 3B75:4484 0000 C=DATA   S=_DATA          G=DGROUP  M=DOSFATTR   ACBP=48
 3B75:4484 0000 C=DATA   S=_DATA          G=DGROUP  M=DOSGDATE   ACBP=48
 3B75:4484 0000 C=DATA   S=_DATA          G=DGROUP  M=DOSWRITE   ACBP=48
 3B75:4484 000C C=DATA   S=_DATA          G=DGROUP  M=EXIT       ACBP=48
 3B75:4490 0140 C=DATA   S=_DATA          G=DGROUP  M=FILES      ACBP=48
 3B75:45D0 002A C=DATA   S=_DATA          G=DGROUP  M=FILES2     ACBP=48
 3B75:45FA 0004 C=DATA   S=_DATA          G=DGROUP  M=FMODE      ACBP=48
 3B75:45FE 0002 C=DATA   S=_DATA          G=DGROUP  M=FPSTKLEN   ACBP=48
 3B75:4600 0000 C=DATA   S=_DATA          G=DGROUP  M=F_LXMUL    ACBP=48
 3B75:4600 0000 C=DATA   S=_DATA          G=DGROUP  M=F_PCMP     ACBP=48
 3B75:4600 0000 C=DATA   S=_DATA          G=DGROUP  M=F_SCOPY    ACBP=48
 3B75:4600 0000 C=DATA   S=_DATA          G=DGROUP  M=GETVECT    ACBP=48
 3B75:4600 0002 C=DATA   S=_DATA          G=DGROUP  M=HEAPLEN    ACBP=48
 3B75:4602 0000 C=DATA   S=_DATA          G=DGROUP  M=H_LLSH     ACBP=48
 3B75:4602 0000 C=DATA   S=_DATA          G=DGROUP  M=H_LRSH     ACBP=48
 3B75:4602 0000 C=DATA   S=_DATA          G=DGROUP  M=H_LURSH    ACBP=48
 3B75:4602 0000 C=DATA   S=_DATA          G=DGROUP  M=H_PADA     ACBP=48
 3B75:4602 0000 C=DATA   S=_DATA          G=DGROUP  M=H_PADD     ACBP=48
 3B75:4602 0000 C=DATA   S=_DATA          G=DGROUP  M=H_PSBP     ACBP=48
 3B75:4602 0000 C=DATA   S=_DATA          G=DGROUP  M=H_SPUSH    ACBP=48
 3B75:4602 005B C=DATA   S=_DATA          G=DGROUP  M=IOERROR    ACBP=48
 3B75:465E 0000 C=DATA   S=_DATA          G=DGROUP  M=ISATTY     ACBP=48
 3B75:465E 0000 C=DATA   S=_DATA          G=DGROUP  M=LONGTOA    ACBP=48
 3B75:465E 0000 C=DATA   S=_DATA          G=DGROUP  M=LSEEK      ACBP=48
 3B75:465E 0009 C=DATA   S=_DATA          G=DGROUP  M=MKNAME     ACBP=48
 3B75:4668 0000 C=DATA   S=_DATA          G=DGROUP  M=N_PCMP     ACBP=48
 3B75:4668 0000 C=DATA   S=_DATA          G=DGROUP  M=READA      ACBP=48
 3B75:4668 0000 C=DATA   S=_DATA          G=DGROUP  M=SCANTOL    ACBP=48
 3B75:4668 0000 C=DATA   S=_DATA          G=DGROUP  M=SETUPIO    ACBP=48
 3B75:4668 0000 C=DATA   S=_DATA          G=DGROUP  M=SIGDATA    ACBP=48
 3B75:4668 0002 C=DATA   S=_DATA          G=DGROUP  M=STKLEN     ACBP=48
 3B75:466A 0000 C=DATA   S=_DATA          G=DGROUP  M=TOLOWER    ACBP=48
 3B75:466A 0000 C=DATA   S=_DATA          G=DGROUP  M=TOUPPER    ACBP=48
 3B75:466A 0000 C=DATA   S=_DATA          G=DGROUP  M=UNLINK     ACBP=48
 3B75:466A 0067 C=DATA   S=_DATA          G=DGROUP  M=VPRINTER   ACBP=48
 3B75:46D2 0000 C=DATA   S=_DATA          G=DGROUP  M=VRAM       ACBP=48
 3B75:46D2 0000 C=DATA   S=_DATA          G=DGROUP  M=XCLOSE     ACBP=48
 3B75:46D2 0000 C=DATA   S=_DATA          G=DGROUP  M=_STPCPY    ACBP=48
 3B75:46D2 0000 C=DATA   S=_DATA          G=DGROUP  M=BIOSKEY    ACBP=48
 3B75:46D2 0000 C=DATA   S=_DATA          G=DGROUP  M=BRK        ACBP=48
 3B75:46D2 0000 C=DATA   S=_DATA          G=DGROUP  M=CLRSCR     ACBP=48
 3B75:46D2 0000 C=DATA   S=_DATA          G=DGROUP  M=CORELEFT   ACBP=48
 3B75:46D2 0018 C=DATA   S=_DATA          G=DGROUP  M=CRTINIT    ACBP=48
 3B75:46EA 0031 C=DATA   S=_DATA          G=DGROUP  M=CVTFAK     ACBP=48
 3B75:471C 0000 C=DATA   S=_DATA          G=DGROUP  M=FARHEAP    ACBP=48
 3B75:471C 0002 C=DATA   S=_DATA          G=DGROUP  M=FBRK       ACBP=48
 3B75:471E 0000 C=DATA   S=_DATA          G=DGROUP  M=FCORELFT   ACBP=48
 3B75:471E 0000 C=DATA   S=_DATA          G=DGROUP  M=GOTOXY     ACBP=48
 3B75:471E 0000 C=DATA   S=_DATA          G=DGROUP  M=GPTEXT     ACBP=48
 3B75:471E 0000 C=DATA   S=_DATA          G=DGROUP  M=HARD       ACBP=48
 3B75:471E 0000 C=DATA   S=_DATA          G=DGROUP  M=HARDERR    ACBP=48
 3B75:471E 0000 C=DATA   S=_DATA          G=DGROUP  M=IOCTL      ACBP=48
 3B75:471E 0000 C=DATA   S=_DATA          G=DGROUP  M=MOVETEXT   ACBP=48
 3B75:471E 0006 C=DATA   S=_DATA          G=DGROUP  M=NEARHEAP   ACBP=48
 3B75:4724 0000 C=DATA   S=_DATA          G=DGROUP  M=REALCVT    ACBP=48
 3B75:4724 0000 C=DATA   S=_DATA          G=DGROUP  M=SCREEN     ACBP=48
 3B75:4724 0000 C=DATA   S=_DATA          G=DGROUP  M=SCROLL     ACBP=48
 3B75:4724 000E C=DATA   S=_DATA          G=DGROUP  M=SETARGV    ACBP=48
 3B75:4732 0000 C=DATA   S=_DATA          G=DGROUP  M=SETBLOCK   ACBP=48
 3B75:4732 0002 C=DATA   S=_DATA          G=DGROUP  M=SETENVP    ACBP=48
 3B75:4734 0000 C=DATA   S=_DATA          G=DGROUP  M=WHEREXY    ACBP=48
 3B75:4734 0000 C=DATA   S=_DATA          G=DGROUP  M=ATOL       ACBP=48
 3B75:4734 0000 C=DATA   S=_DATA          G=DGROUP  M=BDOS       ACBP=48
 3B75:4734 0000 C=DATA   S=_DATA          G=DGROUP  M=CHMODA     ACBP=48
 3B75:4734 0000 C=DATA   S=_DATA          G=DGROUP  M=CLOSE      ACBP=48
 3B75:4734 0000 C=DATA   S=_DATA          G=DGROUP  M=CLOSEA     ACBP=48
 3B75:4734 0000 C=DATA   S=_DATA          G=DGROUP  M=CREAT      ACBP=48
 3B75:4734 0000 C=DATA   S=_DATA          G=DGROUP  M=FCLOSE     ACBP=48
 3B75:4734 0000 C=DATA   S=_DATA          G=DGROUP  M=FFLUSH     ACBP=48
 3B75:4734 0000 C=DATA   S=_DATA          G=DGROUP  M=FINDFIRS   ACBP=48
 3B75:4734 0000 C=DATA   S=_DATA          G=DGROUP  M=FLENGTH    ACBP=48
 3B75:4734 0000 C=DATA   S=_DATA          G=DGROUP  M=FLUSHALL   ACBP=48
 3B75:4734 0000 C=DATA   S=_DATA          G=DGROUP  M=FOPEN      ACBP=48
 3B75:4734 0000 C=DATA   S=_DATA          G=DGROUP  M=FPRINTF    ACBP=48
 3B75:4734 0000 C=DATA   S=_DATA          G=DGROUP  M=FSEEK      ACBP=48
 3B75:4734 0000 C=DATA   S=_DATA          G=DGROUP  M=GETENV     ACBP=48
 3B75:4734 0000 C=DATA   S=_DATA          G=DGROUP  M=LTOA1      ACBP=48
 3B75:4734 0000 C=DATA   S=_DATA          G=DGROUP  M=MEMCPY     ACBP=48
 3B75:4734 0000 C=DATA   S=_DATA          G=DGROUP  M=MOVEDATA   ACBP=48
 3B75:4734 0000 C=DATA   S=_DATA          G=DGROUP  M=OPEN       ACBP=48
 3B75:4734 0000 C=DATA   S=_DATA          G=DGROUP  M=OPENA      ACBP=48
 3B75:4734 0000 C=DATA   S=_DATA          G=DGROUP  M=PRINTF     ACBP=48
 3B75:4734 0001 C=DATA   S=_DATA          G=DGROUP  M=PUTC       ACBP=48
 3B75:4736 0000 C=DATA   S=_DATA          G=DGROUP  M=PUTS       ACBP=48
 3B75:4736 0000 C=DATA   S=_DATA          G=DGROUP  M=READ       ACBP=48
 3B75:4736 0000 C=DATA   S=_DATA          G=DGROUP  M=READU      ACBP=48
 3B75:4736 0004 C=DATA   S=_DATA          G=DGROUP  M=SETVBUF    ACBP=48
 3B75:473A 0000 C=DATA   S=_DATA          G=DGROUP  M=SPRINTF    ACBP=48
 3B75:473A 0000 C=DATA   S=_DATA          G=DGROUP  M=STRCAT     ACBP=48
 3B75:473A 0000 C=DATA   S=_DATA          G=DGROUP  M=STRLEN     ACBP=48
 3B75:473A 0000 C=DATA   S=_DATA          G=DGROUP  M=STRTOL     ACBP=48
 3B75:473A 0000 C=DATA   S=_DATA          G=DGROUP  M=WRITE      ACBP=48
 3B75:473A 0000 C=DATA   S=_DATA          G=DGROUP  M=WRITEA     ACBP=48
 3B75:473A 0000 C=DATA   S=_DATA          G=DGROUP  M=WRITEU     ACBP=48
 3B75:473A 0000 C=DATA   S=_DATA          G=DGROUP  M=XFCLOSE    ACBP=48
 3B75:473A 0000 C=DATA   S=_DATA          G=DGROUP  M=XFFLUSH    ACBP=48
 3B75:473A 0000 C=DATA   S=_DATA          G=DGROUP  M=FMEMCMP    ACBP=48
 3B75:473A 0000 C=DATA   S=_DATA          G=DGROUP  M=FMEMCPY    ACBP=48
 3B75:473A 0000 C=DATA   S=_DATA          G=DGROUP  M=FMEMSET    ACBP=48
 3B75:473A 0000 C=DATA   S=_DATA          G=DGROUP  M=FSTRCPY    ACBP=48
 3B75:473A 0000 C=DATA   S=_DATA          G=DGROUP  M=FSTRICMP   ACBP=48
 3B75:473A 0000 C=DATA   S=_DATA          G=DGROUP  M=FSTRLEN    ACBP=48
 3B75:473A 0000 C=DATA   S=_CVTSEG        G=DGROUP  M=C0.ASM     ACBP=48
 3B75:473A 0002 C=DATA   S=_CVTSEG        G=DGROUP  M=REALCVT    ACBP=48
 3B75:473C 0002 C=DATA   S=_CVTSEG        G=DGROUP  M=CVTFAK     ACBP=48
 3B75:473E 0000 C=DATA   S=_CVTSEG        G=DGROUP  M=REALCVT    ACBP=48
 3B75:473E 0000 C=DATA   S=_SCNSEG        G=DGROUP  M=C0.ASM     ACBP=48
 3B75:473E 0006 C=DATA   S=_SCNSEG        G=DGROUP  M=SCANTOD    ACBP=48
 3B75:4744 0006 C=DATA   S=_SCNSEG        G=DGROUP  M=CVTFAK     ACBP=48
 3B75:474A 0000 C=CONST  S=_CONST         G=DGROUP  M=C0.ASM     ACBP=48
 3B75:474A 0000 C=INITDATA S=_INIT_         G=DGROUP  M=C0.ASM     ACBP=48
 3B75:474A 0006 C=INITDATA S=_INIT_         G=DGROUP  M=FPINIT     ACBP=48
 3B75:4750 0006 C=INITDATA S=_INIT_         G=DGROUP  M=SETUPIO    ACBP=48
 3B75:4756 0006 C=INITDATA S=_INIT_         G=DGROUP  M=CRTINIT    ACBP=48
 3B75:475C 0006 C=INITDATA S=_INIT_         G=DGROUP  M=SETARGV    ACBP=48
 3B75:4762 0006 C=INITDATA S=_INIT_         G=DGROUP  M=SETENVP    ACBP=48
 3B75:4768 0000 C=INITDATA S=_INITEND_      G=DGROUP  M=C0.ASM     ACBP=28
 3B75:4768 0000 C=EXITDATA S=_EXIT_         G=DGROUP  M=C0.ASM     ACBP=48
 3B75:4768 0006 C=EXITDATA S=_EXIT_         G=DGROUP  M=FPINIT     ACBP=48
 3B75:476E 0000 C=EXITDATA S=_EXITEND_      G=DGROUP  M=C0.ASM     ACBP=28
 3B75:476E 0000 C=BSS    S=_BSS           G=DGROUP  M=C0.ASM     ACBP=48
 3B75:476E 0000 C=BSS    S=_BSS           G=DGROUP  M=WOLFHACK.C ACBP=48
 3B75:476E 0002 C=BSS    S=_BSS           G=DGROUP  M=WL_MAIN.C  ACBP=48
 3B75:4770 0000 C=BSS    S=_BSS           G=DGROUP  M=WL_TEXT.C  ACBP=48
 3B75:4770 0002 C=BSS    S=_BSS           G=DGROUP  M=WL_MENU.C  ACBP=48
 3B75:4772 0000 C=BSS    S=_BSS           G=DGROUP  M=WL_INTER.C ACBP=48
 3B75:4772 0000 C=BSS    S=_BSS           G=DGROUP  M=WL_GAME.C  ACBP=48
 3B75:4772 0000 C=BSS    S=_BSS           G=DGROUP  M=WL_PLAY.C  ACBP=48
 3B75:4772 000A C=BSS    S=_BSS           G=DGROUP  M=WL_DEBUG.C ACBP=48
 3B75:477C 0000 C=BSS    S=_BSS           G=DGROUP  M=WL_DRAW.C  ACBP=48
 3B75:477C 0004 C=BSS    S=_BSS           G=DGROUP  M=WL_SCALE.C ACBP=48
 3B75:4780 0000 C=BSS    S=_BSS           G=DGROUP  M=WL_STATE.C ACBP=48
 3B75:4780 0000 C=BSS    S=_BSS           G=DGROUP  M=WL_AGENT.C ACBP=48
 3B75:4780 0000 C=BSS    S=_BSS           G=DGROUP  M=WL_ACT1.C  ACBP=48
 3B75:4780 0000 C=BSS    S=_BSS           G=DGROUP  M=WL_ACT2.C  ACBP=48
 3B75:4780 0000 C=BSS    S=_BSS           G=DGROUP  M=ID_CA.C    ACBP=48
 3B75:4780 0014 C=BSS    S=_BSS           G=DGROUP  M=ID_IN.C    ACBP=48
 3B75:4794 0000 C=BSS    S=_BSS           G=DGROUP  M=ID_MM.C    ACBP=48
 3B75:4794 0000 C=BSS    S=_BSS           G=DGROUP  M=ID_PM.C    ACBP=48
 3B75:4794 0180 C=BSS    S=_BSS           G=DGROUP  M=ID_SD.C    ACBP=48
 3B75:4914 0030 C=BSS    S=_BSS           G=DGROUP  M=ID_US_1.C  ACBP=48
 3B75:4944 0000 C=BSS    S=_BSS           G=DGROUP  M=ID_VL.C    ACBP=48
 3B75:4944 0000 C=BSS    S=_BSS           G=DGROUP  M=ID_VH.C    ACBP=48
 3B75:4944 0000 C=BSS    S=_BSS           G=DGROUP  M=ATAN       ACBP=48
 3B75:4944 0000 C=BSS    S=_BSS           G=DGROUP  M=LDTRUNC    ACBP=48
 3B75:4944 0000 C=BSS    S=_BSS           G=DGROUP  M=REALCVT    ACBP=48
 3B75:4944 0000 C=BSS    S=_BSS           G=DGROUP  M=SCANTOD    ACBP=48
 3B75:4944 0000 C=BSS    S=_BSS           G=DGROUP  M=XCVT       ACBP=48
 3B75:4944 0000 C=BSS    S=_BSS           G=DGROUP  M=_POW10     ACBP=48
 3B75:4944 0000 C=BSS    S=_BSS           G=DGROUP  M=SIN        ACBP=48
 3B75:4944 0000 C=BSS    S=_BSS           G=DGROUP  M=TAN        ACBP=48
 3B75:4944 0000 C=BSS    S=_BSS           G=DGROUP  M=ATAN2      ACBP=48
 3B75:4944 0080 C=BSS    S=_BSS           G=DGROUP  M=ATEXIT     ACBP=48
 3B75:49C4 0000 C=BSS    S=_BSS           G=DGROUP  M=DOSFATTR   ACBP=48
 3B75:49C4 0000 C=BSS    S=_BSS           G=DGROUP  M=DOSWRITE   ACBP=48
 3B75:49C4 0000 C=BSS    S=_BSS           G=DGROUP  M=GETVECT    ACBP=48
 3B75:49C4 0000 C=BSS    S=_BSS           G=DGROUP  M=IOERROR    ACBP=48
 3B75:49C4 0000 C=BSS    S=_BSS           G=DGROUP  M=ISATTY     ACBP=48
 3B75:49C4 0000 C=BSS    S=_BSS           G=DGROUP  M=LONGTOA    ACBP=48
 3B75:49C4 0000 C=BSS    S=_BSS           G=DGROUP  M=LSEEK      ACBP=48
 3B75:49C4 000D C=BSS    S=_BSS           G=DGROUP  M=MKNAME     ACBP=48
 3B75:49D2 0000 C=BSS    S=_BSS           G=DGROUP  M=READA      ACBP=48
 3B75:49D2 0000 C=BSS    S=_BSS           G=DGROUP  M=SCANTOL    ACBP=48
 3B75:49D2 0000 C=BSS    S=_BSS           G=DGROUP  M=SETUPIO    ACBP=48
 3B75:49D2 0004 C=BSS    S=_BSS           G=DGROUP  M=SIGDATA    ACBP=48
 3B75:49D6 0000 C=BSS    S=_BSS           G=DGROUP  M=UNLINK     ACBP=48
 3B75:49D6 0000 C=BSS    S=_BSS           G=DGROUP  M=VPRINTER   ACBP=48
 3B75:49D6 0000 C=BSS    S=_BSS           G=DGROUP  M=VRAM       ACBP=48
 3B75:49D6 0000 C=BSS    S=_BSS           G=DGROUP  M=BIOSKEY    ACBP=48
 3B75:49D6 0000 C=BSS    S=_BSS           G=DGROUP  M=BRK        ACBP=48
 3B75:49D6 0000 C=BSS    S=_BSS           G=DGROUP  M=CORELEFT   ACBP=48
 3B75:49D6 0000 C=BSS    S=_BSS           G=DGROUP  M=CRTINIT    ACBP=48
 3B75:49D6 000C C=BSS    S=_BSS           G=DGROUP  M=HARDERR    ACBP=48
 3B75:49E2 0000 C=BSS    S=_BSS           G=DGROUP  M=IOCTL      ACBP=48
 3B75:49E2 0000 C=BSS    S=_BSS           G=DGROUP  M=SETBLOCK   ACBP=48
 3B75:49E2 0000 C=BSS    S=_BSS           G=DGROUP  M=ATOL       ACBP=48
 3B75:49E2 0000 C=BSS    S=_BSS           G=DGROUP  M=BDOS       ACBP=48
 3B75:49E2 0000 C=BSS    S=_BSS           G=DGROUP  M=CHMODA     ACBP=48
 3B75:49E2 0000 C=BSS    S=_BSS           G=DGROUP  M=CLOSEA     ACBP=48
 3B75:49E2 0000 C=BSS    S=_BSS           G=DGROUP  M=CREAT      ACBP=48
 3B75:49E2 0000 C=BSS    S=_BSS           G=DGROUP  M=FINDFIRS   ACBP=48
 3B75:49E2 0000 C=BSS    S=_BSS           G=DGROUP  M=FLENGTH    ACBP=48
 3B75:49E2 0000 C=BSS    S=_BSS           G=DGROUP  M=GETENV     ACBP=48
 3B75:49E2 0000 C=BSS    S=_BSS           G=DGROUP  M=MEMCPY     ACBP=48
 3B75:49E2 0000 C=BSS    S=_BSS           G=DGROUP  M=MOVEDATA   ACBP=48
 3B75:49E2 0000 C=BSS    S=_BSS           G=DGROUP  M=OPEN       ACBP=48
 3B75:49E2 0000 C=BSS    S=_BSS           G=DGROUP  M=OPENA      ACBP=48
 3B75:49E2 0001 C=BSS    S=_BSS           G=DGROUP  M=PUTC       ACBP=48
 3B75:49E4 0000 C=BSS    S=_BSS           G=DGROUP  M=READ       ACBP=48
 3B75:49E4 0000 C=BSS    S=_BSS           G=DGROUP  M=STRCAT     ACBP=48
 3B75:49E4 0000 C=BSS    S=_BSS           G=DGROUP  M=STRLEN     ACBP=48
 3B75:49E4 0000 C=BSS    S=_BSS           G=DGROUP  M=WRITEA     ACBP=48
 3B75:49E4 0000 C=BSS    S=_BSS           G=DGROUP  M=FMEMCMP    ACBP=48
 3B75:49E4 0000 C=BSS    S=_BSS           G=DGROUP  M=FMEMCPY    ACBP=48
 3B75:49E4 0000 C=BSS    S=_BSS           G=DGROUP  M=FMEMSET    ACBP=48
 3B75:49E4 0000 C=BSS    S=_BSS           G=DGROUP  M=FSTRCPY    ACBP=48
 3B75:49E4 0000 C=BSS    S=_BSS           G=DGROUP  M=FSTRICMP   ACBP=48
 3B75:49E4 0000 C=BSS    S=_BSS           G=DGROUP  M=FSTRLEN    ACBP=48
 3B75:49E4 A5C9 C=BSS    S=_COMDEF_       G=DGROUP  M=WOLFHACK.C ACBP=48
 3B75:EFAD 0000 C=BSSEND S=_BSSEND        G=DGROUP  M=C0.ASM     ACBP=28
 4A70:0000 0080 C=STACK  S=_STACK         G=(none)  M=C0.ASM     ACBP=74

  Address         Publics by Name

 3B75:0000 idle  DATASEG@
 0000:02AF idle  DGROUP@
 1F75:2152       e086_Entry
 1F75:26E0       e086_Shortcut
 21ED:0306       e087_Entry
 21ED:03C6       e087_Shortcut
 21ED:0430       e087_Trap
 0000:FE32 idle  FIARQQ
 0000:0E32 idle  FICRQQ
 0000:5C32  Abs  FIDRQQ
 0000:1632  Abs  FIERQQ
 0000:0632 idle  FISRQQ
 0000:A23D  Abs  FIWRQQ
 0000:4000 idle  FJARQQ
 0000:C000 idle  FJCRQQ
 0000:8000 idle  FJSRQQ
 0000:1137 idle  FTOL@
 0000:1137       F_FTOL@
 0000:02B6       F_LDIV@
 0000:02DD       F_LMOD@
 0000:02D5 idle  F_LUDIV@
 0000:02E5 idle  F_LUMOD@
 0000:135D       F_LXLSH@
 0000:12E6       F_LXMUL@
 0000:137E       F_LXRSH@
 0000:139E       F_LXURSH@
 0000:13BF       F_PADA@
 0000:1447       F_PADD@
 0000:12FD       F_PCMP@
 0000:1403       F_PSBA@
 0000:14A7       F_PSBP@
 0000:1476 idle  F_PSUB@
 0000:131E       F_SCOPY@
 0000:14D2       F_SPUSH@
 0000:02B6       LDIV@
 0000:02DD idle  LMOD@
 0000:02D5 idle  LUDIV@
 0000:02E5 idle  LUMOD@
 0000:135D idle  LXLSH@
 0000:12E6 idle  LXMUL@
 0000:137E idle  LXRSH@
 0000:139E idle  LXURSH@
 0000:02B3 idle  N_LDIV@
 0000:02DA idle  N_LMOD@
 0000:02D2 idle  N_LUDIV@
 0000:02E2 idle  N_LUMOD@
 0000:135A       N_LXLSH@
 0000:137B idle  N_LXRSH@
 0000:139B idle  N_LXURSH@
 0000:13BC idle  N_PADA@
 0000:1444       N_PADD@
 0000:1694       N_PCMP@
 0000:1400 idle  N_PSBA@
 0000:14A4       N_PSBP@
 0000:1473 idle  N_PSUB@
 0000:14CC idle  N_SPUSH@
 0000:13BF idle  PADA@
 0000:1447 idle  PADD@
 0000:12FD idle  PCMP@
 0000:1403 idle  PSBA@
 0000:14A7 idle  PSBP@
 0000:1476 idle  PSUB@
 0000:131E idle  SCOPY@
 0000:14D2 idle  SPUSH@
 0000:0297       _abort
 3B75:EE0F       _abortprogram
 3B75:55B8       _actorat
 3B75:9C41       _AdLibPresent
 3B75:3293 idle  _afilename
 3B75:E8AE       _aftersort
 3B75:3289 idle  _aheadname
 3B75:EAB0       _alBlock
 3B75:EAAC       _alLengthLeft
 3B75:EAB6       _alNoCheck
 1B44:0D39       _alOut
 3B75:EAB2       _alSound
 3B75:EAA8       _alTimeCount
 3B75:EA98       _alZeroInst
 3B75:D9C4       _angle
 3B75:A4E0       _anglefrac
 3B75:52DA       _areabyplayer
 3516:0000       _areaconnect
 1079:0070       _AsmRefresh
 0000:05E9       _atan
 0000:107C       _atan2
 0000:1163 idle  _atexit
 0000:3285 idle  _atoi
 0000:3215       _atol
 3B75:192C idle  _attackinfo
 3B75:E01B       _audiohandle
 3B75:E021       _audiohuffman
 3B75:324A       _audioname
 3B75:A052       _audiosegs
 3B75:E819       _audiostarts
 14D6:0761       _A_DeathScream
 14D6:12D4 idle  _A_HitlerMorph
 14D6:1366 idle  _A_MechaSound
 14D6:1398 idle  _A_Slurpie
 14D6:000D idle  _A_Smoke
 14D6:2092 idle  _A_StartDeathCam
 3B75:9954       _backcolor
 062D:0690 idle  _BackPage
 10BF:000E idle  _BadScale
 3B75:4C52       _basedist
 0000:3292       _bdos
 3B75:E8B2       _beforesort
 0000:1F4C       _bioskey
 0B05:060A idle  _BJ_Breathe
 3B75:9955       _blockstarts
 3B75:E894       _bombonerror
 3B75:A41A       _bonuscount
 3B75:EE13       _bordercolor
 06CD:02A6 idle  _BossKey
 0000:1FC4 idle  _brk
 3B75:E826       _btnstate
 3B75:EFA9       _bufferheight
 3B75:52D2       _bufferofs
 3B75:E824       _bufferseg
 3B75:EFAB       _bufferwidth
 10BF:01E4 idle  _BuildCompScale
 0491:0D31 idle  _BuildTables
 3B75:EE0D       _Button0
 3B75:EE0B       _Button1
 3B75:A4FC       _buttonheld
 3B75:1290       _buttonjoy
 3B75:1288       _buttonmouse
 3B75:1278       _buttonscan
 3B75:A4E8       _buttonstate
 062D:06BA idle  _CacheLayoutGraphics
 06CD:3212       _CacheLump
 0F7A:02FE idle  _CalcHeight
 0491:0E89 idle  _CalcProjection
 0F7A:0A9A idle  _CalcRotate
 0F7A:0DCB       _CalcTics
 06CD:171A idle  _CalibrateJoystick
 1710:0498 idle  _CAL_CarmackExpand
 1710:0E6E idle  _CAL_ExpandGrChunk
 1710:0090 idle  _CAL_GetGrChunkLength
 1710:032B idle  _CAL_HuffExpand
 1710:02D3 idle  _CAL_OptimizeNodes
 1710:0BBC idle  _CAL_SetupAudioFile
 1710:07BF idle  _CAL_SetupGrFile
 1710:09F4 idle  _CAL_SetupMapFile
 1710:0D3A       _CA_CacheAudioChunk
 1710:0F45       _CA_CacheGrChunk
 1710:1181       _CA_CacheMap
 1710:13F0       _CA_CacheMarks
 1710:108C       _CA_CacheScreen
 1710:16FC idle  _CA_CannotOpen
 1710:136E idle  _CA_ClearAllMarks
 1710:134D idle  _CA_ClearMarks
 1710:007F idle  _CA_CloseDebug
 1710:1326       _CA_DownLevel
 1710:00F0       _CA_FarRead
 1710:013C       _CA_FarWrite
 3B75:9EE7       _ca_levelbit
 3B75:E821       _ca_levelnum
 1710:0DE9       _CA_LoadAllSounds
 1710:0252 idle  _CA_LoadFile
 1710:005B idle  _CA_OpenDebug
 1710:0188 idle  _CA_ReadFile
 1710:05B6 idle  _CA_RLEWCompress
 1710:0703 idle  _CA_RLEWexpand
 1710:13C2       _CA_SetAllPurge
 1710:1394 idle  _CA_SetGrPurge
 1710:0D11       _CA_Shutdown
 1710:0CF0       _CA_Startup
 1710:12E1       _CA_UpLevel
 1710:01FA       _CA_WriteFile
 0DA6:060B       _CenterWindow
 3B75:9894       _centerx
 06CD:41C8       _CheckForEpisodes
 0B05:13BD       _CheckHighScore
 0490:0006       _CheckIs386
 0DA6:0639 idle  _CheckKeys
 114B:10B4       _CheckLine
 06CD:4104 idle  _CheckPause
 14D6:1FF3 idle  _CheckPosition
 114B:1365 idle  _CheckSight
 12D6:0000 idle  _CheckWeaponChange
 3B75:E017       _chunkcomplen
 3B75:E013       _chunkexplen
 3B75:D864       _ChunksInFile
 06CD:3431 idle  _CleanupControlPanel
 0C63:017F       _ClearMemory
 06CD:31F5       _ClearMScreen
 0DA6:0D2C idle  _ClearPaletteShifts
 0B05:000E       _ClearSplitVWB
 12D6:09BD idle  _ClipMove
 0000:32BD       _close
 1402:037E idle  _CloseDoor
 0000:1FE0       _clrscr
 12D6:0BDC idle  _Cmd_Fire
 12D6:0C2E idle  _Cmd_Use
 3B75:0418 idle  _color_hlite
 3B75:0420 idle  _color_norml
 3B75:D844       _compatability
 3B75:00EE       _configname
 06CD:3DA8 idle  _Confirm
 1402:01C4 idle  _ConnectAreas
 12D6:0034 idle  _ControlMovement
 3B75:E842       _Controls
 3B75:A4FA       _controlx
 3B75:A4F8       _controly
 0000:2009       _coreleft
 3B75:1694       _costable
 0EC1:00C9 idle  _CountObjects
 06CD:2D24 idle  _CP_ChangeView
 06CD:02F3 idle  _CP_CheckQuick
 06CD:1977 idle  _CP_Control
 06CD:0865 idle  _CP_EndGame
 06CD:1091 idle  _CP_LoadGame
 06CD:092F idle  _CP_NewGame
 06CD:2F41 idle  _CP_Quit
 06CD:13B7 idle  _CP_SaveGame
 06CD:0C24 idle  _CP_Sound
 06CD:08C1       _CP_ViewScores
 0000:331C       _creat
 3B75:03F0 idle  _CtlItems
 24F0:0000 idle  _CtlMenu
 3B75:EE09       _CursorBad
 3B75:EE07       _CursorX
 3B75:EE05       _CursorY
 3B75:03FA idle  _CusItems
 2543:0000 idle  _CusMenu
 06CD:2002 idle  _CustomControls
 114B:0FB1       _DamageActor
 3B75:A41C       _damagecount
 3B75:E81D       _debughandle
 0EC1:07BB       _DebugKeys
 0EC1:0004 idle  _DebugMemory
 3B75:A4DC       _DebugOk
 06CD:20F8 idle  _DefineJoyBtns
 06CD:213E idle  _DefineKeyBtns
 06CD:2184 idle  _DefineKeyMove
 06CD:20B3 idle  _DefineMouseBtns
 3B75:E840       _DemoBuffer
 3B75:A2AA       _demobuffer
 0491:1770 idle  _DemoLoop
 3B75:335E idle  _DemoMode
 3B75:1204       _demoname
 3B75:E83E       _DemoOffset
 3B75:A2B4       _demoplayback
 3B75:A2B0       _demoptr
 3B75:A2B6       _demorecord
 3B75:E83C       _DemoSize
 3B75:181E idle  _diagonal
 0C63:0FEF idle  _Died
 3B75:ECD3       _DigiLastEnd
 3B75:ECD5       _DigiLastStart
 3B75:ECD9       _DigiLeft
 3B75:D848       _DigiList
 3B75:9B89       _DigiMap
 3B75:9C39       _DigiMode
 3B75:ECED       _DigiNumber
 3B75:ECD7       _DigiPage
 3B75:ED05       _DigiPlaying
 3B75:ECE9       _DigiPriority
 3B75:00DC       _dirangle
 3B75:46E1       _directvideo
 3B75:1270       _dirscan
 3B75:1B38 idle  _dirtable
 0491:041B idle  _DiskFlopAnim
 3B75:9D4C       _displayofs
 0DA6:0E7E idle  _DoActor
 0491:044A idle  _DoChecksum
 0491:11A6 idle  _DoJukebox
 1402:07E6 idle  _DoorClosing
 3B75:D85A       _doornum
 3B75:86B8       _doorobjlist
 1402:0656 idle  _DoorOpen
 1402:0684 idle  _DoorOpening
 3B75:5326       _doorposition
 0C63:0A23       _DrawAllPlayBorder
 0C63:09F1       _DrawAllPlayBorderSides
 12D6:0542       _DrawAmmo
 06CD:2EB3 idle  _DrawChangeView
 06CD:1E13 idle  _DrawCtlScreen
 06CD:2BF6 idle  _DrawCustJoy
 06CD:2C8A idle  _DrawCustKeybd
 06CD:2CF2 idle  _DrawCustKeys
 06CD:2B4F idle  _DrawCustMouse
 06CD:27F7 idle  _DrawCustomScreen
 12D6:01FE       _DrawFace
 06CD:3A15 idle  _DrawGun
 06CD:39D1 idle  _DrawHalfStep
 12D6:033E       _DrawHealth
 0B05:11C2       _DrawHighScores
 12D6:04B2       _DrawKeys
 12D6:03DD       _DrawLevel
 12D6:03FC       _DrawLives
 06CD:125D idle  _DrawLoadSaveScreen
 06CD:0FFA idle  _DrawLSAction
 06CD:01E9 idle  _DrawMainMenu
 06CD:3B11       _DrawMenu
 06CD:4146 idle  _DrawMenuGun
 06CD:1A92 idle  _DrawMouseSens
 06CD:0AA0 idle  _DrawNewEpisode
 06CD:0B66 idle  _DrawNewGame
 06CD:0C08 idle  _DrawNewGameDiff
 06CD:32AA idle  _DrawOutline
 044F:027F idle  _DrawPlanes
 0C63:0A56       _DrawPlayBorder
 0C63:095C idle  _DrawPlayBorderSides
 0F7A:0D2B idle  _DrawPlayerWeapon
 0C63:0B2E       _DrawPlayScreen
 0F7A:0B17 idle  _DrawScaleds
 12D6:043A       _DrawScore
 06CD:0DD5 idle  _DrawSoundMenu
 044F:0032 idle  _DrawSpans
 06CD:417D       _DrawStripes
 12D6:0497       _DrawWeapon
 06CD:3270       _DrawWindow
 114B:0C16 idle  _DropItem
 3B75:A420       _dummyobj
 3B75:0E74 idle  _ElevatorBackTo
 3B75:352A idle  _EMMDriverName
 3B75:E8F0       _EMSAvail
 3B75:E8EE       _EMSHandle
 3B75:E8D2       _EMSList
 3B75:E8EC       _EMSPageFrame
 3B75:A292       _EMSPagesAvail
 3B75:E8C0       _EMSPagesUsed
 3B75:E8EA       _EMSPhysicalPage
 3B75:A296       _EMSPresent
 3B75:0330 idle  _endextern
 3B75:0341       _endfilename
 248B:0000 idle  _endStrings
 062D:0957       _EndText
 06CD:21CA idle  _EnterCtrlData
 3B75:4732       _environ
 3B75:0428 idle  _EpisodeSelect
 06CD:3953 idle  _EraseGun
 3B75:00C3       _errno
 0000:12AB       _exit
 3B75:A04D       _extension
 3B75:A50C       _extravbls
 3B75:A4DE       _facecount
 0000:273A       _farcoreleft
 0000:2319       _farfree
 3B75:E8A8       _farheap
 0000:2423       _farmalloc
 3B75:8638       _farmapylookup
 0000:2580 idle  _farrealloc
 0F7A:040E       _FarScalePost
 3B75:D866       _farthest
 3B75:EE11       _fastpalette
 0000:338E       _fclose
 0000:340F       _fflush
 0000:34F0       _filelength
 0000:3490       _findfirst
 0000:34C3       _findnext
 35DD:0000       _finetangent
 0C63:0C31 idle  _FinishDemoRecord
 0DA6:0E50       _FinishPaletteShifts
 0491:1076 idle  _FinishSignon
 114B:1471 idle  _FirstSighting
 0F7A:000C       _FixedByFrac
 044F:000A idle  _FixedMul
 0F7A:0E2E       _FixOfs
 06CD:2647 idle  _FixupCustom
 1E99:07DA       _FizzleFade
 3B75:A2C6       _fizzlein
 0000:3531       _flushall
 3B75:9898       _focallength
 3B75:D9CE       _focaltx
 3B75:D9CC       _focalty
 3B75:9D4B       _fontcolor
 3B75:9D49       _fontnumber
 0000:36EC       _fopen
 0000:370B       _fprintf
 0000:3BB4       _fputc
 0000:3CEA idle  _fputchar
 3B75:A4E4       _frameon
 0000:2A93       _free
 3B75:168A       _freelatch
 06CD:4099       _FreeMusic
 0000:377E       _fseek
 0000:37E6 idle  _ftell
 3B75:D9DA       _fullscalefarcall
 3B75:A414       _funnyticount
 0C63:1229       _GameLoop
 3B75:2F4A       _gamepal
 3B75:ED09       _Games
 3B75:95C0       _gamestate
 3B75:326B idle  _gdictname
 12D6:05AA       _GetBonus
 0000:38AD       _getenv
 0DA6:0A52       _GetNewActor
 0000:27D3       _gettext
 0000:133A       _getvect
 3B75:3261 idle  _gfilename
 3B75:3257 idle  _gheadname
 12D6:0560 idle  _GiveAmmo
 12D6:041A idle  _GiveExtraMan
 12D6:0595 idle  _GiveKey
 12D6:045A       _GivePoints
 12D6:0517       _GiveWeapon
 3B75:A2A6       _globalsoundx
 3B75:A2A2       _globalsoundy
 3B75:A510       _godmode
 3B75:E009       _gotgatgun
 0000:278A       _gotoxy
 1710:000B idle  _GRFILEPOS
 3B75:E01F       _grhandle
 3B75:E41D       _grhuffman
 36BE:0000       _grneeded
 3B75:9D4E       _grsegs
 3B75:E81B       _grstarts
 12D6:0EC0 idle  _GunAttack
 3B75:ECFF       _HackCount
 3B75:00DA idle  _halfheight
 062D:00FB idle  _HandleCommand
 062D:03BD idle  _HandleCtrls
 06CD:344B       _HandleMenu
 062D:03DF idle  _HandleWord
 0000:287B       _harderr
 0000:288D idle  _hardresume
 0000:289B idle  _hardretn
 12D6:03B6       _HealSelf
 3B75:9604       _heightnumerator
 3B75:0332 idle  _helpextern
 3B75:0334 idle  _helpfilename
 062D:08C9 idle  _HelpScreens
 0F7A:0659       _HitHorizDoor
 0F7A:086A       _HitHorizPWall
 0F7A:0536       _HitHorizWall
 0F7A:0760       _HitVertDoor
 0F7A:094B       _HitVertPWall
 0F7A:0416       _HitVertWall
 3B75:5428       _horizwall
 3B75:A048       _ingame
 0DA6:0A0B       _InitActorList
 1402:01FD       _InitAreas
 0491:1185 idle  _InitDigiMap
 1402:0225       _InitDoorList
 0491:13C2 idle  _InitGame
 0DA6:0BBA       _InitRedShifts
 1402:000C       _InitStaticList
 1885:01EC       _INL_GetJoyDelta
 3B75:DDF5       _insetupscaling
 06CD:2FD3       _IntroScreen
 1885:0B0E       _IN_Ack
 1885:0AB4       _IN_CheckAck
 1885:06D7       _IN_ClearKeysDown
 1885:0659 idle  _IN_Default
 1885:0151       _IN_GetJoyAbs
 1885:035A idle  _IN_GetJoyButtonsDB
 06CD:40BC idle  _IN_GetScanName
 1885:0B7B       _IN_JoyButtons
 1885:0B64       _IN_MouseButtons
 1885:06F6       _IN_ReadControl
 1885:0A18 idle  _IN_SetControlType
 1885:06C5 idle  _IN_SetKeyHook
 1885:04CB       _IN_SetupJoy
 1885:0699       _IN_Shutdown
 1885:0A64       _IN_StartAck
 1885:05B8       _IN_Startup
 1885:0B1F       _IN_UserInput
 1885:0A47       _IN_WaitForASCII
 1885:0A29 idle  _IN_WaitForKey
 0000:29CF       _ioctl
 3B75:989C       _IsA386
 0000:153E       _isatty
 0000:390C       _itoa
 0490:000A       _jabhack2
 3B75:00FC idle  _JHParmStrings
 3B75:E84A       _JoyDefs
 3B75:54AE       _joypadenabled
 3B75:E83A       _JoyPadPresent
 3B75:9C43       _JoysPresent
 3B75:54B0       _joystickenabled
 3B75:54AA       _joystickport
 3B75:54AC       _joystickprogressive
 3B75:3354 idle  _KbdDefs
 3B75:9C49       _Keyboard
 114B:0CB1 idle  _KillActor
 3B75:A2B8       _killerobj
 12D6:0E27 idle  _KnifeAttack
 3B75:A04A       _LastASCII
 3B75:E007       _LastAttacker
 3B75:A2AC       _lastdemoptr
 3B75:E00F       _lastdoorobj
 3B75:D9D2       _lastintercept
 3B75:B516       _lastobj
 3B75:9EE0       _LastScan
 3B75:D9D6       _lastside
 3B75:8938       _laststatobj
 3B75:D9D0       _lasttilehit
 3B75:9EEA       _lasttimecount
 1E99:065C       _LatchDrawPic
 12D6:02AF idle  _LatchNumber
 3B75:A2D0       _latchpics
 3B75:9E8C       _layoutdone
 3B75:A2A0       _leftchannel
 3B75:9EBA       _leftmargin
 3B75:3FCE idle  _leftmasks
 3B75:ECE7       _LeftPosition
 3B75:1042 idle  _lefttable
 0B05:066B       _LevelCompleted
 3B75:9904       _LevelRatios
 3B75:DDE9       _linecmds
 3B75:DDE5       _linescale
 3B75:EFA5       _linewidth
 3B75:9B83       _loadedgame
 1E99:06B9       _LoadLatchMem
 0491:08D5       _LoadTheGame
 3B75:ECDD       _LocalTime
 0000:15E9       _lseek
 3B75:03E6 idle  _LSItems
 2528:0000 idle  _LSMenu
 0000:394E       _ltoa
 3B75:D842       _madenoise
 0491:19AD       _main
 3B75:03D2       _MainItems
 3B75:E9BC       _MainMemPages
 3B75:E8F4       _MainMemUsed
 24B8:0000       _MainMenu
 3B75:E8F2       _MainPagesAvail
 3B75:E8BE       _MainPagesUsed
 3B75:EA84       _MainPresent
 0000:2B62       _malloc
 3B75:E01D       _maphandle
 3B75:A398       _mapheaderseg
 3B75:A2CA       _mapheight
 3B75:171A       _mapmasks1
 3B75:173A       _mapmasks2
 3B75:175A       _mapmasks3
 3B75:A29C       _mapon
 3B75:D850       _maporgx
 3B75:D84E       _maporgy
 0489:000A       _MapRow
 3B75:A410       _mapsegs
 3B75:A2CC       _mapwidth
 3B75:A45C       _mapwidthtable
 3B75:DDE2       _mask1
 3B75:DDE1       _mask2
 3B75:DDE0       _mask3
 3B75:DDE3       _maskword
 0000:0F29       _matherr
 3B75:DDF7       _maxscale
 3B75:D9D8       _maxscaleshl2
 3B75:9608       _maxslope
 3B75:05F2 idle  _mbarray
 0000:3973       _memcpy
 06CD:3ED3       _Message
 3B75:327F idle  _mfilename
 3B75:3275 idle  _mheadname
 3B75:D9C6       _midangle
 3B75:1690 idle  _mindist
 3B75:9602       _minheightdiv
 3B75:49FA       _mirrorofs
 3908:0000       _mmblocks
 3B75:A29A       _mmerror
 3B75:E89E       _mmfree
 3B75:E8A2       _mmhead
 3B75:9E78       _mminfo
 193E:0001 idle  _MML_CheckForXMS
 193E:0242 idle  _MML_ClearBlock
 193E:001C idle  _MML_SetupXMS
 193E:008B idle  _MML_ShutdownXMS
 193E:00BC       _MML_UseSpace
 3B75:E896       _mmnew
 3B75:E89A       _mmrover
 3B75:E8AC       _mmstarted
 193E:0E7D       _MM_BombOnError
 193E:0C67 idle  _MM_DumpData
 193E:0780       _MM_FreePtr
 193E:04C3       _MM_GetPtr
 193E:08C8       _MM_SetLock
 193E:0847       _MM_SetPurge
 193E:0B0A idle  _MM_ShowMemory
 193E:049B       _MM_Shutdown
 193E:094E       _MM_SortMem
 193E:02A8       _MM_Startup
 193E:0DFF       _MM_TotalFree
 193E:0D98       _MM_UnusedMemory
 3B75:988C       _mouseadjustment
 3B75:E836       _MouseDownCount
 3B75:54B2       _mouseenabled
 3B75:9C47       _MousePresent
 06CD:1BD1 idle  _MouseSensitivity
 0000:3992       _movedata
 1402:0922       _MoveDoors
 114B:09CE       _MoveObj
 3B75:0622 idle  _moveorder
 1402:0B29       _MovePWalls
 0000:29F6       _movetext
 3B75:49EE       _mr_count
 3B75:49E4       _mr_dest
 3B75:49F0       _mr_rowofs
 3B75:49E8       _mr_xfrac
 3B75:49EC       _mr_xstep
 3B75:49E6       _mr_yfrac
 3B75:49EA       _mr_ystep
 0491:111B       _MS_CheckParm
 3B75:01C4 idle  _MusicItems
 245B:0000 idle  _MusicMenu
 3B75:9C37       _MusicMode
 3B75:E8A6       _nearheap
 3B75:85B8       _nearmapylookup
 3B75:ED01       _NeedsDigitized
 3B75:ED07       _NeedsMusic
 3B75:95BC       _new
 3B75:0404 idle  _NewEitems
 2500:0000 idle  _NewEmenu
 0491:03CA       _NewGame
 3B75:040E idle  _NewItems
 062D:0362 idle  _NewLine
 251D:0000 idle  _NewMenu
 114B:00B0       _NewState
 0491:1642       _NewViewSize
 3B75:ECF9       _nextsoundpos
 3B75:A50E       _noclip
 0B05:1513 idle  _NonShareware
 3B75:989E       _nospr
 3B75:01FC idle  _nosprtxt
 3B75:9B81       _NoWait
 3B75:D84A       _NumDigi
 3B75:9ED8       _numpages
 3B75:E88E       _numUMBs
 3B75:B518       _obj
 3B75:A41E       _objcount
 3B75:B514       _objfreelist
 3B75:B51A       _objlist
 3B75:E011       _oldsoundmode
 0000:39DF       _open
 1402:0355       _OpenDoor
 1402:05E1       _OperateDoor
 3B75:180C idle  _opposite
 3B75:05FE idle  _order
 3B75:3520 idle  _PageFile
 3B75:3512       _PageFileName
 062D:0490 idle  _PageLayout
 3B75:9EDA       _pagenum
 3B45:0000       _palette1
 3B15:0000       _palette2
 3B75:A418       _palshifted
 062D:0021 idle  _ParseNumber
 062D:0075 idle  _ParsePicCommand
 062D:0093 idle  _ParseTimedCommand
 0491:036B idle  _Patch386
 3B75:A04B       _Paused
 3B75:ECBE       _pcLastSample
 3B75:ECB6       _pcLengthLeft
 3B75:49F2       _pcos
 3B75:ECBA       _pcSound
 3B75:EAB8       _pcSoundLookup
 3B75:EFA7       _pelpan
 0B05:0448       _PG13
 3B75:9E8E       _picdelay
 3B75:9EE8       _pickquick
 3B75:9E90       _picnum
 3B75:9EE5       _pictable
 0EC1:01C5       _PicturePause
 3B75:9E94       _picx
 3B75:9E92       _picy
 3B75:960C       _pixelangle
 3B75:3FCA idle  _pixmasks
 3B75:D9B0       _pixx
 1402:00E6       _PlaceItemType
 224A:0000       _planepics
 3B75:4AC2       _planeylookup
 0C63:0E72       _PlayDemo
 3B75:95BA       _player
 3B75:E003       _playerxmove
 3B75:DFFF       _playerymove
 0DA6:101B       _PlayLoop
 0C63:00FB       _PlaySoundLocGlobal
 3B75:95BE       _playstate
 3B75:DFFD       _plux
 3B75:DFFB       _pluy
 3B75:E8B8       _PMFrameCount
 1A26:06F7 idle  _PML_ClosePageFile
 1A26:0AFB idle  _PML_GetAPageBuffer
 1A26:0731 idle  _PML_GetEMSAddress
 1A26:0C08 idle  _PML_GetPageFromXMS
 1A26:0866 idle  _PML_GiveLRUPage
 1A26:0907 idle  _PML_GiveLRUXMSPage
 1A26:0C8C idle  _PML_LoadPage
 1A26:0008 idle  _PML_MapEMS
 1A26:0510 idle  _PML_OpenPageFile
 1A26:0979 idle  _PML_PutPageInXMS
 1A26:0490 idle  _PML_ReadFromFile
 1A26:0160 idle  _PML_ShutdownEMS
 1A26:0469 idle  _PML_ShutdownMainMem
 1A26:02A4 idle  _PML_ShutdownXMS
 1A26:002B idle  _PML_StartupEMS
 1A26:03EC idle  _PML_StartupMainMem
 1A26:0184 idle  _PML_StartupXMS
 1A26:0A28 idle  _PML_TransferPageSpace
 1A26:01F7 idle  _PML_XMSCopy
 3B75:E8BC       _PMNumBlocks
 3B75:D85C       _PMPages
 3B75:E8C6       _PMPanicMode
 3B75:E8B6       _PMSegPages
 3B75:D860       _PMSoundStart
 3B75:D862       _PMSpriteStart
 3B75:E8C8       _PMStarted
 3B75:E8C4       _PMThrashing
 1A26:02F3       _PM_CheckMainMem
 1A26:0CDE       _PM_GetPage
 1A26:080D       _PM_GetPageAddress
 1A26:1036       _PM_NextFrame
 1A26:0DD0       _PM_Preload
 1A26:10B0 idle  _PM_Reset
 1A26:02CA       _PM_SetMainMemPurge
 1A26:0DA0       _PM_SetPageLock
 1A26:11CF       _PM_Shutdown
 1A26:111E       _PM_Startup
 0DA6:03D3 idle  _PollControls
 0DA6:0078 idle  _PollJoystickButtons
 0DA6:0253 idle  _PollJoystickMove
 0DA6:000D idle  _PollKeyboardButtons
 0DA6:0109 idle  _PollKeyboardMove
 0DA6:0034 idle  _PollMouseButtons
 0DA6:0215 idle  _PollMouseMove
 3B75:D856       _postsource
 3B75:D852       _postwidth
 3B75:D854       _postx
 0000:0F1E       _pow10
 0B05:110F       _PreloadGraphics
 0B05:106E idle  _PreloadUpdate
 06CD:2BAC idle  _PrintCustJoy
 06CD:2C53 idle  _PrintCustKeybd
 06CD:2CBC idle  _PrintCustKeys
 06CD:2B05 idle  _PrintCustMouse
 0000:3B84       _printf
 06CD:1327 idle  _PrintLSEntry
 3B75:A046       _PrintX
 3B75:9B7F       _PrintY
 3B75:E81F       _profilehandle
 14D6:005B idle  _ProjectileTryMove
 3B75:49F6       _psin
 1402:0975       _PushWall
 0000:3EA4       _puts
 0000:2827       _puttext
 3B75:52D4       _pwalldir
 3B75:53A6       _pwallpos
 3B75:5324       _pwallstate
 3B75:52D8       _pwallx
 3B75:52D6       _pwally
 3B75:9EE3       _px
 3B75:9EE1       _py
 0491:168A       _Quit
 3B75:0102 idle  _radtoint
 0000:3FBD       _read
 06CD:3C46 idle  _ReadAnyControl
 0491:000D idle  _ReadConfig
 0000:2CBB idle  _realloc
 0C63:0D16       _RecordDemo
 1402:0176 idle  _RecursiveConnect
 37E8:0000       _redshifts
 0DA6:0AB4 idle  _RemoveObj
 3B75:A29E       _rightchannel
 3B75:9E9C       _rightmargin
 3B75:3FD2 idle  _rightmasks
 3B75:ECE5       _RightPosition
 3B75:0E80 idle  _righttable
 062D:000E idle  _RipToEOL
 244A:0002 idle  _rndtable
 3B75:9E96       _rowon
 3B75:A4E2       _running
 3B75:9EEE       _SaveGameNames
 3B75:A030       _SaveGamesAvail
 3B75:0436 idle  _SaveName
 0491:0497       _SaveTheGame
 3B75:ED03       _SBProPresent
 0000:1FD0 idle  _sbrk
 3B75:52CA       _scale
 3B75:DDF9       _scaledirectory
 10BF:0339 idle  _ScaleLine
 0F7A:0397 idle  _ScalePost
 10BF:0487       _ScaleShape
 0C63:019A idle  _ScanInfoPlane
 3B75:3D1A       _Scores
 3B75:D846       _screenfaded
 3B75:1684       _screenloc
 3B75:9896       _screenofs
 3B75:3FC4       _screenseg
 1B44:0B88       _SDL_DigitizedDone
 1CD6:0012       _SDL_IndicatePC
 1B44:08CF idle  _SDL_LoadDigiSegment
 1B44:0904 idle  _SDL_PlayDigiSegment
 1B44:0511 idle  _SDL_SBSetDMA
 1CD6:000A       _SDL_SetDS
 1B44:0C56 idle  _SDL_SetupDigi
 1CD6:001E       _SDL_t0ExtremeAsmService
 1CD6:00B8       _SDL_t0FastAsmService
 1CD6:031A       _SDL_t0SlowAsmService
 1B44:1525 idle  _SD_Default
 1B44:18FE idle  _SD_FadeOutMusic
 1B44:185F       _SD_MusicOff
 1B44:1854       _SD_MusicOn
 1B44:190F idle  _SD_MusicPlaying
 1B44:0AC4 idle  _SD_PlayDigitized
 1B44:1618       _SD_PlaySound
 1B44:09F0       _SD_Poll
 1B44:1601       _SD_PositionSound
 1B44:0BF2       _SD_SetDigiDevice
 1B44:1184       _SD_SetMusicMode
 1B44:0A7C       _SD_SetPosition
 1B44:10F4       _SD_SetSoundMode
 1B44:15EF idle  _SD_SetUserHook
 1B44:1594       _SD_Shutdown
 1B44:17C9       _SD_SoundPlaying
 1B44:18AC       _SD_StartMusic
 1B44:11D6       _SD_Startup
 1B44:094E       _SD_StopDigitized
 1B44:1810       _SD_StopSound
 1B44:1847       _SD_WaitSoundDone
 114B:07AA       _SelectChaseDir
 114B:067A       _SelectDodgeDir
 14D6:1A4F idle  _SelectPathDir
 114B:0904       _SelectRunDir
 0000:3170       _setblock
 044F:0176 idle  _SetPlaneViewSize
 0C63:0008 idle  _SetSoundLoc
 06CD:3BDF idle  _SetTextColor
 06CD:330F idle  _SetupControlPanel
 0C63:06A6       _SetupGameLevel
 10BF:001F       _SetupScaling
 0491:0FC1 idle  _SetupWalls
 0000:3FC0       _setvbuf
 0000:1349       _setvect
 0491:156F       _SetViewSize
 0EC1:02EE idle  _ShapeTest
 3B75:9892       _shootdelta
 06CD:41B7 idle  _ShootSnd
 062D:07A6 idle  _ShowArticle
 0491:15F7       _ShowViewSize
 0491:0D09       _ShutdownId
 114B:1784       _SightPlayer
 255E:0000       _signon
 0491:0FE8 idle  _SignonScreen
 10BF:07A0       _SimpleScaleShape
 0000:0F4F       _sin
 3B75:A512       _singlestep
 356C:0000       _sintable
 3B75:DDED       _slinewidth
 3B75:DDEF       _slinex
 3B75:03DC idle  _SndItems
 24D0:0000 idle  _SndMenu
 3B75:1298 idle  _songs
 3B75:9C3D       _SoundBlasterPresent
 3B75:9C3B       _SoundMode
 3B75:ECEF       _SoundNumber
 3B75:A2CE       _SoundPositioned
 3B75:ECEB       _SoundPriority
 3B75:9C3F       _SoundSourcePresent
 3B75:0434 idle  _SoundStatus
 3B75:ECFD       _SoundTable
 3B75:4F72       _spanstart
 14D6:1EAA       _SpawnBJVictory
 14D6:0500       _SpawnBoss
 14D6:04E0       _SpawnDeadGuard
 1402:025D       _SpawnDoor
 14D6:1204       _SpawnFakeHitler
 14D6:0AAA       _SpawnFat
 14D6:0950       _SpawnGhosts
 14D6:0A42       _SpawnGift
 14D6:0553       _SpawnGretel
 14D6:126C       _SpawnHitler
 114B:0001       _SpawnNewObj
 14D6:05A6       _SpawnPatrol
 12D6:0D87       _SpawnPlayer
 14D6:09DA       _SpawnSchabbs
 14D6:032D       _SpawnStand
 1402:0017       _SpawnStatic
 3B75:A2BC       _spearangle
 3B75:A2BA       _spearflag
 3B75:A2C2       _spearx
 3B75:A2BE       _speary
 3B75:A514       _spotvis
 0000:40C0       _sprintf
 3B75:EA96       _sqActive
 3B75:EA92       _sqHack
 3B75:EA8C       _sqHackLen
 3B75:EA8E       _sqHackPtr
 3B75:EA8A       _sqHackSeqLen
 3B75:EA86       _sqHackTime
 3B75:ECCF       _ssActive
 3B75:ECCD       _ssControl
 3B75:ECC9       _ssData
 3B75:ECFB       _ssIsTandy
 3B75:ECBF       _ssLengthLeft
 3B75:ECD1       _ssNoCheck
 3B75:ECC7       _ssOff
 3B75:ECC8       _ssOn
 3B75:39A0 idle  _ssPort
 3B75:ECC3       _ssSample
 3B75:ECCB       _ssStatus
 0DA6:0D39       _StartBonusFlash
 06CD:400C       _StartCPMusic
 0DA6:0D44       _StartDamageFlash
 0C63:0BDA idle  _StartDemoRecord
 3B75:A02E       _StartGame
 3B75:9890       _startgame
 3B75:1B4A idle  _starthitpoints
 0DA6:0B3E       _StartMusic
 3B75:1A1E idle  _statinfo
 3B75:893A       _statobjlist
 12D6:01A5 idle  _StatusDrawPic
 3B75:DDF1       _stepbytwo
 3B75:4DE2       _stepscale
 0DA6:0B03       _StopMusic
 3B75:98B4       _str
 3B75:98A0       _str2
 3B75:1A0C idle  _strafeangle
 0000:40F9       _strcat
 0000:4132       _strlen
 0000:4176       _strtol
 3B75:191C idle  _s_attack
 3B75:2EB4 idle  _s_bjjump1
 3B75:2EC4 idle  _s_bjjump2
 3B75:2ED4 idle  _s_bjjump3
 3B75:2EE4 idle  _s_bjjump4
 3B75:2E54 idle  _s_bjrun1
 3B75:2E64 idle  _s_bjrun1s
 3B75:2E74 idle  _s_bjrun2
 3B75:2E84 idle  _s_bjrun3
 3B75:2E94 idle  _s_bjrun3s
 3B75:2EA4 idle  _s_bjrun4
 3B75:1DDA       _s_blinkychase1
 3B75:1DEA idle  _s_blinkychase2
 3B75:1C4A idle  _s_boom1
 3B75:1C5A idle  _s_boom2
 3B75:1C6A idle  _s_boom3
 3B75:246A       _s_bosschase1
 3B75:247A idle  _s_bosschase1s
 3B75:248A idle  _s_bosschase2
 3B75:249A idle  _s_bosschase3
 3B75:24AA idle  _s_bosschase3s
 3B75:24BA idle  _s_bosschase4
 3B75:24CA       _s_bossdie1
 3B75:24DA idle  _s_bossdie2
 3B75:24EA idle  _s_bossdie3
 3B75:24FA idle  _s_bossdie4
 3B75:250A idle  _s_bossshoot1
 3B75:251A idle  _s_bossshoot2
 3B75:252A idle  _s_bossshoot3
 3B75:253A idle  _s_bossshoot4
 3B75:254A idle  _s_bossshoot5
 3B75:255A idle  _s_bossshoot6
 3B75:256A idle  _s_bossshoot7
 3B75:257A idle  _s_bossshoot8
 3B75:245A idle  _s_bossstand
 3B75:1E3A idle  _s_clydechase1
 3B75:1E4A idle  _s_clydechase2
 3B75:2EF4       _s_deathcam
 3B75:1F0A       _s_dogchase1
 3B75:1F1A idle  _s_dogchase1s
 3B75:1F2A idle  _s_dogchase2
 3B75:1F3A idle  _s_dogchase3
 3B75:1F4A idle  _s_dogchase3s
 3B75:1F5A idle  _s_dogchase4
 3B75:1F9A idle  _s_dogdead
 3B75:1F6A       _s_dogdie1
 3B75:1F7A idle  _s_dogdie2
 3B75:1F8A idle  _s_dogdie3
 3B75:1EBA idle  _s_dogjump1
 3B75:1ECA idle  _s_dogjump2
 3B75:1EDA idle  _s_dogjump3
 3B75:1EEA idle  _s_dogjump4
 3B75:1EFA idle  _s_dogjump5
 3B75:1E5A idle  _s_dogpath1
 3B75:1E6A idle  _s_dogpath1s
 3B75:1E7A idle  _s_dogpath2
 3B75:1E8A idle  _s_dogpath3
 3B75:1E9A idle  _s_dogpath3s
 3B75:1EAA idle  _s_dogpath4
 3B75:2A5C       _s_fakechase1
 3B75:2A6C idle  _s_fakechase1s
 3B75:2A7C idle  _s_fakechase2
 3B75:2A8C idle  _s_fakechase3
 3B75:2A9C idle  _s_fakechase3s
 3B75:2AAC idle  _s_fakechase4
 3B75:2ABC       _s_fakedie1
 3B75:2ACC idle  _s_fakedie2
 3B75:2ADC idle  _s_fakedie3
 3B75:2AEC idle  _s_fakedie4
 3B75:2AFC idle  _s_fakedie5
 3B75:2B0C idle  _s_fakedie6
 3B75:2B1C idle  _s_fakeshoot1
 3B75:2B2C idle  _s_fakeshoot2
 3B75:2B3C idle  _s_fakeshoot3
 3B75:2B4C idle  _s_fakeshoot4
 3B75:2B5C idle  _s_fakeshoot5
 3B75:2B6C idle  _s_fakeshoot6
 3B75:2B7C idle  _s_fakeshoot7
 3B75:2B8C idle  _s_fakeshoot8
 3B75:2B9C idle  _s_fakeshoot9
 3B75:2A4C idle  _s_fakestand
 3B75:291C       _s_fatchase1
 3B75:292C idle  _s_fatchase1s
 3B75:293C idle  _s_fatchase2
 3B75:294C idle  _s_fatchase3
 3B75:295C idle  _s_fatchase3s
 3B75:296C idle  _s_fatchase4
 3B75:297C idle  _s_fatdeathcam
 3B75:298C       _s_fatdie1
 3B75:299C idle  _s_fatdie2
 3B75:29AC idle  _s_fatdie3
 3B75:29BC idle  _s_fatdie4
 3B75:29CC idle  _s_fatdie5
 3B75:29DC idle  _s_fatdie6
 3B75:29EC idle  _s_fatshoot1
 3B75:29FC idle  _s_fatshoot2
 3B75:2A0C idle  _s_fatshoot3
 3B75:2A1C idle  _s_fatshoot4
 3B75:2A2C idle  _s_fatshoot5
 3B75:2A3C idle  _s_fatshoot6
 3B75:290C idle  _s_fatstand
 3B75:2BAC idle  _s_fire1
 3B75:2BBC idle  _s_fire2
 3B75:281C       _s_giftchase1
 3B75:282C idle  _s_giftchase1s
 3B75:283C idle  _s_giftchase2
 3B75:284C idle  _s_giftchase3
 3B75:285C idle  _s_giftchase3s
 3B75:286C idle  _s_giftchase4
 3B75:287C idle  _s_giftdeathcam
 3B75:288C       _s_giftdie1
 3B75:289C idle  _s_giftdie2
 3B75:28AC idle  _s_giftdie3
 3B75:28BC idle  _s_giftdie4
 3B75:28CC idle  _s_giftdie5
 3B75:28DC idle  _s_giftdie6
 3B75:28EC idle  _s_giftshoot1
 3B75:28FC idle  _s_giftshoot2
 3B75:280C idle  _s_giftstand
 3B75:1D3A       _s_grdchase1
 3B75:1D4A idle  _s_grdchase1s
 3B75:1D5A idle  _s_grdchase2
 3B75:1D6A idle  _s_grdchase3
 3B75:1D7A idle  _s_grdchase3s
 3B75:1D8A idle  _s_grdchase4
 3B75:1D9A       _s_grddie1
 3B75:1DAA idle  _s_grddie2
 3B75:1DBA idle  _s_grddie3
 3B75:1DCA idle  _s_grddie4
 3B75:1CEA       _s_grdpain
 3B75:1CFA       _s_grdpain1
 3B75:1C8A idle  _s_grdpath1
 3B75:1C9A idle  _s_grdpath1s
 3B75:1CAA idle  _s_grdpath2
 3B75:1CBA idle  _s_grdpath3
 3B75:1CCA idle  _s_grdpath3s
 3B75:1CDA idle  _s_grdpath4
 3B75:1D0A idle  _s_grdshoot1
 3B75:1D1A idle  _s_grdshoot2
 3B75:1D2A idle  _s_grdshoot3
 3B75:1C7A idle  _s_grdstand
 3B75:259A       _s_gretelchase1
 3B75:25AA idle  _s_gretelchase1s
 3B75:25BA idle  _s_gretelchase2
 3B75:25CA idle  _s_gretelchase3
 3B75:25DA idle  _s_gretelchase3s
 3B75:25EA idle  _s_gretelchase4
 3B75:25FA       _s_greteldie1
 3B75:260A idle  _s_greteldie2
 3B75:261A idle  _s_greteldie3
 3B75:262A idle  _s_greteldie4
 3B75:263A idle  _s_gretelshoot1
 3B75:264A idle  _s_gretelshoot2
 3B75:265A idle  _s_gretelshoot3
 3B75:266A idle  _s_gretelshoot4
 3B75:267A idle  _s_gretelshoot5
 3B75:268A idle  _s_gretelshoot6
 3B75:269A idle  _s_gretelshoot7
 3B75:26AA idle  _s_gretelshoot8
 3B75:258A idle  _s_gretelstand
 3B75:2CDC       _s_hitlerchase1
 3B75:2CEC idle  _s_hitlerchase1s
 3B75:2CFC idle  _s_hitlerchase2
 3B75:2D0C idle  _s_hitlerchase3
 3B75:2D1C idle  _s_hitlerchase3s
 3B75:2D2C idle  _s_hitlerchase4
 3B75:2D3C idle  _s_hitlerdeathcam
 3B75:2D4C       _s_hitlerdie1
 3B75:2DDC idle  _s_hitlerdie10
 3B75:2D5C idle  _s_hitlerdie2
 3B75:2D6C idle  _s_hitlerdie3
 3B75:2D7C idle  _s_hitlerdie4
 3B75:2D8C idle  _s_hitlerdie5
 3B75:2D9C idle  _s_hitlerdie6
 3B75:2DAC idle  _s_hitlerdie7
 3B75:2DBC idle  _s_hitlerdie8
 3B75:2DCC idle  _s_hitlerdie9
 3B75:2DEC idle  _s_hitlershoot1
 3B75:2DFC idle  _s_hitlershoot2
 3B75:2E0C idle  _s_hitlershoot3
 3B75:2E1C idle  _s_hitlershoot4
 3B75:2E2C idle  _s_hitlershoot5
 3B75:2E3C idle  _s_hitlershoot6
 3B75:1DFA idle  _s_inkychase1
 3B75:1E0A idle  _s_inkychase2
 3B75:2BDC       _s_mechachase1
 3B75:2BEC idle  _s_mechachase1s
 3B75:2BFC idle  _s_mechachase2
 3B75:2C0C idle  _s_mechachase3
 3B75:2C1C idle  _s_mechachase3s
 3B75:2C2C idle  _s_mechachase4
 3B75:2C3C       _s_mechadie1
 3B75:2C4C idle  _s_mechadie2
 3B75:2C5C idle  _s_mechadie3
 3B75:2C6C idle  _s_mechadie4
 3B75:2C7C idle  _s_mechashoot1
 3B75:2C8C idle  _s_mechashoot2
 3B75:2C9C idle  _s_mechashoot3
 3B75:2CAC idle  _s_mechashoot4
 3B75:2CBC idle  _s_mechashoot5
 3B75:2CCC idle  _s_mechashoot6
 3B75:2BCC idle  _s_mechastand
 3B75:21EA       _s_mutchase1
 3B75:21FA idle  _s_mutchase1s
 3B75:220A idle  _s_mutchase2
 3B75:221A idle  _s_mutchase3
 3B75:222A idle  _s_mutchase3s
 3B75:223A idle  _s_mutchase4
 3B75:224A       _s_mutdie1
 3B75:225A idle  _s_mutdie2
 3B75:226A idle  _s_mutdie3
 3B75:227A idle  _s_mutdie4
 3B75:228A idle  _s_mutdie5
 3B75:218A       _s_mutpain
 3B75:219A       _s_mutpain1
 3B75:212A idle  _s_mutpath1
 3B75:213A idle  _s_mutpath1s
 3B75:214A idle  _s_mutpath2
 3B75:215A idle  _s_mutpath3
 3B75:216A idle  _s_mutpath3s
 3B75:217A idle  _s_mutpath4
 3B75:21AA idle  _s_mutshoot1
 3B75:21BA idle  _s_mutshoot2
 3B75:21CA idle  _s_mutshoot3
 3B75:21DA idle  _s_mutshoot4
 3B75:211A idle  _s_mutstand
 3B75:27CC idle  _s_needle1
 3B75:27DC idle  _s_needle2
 3B75:27EC idle  _s_needle3
 3B75:27FC idle  _s_needle4
 3B75:206A       _s_ofcchase1
 3B75:207A idle  _s_ofcchase1s
 3B75:208A idle  _s_ofcchase2
 3B75:209A idle  _s_ofcchase3
 3B75:20AA idle  _s_ofcchase3s
 3B75:20BA idle  _s_ofcchase4
 3B75:20CA       _s_ofcdie1
 3B75:20DA idle  _s_ofcdie2
 3B75:20EA idle  _s_ofcdie3
 3B75:20FA idle  _s_ofcdie4
 3B75:210A idle  _s_ofcdie5
 3B75:201A       _s_ofcpain
 3B75:202A       _s_ofcpain1
 3B75:1FBA idle  _s_ofcpath1
 3B75:1FCA idle  _s_ofcpath1s
 3B75:1FDA idle  _s_ofcpath2
 3B75:1FEA idle  _s_ofcpath3
 3B75:1FFA idle  _s_ofcpath3s
 3B75:200A idle  _s_ofcpath4
 3B75:203A idle  _s_ofcshoot1
 3B75:204A idle  _s_ofcshoot2
 3B75:205A idle  _s_ofcshoot3
 3B75:1FAA idle  _s_ofcstand
 3B75:1E1A idle  _s_pinkychase1
 3B75:1E2A idle  _s_pinkychase2
 3B75:190C idle  _s_player
 3B75:1BFA idle  _s_rocket
 3B75:26DC       _s_schabbchase1
 3B75:26EC idle  _s_schabbchase1s
 3B75:26FC idle  _s_schabbchase2
 3B75:270C idle  _s_schabbchase3
 3B75:271C idle  _s_schabbchase3s
 3B75:272C idle  _s_schabbchase4
 3B75:273C idle  _s_schabbdeathcam
 3B75:274C       _s_schabbdie1
 3B75:275C idle  _s_schabbdie2
 3B75:276C idle  _s_schabbdie3
 3B75:277C idle  _s_schabbdie4
 3B75:278C idle  _s_schabbdie5
 3B75:279C idle  _s_schabbdie6
 3B75:27AC idle  _s_schabbshoot1
 3B75:27BC idle  _s_schabbshoot2
 3B75:26CC idle  _s_schabbstand
 3B75:1C0A idle  _s_smoke1
 3B75:1C1A idle  _s_smoke2
 3B75:1C2A idle  _s_smoke3
 3B75:1C3A idle  _s_smoke4
 3B75:23BA       _s_sschase1
 3B75:23CA idle  _s_sschase1s
 3B75:23DA idle  _s_sschase2
 3B75:23EA idle  _s_sschase3
 3B75:23FA idle  _s_sschase3s
 3B75:240A idle  _s_sschase4
 3B75:241A       _s_ssdie1
 3B75:242A idle  _s_ssdie2
 3B75:243A idle  _s_ssdie3
 3B75:244A idle  _s_ssdie4
 3B75:230A       _s_sspain
 3B75:231A       _s_sspain1
 3B75:22AA idle  _s_sspath1
 3B75:22BA idle  _s_sspath1s
 3B75:22CA idle  _s_sspath2
 3B75:22DA idle  _s_sspath3
 3B75:22EA idle  _s_sspath3s
 3B75:22FA idle  _s_sspath4
 3B75:232A idle  _s_ssshoot1
 3B75:233A idle  _s_ssshoot2
 3B75:234A idle  _s_ssshoot3
 3B75:235A idle  _s_ssshoot4
 3B75:236A idle  _s_ssshoot5
 3B75:237A idle  _s_ssshoot6
 3B75:238A idle  _s_ssshoot7
 3B75:239A idle  _s_ssshoot8
 3B75:23AA idle  _s_ssshoot9
 3B75:229A idle  _s_ssstand
 3B75:ECE1       _t0OldService
 12D6:035C       _TakeDamage
 0000:0F9C       _tan
 3B75:9B87       _tedlevel
 3B75:9B85       _tedlevelnum
 3B75:9E98       _text
 0F7A:0F3F       _ThreeDRefresh
 12D6:0AF4 idle  _Thrust
 3B75:E00B       _thrustspeed
 06CD:3AD3 idle  _TicDelay
 3B75:A2C8       _tics
 3B75:168C       _tileglobal
 3B75:D9B2       _tilehit
 3B75:75B8       _tilemap
 3B75:9EDC       _TimeCount
 062D:00B8 idle  _TimedPicCommand
 3B75:ECF1       _TimerCount
 3B75:ECF5       _TimerDivisor
 3B75:ECDB       _TimerRate
 3B75:E822       _tinf
 0000:1931       _tolower
 0000:195D       _toupper
 06CD:1232 idle  _TrackWhichGame
 0F7A:004A idle  _TransformActor
 0F7A:018C idle  _TransformTile
 12D6:0825 idle  _TryMove
 114B:00C8       _TryWalk
 12D6:10B7 idle  _T_Attack
 14D6:1DCC idle  _T_Bite
 14D6:1FE8 idle  _T_BJDone
 14D6:1F9B idle  _T_BJJump
 14D6:1EFE idle  _T_BJRun
 14D6:1FC6 idle  _T_BJYell
 14D6:15B9 idle  _T_Chase
 14D6:18E6 idle  _T_DogChase
 14D6:14CA idle  _T_Fake
 14D6:13A9 idle  _T_FakeFire
 14D6:1074 idle  _T_Fat
 14D6:1836 idle  _T_Ghosts
 14D6:0EE4 idle  _T_Gift
 14D6:0C33 idle  _T_GiftThrow
 14D6:1A9B idle  _T_Path
 12D6:124A idle  _T_Player
 14D6:00FE idle  _T_Projectile
 14D6:0D54 idle  _T_Schabb
 14D6:0B12 idle  _T_SchabbThrow
 14D6:1BD1 idle  _T_Shoot
 14D6:15A9 idle  _T_Stand
 0000:3934       _ultoa
 3B75:E87A       _UMBbase
 06CD:3231       _UnCacheLump
 0000:1989       _unlink
 3B75:54B4       _update
 12D6:0268 idle  _UpdateFace
 0DA6:0D50 idle  _UpdatePaletteShifts
 3B75:9B77       _updateptr
 0C63:014C       _UpdateSoundLoc
 3B75:3D16 idle  _USL_DrawString
 1D1D:0005 idle  _USL_HardError
 3B75:3D12       _USL_MeasureString
 1D1D:03E6 idle  _USL_PrintInCenter
 1D1D:06A2 idle  _US_CenterWindow
 1D1D:0225       _US_CheckParm
 1D1D:0555       _US_ClearWindow
 06CD:0006       _US_ControlPanel
 1D1D:04EA       _US_CPrint
 1D1D:048A idle  _US_CPrintLine
 1D1D:0582       _US_DrawWindow
 1DDD:000A       _US_InitRndT
 1D1D:07BB       _US_LineInput
 1D1D:02EE       _US_Print
 1D1D:0446       _US_PrintCentered
 1D1D:03BD idle  _US_PrintSigned
 1D1D:0394       _US_PrintUnsigned
 1D1D:06F3 idle  _US_RestoreWindow
 1DDD:0032       _US_RndT
 1D1D:06C6 idle  _US_SaveWindow
 1D1D:02CF idle  _US_SetPrintRoutines
 1D1D:0213       _US_Shutdown
 1D1D:013D       _US_Startup
 3B75:9B5D       _uwidthtable
 3B75:53A8       _vertwall
 3B75:1698 idle  _vgaCeiling
 0F7A:0A2C idle  _VGAClearScreen
 1F54:000E       _VH_UpdateScreen
 0B05:003B       _Victory
 12D6:0FF7 idle  _VictorySpin
 12D6:0AE4 idle  _VictoryTile
 3B75:DDDE       _viewangle
 3B75:503A       _viewcos
 3B75:52CE       _viewheight
 3B75:503E       _viewsin
 3B75:54A8       _viewsize
 3B75:D9CA       _viewtx
 3B75:D9C8       _viewty
 3B75:D84C       _viewtype
 3B75:52D0       _viewwidth
 3B75:5046       _viewx
 3B75:5042       _viewy
 3B75:988E       _virtualreality
 3B75:D86C       _vislist
 3B75:D86A       _visptr
 3B75:D868       _visstep
 1DE1:0682       _VL_Bar
 1DE1:00A4 idle  _VL_ClearVideo
 1DE1:04D5       _VL_ColorBorder
 1DE1:00CE idle  _VL_DePlaneVGA
 1DE1:0AA5 idle  _VL_DrawLatch8String
 1DE1:0975 idle  _VL_DrawTile8String
 1DE1:038C       _VL_FadeIn
 1DE1:025F       _VL_FadeOut
 1DE1:01AA idle  _VL_FillPalette
 1DE1:01EA idle  _VL_GetColor
 1DE1:023E idle  _VL_GetPalette
 1DE1:0539       _VL_Hlin
 1DE1:090B       _VL_LatchToScreen
 1DE1:087B idle  _VL_MaskedToScreen
 1DE1:0789       _VL_MemToLatch
 1DE1:07DE       _VL_MemToScreen
 1E99:0236       _VL_MungePic
 1DE1:04E9       _VL_Plot
 1F2B:00B2       _VL_ScreenToScreen
 1DE1:01CF idle  _VL_SetColor
 1F2B:0021 idle  _VL_SetCRTC
 1DE1:0126 idle  _VL_SetLineWidth
 1DE1:0215       _VL_SetPalette
 1F2B:0045       _VL_SetScreen
 1DE1:015B idle  _VL_SetSplitScreen
 1DE1:009A idle  _VL_SetTextMode
 1DE1:0075       _VL_SetVGAPlaneMode
 1DE1:006B       _VL_Shutdown
 1DE1:0B56 idle  _VL_SizeTile8String
 1DE1:000D       _VL_Startup
 1DE1:0471       _VL_TestPaletteSet
 1F2B:0132       _VL_VideoID
 1DE1:0618       _VL_Vlin
 1F2B:000A       _VL_WaitVBL
 0000:40DD idle  _vsprintf
 1E99:0583       _VWB_Bar
 1E99:04DB       _VWB_DrawPic
 1E99:054A       _VWB_DrawPropString
 1E99:044C       _VWB_DrawTile8
 1E99:0494 idle  _VWB_DrawTile8M
 1E99:05EA       _VWB_Hlin
 1E99:05BF       _VWB_Plot
 1E99:061E       _VWB_Vlin
 1E99:02FA idle  _VWL_MeasureString
 1E99:0117 idle  _VW_DrawColorPropString
 1E99:0000 idle  _VW_DrawPropString
 1E99:037E       _VW_MarkUpdateBlock
 1E99:035C idle  _VW_MeasureMPropString
 1E99:033A       _VW_MeasurePropString
 1E99:0652       _VW_UpdateScreen
 06CD:3C14 idle  _WaitKeyUp
 3B75:504A       _wallheight
 0F7A:0E51 idle  _WallRefresh
 3B75:1710 idle  _weaponscale
 0000:31F3 idle  _wherex
 0000:3202 idle  _wherey
 36C8:0000       _whiteshifts
 3B75:A044       _WindowH
 3B75:9B79       _WindowW
 3B75:9B7D       _WindowX
 3B75:9B7B       _WindowY
 3B75:177A idle  _wordmasks
 3B75:DDF3       _work
 0000:4393       _write
 0B05:04FF       _Write
 0491:023E idle  _WriteConfig
 3B75:D9A4       _xintercept
 3B75:D9B6       _xinttile
 3B75:E890       _XMSaddr
 3B75:E8D0       _XMSAvail
 3B75:E8CA       _XMSDriver
 3B75:E8CE       _XMSHandle
 3B75:A294       _XMSPagesAvail
 3B75:E8C2       _XMSPagesUsed
 3B75:A298       _XMSPresent
 3B75:3510 idle  _XMSProtectPage
 3B75:D9C2       _xpartial
 3B75:D9BC       _xpartialdown
 3B75:D9BE       _xpartialup
 3B75:D99C       _xstep
 3B75:D9AE       _xtile
 3B75:D9AA       _xtilestep
 3B75:D9A0       _yintercept
 3B75:D9B4       _yinttile
 3B75:EE15       _ylookup
 3B75:D9C0       _ypartial
 3B75:D9B8       _ypartialdown
 3B75:D9BA       _ypartialup
 3B75:D998       _ystep
 3B75:D9AC       _ytile
 3B75:D9A8       _ytilestep
 3B75:4090       __8087
 0000:1000 idle  __AHINCR
 0000:000C idle  __AHSHIFT
 3B75:4724       __argc
 3B75:4726       __argv
 3B75:4380       __atexitcnt
 3B75:4944       __atexittbl
 0000:2670       __brk
 3B75:00D1       __brklvl
 3B75:00B3       __C0argc
 3B75:00B5       __C0argv
[...]
 3B75:1FCA idle  _s_ofcpath1s
 3B75:1FDA idle  _s_ofcpath2
 3B75:1FEA idle  _s_ofcpath3
 3B75:1FFA idle  _s_ofcpath3s
 3B75:200A idle  _s_ofcpath4
 3B75:201A       _s_ofcpain
 3B75:202A       _s_ofcpain1
 3B75:203A idle  _s_ofcshoot1
 3B75:204A idle  _s_ofcshoot2
 3B75:205A idle  _s_ofcshoot3
 3B75:206A       _s_ofcchase1
 3B75:207A idle  _s_ofcchase1s
 3B75:208A idle  _s_ofcchase2
 3B75:209A idle  _s_ofcchase3
 3B75:20AA idle  _s_ofcchase3s
 3B75:20BA idle  _s_ofcchase4
 3B75:20CA       _s_ofcdie1
 3B75:20DA idle  _s_ofcdie2
 3B75:20EA idle  _s_ofcdie3
 3B75:20FA idle  _s_ofcdie4
 3B75:210A idle  _s_ofcdie5
 3B75:211A idle  _s_mutstand
 3B75:212A idle  _s_mutpath1
 3B75:213A idle  _s_mutpath1s
 3B75:214A idle  _s_mutpath2
 3B75:215A idle  _s_mutpath3
 3B75:216A idle  _s_mutpath3s
 3B75:217A idle  _s_mutpath4
 3B75:218A       _s_mutpain
 3B75:219A       _s_mutpain1
 3B75:21AA idle  _s_mutshoot1
 3B75:21BA idle  _s_mutshoot2
 3B75:21CA idle  _s_mutshoot3
 3B75:21DA idle  _s_mutshoot4
 3B75:21EA       _s_mutchase1
 3B75:21FA idle  _s_mutchase1s
 3B75:220A idle  _s_mutchase2
 3B75:221A idle  _s_mutchase3
 3B75:222A idle  _s_mutchase3s
 3B75:223A idle  _s_mutchase4
 3B75:224A       _s_mutdie1
 3B75:225A idle  _s_mutdie2
 3B75:226A idle  _s_mutdie3
 3B75:227A idle  _s_mutdie4
 3B75:228A idle  _s_mutdie5
 3B75:229A idle  _s_ssstand
 3B75:22AA idle  _s_sspath1
 3B75:22BA idle  _s_sspath1s
 3B75:22CA idle  _s_sspath2
 3B75:22DA idle  _s_sspath3
 3B75:22EA idle  _s_sspath3s
 3B75:22FA idle  _s_sspath4
 3B75:230A       _s_sspain
 3B75:231A       _s_sspain1
 3B75:232A idle  _s_ssshoot1
 3B75:233A idle  _s_ssshoot2
 3B75:234A idle  _s_ssshoot3
 3B75:235A idle  _s_ssshoot4
 3B75:236A idle  _s_ssshoot5
 3B75:237A idle  _s_ssshoot6
 3B75:238A idle  _s_ssshoot7
 3B75:239A idle  _s_ssshoot8
 3B75:23AA idle  _s_ssshoot9
 3B75:23BA       _s_sschase1
 3B75:23CA idle  _s_sschase1s
 3B75:23DA idle  _s_sschase2
 3B75:23EA idle  _s_sschase3
 3B75:23FA idle  _s_sschase3s
 3B75:240A idle  _s_sschase4
 3B75:241A       _s_ssdie1
 3B75:242A idle  _s_ssdie2
 3B75:243A idle  _s_ssdie3
 3B75:244A idle  _s_ssdie4
 3B75:245A idle  _s_bossstand
 3B75:246A       _s_bosschase1
 3B75:247A idle  _s_bosschase1s
 3B75:248A idle  _s_bosschase2
 3B75:249A idle  _s_bosschase3
 3B75:24AA idle  _s_bosschase3s
 3B75:24BA idle  _s_bosschase4
 3B75:24CA       _s_bossdie1
 3B75:24DA idle  _s_bossdie2
 3B75:24EA idle  _s_bossdie3
 3B75:24FA idle  _s_bossdie4
 3B75:250A idle  _s_bossshoot1
 3B75:251A idle  _s_bossshoot2
 3B75:252A idle  _s_bossshoot3
 3B75:253A idle  _s_bossshoot4
 3B75:254A idle  _s_bossshoot5
 3B75:255A idle  _s_bossshoot6
 3B75:256A idle  _s_bossshoot7
 3B75:257A idle  _s_bossshoot8
 3B75:258A idle  _s_gretelstand
 3B75:259A       _s_gretelchase1
 3B75:25AA idle  _s_gretelchase1s
 3B75:25BA idle  _s_gretelchase2
 3B75:25CA idle  _s_gretelchase3
 3B75:25DA idle  _s_gretelchase3s
 3B75:25EA idle  _s_gretelchase4
 3B75:25FA       _s_greteldie1
 3B75:260A idle  _s_greteldie2
 3B75:261A idle  _s_greteldie3
 3B75:262A idle  _s_greteldie4
 3B75:263A idle  _s_gretelshoot1
 3B75:264A idle  _s_gretelshoot2
 3B75:265A idle  _s_gretelshoot3
 3B75:266A idle  _s_gretelshoot4
 3B75:267A idle  _s_gretelshoot5
 3B75:268A idle  _s_gretelshoot6
 3B75:269A idle  _s_gretelshoot7
 3B75:26AA idle  _s_gretelshoot8
 3B75:26CC idle  _s_schabbstand
 3B75:26DC       _s_schabbchase1
 3B75:26EC idle  _s_schabbchase1s
 3B75:26FC idle  _s_schabbchase2
 3B75:270C idle  _s_schabbchase3
 3B75:271C idle  _s_schabbchase3s
 3B75:272C idle  _s_schabbchase4
 3B75:273C idle  _s_schabbdeathcam
 3B75:274C       _s_schabbdie1
 3B75:275C idle  _s_schabbdie2
 3B75:276C idle  _s_schabbdie3
 3B75:277C idle  _s_schabbdie4
 3B75:278C idle  _s_schabbdie5
 3B75:279C idle  _s_schabbdie6
 3B75:27AC idle  _s_schabbshoot1
 3B75:27BC idle  _s_schabbshoot2
 3B75:27CC idle  _s_needle1
 3B75:27DC idle  _s_needle2
 3B75:27EC idle  _s_needle3
 3B75:27FC idle  _s_needle4
 3B75:280C idle  _s_giftstand
 3B75:281C       _s_giftchase1
 3B75:282C idle  _s_giftchase1s
 3B75:283C idle  _s_giftchase2
 3B75:284C idle  _s_giftchase3
 3B75:285C idle  _s_giftchase3s
 3B75:286C idle  _s_giftchase4
 3B75:287C idle  _s_giftdeathcam
 3B75:288C       _s_giftdie1
 3B75:289C idle  _s_giftdie2
 3B75:28AC idle  _s_giftdie3
 3B75:28BC idle  _s_giftdie4
 3B75:28CC idle  _s_giftdie5
 3B75:28DC idle  _s_giftdie6
 3B75:28EC idle  _s_giftshoot1
 3B75:28FC idle  _s_giftshoot2
 3B75:290C idle  _s_fatstand
 3B75:291C       _s_fatchase1
 3B75:292C idle  _s_fatchase1s
 3B75:293C idle  _s_fatchase2
 3B75:294C idle  _s_fatchase3
 3B75:295C idle  _s_fatchase3s
 3B75:296C idle  _s_fatchase4
 3B75:297C idle  _s_fatdeathcam
 3B75:298C       _s_fatdie1
 3B75:299C idle  _s_fatdie2
 3B75:29AC idle  _s_fatdie3
 3B75:29BC idle  _s_fatdie4
 3B75:29CC idle  _s_fatdie5
 3B75:29DC idle  _s_fatdie6
 3B75:29EC idle  _s_fatshoot1
 3B75:29FC idle  _s_fatshoot2
 3B75:2A0C idle  _s_fatshoot3
 3B75:2A1C idle  _s_fatshoot4
 3B75:2A2C idle  _s_fatshoot5
 3B75:2A3C idle  _s_fatshoot6
 3B75:2A4C idle  _s_fakestand
 3B75:2A5C       _s_fakechase1
 3B75:2A6C idle  _s_fakechase1s
 3B75:2A7C idle  _s_fakechase2
 3B75:2A8C idle  _s_fakechase3
 3B75:2A9C idle  _s_fakechase3s
 3B75:2AAC idle  _s_fakechase4
 3B75:2ABC       _s_fakedie1
 3B75:2ACC idle  _s_fakedie2
 3B75:2ADC idle  _s_fakedie3
 3B75:2AEC idle  _s_fakedie4
 3B75:2AFC idle  _s_fakedie5
 3B75:2B0C idle  _s_fakedie6
 3B75:2B1C idle  _s_fakeshoot1
 3B75:2B2C idle  _s_fakeshoot2
 3B75:2B3C idle  _s_fakeshoot3
 3B75:2B4C idle  _s_fakeshoot4
 3B75:2B5C idle  _s_fakeshoot5
 3B75:2B6C idle  _s_fakeshoot6
 3B75:2B7C idle  _s_fakeshoot7
 3B75:2B8C idle  _s_fakeshoot8
 3B75:2B9C idle  _s_fakeshoot9
 3B75:2BAC idle  _s_fire1
 3B75:2BBC idle  _s_fire2
 3B75:2BCC idle  _s_mechastand
 3B75:2BDC       _s_mechachase1
 3B75:2BEC idle  _s_mechachase1s
 3B75:2BFC idle  _s_mechachase2
 3B75:2C0C idle  _s_mechachase3
 3B75:2C1C idle  _s_mechachase3s
 3B75:2C2C idle  _s_mechachase4
 3B75:2C3C       _s_mechadie1
 3B75:2C4C idle  _s_mechadie2
 3B75:2C5C idle  _s_mechadie3
 3B75:2C6C idle  _s_mechadie4
 3B75:2C7C idle  _s_mechashoot1
 3B75:2C8C idle  _s_mechashoot2
 3B75:2C9C idle  _s_mechashoot3
 3B75:2CAC idle  _s_mechashoot4
 3B75:2CBC idle  _s_mechashoot5
 3B75:2CCC idle  _s_mechashoot6
 3B75:2CDC       _s_hitlerchase1
 3B75:2CEC idle  _s_hitlerchase1s
 3B75:2CFC idle  _s_hitlerchase2
 3B75:2D0C idle  _s_hitlerchase3
 3B75:2D1C idle  _s_hitlerchase3s
 3B75:2D2C idle  _s_hitlerchase4
 3B75:2D3C idle  _s_hitlerdeathcam
 3B75:2D4C       _s_hitlerdie1
 3B75:2D5C idle  _s_hitlerdie2
 3B75:2D6C idle  _s_hitlerdie3
 3B75:2D7C idle  _s_hitlerdie4
 3B75:2D8C idle  _s_hitlerdie5
 3B75:2D9C idle  _s_hitlerdie6
 3B75:2DAC idle  _s_hitlerdie7
 3B75:2DBC idle  _s_hitlerdie8
 3B75:2DCC idle  _s_hitlerdie9
 3B75:2DDC idle  _s_hitlerdie10
 3B75:2DEC idle  _s_hitlershoot1
 3B75:2DFC idle  _s_hitlershoot2
 3B75:2E0C idle  _s_hitlershoot3
 3B75:2E1C idle  _s_hitlershoot4
 3B75:2E2C idle  _s_hitlershoot5
 3B75:2E3C idle  _s_hitlershoot6
 3B75:2E54 idle  _s_bjrun1
 3B75:2E64 idle  _s_bjrun1s
 3B75:2E74 idle  _s_bjrun2
 3B75:2E84 idle  _s_bjrun3
 3B75:2E94 idle  _s_bjrun3s
 3B75:2EA4 idle  _s_bjrun4
 3B75:2EB4 idle  _s_bjjump1
 3B75:2EC4 idle  _s_bjjump2
 3B75:2ED4 idle  _s_bjjump3
 3B75:2EE4 idle  _s_bjjump4
 3B75:2EF4       _s_deathcam
 3B75:2F4A       _gamepal
 3B75:324A       _audioname
 3B75:3257 idle  _gheadname
 3B75:3261 idle  _gfilename
 3B75:326B idle  _gdictname
 3B75:3275 idle  _mheadname
 3B75:327F idle  _mfilename
 3B75:3289 idle  _aheadname
 3B75:3293 idle  _afilename
 3B75:3354 idle  _KbdDefs
 3B75:335E idle  _DemoMode
 3B75:3510 idle  _XMSProtectPage
 3B75:3512       _PageFileName
 3B75:3520 idle  _PageFile
 3B75:352A idle  _EMMDriverName
 3B75:39A0 idle  _ssPort
 3B75:3D12       _USL_MeasureString
 3B75:3D16 idle  _USL_DrawString
 3B75:3D1A       _Scores
 3B75:3FC4       _screenseg
 3B75:3FCA idle  _pixmasks
 3B75:3FCE idle  _leftmasks
 3B75:3FD2 idle  _rightmasks
 3B75:4090       __8087
 3B75:40A0       __protected
 3B75:40A1       __LDT
 3B75:40A4       __default87
 3B75:40A6 idle  __huge_flt
 3B75:40AA       __huge_dble
 3B75:40B2 idle  __huge_ldble
 3B75:40BC idle  __indefinite
 3B75:40C0 idle  __tiny_ldble
 3B75:40CA       __mathwhy
 3B75:4270       __emu
 3B75:4380       __atexitcnt
 3B75:4382       __ctype
 3B75:4484       __exitbuf
 3B75:4488       __exitfopen
 3B75:448C       __exitopen
 3B75:4490       __streams
 3B75:45D0       __nfile
 3B75:45D2       __openfd
 3B75:45FA       __fmode
 3B75:45FC       __notUmask
 3B75:45FE       __fpstklen
 3B75:4600       __heaplen
 3B75:4602       __doserrno
 3B75:4604 idle  __dosErrorToSV
 3B75:4668       __stklen
 3B75:46D2       __video
 3B75:46E1       _directvideo
 3B75:471E idle  __first
 3B75:4720 idle  __last
 3B75:4722 idle  __rover
 3B75:4724       __argc
 3B75:4726       __argv
 3B75:4732       _environ
 3B75:473A       __RealCvtVector
 3B75:473E idle  __ScanTodVector
 3B75:4944       __atexittbl
 3B75:49D2       ___SignalPtr
 3B75:49E4       _mr_dest
 3B75:49E6       _mr_yfrac
 3B75:49E8       _mr_xfrac
 3B75:49EA       _mr_ystep
 3B75:49EC       _mr_xstep
 3B75:49EE       _mr_count
 3B75:49F0       _mr_rowofs
 3B75:49F2       _pcos
 3B75:49F6       _psin
 3B75:49FA       _mirrorofs
 3B75:4AC2       _planeylookup
 3B75:4C52       _basedist
 3B75:4DE2       _stepscale
 3B75:4F72       _spanstart
 3B75:503A       _viewcos
 3B75:503E       _viewsin
 3B75:5042       _viewy
 3B75:5046       _viewx
 3B75:504A       _wallheight
 3B75:52CA       _scale
 3B75:52CE       _viewheight
 3B75:52D0       _viewwidth
 3B75:52D2       _bufferofs
 3B75:52D4       _pwalldir
 3B75:52D6       _pwally
 3B75:52D8       _pwallx
 3B75:52DA       _areabyplayer
 3B75:5324       _pwallstate
 3B75:5326       _doorposition
 3B75:53A6       _pwallpos
 3B75:53A8       _vertwall
 3B75:5428       _horizwall
 3B75:54A8       _viewsize
 3B75:54AA       _joystickport
 3B75:54AC       _joystickprogressive
 3B75:54AE       _joypadenabled
 3B75:54B0       _joystickenabled
 3B75:54B2       _mouseenabled
 3B75:54B4       _update
 3B75:55B8       _actorat
 3B75:75B8       _tilemap
 3B75:85B8       _nearmapylookup
 3B75:8638       _farmapylookup
 3B75:86B8       _doorobjlist
 3B75:8938       _laststatobj
 3B75:893A       _statobjlist
 3B75:95BA       _player
 3B75:95BC       _new
 3B75:95BE       _playstate
 3B75:95C0       _gamestate
 3B75:9602       _minheightdiv
 3B75:9604       _heightnumerator
 3B75:9608       _maxslope
 3B75:960C       _pixelangle
 3B75:988C       _mouseadjustment
 3B75:988E       _virtualreality
 3B75:9890       _startgame
 3B75:9892       _shootdelta
 3B75:9894       _centerx
 3B75:9896       _screenofs
 3B75:9898       _focallength
 3B75:989C       _IsA386
 3B75:989E       _nospr
 3B75:98A0       _str2
 3B75:98B4       _str
 3B75:9904       _LevelRatios
 3B75:9954       _backcolor
 3B75:9955       _blockstarts
 3B75:9B5D       _uwidthtable
 3B75:9B77       _updateptr
 3B75:9B79       _WindowW
 3B75:9B7B       _WindowY
 3B75:9B7D       _WindowX
 3B75:9B7F       _PrintY
 3B75:9B81       _NoWait
 3B75:9B83       _loadedgame
 3B75:9B85       _tedlevelnum
 3B75:9B87       _tedlevel
 3B75:9B89       _DigiMap
 3B75:9C37       _MusicMode
 3B75:9C39       _DigiMode
 3B75:9C3B       _SoundMode
 3B75:9C3D       _SoundBlasterPresent
 3B75:9C3F       _SoundSourcePresent
 3B75:9C41       _AdLibPresent
 3B75:9C43       _JoysPresent
 3B75:9C47       _MousePresent
 3B75:9C49       _Keyboard
 3B75:9D49       _fontnumber
 3B75:9D4B       _fontcolor
 3B75:9D4C       _displayofs
 3B75:9D4E       _grsegs
 3B75:9E78       _mminfo
 3B75:9E8C       _layoutdone
 3B75:9E8E       _picdelay
 3B75:9E90       _picnum
 3B75:9E92       _picy
 3B75:9E94       _picx
 3B75:9E96       _rowon
 3B75:9E98       _text
 3B75:9E9C       _rightmargin
 3B75:9EBA       _leftmargin
 3B75:9ED8       _numpages
 3B75:9EDA       _pagenum
 3B75:9EDC       _TimeCount
 3B75:9EE0       _LastScan
 3B75:9EE1       _py
 3B75:9EE3       _px
 3B75:9EE5       _pictable
 3B75:9EE7       _ca_levelbit
 3B75:9EE8       _pickquick
 3B75:9EEA       _lasttimecount
 3B75:9EEE       _SaveGameNames
 3B75:A02E       _StartGame
 3B75:A030       _SaveGamesAvail
 3B75:A044       _WindowH
 3B75:A046       _PrintX
 3B75:A048       _ingame
 3B75:A04A       _LastASCII
 3B75:A04B       _Paused
 3B75:A04D       _extension
 3B75:A052       _audiosegs
 3B75:A292       _EMSPagesAvail
 3B75:A294       _XMSPagesAvail
 3B75:A296       _EMSPresent
 3B75:A298       _XMSPresent
 3B75:A29A       _mmerror
 3B75:A29C       _mapon
 3B75:A29E       _rightchannel
 3B75:A2A0       _leftchannel
 3B75:A2A2       _globalsoundy
 3B75:A2A6       _globalsoundx
 3B75:A2AA       _demobuffer
 3B75:A2AC       _lastdemoptr
 3B75:A2B0       _demoptr
 3B75:A2B4       _demoplayback
 3B75:A2B6       _demorecord
 3B75:A2B8       _killerobj
 3B75:A2BA       _spearflag
 3B75:A2BC       _spearangle
 3B75:A2BE       _speary
 3B75:A2C2       _spearx
 3B75:A2C6       _fizzlein
 3B75:A2C8       _tics
 3B75:A2CA       _mapheight
 3B75:A2CC       _mapwidth
 3B75:A2CE       _SoundPositioned
 3B75:A2D0       _latchpics
 3B75:A398       _mapheaderseg
 3B75:A410       _mapsegs
 3B75:A414       _funnyticount
 3B75:A418       _palshifted
 3B75:A41A       _bonuscount
 3B75:A41C       _damagecount
 3B75:A41E       _objcount
 3B75:A420       _dummyobj
 3B75:A45C       _mapwidthtable
 3B75:A4DC       _DebugOk
 3B75:A4DE       _facecount
 3B75:A4E0       _anglefrac
 3B75:A4E2       _running
 3B75:A4E4       _frameon
 3B75:A4E8       _buttonstate
 3B75:A4F8       _controly
 3B75:A4FA       _controlx
 3B75:A4FC       _buttonheld
 3B75:A50C       _extravbls
 3B75:A50E       _noclip
 3B75:A510       _godmode
 3B75:A512       _singlestep
 3B75:A514       _spotvis
 3B75:B514       _objfreelist
 3B75:B516       _lastobj
 3B75:B518       _obj
 3B75:B51A       _objlist
 3B75:D842       _madenoise
 3B75:D844       _compatability
 3B75:D846       _screenfaded
 3B75:D848       _DigiList
 3B75:D84A       _NumDigi
 3B75:D84C       _viewtype
 3B75:D84E       _maporgy
 3B75:D850       _maporgx
 3B75:D852       _postwidth
 3B75:D854       _postx
 3B75:D856       _postsource
 3B75:D85A       _doornum
 3B75:D85C       _PMPages
 3B75:D860       _PMSoundStart
 3B75:D862       _PMSpriteStart
 3B75:D864       _ChunksInFile
 3B75:D866       _farthest
 3B75:D868       _visstep
 3B75:D86A       _visptr
 3B75:D86C       _vislist
 3B75:D998       _ystep
 3B75:D99C       _xstep
 3B75:D9A0       _yintercept
 3B75:D9A4       _xintercept
 3B75:D9A8       _ytilestep
 3B75:D9AA       _xtilestep
 3B75:D9AC       _ytile
 3B75:D9AE       _xtile
 3B75:D9B0       _pixx
 3B75:D9B2       _tilehit
 3B75:D9B4       _yinttile
 3B75:D9B6       _xinttile
 3B75:D9B8       _ypartialdown
 3B75:D9BA       _ypartialup
 3B75:D9BC       _xpartialdown
 3B75:D9BE       _xpartialup
 3B75:D9C0       _ypartial
 3B75:D9C2       _xpartial
 3B75:D9C4       _angle
 3B75:D9C6       _midangle
 3B75:D9C8       _viewty
 3B75:D9CA       _viewtx
 3B75:D9CC       _focalty
 3B75:D9CE       _focaltx
 3B75:D9D0       _lasttilehit
 3B75:D9D2       _lastintercept
 3B75:D9D6       _lastside
 3B75:D9D8       _maxscaleshl2
 3B75:D9DA       _fullscalefarcall
 3B75:DDDE       _viewangle
 3B75:DDE0       _mask3
 3B75:DDE1       _mask2
 3B75:DDE2       _mask1
 3B75:DDE3       _maskword
 3B75:DDE5       _linescale
 3B75:DDE9       _linecmds
 3B75:DDED       _slinewidth
 3B75:DDEF       _slinex
 3B75:DDF1       _stepbytwo
 3B75:DDF3       _work
 3B75:DDF5       _insetupscaling
 3B75:DDF7       _maxscale
 3B75:DDF9       _scaledirectory
 3B75:DFFB       _pluy
 3B75:DFFD       _plux
 3B75:DFFF       _playerymove
 3B75:E003       _playerxmove
 3B75:E007       _LastAttacker
 3B75:E009       _gotgatgun
 3B75:E00B       _thrustspeed
 3B75:E00F       _lastdoorobj
 3B75:E011       _oldsoundmode
 3B75:E013       _chunkexplen
 3B75:E017       _chunkcomplen
 3B75:E01B       _audiohandle
 3B75:E01D       _maphandle
 3B75:E01F       _grhandle
 3B75:E021       _audiohuffman
 3B75:E41D       _grhuffman
 3B75:E819       _audiostarts
 3B75:E81B       _grstarts
 3B75:E81D       _debughandle
 3B75:E81F       _profilehandle
 3B75:E821       _ca_levelnum
 3B75:E822       _tinf
 3B75:E824       _bufferseg
 3B75:E826       _btnstate
 3B75:E836       _MouseDownCount
 3B75:E83A       _JoyPadPresent
 3B75:E83C       _DemoSize
 3B75:E83E       _DemoOffset
 3B75:E840       _DemoBuffer
 3B75:E842       _Controls
 3B75:E84A       _JoyDefs
 3B75:E87A       _UMBbase
 3B75:E88E       _numUMBs
 3B75:E890       _XMSaddr
 3B75:E894       _bombonerror
 3B75:E896       _mmnew
 3B75:E89A       _mmrover
 3B75:E89E       _mmfree
 3B75:E8A2       _mmhead
 3B75:E8A6       _nearheap
 3B75:E8A8       _farheap
 3B75:E8AC       _mmstarted
 3B75:E8AE       _aftersort
 3B75:E8B2       _beforesort
 3B75:E8B6       _PMSegPages
 3B75:E8B8       _PMFrameCount
 3B75:E8BC       _PMNumBlocks
 3B75:E8BE       _MainPagesUsed
 3B75:E8C0       _EMSPagesUsed
 3B75:E8C2       _XMSPagesUsed
 3B75:E8C4       _PMThrashing
 3B75:E8C6       _PMPanicMode
 3B75:E8C8       _PMStarted
 3B75:E8CA       _XMSDriver
 3B75:E8CE       _XMSHandle
 3B75:E8D0       _XMSAvail
 3B75:E8D2       _EMSList
 3B75:E8EA       _EMSPhysicalPage
 3B75:E8EC       _EMSPageFrame
 3B75:E8EE       _EMSHandle
 3B75:E8F0       _EMSAvail
 3B75:E8F2       _MainPagesAvail
 3B75:E8F4       _MainMemUsed
 3B75:E9BC       _MainMemPages
 3B75:EA84       _MainPresent
 3B75:EA86       _sqHackTime
 3B75:EA8A       _sqHackSeqLen
 3B75:EA8C       _sqHackLen
 3B75:EA8E       _sqHackPtr
 3B75:EA92       _sqHack
 3B75:EA96       _sqActive
 3B75:EA98       _alZeroInst
 3B75:EAA8       _alTimeCount
 3B75:EAAC       _alLengthLeft
 3B75:EAB0       _alBlock
 3B75:EAB2       _alSound
 3B75:EAB6       _alNoCheck
 3B75:EAB8       _pcSoundLookup
 3B75:ECB6       _pcLengthLeft
 3B75:ECBA       _pcSound
 3B75:ECBE       _pcLastSample
 3B75:ECBF       _ssLengthLeft
 3B75:ECC3       _ssSample
 3B75:ECC7       _ssOff
 3B75:ECC8       _ssOn
 3B75:ECC9       _ssData
 3B75:ECCB       _ssStatus
 3B75:ECCD       _ssControl
 3B75:ECCF       _ssActive
 3B75:ECD1       _ssNoCheck
 3B75:ECD3       _DigiLastEnd
 3B75:ECD5       _DigiLastStart
 3B75:ECD7       _DigiPage
 3B75:ECD9       _DigiLeft
 3B75:ECDB       _TimerRate
 3B75:ECDD       _LocalTime
 3B75:ECE1       _t0OldService
 3B75:ECE5       _RightPosition
 3B75:ECE7       _LeftPosition
 3B75:ECE9       _DigiPriority
 3B75:ECEB       _SoundPriority
 3B75:ECED       _DigiNumber
 3B75:ECEF       _SoundNumber
 3B75:ECF1       _TimerCount
 3B75:ECF5       _TimerDivisor
 3B75:ECF9       _nextsoundpos
 3B75:ECFB       _ssIsTandy
 3B75:ECFD       _SoundTable
 3B75:ECFF       _HackCount
 3B75:ED01       _NeedsDigitized
 3B75:ED03       _SBProPresent
 3B75:ED05       _DigiPlaying
 3B75:ED07       _NeedsMusic
 3B75:ED09       _Games
 3B75:EE05       _CursorY
 3B75:EE07       _CursorX
 3B75:EE09       _CursorBad
 3B75:EE0B       _Button1
 3B75:EE0D       _Button0
 3B75:EE0F       _abortprogram
 3B75:EE11       _fastpalette
 3B75:EE13       _bordercolor
 3B75:EE15       _ylookup
 3B75:EFA5       _linewidth
 3B75:EFA7       _pelpan
 3B75:EFA9       _bufferheight
 3B75:EFAB       _bufferwidth

Program entry point at 0000:0000

